Archive member included to satisfy reference by file (symbol)

c:/siliconlabs/simplicitystudio/v5/developer/toolchains/gnu_arm/12.2.rel1_2023.7/bin/../lib/gcc/arm-none-eabi/12.2.1/thumb/v8-m.main+fp/hard\libgcc.a(_arm_muldf3.o)
                              ./as.o (__aeabi_dmul)
c:/siliconlabs/simplicitystudio/v5/developer/toolchains/gnu_arm/12.2.rel1_2023.7/bin/../lib/gcc/arm-none-eabi/12.2.1/thumb/v8-m.main+fp/hard\libgcc.a(_arm_addsubdf3.o)
                              ./as.o (__aeabi_dsub)
c:/siliconlabs/simplicitystudio/v5/developer/toolchains/gnu_arm/12.2.rel1_2023.7/bin/../lib/gcc/arm-none-eabi/12.2.1/thumb/v8-m.main+fp/hard\libgcc.a(_arm_truncdfsf2.o)
                              ./as.o (__aeabi_d2f)
c:/siliconlabs/simplicitystudio/v5/developer/toolchains/gnu_arm/12.2.rel1_2023.7/bin/../lib/gcc/arm-none-eabi/12.2.1/thumb/v8-m.main+fp/hard\libgcc.a(_aeabi_ldivmod.o)
                              ./gecko_sdk_4.4.1/platform/emlib/src/em_eusart.o (__aeabi_ldivmod)
c:/siliconlabs/simplicitystudio/v5/developer/toolchains/gnu_arm/12.2.rel1_2023.7/bin/../lib/gcc/arm-none-eabi/12.2.1/thumb/v8-m.main+fp/hard\libgcc.a(_aeabi_uldivmod.o)
                              ./gecko_sdk_4.4.1/platform/emlib/src/em_eusart.o (__aeabi_uldivmod)
c:/siliconlabs/simplicitystudio/v5/developer/toolchains/gnu_arm/12.2.rel1_2023.7/bin/../lib/gcc/arm-none-eabi/12.2.1/thumb/v8-m.main+fp/hard\libgcc.a(_udivmoddi4.o)
                              c:/siliconlabs/simplicitystudio/v5/developer/toolchains/gnu_arm/12.2.rel1_2023.7/bin/../lib/gcc/arm-none-eabi/12.2.1/thumb/v8-m.main+fp/hard\libgcc.a(_aeabi_ldivmod.o) (__udivmoddi4)
c:/siliconlabs/simplicitystudio/v5/developer/toolchains/gnu_arm/12.2.rel1_2023.7/bin/../lib/gcc/arm-none-eabi/12.2.1/thumb/v8-m.main+fp/hard\libgcc.a(_dvmd_tls.o)
                              c:/siliconlabs/simplicitystudio/v5/developer/toolchains/gnu_arm/12.2.rel1_2023.7/bin/../lib/gcc/arm-none-eabi/12.2.1/thumb/v8-m.main+fp/hard\libgcc.a(_aeabi_ldivmod.o) (__aeabi_ldiv0)
c:/siliconlabs/simplicitystudio/v5/developer/toolchains/gnu_arm/12.2.rel1_2023.7/bin/../lib/gcc/arm-none-eabi/12.2.1/thumb/v8-m.main+fp/hard\libc_nano.a(libc_a-exit.o)
                              c:/siliconlabs/simplicitystudio/v5/developer/toolchains/gnu_arm/12.2.rel1_2023.7/bin/../lib/gcc/arm-none-eabi/12.2.1/thumb/v8-m.main+fp/hard/crt0.o (exit)
c:/siliconlabs/simplicitystudio/v5/developer/toolchains/gnu_arm/12.2.rel1_2023.7/bin/../lib/gcc/arm-none-eabi/12.2.1/thumb/v8-m.main+fp/hard\libc_nano.a(libc_a-ctype_.o)
                              ./gecko_sdk_4.4.1/platform/common/src/sl_string.o (_ctype_)
c:/siliconlabs/simplicitystudio/v5/developer/toolchains/gnu_arm/12.2.rel1_2023.7/bin/../lib/gcc/arm-none-eabi/12.2.1/thumb/v8-m.main+fp/hard\libc_nano.a(libc_a-nano-vfprintf_float.o)
                              (_printf_float)
c:/siliconlabs/simplicitystudio/v5/developer/toolchains/gnu_arm/12.2.rel1_2023.7/bin/../lib/gcc/arm-none-eabi/12.2.1/thumb/v8-m.main+fp/hard\libc_nano.a(libc_a-nano-vfprintf_i.o)
                              c:/siliconlabs/simplicitystudio/v5/developer/toolchains/gnu_arm/12.2.rel1_2023.7/bin/../lib/gcc/arm-none-eabi/12.2.1/thumb/v8-m.main+fp/hard\libc_nano.a(libc_a-nano-vfprintf_float.o) (_printf_common)
c:/siliconlabs/simplicitystudio/v5/developer/toolchains/gnu_arm/12.2.rel1_2023.7/bin/../lib/gcc/arm-none-eabi/12.2.1/thumb/v8-m.main+fp/hard\libc_nano.a(libc_a-findfp.o)
                              c:/siliconlabs/simplicitystudio/v5/developer/toolchains/gnu_arm/12.2.rel1_2023.7/bin/../lib/gcc/arm-none-eabi/12.2.1/thumb/v8-m.main+fp/hard\libc_nano.a(libc_a-exit.o) (__stdio_exit_handler)
c:/siliconlabs/simplicitystudio/v5/developer/toolchains/gnu_arm/12.2.rel1_2023.7/bin/../lib/gcc/arm-none-eabi/12.2.1/thumb/v8-m.main+fp/hard\libc_nano.a(libc_a-fwalk.o)
                              c:/siliconlabs/simplicitystudio/v5/developer/toolchains/gnu_arm/12.2.rel1_2023.7/bin/../lib/gcc/arm-none-eabi/12.2.1/thumb/v8-m.main+fp/hard\libc_nano.a(libc_a-findfp.o) (_fwalk_sglue)
c:/siliconlabs/simplicitystudio/v5/developer/toolchains/gnu_arm/12.2.rel1_2023.7/bin/../lib/gcc/arm-none-eabi/12.2.1/thumb/v8-m.main+fp/hard\libc_nano.a(libc_a-printf.o)
                              ./app.o (printf)
c:/siliconlabs/simplicitystudio/v5/developer/toolchains/gnu_arm/12.2.rel1_2023.7/bin/../lib/gcc/arm-none-eabi/12.2.1/thumb/v8-m.main+fp/hard\libc_nano.a(libc_a-putchar.o)
                              ./app.o (putchar)
c:/siliconlabs/simplicitystudio/v5/developer/toolchains/gnu_arm/12.2.rel1_2023.7/bin/../lib/gcc/arm-none-eabi/12.2.1/thumb/v8-m.main+fp/hard\libc_nano.a(libc_a-puts.o)
                              ./app.o (puts)
c:/siliconlabs/simplicitystudio/v5/developer/toolchains/gnu_arm/12.2.rel1_2023.7/bin/../lib/gcc/arm-none-eabi/12.2.1/thumb/v8-m.main+fp/hard\libc_nano.a(libc_a-setvbuf.o)
                              ./gecko_sdk_4.4.1/platform/service/iostream/src/sl_iostream_stdlib_config.o (setvbuf)
[...]
Memory Configuration

Name             Origin             Length             Attributes
FLASH            0x08000000         0x0017e000         xr
RAM              0x20000000         0x00040000         xrw
*default*        0x00000000         0xffffffff

Linker script and memory map

LOAD c:/siliconlabs/simplicitystudio/v5/developer/toolchains/gnu_arm/12.2.rel1_2023.7/bin/../lib/gcc/arm-none-eabi/12.2.1/thumb/v8-m.main+fp/hard/crti.o
LOAD c:/siliconlabs/simplicitystudio/v5/developer/toolchains/gnu_arm/12.2.rel1_2023.7/bin/../lib/gcc/arm-none-eabi/12.2.1/thumb/v8-m.main+fp/hard/crtbegin.o
LOAD c:/siliconlabs/simplicitystudio/v5/developer/toolchains/gnu_arm/12.2.rel1_2023.7/bin/../lib/gcc/arm-none-eabi/12.2.1/thumb/v8-m.main+fp/hard/crt0.o
START GROUP
LOAD ./app.o
LOAD ./as.o
LOAD ./main.o
LOAD ./mpl.o
LOAD ./si.o
LOAD ./autogen/sl_board_default_init.o
LOAD ./autogen/sl_device_init_clocks.o
LOAD ./autogen/sl_event_handler.o
LOAD ./autogen/sl_i2cspm_init.o
LOAD ./autogen/sl_iostream_handles.o
LOAD ./autogen/sl_iostream_init_eusart_instances.o
LOAD ./autogen/sl_simple_led_instances.o
LOAD ./gecko_sdk_4.4.1/hardware/board/src/sl_board_control_gpio.o
LOAD ./gecko_sdk_4.4.1/hardware/board/src/sl_board_init.o
LOAD ./gecko_sdk_4.4.1/hardware/driver/configuration_over_swo/src/sl_cos.o
LOAD ./gecko_sdk_4.4.1/hardware/driver/mx25_flash_shutdown/src/sl_mx25_flash_shutdown_usart/sl_mx25_flash_shutdown.o
LOAD ./gecko_sdk_4.4.1/platform/Device/SiliconLabs/EFR32MG24/Source/startup_efr32mg24.o
LOAD ./gecko_sdk_4.4.1/platform/Device/SiliconLabs/EFR32MG24/Source/system_efr32mg24.o
LOAD ./gecko_sdk_4.4.1/platform/common/src/sl_assert.o
LOAD ./gecko_sdk_4.4.1/platform/common/src/sl_slist.o
LOAD ./gecko_sdk_4.4.1/platform/common/src/sl_string.o
LOAD ./gecko_sdk_4.4.1/platform/common/src/sl_syscalls.o
LOAD ./gecko_sdk_4.4.1/platform/common/toolchain/src/sl_memory.o
LOAD ./gecko_sdk_4.4.1/platform/driver/debug/src/sl_debug_swo.o
LOAD ./gecko_sdk_4.4.1/platform/driver/i2cspm/src/sl_i2cspm.o
LOAD ./gecko_sdk_4.4.1/platform/driver/leddrv/src/sl_led.o
LOAD ./gecko_sdk_4.4.1/platform/driver/leddrv/src/sl_simple_led.o
LOAD ./gecko_sdk_4.4.1/platform/emdrv/dmadrv/src/dmadrv.o
LOAD ./gecko_sdk_4.4.1/platform/emlib/src/em_burtc.o
LOAD ./gecko_sdk_4.4.1/platform/emlib/src/em_cmu.o
LOAD ./gecko_sdk_4.4.1/platform/emlib/src/em_core.o
LOAD ./gecko_sdk_4.4.1/platform/emlib/src/em_emu.o
LOAD ./gecko_sdk_4.4.1/platform/emlib/src/em_eusart.o
LOAD ./gecko_sdk_4.4.1/platform/emlib/src/em_gpio.o
LOAD ./gecko_sdk_4.4.1/platform/emlib/src/em_i2c.o
LOAD ./gecko_sdk_4.4.1/platform/emlib/src/em_ldma.o
LOAD ./gecko_sdk_4.4.1/platform/emlib/src/em_msc.o
LOAD ./gecko_sdk_4.4.1/platform/emlib/src/em_prs.o
LOAD ./gecko_sdk_4.4.1/platform/emlib/src/em_system.o
LOAD ./gecko_sdk_4.4.1/platform/emlib/src/em_timer.o
LOAD ./gecko_sdk_4.4.1/platform/emlib/src/em_usart.o
LOAD ./gecko_sdk_4.4.1/platform/peripheral/src/peripheral_sysrtc.o
LOAD ./gecko_sdk_4.4.1/platform/service/device_init/src/sl_device_init_dcdc_s2.o
LOAD ./gecko_sdk_4.4.1/platform/service/device_init/src/sl_device_init_emu_s2.o
LOAD ./gecko_sdk_4.4.1/platform/service/device_init/src/sl_device_init_hfxo_s2.o
LOAD ./gecko_sdk_4.4.1/platform/service/device_init/src/sl_device_init_lfxo_s2.o
LOAD ./gecko_sdk_4.4.1/platform/service/device_init/src/sl_device_init_nvic.o
LOAD ./gecko_sdk_4.4.1/platform/service/iostream/src/sl_iostream.o
LOAD ./gecko_sdk_4.4.1/platform/service/iostream/src/sl_iostream_eusart.o
LOAD ./gecko_sdk_4.4.1/platform/service/iostream/src/sl_iostream_retarget_stdio.o
LOAD ./gecko_sdk_4.4.1/platform/service/iostream/src/sl_iostream_stdlib_config.o
LOAD ./gecko_sdk_4.4.1/platform/service/iostream/src/sl_iostream_uart.o
LOAD ./gecko_sdk_4.4.1/platform/service/sleeptimer/src/sl_sleeptimer.o
LOAD ./gecko_sdk_4.4.1/platform/service/sleeptimer/src/sl_sleeptimer_hal_burtc.o
LOAD ./gecko_sdk_4.4.1/platform/service/sleeptimer/src/sl_sleeptimer_hal_sysrtc.o
LOAD ./gecko_sdk_4.4.1/platform/service/sleeptimer/src/sl_sleeptimer_hal_timer.o
LOAD ./gecko_sdk_4.4.1/platform/service/system/src/sl_system_init.o
LOAD ./gecko_sdk_4.4.1/platform/service/system/src/sl_system_process_action.o
LOAD ./gecko_sdk_4.4.1/platform/service/udelay/src/sl_udelay.o
LOAD ./gecko_sdk_4.4.1/platform/service/udelay/src/sl_udelay_armv6m_gcc.o
LOAD c:/siliconlabs/simplicitystudio/v5/developer/toolchains/gnu_arm/12.2.rel1_2023.7/bin/../lib/gcc/arm-none-eabi/12.2.1/thumb/v8-m.main+fp/hard\libgcc.a
LOAD c:/siliconlabs/simplicitystudio/v5/developer/toolchains/gnu_arm/12.2.rel1_2023.7/bin/../lib/gcc/arm-none-eabi/12.2.1/thumb/v8-m.main+fp/hard\libc_nano.a
LOAD c:/siliconlabs/simplicitystudio/v5/developer/toolchains/gnu_arm/12.2.rel1_2023.7/bin/../lib/gcc/arm-none-eabi/12.2.1/thumb/v8-m.main+fp/hard\libm.a
LOAD c:/siliconlabs/simplicitystudio/v5/developer/toolchains/gnu_arm/12.2.rel1_2023.7/bin/../lib/gcc/arm-none-eabi/12.2.1/thumb/v8-m.main+fp/hard\libnosys.a
END GROUP
START GROUP
LOAD c:/siliconlabs/simplicitystudio/v5/developer/toolchains/gnu_arm/12.2.rel1_2023.7/bin/../lib/gcc/arm-none-eabi/12.2.1/thumb/v8-m.main+fp/hard\libgcc.a
LOAD c:/siliconlabs/simplicitystudio/v5/developer/toolchains/gnu_arm/12.2.rel1_2023.7/bin/../lib/gcc/arm-none-eabi/12.2.1/thumb/v8-m.main+fp/hard\libc_nano.a
LOAD c:/siliconlabs/simplicitystudio/v5/developer/toolchains/gnu_arm/12.2.rel1_2023.7/bin/../lib/gcc/arm-none-eabi/12.2.1/thumb/v8-m.main+fp/hard\libnosys.a
END GROUP
START GROUP
LOAD c:/siliconlabs/simplicitystudio/v5/developer/toolchains/gnu_arm/12.2.rel1_2023.7/bin/../lib/gcc/arm-none-eabi/12.2.1/thumb/v8-m.main+fp/hard\libgcc.a
LOAD c:/siliconlabs/simplicitystudio/v5/developer/toolchains/gnu_arm/12.2.rel1_2023.7/bin/../lib/gcc/arm-none-eabi/12.2.1/thumb/v8-m.main+fp/hard\libg_nano.a
LOAD c:/siliconlabs/simplicitystudio/v5/developer/toolchains/gnu_arm/12.2.rel1_2023.7/bin/../lib/gcc/arm-none-eabi/12.2.1/thumb/v8-m.main+fp/hard\libc_nano.a
END GROUP
START GROUP
LOAD c:/siliconlabs/simplicitystudio/v5/developer/toolchains/gnu_arm/12.2.rel1_2023.7/bin/../lib/gcc/arm-none-eabi/12.2.1/thumb/v8-m.main+fp/hard\libgcc.a
LOAD c:/siliconlabs/simplicitystudio/v5/developer/toolchains/gnu_arm/12.2.rel1_2023.7/bin/../lib/gcc/arm-none-eabi/12.2.1/thumb/v8-m.main+fp/hard\libc_nano.a
END GROUP
LOAD c:/siliconlabs/simplicitystudio/v5/developer/toolchains/gnu_arm/12.2.rel1_2023.7/bin/../lib/gcc/arm-none-eabi/12.2.1/thumb/v8-m.main+fp/hard/crtend.o
LOAD c:/siliconlabs/simplicitystudio/v5/developer/toolchains/gnu_arm/12.2.rel1_2023.7/bin/../lib/gcc/arm-none-eabi/12.2.1/thumb/v8-m.main+fp/hard/crtn.o

.text           0x08000000     0x9a60
                0x08000000                linker_vectors_begin = .
 *(.vectors)
 .vectors       0x08000000      0x170 ./gecko_sdk_4.4.1/platform/Device/SiliconLabs/EFR32MG24/Source/startup_efr32mg24.o
                0x08000000                __Vectors
                0x08000170                linker_vectors_end = .
                0x08000170                __Vectors_End = .
                0x08000170                __Vectors_Size = (__Vectors_End - __Vectors)
                0x08000170                linker_code_begin = .
 *(SORT_BY_ALIGNMENT(.text*))
 .text          0x08000170        0x8 ./gecko_sdk_4.4.1/platform/service/udelay/src/sl_udelay_armv6m_gcc.o
                0x08000170                sli_delay_loop
 .text.AS7331_GetTemperature
                0x08000178       0x90 ./as.o
                0x08000178                AS7331_GetTemperature
 .text._dtoa_r  0x08000208      0xc54 c:/siliconlabs/simplicitystudio/v5/developer/toolchains/gnu_arm/12.2.rel1_2023.7/bin/../lib/gcc/arm-none-eabi/12.2.1/thumb/v8-m.main+fp/hard\libc_nano.a(libc_a-dtoa.o)
                0x08000208                _dtoa_r
 .text.deregister_tm_clones
                0x08000e5c       0x1c c:/siliconlabs/simplicitystudio/v5/developer/toolchains/gnu_arm/12.2.rel1_2023.7/bin/../lib/gcc/arm-none-eabi/12.2.1/thumb/v8-m.main+fp/hard/crtbegin.o
 .text.register_tm_clones
                0x08000e78       0x28 c:/siliconlabs/simplicitystudio/v5/developer/toolchains/gnu_arm/12.2.rel1_2023.7/bin/../lib/gcc/arm-none-eabi/12.2.1/thumb/v8-m.main+fp/hard/crtbegin.o
 .text.__do_global_dtors_aux
                0x08000ea0       0x28 c:/siliconlabs/simplicitystudio/v5/developer/toolchains/gnu_arm/12.2.rel1_2023.7/bin/../lib/gcc/arm-none-eabi/12.2.1/thumb/v8-m.main+fp/hard/crtbegin.o
 .text.frame_dummy
                0x08000ec8       0x24 c:/siliconlabs/simplicitystudio/v5/developer/toolchains/gnu_arm/12.2.rel1_2023.7/bin/../lib/gcc/arm-none-eabi/12.2.1/thumb/v8-m.main+fp/hard/crtbegin.o
 .text          0x08000eec       0x7c c:/siliconlabs/simplicitystudio/v5/developer/toolchains/gnu_arm/12.2.rel1_2023.7/bin/../lib/gcc/arm-none-eabi/12.2.1/thumb/v8-m.main+fp/hard/crt0.o
                0x08000eec                _stack_init
                0x08000ef4                _start
                0x08000ef4                _mainCRTStartup
 .text.app_init
                0x08000f68       0xb4 ./app.o
                0x08000f68                app_init
 .text.app_process_action
                0x0800101c       0x30 ./app.o
                0x0800101c                app_process_action
 .text.as_flush_buffers
                0x0800104c       0x24 ./as.o
 .text.AS7331_transaction
                0x08001070       0x44 ./as.o
 .text.AS7331_ChangeMode
                0x080010b4       0x84 ./as.o
                0x080010b4                AS7331_ChangeMode
 .text.AS7331_StartCMDTransfer
                0x08001138       0x54 ./as.o
                0x08001138                AS7331_StartCMDTransfer
 .text.AS7331_StopCMDTransfer
                0x0800118c       0x54 ./as.o
                0x0800118c                AS7331_StopCMDTransfer
 .text.AS7331_GetFSR
                0x080011e0       0x58 ./as.o
                0x080011e0                AS7331_GetFSR
 .text.AS7331_GetUV
                0x08001238      0x134 ./as.o
                0x08001238                AS7331_GetUV
 .text.as_dev_id
                0x0800136c       0x70 ./as.o
                0x0800136c                as_dev_id
 .text.as_init  0x080013dc      0x10c ./as.o
                0x080013dc                as_init
 .text.as_report
                0x080014e8       0x90 ./as.o
                0x080014e8                as_report
 .text.mpl_flush_buffers
                0x08001578       0x24 ./mpl.o
                0x08001578                mpl_flush_buffers
 .text.MPL3115A2_GetPressure
                0x0800159c       0xb8 ./mpl.o
                0x0800159c                MPL3115A2_GetPressure
 .text.MPL3115A2_GetTemperature
                0x08001654       0xa4 ./mpl.o
                0x08001654                MPL3115A2_GetTemperature
 .text.mpl_dev_id
                0x080016f8       0x84 ./mpl.o
                0x080016f8                mpl_dev_id
 .text.mpl_init
                0x0800177c       0xc4 ./mpl.o
                0x0800177c                mpl_init
 .text.mpl_report
                0x08001840       0x50 ./mpl.o
                0x08001840                mpl_report
 .text.timer_callback
                0x08001890        0xc ./si.o
 .text.decode_temp
                0x0800189c       0x54 ./si.o
                0x0800189c                decode_temp
 .text.SI7021_measure.constprop.0
                0x080018f0       0xc8 ./si.o
 .text.initialise_temp_limits
                0x080019b8       0x28 ./si.o
                0x080019b8                initialise_temp_limits
 .text.si_dev_id
                0x080019e0       0x78 ./si.o
                0x080019e0                si_dev_id
 .text.si_init  0x08001a58       0x2c ./si.o
                0x08001a58                si_init
 .text.si_report
                0x08001a84       0x40 ./si.o
                0x08001a84                si_report
 .text.si_process_action
                0x08001ac4       0x1c ./si.o
                0x08001ac4                si_process_action
 .text.sl_device_init_clocks
                0x08001ae0       0xac ./autogen/sl_device_init_clocks.o
                0x08001ae0                sl_device_init_clocks
 .text.sl_i2cspm_init_instances
                0x08001b8c       0x18 ./autogen/sl_i2cspm_init.o
                0x08001b8c                sl_i2cspm_init_instances
 .text.sl_iostream_eusart_init_vcom
                0x08001ba4       0xc4 ./autogen/sl_iostream_init_eusart_instances.o
                0x08001ba4                sl_iostream_eusart_init_vcom
 .text.EUSART0_RX_IRQHandler
                0x08001c68        0xc ./autogen/sl_iostream_init_eusart_instances.o
                0x08001c68                EUSART0_RX_IRQHandler
 .text.sl_simple_led_init_instances
                0x08001c74       0x1c ./autogen/sl_simple_led_instances.o
                0x08001c74                sl_simple_led_init_instances
 .text.sl_board_enable_sensor
                0x08001c90       0x60 ./gecko_sdk_4.4.1/hardware/board/src/sl_board_control_gpio.o
                0x08001c90                sl_board_enable_sensor
 .text.cs_high  0x08001cf0       0x10 ./gecko_sdk_4.4.1/hardware/driver/mx25_flash_shutdown/src/sl_mx25_flash_shutdown_usart/sl_mx25_flash_shutdown.o
 .text.cs_low   0x08001d00       0x10 ./gecko_sdk_4.4.1/hardware/driver/mx25_flash_shutdown/src/sl_mx25_flash_shutdown_usart/sl_mx25_flash_shutdown.o
 .text.sl_mx25_flash_shutdown
                0x08001d10      0x118 ./gecko_sdk_4.4.1/hardware/driver/mx25_flash_shutdown/src/sl_mx25_flash_shutdown_usart/sl_mx25_flash_shutdown.o
                0x08001d10                sl_mx25_flash_shutdown
 .text.CopyRamFuncs
                0x08001e28       0x1c ./gecko_sdk_4.4.1/platform/Device/SiliconLabs/EFR32MG24/Source/startup_efr32mg24.o
                0x08001e28                CopyRamFuncs
 .text.Reset_Handler
                0x08001e44       0x64 ./gecko_sdk_4.4.1/platform/Device/SiliconLabs/EFR32MG24/Source/startup_efr32mg24.o
                0x08001e44                Reset_Handler
 .text.SystemInit
                0x08001ea8       0x68 ./gecko_sdk_4.4.1/platform/Device/SiliconLabs/EFR32MG24/Source/system_efr32mg24.o
                0x08001ea8                SystemInit
 .text.SystemHFRCODPLLClockGet
                0x08001f10        0xc ./gecko_sdk_4.4.1/platform/Device/SiliconLabs/EFR32MG24/Source/system_efr32mg24.o
                0x08001f10                SystemHFRCODPLLClockGet
 .text.SystemSYSCLKGet
                0x08001f1c       0x34 ./gecko_sdk_4.4.1/platform/Device/SiliconLabs/EFR32MG24/Source/system_efr32mg24.o
                0x08001f1c                SystemSYSCLKGet
 .text.SystemHCLKGet
                0x08001f50       0x24 ./gecko_sdk_4.4.1/platform/Device/SiliconLabs/EFR32MG24/Source/system_efr32mg24.o
                0x08001f50                SystemHCLKGet
 .text.SystemMaxCoreClockGet
                0x08001f74        0x8 ./gecko_sdk_4.4.1/platform/Device/SiliconLabs/EFR32MG24/Source/system_efr32mg24.o
                0x08001f74                SystemMaxCoreClockGet
 .text.SystemHFXOClockGet
                0x08001f7c        0xc ./gecko_sdk_4.4.1/platform/Device/SiliconLabs/EFR32MG24/Source/system_efr32mg24.o
                0x08001f7c                SystemHFXOClockGet
 .text.SystemHFXOClockSet
                0x08001f88       0x20 ./gecko_sdk_4.4.1/platform/Device/SiliconLabs/EFR32MG24/Source/system_efr32mg24.o
                0x08001f88                SystemHFXOClockSet
 .text.SystemFSRCOClockGet
                0x08001fa8        0x8 ./gecko_sdk_4.4.1/platform/Device/SiliconLabs/EFR32MG24/Source/system_efr32mg24.o
                0x08001fa8                SystemFSRCOClockGet
 .text.SystemHFRCOEM23ClockGet
                0x08001fb0       0x84 ./gecko_sdk_4.4.1/platform/Device/SiliconLabs/EFR32MG24/Source/system_efr32mg24.o
                0x08001fb0                SystemHFRCOEM23ClockGet
 .text.SystemLFXOClockGet
                0x08002034        0xc ./gecko_sdk_4.4.1/platform/Device/SiliconLabs/EFR32MG24/Source/system_efr32mg24.o
                0x08002034                SystemLFXOClockGet
 .text._sbrk    0x08002040       0x20 ./gecko_sdk_4.4.1/platform/common/toolchain/src/sl_memory.o
                0x08002040                _sbrk
 .text.sl_debug_swo_init
                0x08002060      0x114 ./gecko_sdk_4.4.1/platform/driver/debug/src/sl_debug_swo.o
                0x08002060                sl_debug_swo_init
 .text.sl_debug_swo_write_u8
                0x08002174       0x44 ./gecko_sdk_4.4.1/platform/driver/debug/src/sl_debug_swo.o
                0x08002174                sl_debug_swo_write_u8
 .text.I2CSPM_Init
                0x080021b8      0x158 ./gecko_sdk_4.4.1/platform/driver/i2cspm/src/sl_i2cspm.o
                0x080021b8                I2CSPM_Init
 .text.I2CSPM_Transfer
                0x08002310       0x20 ./gecko_sdk_4.4.1/platform/driver/i2cspm/src/sl_i2cspm.o
                0x08002310                I2CSPM_Transfer
 .text.GPIO_PinOutClear
                0x08002330       0x3c ./gecko_sdk_4.4.1/platform/driver/leddrv/src/sl_simple_led.o
 .text.GPIO_PinOutSet
                0x0800236c       0x3c ./gecko_sdk_4.4.1/platform/driver/leddrv/src/sl_simple_led.o
 .text.sl_simple_led_toggle
                0x080023a8       0x3c ./gecko_sdk_4.4.1/platform/driver/leddrv/src/sl_simple_led.o
                0x080023a8                sl_simple_led_toggle
 .text.sl_simple_led_get_state
                0x080023e4       0x4c ./gecko_sdk_4.4.1/platform/driver/leddrv/src/sl_simple_led.o
                0x080023e4                sl_simple_led_get_state
 .text.StartTransfer
                0x08002430      0x17c ./gecko_sdk_4.4.1/platform/emdrv/dmadrv/src/dmadrv.o
 .text.DMADRV_AllocateChannel
                0x080025ac       0x60 ./gecko_sdk_4.4.1/platform/emdrv/dmadrv/src/dmadrv.o
                0x080025ac                DMADRV_AllocateChannel
 .text.DMADRV_DeInit
                0x0800260c       0x44 ./gecko_sdk_4.4.1/platform/emdrv/dmadrv/src/dmadrv.o
                0x0800260c                DMADRV_DeInit
 .text.DMADRV_FreeChannel
                0x08002650       0x4c ./gecko_sdk_4.4.1/platform/emdrv/dmadrv/src/dmadrv.o
                0x08002650                DMADRV_FreeChannel
 .text.DMADRV_Init
                0x0800269c       0x68 ./gecko_sdk_4.4.1/platform/emdrv/dmadrv/src/dmadrv.o
                0x0800269c                DMADRV_Init
 .text.DMADRV_PauseTransfer
                0x08002704       0x40 ./gecko_sdk_4.4.1/platform/emdrv/dmadrv/src/dmadrv.o
                0x08002704                DMADRV_PauseTransfer
 .text.DMADRV_ResumeTransfer
                0x08002744       0x40 ./gecko_sdk_4.4.1/platform/emdrv/dmadrv/src/dmadrv.o
                0x08002744                DMADRV_ResumeTransfer
 .text.DMADRV_StopTransfer
                0x08002784       0x40 ./gecko_sdk_4.4.1/platform/emdrv/dmadrv/src/dmadrv.o
                0x08002784                DMADRV_StopTransfer
 .text.DMADRV_TransferCompletePending
                0x080027c4       0x50 ./gecko_sdk_4.4.1/platform/emdrv/dmadrv/src/dmadrv.o
                0x080027c4                DMADRV_TransferCompletePending
 .text.DMADRV_TransferDone
                0x08002814       0x44 ./gecko_sdk_4.4.1/platform/emdrv/dmadrv/src/dmadrv.o
                0x08002814                DMADRV_TransferDone
 .text.LDMA_IRQHandler
                0x08002858       0x74 ./gecko_sdk_4.4.1/platform/emdrv/dmadrv/src/dmadrv.o
                0x08002858                LDMA_IRQHandler
 .text.EMU_VScaleGet
                0x080028cc       0x18 ./gecko_sdk_4.4.1/platform/emlib/src/em_cmu.o
 .text.traceClkGet
                0x080028e4       0x54 ./gecko_sdk_4.4.1/platform/emlib/src/em_cmu.o
 .text.em01GrpaClkGet
                0x08002938       0x74 ./gecko_sdk_4.4.1/platform/emlib/src/em_cmu.o
 .text.em01GrpcClkGet
                0x080029ac       0x70 ./gecko_sdk_4.4.1/platform/emlib/src/em_cmu.o
 .text.iadcClkGet
                0x08002a1c       0x60 ./gecko_sdk_4.4.1/platform/emlib/src/em_cmu.o
 .text.eusart0ClkGet
                0x08002a7c       0x74 ./gecko_sdk_4.4.1/platform/emlib/src/em_cmu.o
 .text.em23GrpaClkGet
                0x08002af0       0x48 ./gecko_sdk_4.4.1/platform/emlib/src/em_cmu.o
 .text.vdac0ClkGet
                0x08002b38       0x70 ./gecko_sdk_4.4.1/platform/emlib/src/em_cmu.o
 .text.vdac1ClkGet
                0x08002ba8       0x70 ./gecko_sdk_4.4.1/platform/emlib/src/em_cmu.o
 .text.pcnt0ClkGet
                0x08002c18       0x4c ./gecko_sdk_4.4.1/platform/emlib/src/em_cmu.o
 .text.wdog0ClkGet
                0x08002c64       0x64 ./gecko_sdk_4.4.1/platform/emlib/src/em_cmu.o
 .text.wdog1ClkGet
                0x08002cc8       0x64 ./gecko_sdk_4.4.1/platform/emlib/src/em_cmu.o
 .text.sysrtcClkGet
                0x08002d2c       0x48 ./gecko_sdk_4.4.1/platform/emlib/src/em_cmu.o
 .text.em4GrpaClkGet
                0x08002d74       0x48 ./gecko_sdk_4.4.1/platform/emlib/src/em_cmu.o
 .text.CMU_ClockDivGet
                0x08002dbc       0x78 ./gecko_sdk_4.4.1/platform/emlib/src/em_cmu.o
                0x08002dbc                CMU_ClockDivGet
 .text.flashWaitStateControl
                0x08002e34       0x58 ./gecko_sdk_4.4.1/platform/emlib/src/em_cmu.o
 .text.CMU_ClockEnable
                0x08002e8c       0x50 ./gecko_sdk_4.4.1/platform/emlib/src/em_cmu.o
                0x08002e8c                CMU_ClockEnable
 .text.CMU_ClockFreqGet
                0x08002edc      0x204 ./gecko_sdk_4.4.1/platform/emlib/src/em_cmu.o
                0x08002edc                CMU_ClockFreqGet
 .text.rhclkPrescOptimize
                0x080030e0       0x20 ./gecko_sdk_4.4.1/platform/emlib/src/em_cmu.o
 .text.CMU_ClockSelectGet
                0x08003100      0x22c ./gecko_sdk_4.4.1/platform/emlib/src/em_cmu.o
                0x08003100                CMU_ClockSelectGet
 .text.sli_em_cmu_HFXOSetForceEnable
                0x0800332c       0x1c ./gecko_sdk_4.4.1/platform/emlib/src/em_cmu.o
                0x0800332c                sli_em_cmu_HFXOSetForceEnable
 .text.CMU_HFXOInit
                0x08003348      0x224 ./gecko_sdk_4.4.1/platform/emlib/src/em_cmu.o
                0x08003348                CMU_HFXOInit
 .text.CMU_HFXOCTuneDeltaGet
                0x0800356c        0xc ./gecko_sdk_4.4.1/platform/emlib/src/em_cmu.o
                0x0800356c                CMU_HFXOCTuneDeltaGet
 .text.CMU_LFXOInit
                0x08003578       0xc4 ./gecko_sdk_4.4.1/platform/emlib/src/em_cmu.o
                0x08003578                CMU_LFXOInit
 .text.CMU_LFXOPrecisionSet
                0x0800363c        0xc ./gecko_sdk_4.4.1/platform/emlib/src/em_cmu.o
                0x0800363c                CMU_LFXOPrecisionSet
 .text.CMU_HFXOPrecisionSet
                0x08003648        0xc ./gecko_sdk_4.4.1/platform/emlib/src/em_cmu.o
                0x08003648                CMU_HFXOPrecisionSet
 .text.CMU_ClockDivSet
                0x08003654      0x12c ./gecko_sdk_4.4.1/platform/emlib/src/em_cmu.o
                0x08003654                CMU_ClockDivSet
 .text.sli_em_cmu_SYSCLKInitPreClockSelect
                0x08003780       0x20 ./gecko_sdk_4.4.1/platform/emlib/src/em_cmu.o
                0x08003780                sli_em_cmu_SYSCLKInitPreClockSelect
 .text.pclkDivOptimize
                0x080037a0       0x24 ./gecko_sdk_4.4.1/platform/emlib/src/em_cmu.o
 .text.EMU_DCDCSync
                0x080037c4       0x10 ./gecko_sdk_4.4.1/platform/emlib/src/em_emu.o
 .text.EMU_EM4Init
                0x080037d4       0x14 ./gecko_sdk_4.4.1/platform/emlib/src/em_emu.o
                0x080037d4                EMU_EM4Init
 .text.EMU_VScaleEM01
                0x080037e8       0xa8 ./gecko_sdk_4.4.1/platform/emlib/src/em_emu.o
                0x080037e8                EMU_VScaleEM01
 .text.EMU_VScaleEM01ByClock
                0x08003890       0x30 ./gecko_sdk_4.4.1/platform/emlib/src/em_emu.o
                0x08003890                EMU_VScaleEM01ByClock
 .text.EMU_DCDCModeSet
                0x080038c0       0xac ./gecko_sdk_4.4.1/platform/emlib/src/em_emu.o
                0x080038c0                EMU_DCDCModeSet
 .text.EMU_DCDCInit
                0x0800396c       0x70 ./gecko_sdk_4.4.1/platform/emlib/src/em_emu.o
                0x0800396c                EMU_DCDCInit
 .text.EMU_DCDCSetPFMXModePeakCurrent
                0x080039dc       0x6c ./gecko_sdk_4.4.1/platform/emlib/src/em_emu.o
                0x080039dc                EMU_DCDCSetPFMXModePeakCurrent
 .text.EUSART_Reset
                0x08003a48       0x54 ./gecko_sdk_4.4.1/platform/emlib/src/em_eusart.o
                0x08003a48                EUSART_Reset
 .text.EUSART_Enable
                0x08003a9c       0x6c ./gecko_sdk_4.4.1/platform/emlib/src/em_eusart.o
                0x08003a9c                EUSART_Enable
 .text.EUSART_BaudrateSet
                0x08003b08      0x1cc ./gecko_sdk_4.4.1/platform/emlib/src/em_eusart.o
                0x08003b08                EUSART_BaudrateSet
 .text.EUSART_AsyncInitCommon
                0x08003cd4      0x23c ./gecko_sdk_4.4.1/platform/emlib/src/em_eusart.o
 .text.EUSART_UartInitHf
                0x08003f10       0x5c ./gecko_sdk_4.4.1/platform/emlib/src/em_eusart.o
                0x08003f10                EUSART_UartInitHf
 .text.EUSART_UartInitLf
                0x08003f6c       0xb8 ./gecko_sdk_4.4.1/platform/emlib/src/em_eusart.o
                0x08003f6c                EUSART_UartInitLf
 .text.GPIO_PinOutSet
                0x08004024       0x3c ./gecko_sdk_4.4.1/platform/emlib/src/em_gpio.o
 .text.GPIO_PinOutClear
                0x08004060       0x3c ./gecko_sdk_4.4.1/platform/emlib/src/em_gpio.o
 .text.GPIO_PinModeSet
                0x0800409c       0x94 ./gecko_sdk_4.4.1/platform/emlib/src/em_gpio.o
                0x0800409c                GPIO_PinModeSet
 .text.I2C_BusFreqSet
                0x08004130      0x108 ./gecko_sdk_4.4.1/platform/emlib/src/em_i2c.o
                0x08004130                I2C_BusFreqSet
 .text.I2C_Enable
                0x08004238       0x38 ./gecko_sdk_4.4.1/platform/emlib/src/em_i2c.o
                0x08004238                I2C_Enable
 .text.I2C_Init
                0x08004270       0x64 ./gecko_sdk_4.4.1/platform/emlib/src/em_i2c.o
                0x08004270                I2C_Init
 .text.I2C_Transfer
                0x080042d4      0x224 ./gecko_sdk_4.4.1/platform/emlib/src/em_i2c.o
                0x080042d4                I2C_Transfer
 .text.I2C_TransferInit
                0x080044f8       0xbc ./gecko_sdk_4.4.1/platform/emlib/src/em_i2c.o
                0x080044f8                I2C_TransferInit
 .text.LDMA_DeInit
                0x080045b4       0x3c ./gecko_sdk_4.4.1/platform/emlib/src/em_ldma.o
                0x080045b4                LDMA_DeInit
 .text.LDMA_EnableChannelRequest
                0x080045f0       0x40 ./gecko_sdk_4.4.1/platform/emlib/src/em_ldma.o
                0x080045f0                LDMA_EnableChannelRequest
 .text.LDMA_Init
                0x08004630       0x94 ./gecko_sdk_4.4.1/platform/emlib/src/em_ldma.o
                0x08004630                LDMA_Init
 .text.LDMA_StartTransfer
                0x080046c4      0x104 ./gecko_sdk_4.4.1/platform/emlib/src/em_ldma.o
                0x080046c4                LDMA_StartTransfer
 .text.LDMA_StopTransfer
                0x080047c8       0x38 ./gecko_sdk_4.4.1/platform/emlib/src/em_ldma.o
                0x080047c8                LDMA_StopTransfer
 .text.LDMA_TransferDone
                0x08004800       0x44 ./gecko_sdk_4.4.1/platform/emlib/src/em_ldma.o
                0x08004800                LDMA_TransferDone
 .text.USART_BaudrateSyncSet
                0x08004844       0x48 ./gecko_sdk_4.4.1/platform/emlib/src/em_usart.o
                0x08004844                USART_BaudrateSyncSet
 .text.USART_Reset
                0x0800488c       0x58 ./gecko_sdk_4.4.1/platform/emlib/src/em_usart.o
                0x0800488c                USART_Reset
 .text.USART_InitSync
                0x080048e4       0xb0 ./gecko_sdk_4.4.1/platform/emlib/src/em_usart.o
                0x080048e4                USART_InitSync
 .text.sl_hal_sysrtc_wait_sync
                0x08004994       0x14 ./gecko_sdk_4.4.1/platform/peripheral/src/peripheral_sysrtc.o
                0x08004994                sl_hal_sysrtc_wait_sync
 .text.sl_hal_sysrtc_wait_ready
                0x080049a8       0x1c ./gecko_sdk_4.4.1/platform/peripheral/src/peripheral_sysrtc.o
                0x080049a8                sl_hal_sysrtc_wait_ready
 .text.sl_hal_sysrtc_stop
                0x080049c4       0x14 ./gecko_sdk_4.4.1/platform/peripheral/src/peripheral_sysrtc.o
                0x080049c4                sl_hal_sysrtc_stop
 .text.sl_hal_sysrtc_enable
                0x080049d8       0x18 ./gecko_sdk_4.4.1/platform/peripheral/src/peripheral_sysrtc.o
                0x080049d8                sl_hal_sysrtc_enable
 .text.sl_hal_sysrtc_disable
                0x080049f0       0x1c ./gecko_sdk_4.4.1/platform/peripheral/src/peripheral_sysrtc.o
                0x080049f0                sl_hal_sysrtc_disable
 .text.sl_hal_sysrtc_init
                0x08004a0c       0x20 ./gecko_sdk_4.4.1/platform/peripheral/src/peripheral_sysrtc.o
                0x08004a0c                sl_hal_sysrtc_init
 .text.sl_hal_sysrtc_init_group
                0x08004a2c       0x48 ./gecko_sdk_4.4.1/platform/peripheral/src/peripheral_sysrtc.o
                0x08004a2c                sl_hal_sysrtc_init_group
 .text.sl_hal_sysrtc_enable_group_interrupts
                0x08004a74       0x1c ./gecko_sdk_4.4.1/platform/peripheral/src/peripheral_sysrtc.o
                0x08004a74                sl_hal_sysrtc_enable_group_interrupts
 .text.sl_hal_sysrtc_disable_group_interrupts
                0x08004a90       0x1c ./gecko_sdk_4.4.1/platform/peripheral/src/peripheral_sysrtc.o
                0x08004a90                sl_hal_sysrtc_disable_group_interrupts
 .text.sl_hal_sysrtc_clear_group_interrupts
                0x08004aac       0x1c ./gecko_sdk_4.4.1/platform/peripheral/src/peripheral_sysrtc.o
                0x08004aac                sl_hal_sysrtc_clear_group_interrupts
 .text.sl_hal_sysrtc_get_group_interrupts
                0x08004ac8       0x20 ./gecko_sdk_4.4.1/platform/peripheral/src/peripheral_sysrtc.o
                0x08004ac8                sl_hal_sysrtc_get_group_interrupts
 .text.sl_hal_sysrtc_get_group_compare_channel_value
                0x08004ae8       0x30 ./gecko_sdk_4.4.1/platform/peripheral/src/peripheral_sysrtc.o
                0x08004ae8                sl_hal_sysrtc_get_group_compare_channel_value
 .text.sl_hal_sysrtc_set_group_compare_channel_value
                0x08004b18       0x28 ./gecko_sdk_4.4.1/platform/peripheral/src/peripheral_sysrtc.o
                0x08004b18                sl_hal_sysrtc_set_group_compare_channel_value
 .text.sl_device_init_dcdc
                0x08004b40       0x2c ./gecko_sdk_4.4.1/platform/service/device_init/src/sl_device_init_dcdc_s2.o
                0x08004b40                sl_device_init_dcdc
 .text.sl_device_init_emu
                0x08004b6c       0x24 ./gecko_sdk_4.4.1/platform/service/device_init/src/sl_device_init_emu_s2.o
                0x08004b6c                sl_device_init_emu
 .text.sl_device_init_hfxo
                0x08004b90       0x70 ./gecko_sdk_4.4.1/platform/service/device_init/src/sl_device_init_hfxo_s2.o
                0x08004b90                sl_device_init_hfxo
 .text.sl_device_init_lfxo
                0x08004c00       0x2c ./gecko_sdk_4.4.1/platform/service/device_init/src/sl_device_init_lfxo_s2.o
                0x08004c00                sl_device_init_lfxo
 .text.sl_device_init_nvic
                0x08004c2c       0x3c ./gecko_sdk_4.4.1/platform/service/device_init/src/sl_device_init_nvic.o
                0x08004c2c                sl_device_init_nvic
 .text.sl_iostream_set_default
                0x08004c68       0x18 ./gecko_sdk_4.4.1/platform/service/iostream/src/sl_iostream.o
                0x08004c68                sl_iostream_set_default
 .text.sl_iostream_get_default
                0x08004c80       0x18 ./gecko_sdk_4.4.1/platform/service/iostream/src/sl_iostream.o
                0x08004c80                sl_iostream_get_default
 .text.sl_iostream_eusart_init
                0x08004c98      0x228 ./gecko_sdk_4.4.1/platform/service/iostream/src/sl_iostream_eusart.o
                0x08004c98                sl_iostream_eusart_init
 .text._write   0x08004ec0       0x20 ./gecko_sdk_4.4.1/platform/service/iostream/src/sl_iostream_retarget_stdio.o
                0x08004ec0                _write
 .text.sl_iostream_stdlib_disable_buffering
                0x08004ee0       0x14 ./gecko_sdk_4.4.1/platform/service/iostream/src/sl_iostream_stdlib_config.o
                0x08004ee0                sl_iostream_stdlib_disable_buffering
 .text.get_write_ptr
                0x08004ef4       0x40 ./gecko_sdk_4.4.1/platform/service/iostream/src/sl_iostream_uart.o
 .text.dma_irq_handler
                0x08004f34       0x74 ./gecko_sdk_4.4.1/platform/service/iostream/src/sl_iostream_uart.o
 .text.uart_read
                0x08004fa8      0x1f4 ./gecko_sdk_4.4.1/platform/service/iostream/src/sl_iostream_uart.o
 .text.uart_deinit
                0x0800519c       0x98 ./gecko_sdk_4.4.1/platform/service/iostream/src/sl_iostream_uart.o
 .text.uart_write
                0x08005234       0xc0 ./gecko_sdk_4.4.1/platform/service/iostream/src/sl_iostream_uart.o
 .text.sli_iostream_uart_context_init
                0x080052f4       0xf8 ./gecko_sdk_4.4.1/platform/service/iostream/src/sl_iostream_uart.o
                0x080052f4                sli_iostream_uart_context_init
 .text.delta_list_insert_timer
                0x080053ec       0x40 ./gecko_sdk_4.4.1/platform/service/sleeptimer/src/sl_sleeptimer.o
 .text.update_delta_list
                0x0800542c       0x34 ./gecko_sdk_4.4.1/platform/service/sleeptimer/src/sl_sleeptimer.o
 .text.set_comparator_for_next_timer
                0x08005460       0x5c ./gecko_sdk_4.4.1/platform/service/sleeptimer/src/sl_sleeptimer.o
 .text.create_timer
                0x080054bc       0x88 ./gecko_sdk_4.4.1/platform/service/sleeptimer/src/sl_sleeptimer.o
 .text.delta_list_remove_timer
                0x08005544       0x38 ./gecko_sdk_4.4.1/platform/service/sleeptimer/src/sl_sleeptimer.o
 .text.sl_sleeptimer_init
                0x0800557c       0x74 ./gecko_sdk_4.4.1/platform/service/sleeptimer/src/sl_sleeptimer.o
                0x0800557c                sl_sleeptimer_init
 .text.sl_sleeptimer_is_timer_running
                0x080055f0       0x3c ./gecko_sdk_4.4.1/platform/service/sleeptimer/src/sl_sleeptimer.o
                0x080055f0                sl_sleeptimer_is_timer_running
 .text.sl_sleeptimer_ms_to_tick
                0x0800562c       0x24 ./gecko_sdk_4.4.1/platform/service/sleeptimer/src/sl_sleeptimer.o
                0x0800562c                sl_sleeptimer_ms_to_tick
 .text.sl_sleeptimer_delay_millisecond
                0x08005650       0x38 ./gecko_sdk_4.4.1/platform/service/sleeptimer/src/sl_sleeptimer.o
                0x08005650                sl_sleeptimer_delay_millisecond
 .text.process_timer_irq
                0x08005688      0x150 ./gecko_sdk_4.4.1/platform/service/sleeptimer/src/sl_sleeptimer.o
                0x08005688                process_timer_irq
 .text.sleeptimer_hal_init_timer
                0x080057d8       0x64 ./gecko_sdk_4.4.1/platform/service/sleeptimer/src/sl_sleeptimer_hal_sysrtc.o
                0x080057d8                sleeptimer_hal_init_timer
 .text.sleeptimer_hal_get_counter
                0x0800583c       0x10 ./gecko_sdk_4.4.1/platform/service/sleeptimer/src/sl_sleeptimer_hal_sysrtc.o
                0x0800583c                sleeptimer_hal_get_counter
 .text.sleeptimer_hal_set_compare
                0x0800584c       0x70 ./gecko_sdk_4.4.1/platform/service/sleeptimer/src/sl_sleeptimer_hal_sysrtc.o
                0x0800584c                sleeptimer_hal_set_compare
 .text.sleeptimer_hal_disable_int
                0x080058bc       0x2c ./gecko_sdk_4.4.1/platform/service/sleeptimer/src/sl_sleeptimer_hal_sysrtc.o
                0x080058bc                sleeptimer_hal_disable_int
 .text.sleeptimer_hal_set_int
                0x080058e8       0x10 ./gecko_sdk_4.4.1/platform/service/sleeptimer/src/sl_sleeptimer_hal_sysrtc.o
                0x080058e8                sleeptimer_hal_set_int
 .text.sl_udelay_wait
                0x080058f8       0x58 ./gecko_sdk_4.4.1/platform/service/udelay/src/sl_udelay.o
                0x080058f8                sl_udelay_wait
 .text          0x08005950      0x378 c:/siliconlabs/simplicitystudio/v5/developer/toolchains/gnu_arm/12.2.rel1_2023.7/bin/../lib/gcc/arm-none-eabi/12.2.1/thumb/v8-m.main+fp/hard\libgcc.a(_arm_addsubdf3.o)
                0x08005950                __aeabi_drsub
                0x08005958                __aeabi_dsub
                0x08005958                __subdf3
                0x0800595c                __aeabi_dadd
                0x0800595c                __adddf3
                0x08005bd4                __floatunsidf
                0x08005bd4                __aeabi_ui2d
                0x08005bf4                __floatsidf
                0x08005bf4                __aeabi_i2d
                0x08005c18                __aeabi_f2d
                0x08005c18                __extendsfdf2
                0x08005c5c                __floatundidf
                0x08005c5c                __aeabi_ul2d
                0x08005c6c                __floatdidf
                0x08005c6c                __aeabi_l2d
 .text          0x08005cc8       0xa0 c:/siliconlabs/simplicitystudio/v5/developer/toolchains/gnu_arm/12.2.rel1_2023.7/bin/../lib/gcc/arm-none-eabi/12.2.1/thumb/v8-m.main+fp/hard\libgcc.a(_arm_truncdfsf2.o)
                0x08005cc8                __truncdfsf2
                0x08005cc8                __aeabi_d2f
 .text          0x08005d68       0x30 c:/siliconlabs/simplicitystudio/v5/developer/toolchains/gnu_arm/12.2.rel1_2023.7/bin/../lib/gcc/arm-none-eabi/12.2.1/thumb/v8-m.main+fp/hard\libgcc.a(_aeabi_uldivmod.o)
                0x08005d68                __aeabi_uldivmod
 .text.__udivmoddi4
                0x08005d98      0x2ec c:/siliconlabs/simplicitystudio/v5/developer/toolchains/gnu_arm/12.2.rel1_2023.7/bin/../lib/gcc/arm-none-eabi/12.2.1/thumb/v8-m.main+fp/hard\libgcc.a(_udivmoddi4.o)
                0x08005d98                __udivmoddi4
 .text          0x08006084        0x4 c:/siliconlabs/simplicitystudio/v5/developer/toolchains/gnu_arm/12.2.rel1_2023.7/bin/../lib/gcc/arm-none-eabi/12.2.1/thumb/v8-m.main+fp/hard\libgcc.a(_dvmd_tls.o)
                0x08006084                __aeabi_idiv0
                0x08006084                __aeabi_ldiv0
 .text.exit     0x08006088       0x24 c:/siliconlabs/simplicitystudio/v5/developer/toolchains/gnu_arm/12.2.rel1_2023.7/bin/../lib/gcc/arm-none-eabi/12.2.1/thumb/v8-m.main+fp/hard\libc_nano.a(libc_a-exit.o)
                0x08006088                exit
 .text._printf_float
                0x080060ac      0x468 c:/siliconlabs/simplicitystudio/v5/developer/toolchains/gnu_arm/12.2.rel1_2023.7/bin/../lib/gcc/arm-none-eabi/12.2.1/thumb/v8-m.main+fp/hard\libc_nano.a(libc_a-nano-vfprintf_float.o)
                0x080060ac                _printf_float
 .text._printf_i
                0x08006514      0x258 c:/siliconlabs/simplicitystudio/v5/developer/toolchains/gnu_arm/12.2.rel1_2023.7/bin/../lib/gcc/arm-none-eabi/12.2.1/thumb/v8-m.main+fp/hard\libc_nano.a(libc_a-nano-vfprintf_i.o)
                0x08006514                _printf_i
 .text.std      0x0800676c       0x6c c:/siliconlabs/simplicitystudio/v5/developer/toolchains/gnu_arm/12.2.rel1_2023.7/bin/../lib/gcc/arm-none-eabi/12.2.1/thumb/v8-m.main+fp/hard\libc_nano.a(libc_a-findfp.o)
 .text.stdio_exit_handler
                0x080067d8       0x18 c:/siliconlabs/simplicitystudio/v5/developer/toolchains/gnu_arm/12.2.rel1_2023.7/bin/../lib/gcc/arm-none-eabi/12.2.1/thumb/v8-m.main+fp/hard\libc_nano.a(libc_a-findfp.o)
 .text.cleanup_stdio
                0x080067f0       0x40 c:/siliconlabs/simplicitystudio/v5/developer/toolchains/gnu_arm/12.2.rel1_2023.7/bin/../lib/gcc/arm-none-eabi/12.2.1/thumb/v8-m.main+fp/hard\libc_nano.a(libc_a-findfp.o)
 .text.global_stdio_init.part.0
                0x08006830       0x3c c:/siliconlabs/simplicitystudio/v5/developer/toolchains/gnu_arm/12.2.rel1_2023.7/bin/../lib/gcc/arm-none-eabi/12.2.1/thumb/v8-m.main+fp/hard\libc_nano.a(libc_a-findfp.o)
 .text.__sfp_lock_acquire
                0x0800686c        0xc c:/siliconlabs/simplicitystudio/v5/developer/toolchains/gnu_arm/12.2.rel1_2023.7/bin/../lib/gcc/arm-none-eabi/12.2.1/thumb/v8-m.main+fp/hard\libc_nano.a(libc_a-findfp.o)
                0x0800686c                __sfp_lock_acquire
 .text.__sfp_lock_release
                0x08006878        0xc c:/siliconlabs/simplicitystudio/v5/developer/toolchains/gnu_arm/12.2.rel1_2023.7/bin/../lib/gcc/arm-none-eabi/12.2.1/thumb/v8-m.main+fp/hard\libc_nano.a(libc_a-findfp.o)
                0x08006878                __sfp_lock_release
 .text.__sinit  0x08006884       0x30 c:/siliconlabs/simplicitystudio/v5/developer/toolchains/gnu_arm/12.2.rel1_2023.7/bin/../lib/gcc/arm-none-eabi/12.2.1/thumb/v8-m.main+fp/hard\libc_nano.a(libc_a-findfp.o)
                0x08006884                __sinit
 .text.printf   0x080068b4       0x24 c:/siliconlabs/simplicitystudio/v5/developer/toolchains/gnu_arm/12.2.rel1_2023.7/bin/../lib/gcc/arm-none-eabi/12.2.1/thumb/v8-m.main+fp/hard\libc_nano.a(libc_a-printf.o)
                0x080068b4                iprintf
                0x080068b4                printf
 .text.putchar  0x080068d8       0x10 c:/siliconlabs/simplicitystudio/v5/developer/toolchains/gnu_arm/12.2.rel1_2023.7/bin/../lib/gcc/arm-none-eabi/12.2.1/thumb/v8-m.main+fp/hard\libc_nano.a(libc_a-putchar.o)
                0x080068d8                putchar
 .text.puts     0x080068e8       0x10 c:/siliconlabs/simplicitystudio/v5/developer/toolchains/gnu_arm/12.2.rel1_2023.7/bin/../lib/gcc/arm-none-eabi/12.2.1/thumb/v8-m.main+fp/hard\libc_nano.a(libc_a-puts.o)
                0x080068e8                puts
 .text.setvbuf  0x080068f8      0x168 c:/siliconlabs/simplicitystudio/v5/developer/toolchains/gnu_arm/12.2.rel1_2023.7/bin/../lib/gcc/arm-none-eabi/12.2.1/thumb/v8-m.main+fp/hard\libc_nano.a(libc_a-setvbuf.o)
                0x080068f8                setvbuf
 .text.__swsetup_r
                0x08006a60       0xac c:/siliconlabs/simplicitystudio/v5/developer/toolchains/gnu_arm/12.2.rel1_2023.7/bin/../lib/gcc/arm-none-eabi/12.2.1/thumb/v8-m.main+fp/hard\libc_nano.a(libc_a-wsetup.o)
                0x08006a60                __swsetup_r
 .text._localeconv_r
                0x08006b0c        0x8 c:/siliconlabs/simplicitystudio/v5/developer/toolchains/gnu_arm/12.2.rel1_2023.7/bin/../lib/gcc/arm-none-eabi/12.2.1/thumb/v8-m.main+fp/hard\libc_nano.a(libc_a-localeconv.o)
                0x08006b0c                _localeconv_r
 .text._close_r
                0x08006b14       0x20 c:/siliconlabs/simplicitystudio/v5/developer/toolchains/gnu_arm/12.2.rel1_2023.7/bin/../lib/gcc/arm-none-eabi/12.2.1/thumb/v8-m.main+fp/hard\libc_nano.a(libc_a-closer.o)
                0x08006b14                _close_r
 .text._lseek_r
                0x08006b34       0x24 c:/siliconlabs/simplicitystudio/v5/developer/toolchains/gnu_arm/12.2.rel1_2023.7/bin/../lib/gcc/arm-none-eabi/12.2.1/thumb/v8-m.main+fp/hard\libc_nano.a(libc_a-lseekr.o)
                0x08006b34                _lseek_r
 .text._read_r  0x08006b58       0x24 c:/siliconlabs/simplicitystudio/v5/developer/toolchains/gnu_arm/12.2.rel1_2023.7/bin/../lib/gcc/arm-none-eabi/12.2.1/thumb/v8-m.main+fp/hard\libc_nano.a(libc_a-readr.o)
                0x08006b58                _read_r
 .text._write_r
                0x08006b7c       0x24 c:/siliconlabs/simplicitystudio/v5/developer/toolchains/gnu_arm/12.2.rel1_2023.7/bin/../lib/gcc/arm-none-eabi/12.2.1/thumb/v8-m.main+fp/hard\libc_nano.a(libc_a-writer.o)
                0x08006b7c                _write_r
 .text.__libc_init_array
                0x08006ba0       0x48 c:/siliconlabs/simplicitystudio/v5/developer/toolchains/gnu_arm/12.2.rel1_2023.7/bin/../lib/gcc/arm-none-eabi/12.2.1/thumb/v8-m.main+fp/hard\libc_nano.a(libc_a-init.o)
                0x08006ba0                __libc_init_array
 .text._free_r  0x08006be8       0x94 c:/siliconlabs/simplicitystudio/v5/developer/toolchains/gnu_arm/12.2.rel1_2023.7/bin/../lib/gcc/arm-none-eabi/12.2.1/thumb/v8-m.main+fp/hard\libc_nano.a(libc_a-freer.o)
                0x08006be8                _free_r
 .text.malloc   0x08006c7c       0x10 c:/siliconlabs/simplicitystudio/v5/developer/toolchains/gnu_arm/12.2.rel1_2023.7/bin/../lib/gcc/arm-none-eabi/12.2.1/thumb/v8-m.main+fp/hard\libc_nano.a(libc_a-malloc.o)
                0x08006c7c                malloc
 .text.sbrk_aligned
                0x08006c8c       0x44 c:/siliconlabs/simplicitystudio/v5/developer/toolchains/gnu_arm/12.2.rel1_2023.7/bin/../lib/gcc/arm-none-eabi/12.2.1/thumb/v8-m.main+fp/hard\libc_nano.a(libc_a-mallocr.o)
 .text._malloc_r
                0x08006cd0       0xf0 c:/siliconlabs/simplicitystudio/v5/developer/toolchains/gnu_arm/12.2.rel1_2023.7/bin/../lib/gcc/arm-none-eabi/12.2.1/thumb/v8-m.main+fp/hard\libc_nano.a(libc_a-mallocr.o)
                0x08006cd0                _malloc_r
 .text.__malloc_lock
                0x08006dc0        0xc c:/siliconlabs/simplicitystudio/v5/developer/toolchains/gnu_arm/12.2.rel1_2023.7/bin/../lib/gcc/arm-none-eabi/12.2.1/thumb/v8-m.main+fp/hard\libc_nano.a(libc_a-mlock.o)
                0x08006dc0                __malloc_lock
 .text.__malloc_unlock
                0x08006dcc        0xc c:/siliconlabs/simplicitystudio/v5/developer/toolchains/gnu_arm/12.2.rel1_2023.7/bin/../lib/gcc/arm-none-eabi/12.2.1/thumb/v8-m.main+fp/hard\libc_nano.a(libc_a-mlock.o)
                0x08006dcc                __malloc_unlock
 .text._Balloc  0x08006dd8       0x80 c:/siliconlabs/simplicitystudio/v5/developer/toolchains/gnu_arm/12.2.rel1_2023.7/bin/../lib/gcc/arm-none-eabi/12.2.1/thumb/v8-m.main+fp/hard\libc_nano.a(libc_a-mprec.o)
                0x08006dd8                _Balloc
 .text._Bfree   0x08006e58       0x44 c:/siliconlabs/simplicitystudio/v5/developer/toolchains/gnu_arm/12.2.rel1_2023.7/bin/../lib/gcc/arm-none-eabi/12.2.1/thumb/v8-m.main+fp/hard\libc_nano.a(libc_a-mprec.o)
                0x08006e58                _Bfree
 .text.__multadd
                0x08006e9c       0x90 c:/siliconlabs/simplicitystudio/v5/developer/toolchains/gnu_arm/12.2.rel1_2023.7/bin/../lib/gcc/arm-none-eabi/12.2.1/thumb/v8-m.main+fp/hard\libc_nano.a(libc_a-mprec.o)
                0x08006e9c                __multadd
 .text.__i2b    0x08006f2c       0x2c c:/siliconlabs/simplicitystudio/v5/developer/toolchains/gnu_arm/12.2.rel1_2023.7/bin/../lib/gcc/arm-none-eabi/12.2.1/thumb/v8-m.main+fp/hard\libc_nano.a(libc_a-mprec.o)
                0x08006f2c                __i2b
 .text.__multiply
                0x08006f58      0x154 c:/siliconlabs/simplicitystudio/v5/developer/toolchains/gnu_arm/12.2.rel1_2023.7/bin/../lib/gcc/arm-none-eabi/12.2.1/thumb/v8-m.main+fp/hard\libc_nano.a(libc_a-mprec.o)
                0x08006f58                __multiply
 .text.__pow5mult
                0x080070ac       0xb4 c:/siliconlabs/simplicitystudio/v5/developer/toolchains/gnu_arm/12.2.rel1_2023.7/bin/../lib/gcc/arm-none-eabi/12.2.1/thumb/v8-m.main+fp/hard\libc_nano.a(libc_a-mprec.o)
                0x080070ac                __pow5mult
 .text.__lshift
                0x08007160       0xd8 c:/siliconlabs/simplicitystudio/v5/developer/toolchains/gnu_arm/12.2.rel1_2023.7/bin/../lib/gcc/arm-none-eabi/12.2.1/thumb/v8-m.main+fp/hard\libc_nano.a(libc_a-mprec.o)
                0x08007160                __lshift
 .text.__mdiff  0x08007238      0x130 c:/siliconlabs/simplicitystudio/v5/developer/toolchains/gnu_arm/12.2.rel1_2023.7/bin/../lib/gcc/arm-none-eabi/12.2.1/thumb/v8-m.main+fp/hard\libc_nano.a(libc_a-mprec.o)
                0x08007238                __mdiff
 .text.__d2b    0x08007368       0xb0 c:/siliconlabs/simplicitystudio/v5/developer/toolchains/gnu_arm/12.2.rel1_2023.7/bin/../lib/gcc/arm-none-eabi/12.2.1/thumb/v8-m.main+fp/hard\libc_nano.a(libc_a-mprec.o)
                0x08007368                __d2b
 .text._vfprintf_r
                0x08007418      0x230 c:/siliconlabs/simplicitystudio/v5/developer/toolchains/gnu_arm/12.2.rel1_2023.7/bin/../lib/gcc/arm-none-eabi/12.2.1/thumb/v8-m.main+fp/hard\libc_nano.a(libc_a-nano-vfprintf.o)
                0x08007418                _vfprintf_r
                0x08007418                _vfiprintf_r
 .text._fstat_r
                0x08007648       0x24 c:/siliconlabs/simplicitystudio/v5/developer/toolchains/gnu_arm/12.2.rel1_2023.7/bin/../lib/gcc/arm-none-eabi/12.2.1/thumb/v8-m.main+fp/hard\libc_nano.a(libc_a-fstatr.o)
                0x08007648                _fstat_r
 .text._isatty_r
                0x0800766c       0x20 c:/siliconlabs/simplicitystudio/v5/developer/toolchains/gnu_arm/12.2.rel1_2023.7/bin/../lib/gcc/arm-none-eabi/12.2.1/thumb/v8-m.main+fp/hard\libc_nano.a(libc_a-isattyr.o)
                0x0800766c                _isatty_r
 .text._sbrk_r  0x0800768c       0x20 c:/siliconlabs/simplicitystudio/v5/developer/toolchains/gnu_arm/12.2.rel1_2023.7/bin/../lib/gcc/arm-none-eabi/12.2.1/thumb/v8-m.main+fp/hard\libc_nano.a(libc_a-sbrkr.o)
                0x0800768c                _sbrk_r
 .text.__assert_func
                0x080076ac       0x3c c:/siliconlabs/simplicitystudio/v5/developer/toolchains/gnu_arm/12.2.rel1_2023.7/bin/../lib/gcc/arm-none-eabi/12.2.1/thumb/v8-m.main+fp/hard\libc_nano.a(libc_a-assert.o)
                0x080076ac                __assert_func
 .text.fprintf  0x080076e8       0x24 c:/siliconlabs/simplicitystudio/v5/developer/toolchains/gnu_arm/12.2.rel1_2023.7/bin/../lib/gcc/arm-none-eabi/12.2.1/thumb/v8-m.main+fp/hard\libc_nano.a(libc_a-fprintf.o)
                0x080076e8                fiprintf
                0x080076e8                fprintf
 .text.raise    0x0800770c       0x10 c:/siliconlabs/simplicitystudio/v5/developer/toolchains/gnu_arm/12.2.rel1_2023.7/bin/../lib/gcc/arm-none-eabi/12.2.1/thumb/v8-m.main+fp/hard\libc_nano.a(libc_a-signal.o)
                0x0800770c                raise
 .text._kill_r  0x0800771c       0x24 c:/siliconlabs/simplicitystudio/v5/developer/toolchains/gnu_arm/12.2.rel1_2023.7/bin/../lib/gcc/arm-none-eabi/12.2.1/thumb/v8-m.main+fp/hard\libc_nano.a(libc_a-signalr.o)
                0x0800771c                _kill_r
 .text          0x08007740      0x424 c:/siliconlabs/simplicitystudio/v5/developer/toolchains/gnu_arm/12.2.rel1_2023.7/bin/../lib/gcc/arm-none-eabi/12.2.1/thumb/v8-m.main+fp/hard\libgcc.a(_arm_muldivdf3.o)
                0x08007740                __aeabi_dmul
                0x08007740                __muldf3
                0x08007994                __divdf3
                0x08007994                __aeabi_ddiv
 .text          0x08007b64      0x110 c:/siliconlabs/simplicitystudio/v5/developer/toolchains/gnu_arm/12.2.rel1_2023.7/bin/../lib/gcc/arm-none-eabi/12.2.1/thumb/v8-m.main+fp/hard\libgcc.a(_arm_cmpdf2.o)
                0x08007b64                __gtdf2
                0x08007b64                __gedf2
                0x08007b6c                __ltdf2
                0x08007b6c                __ledf2
                0x08007b74                __nedf2
                0x08007b74                __eqdf2
                0x08007b74                __cmpdf2
                0x08007bf0                __aeabi_cdrcmple
                0x08007c00                __aeabi_cdcmpeq
                0x08007c00                __aeabi_cdcmple
                0x08007c10                __aeabi_dcmpeq
                0x08007c24                __aeabi_dcmplt
                0x08007c38                __aeabi_dcmple
                0x08007c4c                __aeabi_dcmpge
                0x08007c60                __aeabi_dcmpgt
 .text          0x08007c74       0x2c c:/siliconlabs/simplicitystudio/v5/developer/toolchains/gnu_arm/12.2.rel1_2023.7/bin/../lib/gcc/arm-none-eabi/12.2.1/thumb/v8-m.main+fp/hard\libgcc.a(_arm_unorddf2.o)
                0x08007c74                __unorddf2
                0x08007c74                __aeabi_dcmpun
 .text          0x08007ca0       0x50 c:/siliconlabs/simplicitystudio/v5/developer/toolchains/gnu_arm/12.2.rel1_2023.7/bin/../lib/gcc/arm-none-eabi/12.2.1/thumb/v8-m.main+fp/hard\libgcc.a(_arm_fixdfsi.o)
                0x08007ca0                __aeabi_d2iz
                0x08007ca0                __fixdfsi
 .text.as_process_action
                0x08007cf0       0x1c ./as.o
                0x08007cf0                as_process_action
 .text.startup.main
                0x08007d0c       0x14 ./main.o
                0x08007d0c                main
 .text.mpl_process_action
                0x08007d20        0xe ./mpl.o
                0x08007d20                mpl_process_action
 .text.decode_rh
                0x08007d2e       0x16 ./si.o
                0x08007d2e                decode_rh
 .text.sl_board_default_init
                0x08007d44        0x4 ./autogen/sl_board_default_init.o
                0x08007d44                sl_board_default_init
 .text.sl_platform_init
                0x08007d48       0x26 ./autogen/sl_event_handler.o
                0x08007d48                sl_platform_init
 .text.sl_driver_init
                0x08007d6e       0x16 ./autogen/sl_event_handler.o
                0x08007d6e                sl_driver_init
 .text.sl_service_init
                0x08007d84       0x16 ./autogen/sl_event_handler.o
                0x08007d84                sl_service_init
 .text.sl_stack_init
                0x08007d9a        0x2 ./autogen/sl_event_handler.o
                0x08007d9a                sl_stack_init
 .text.sl_internal_app_init
                0x08007d9c        0x2 ./autogen/sl_event_handler.o
                0x08007d9c                sl_internal_app_init
 .text.sl_platform_process_action
                0x08007d9e        0x2 ./autogen/sl_event_handler.o
                0x08007d9e                sl_platform_process_action
 .text.sl_service_process_action
                0x08007da0        0x2 ./autogen/sl_event_handler.o
                0x08007da0                sl_service_process_action
 .text.sl_stack_process_action
                0x08007da2        0x2 ./autogen/sl_event_handler.o
                0x08007da2                sl_stack_process_action
 .text.sl_internal_app_process_action
                0x08007da4        0x2 ./autogen/sl_event_handler.o
                0x08007da4                sl_internal_app_process_action
 .text.sl_iostream_eusart_init_instances
                0x08007da6        0x4 ./autogen/sl_iostream_init_eusart_instances.o
                0x08007da6                sl_iostream_eusart_init_instances
 .text.EUSART0_TX_IRQHandler
                0x08007daa        0x4 ./autogen/sl_iostream_init_eusart_instances.o
                0x08007daa                EUSART0_TX_IRQHandler
 .text.sl_board_enable_vcom
                0x08007dae       0x12 ./gecko_sdk_4.4.1/hardware/board/src/sl_board_control_gpio.o
                0x08007dae                sl_board_enable_vcom
 .text.sl_board_configure_vcom
                0x08007dc0        0x4 ./gecko_sdk_4.4.1/hardware/board/src/sl_board_control_gpio.o
                0x08007dc0                sl_board_configure_vcom
 .text.sl_board_disable_vcom
                0x08007dc4       0x12 ./gecko_sdk_4.4.1/hardware/board/src/sl_board_control_gpio.o
                0x08007dc4                sl_board_disable_vcom
 .text.sl_board_init
                0x08007dd6       0x1c ./gecko_sdk_4.4.1/hardware/board/src/sl_board_init.o
                0x08007dd6                sl_board_init
 .text.sl_board_preinit
                0x08007df2        0x8 ./gecko_sdk_4.4.1/hardware/board/src/sl_board_init.o
                0x08007df2                sl_board_preinit
 .text.sli_cos_swo_itm_8_write.constprop.0.isra.0
                0x08007dfa       0x78 ./gecko_sdk_4.4.1/hardware/driver/configuration_over_swo/src/sl_cos.o
 .text.sl_cos_send_config
                0x08007e72       0x12 ./gecko_sdk_4.4.1/hardware/driver/configuration_over_swo/src/sl_cos.o
                0x08007e72                sl_cos_send_config
 .text.sl_cos_config_vcom
                0x08007e84       0x1e ./gecko_sdk_4.4.1/hardware/driver/configuration_over_swo/src/sl_cos.o
                0x08007e84                sl_cos_config_vcom
 .text.Default_Handler
                0x08007ea2        0x2 ./gecko_sdk_4.4.1/platform/Device/SiliconLabs/EFR32MG24/Source/startup_efr32mg24.o
                0x08007ea2                ULFRCO_IRQHandler
                0x08007ea2                AHB2AHB1_IRQHandler
                0x08007ea2                SW2_IRQHandler
                0x08007ea2                TIMER2_IRQHandler
                0x08007ea2                DebugMon_Handler
                0x08007ea2                USART0_TX_IRQHandler
                0x08007ea2                IADC_IRQHandler
                0x08007ea2                I2C0_IRQHandler
                0x08007ea2                LFXO_IRQHandler
                0x08007ea2                HardFault_Handler
                0x08007ea2                SMU_SECURE_IRQHandler
                0x08007ea2                SysTick_Handler
                0x08007ea2                SYSRTC_SEQ_IRQHandler
                0x08007ea2                EMUEFP_IRQHandler
                0x08007ea2                PendSV_Handler
                0x08007ea2                NMI_Handler
                0x08007ea2                SYNTH_IRQHandler
                0x08007ea2                HOSTMAILBOX_IRQHandler
                0x08007ea2                HFXO0_IRQHandler
                0x08007ea2                I2C1_IRQHandler
                0x08007ea2                WDOG0_IRQHandler
                0x08007ea2                TIMER3_IRQHandler
                0x08007ea2                SYSCFG_IRQHandler
                0x08007ea2                RFECA1_IRQHandler
                0x08007ea2                EMUDG_IRQHandler
                0x08007ea2                MSC_IRQHandler
                0x08007ea2                DPLL0_IRQHandler
                0x08007ea2                UsageFault_Handler
                0x08007ea2                WDOG1_IRQHandler
                0x08007ea2                M33CTI1_IRQHandler
                0x08007ea2                TIMER4_IRQHandler
                0x08007ea2                GPIO_EVEN_IRQHandler
                0x08007ea2                VDAC0_IRQHandler
                0x08007ea2                SEMBTX_IRQHandler
                0x08007ea2                SW0_IRQHandler
                0x08007ea2                TIMER0_IRQHandler
                0x08007ea2                MVP_IRQHandler
                0x08007ea2                LETIMER0_IRQHandler
                0x08007ea2                EUSART1_RX_IRQHandler
                0x08007ea2                TIMER1_IRQHandler
                0x08007ea2                HFRCO0_IRQHandler
                0x08007ea2                SecureFault_Handler
                0x08007ea2                BUFC_IRQHandler
                0x08007ea2                DCDC_IRQHandler
                0x08007ea2                MODEM_IRQHandler
                0x08007ea2                Default_Handler
                0x08007ea2                RAC_SEQ_IRQHandler
                0x08007ea2                FRC_PRI_IRQHandler
                0x08007ea2                EMU_IRQHandler
                0x08007ea2                SW3_IRQHandler
                0x08007ea2                KERNEL0_IRQHandler
                0x08007ea2                FRC_IRQHandler
                0x08007ea2                PCNT0_IRQHandler
                0x08007ea2                KERNEL1_IRQHandler
                0x08007ea2                AGC_IRQHandler
                0x08007ea2                EUSART1_TX_IRQHandler
                0x08007ea2                KEYSCAN_IRQHandler
                0x08007ea2                sl_app_properties
                0x08007ea2                HFRCOEM23_IRQHandler
                0x08007ea2                BURTC_IRQHandler
                0x08007ea2                SEMBRX_IRQHandler
                0x08007ea2                RFECA0_IRQHandler
                0x08007ea2                LFRCO_IRQHandler
                0x08007ea2                VDAC1_IRQHandler
                0x08007ea2                ACMP0_IRQHandler
                0x08007ea2                USART0_RX_IRQHandler
                0x08007ea2                MemManage_Handler
                0x08007ea2                AHB2AHB0_IRQHandler
                0x08007ea2                SVC_Handler
                0x08007ea2                SMU_S_PRIVILEGED_IRQHandler
                0x08007ea2                SW1_IRQHandler
                0x08007ea2                CMU_IRQHandler
                0x08007ea2                RAC_RSM_IRQHandler
                0x08007ea2                SETAMPERHOST_IRQHandler
                0x08007ea2                GPIO_ODD_IRQHandler
                0x08007ea2                AES_IRQHandler
                0x08007ea2                M33CTI0_IRQHandler
                0x08007ea2                ICACHE0_IRQHandler
                0x08007ea2                SMU_NS_PRIVILEGED_IRQHandler
                0x08007ea2                FPUEXH_IRQHandler
                0x08007ea2                PROTIMER_IRQHandler
                0x08007ea2                ACMP1_IRQHandler
                0x08007ea2                BusFault_Handler
                0x08007ea2                MPAHBRAM_IRQHandler
 .text.FlashToRamCopy
                0x08007ea4       0x16 ./gecko_sdk_4.4.1/platform/Device/SiliconLabs/EFR32MG24/Source/system_efr32mg24.o
                0x08007ea4                FlashToRamCopy
 .text.SystemCLKIN0Get
                0x08007eba        0x4 ./gecko_sdk_4.4.1/platform/Device/SiliconLabs/EFR32MG24/Source/system_efr32mg24.o
                0x08007eba                SystemCLKIN0Get
 .text.SystemLFRCOClockGet
                0x08007ebe        0x6 ./gecko_sdk_4.4.1/platform/Device/SiliconLabs/EFR32MG24/Source/system_efr32mg24.o
                0x08007ebe                SystemLFRCOClockGet
 .text.SystemULFRCOClockGet
                0x08007ec4        0x6 ./gecko_sdk_4.4.1/platform/Device/SiliconLabs/EFR32MG24/Source/system_efr32mg24.o
                0x08007ec4                SystemULFRCOClockGet
 .text.assertEFM
                0x08007eca        0x2 ./gecko_sdk_4.4.1/platform/common/src/sl_assert.o
                0x08007eca                assertEFM
 .text.sl_debug_swo_enable_itm
                0x08007ecc       0x16 ./gecko_sdk_4.4.1/platform/driver/debug/src/sl_debug_swo.o
                0x08007ecc                sl_debug_swo_enable_itm
 .text.sl_debug_swo_disable_itm
                0x08007ee2       0x18 ./gecko_sdk_4.4.1/platform/driver/debug/src/sl_debug_swo.o
                0x08007ee2                sl_debug_swo_disable_itm
 .text.sl_led_init
                0x08007efa        0x6 ./gecko_sdk_4.4.1/platform/driver/leddrv/src/sl_led.o
                0x08007efa                sl_led_init
 .text.sl_simple_led_init
                0x08007f00       0x22 ./gecko_sdk_4.4.1/platform/driver/leddrv/src/sl_simple_led.o
                0x08007f00                sl_simple_led_init
 .text.sl_simple_led_turn_on
                0x08007f22       0x12 ./gecko_sdk_4.4.1/platform/driver/leddrv/src/sl_simple_led.o
                0x08007f22                sl_simple_led_turn_on
 .text.sl_simple_led_turn_off
                0x08007f34       0x12 ./gecko_sdk_4.4.1/platform/driver/leddrv/src/sl_simple_led.o
                0x08007f34                sl_simple_led_turn_off
 .text.DMADRV_PeripheralMemory
                0x08007f46       0x34 ./gecko_sdk_4.4.1/platform/emdrv/dmadrv/src/dmadrv.o
                0x08007f46                DMADRV_PeripheralMemory
 .text.BUS_RegMaskedWrite
                0x08007f7a       0x1e ./gecko_sdk_4.4.1/platform/emlib/src/em_cmu.o
 .text.waitStateMax
                0x08007f98       0x10 ./gecko_sdk_4.4.1/platform/emlib/src/em_cmu.o
 .text.CMU_UpdateWaitStates
                0x08007fa8        0xc ./gecko_sdk_4.4.1/platform/emlib/src/em_cmu.o
                0x08007fa8                CMU_UpdateWaitStates
 .text.pclkDivMax
                0x08007fb4        0xa ./gecko_sdk_4.4.1/platform/emlib/src/em_cmu.o
 .text.sli_em_cmu_SYSCLKInitPostClockSelect
                0x08007fbe       0x2a ./gecko_sdk_4.4.1/platform/emlib/src/em_cmu.o
                0x08007fbe                sli_em_cmu_SYSCLKInitPostClockSelect
 .text.CORE_EnterCritical
                0x08007fe8        0x8 ./gecko_sdk_4.4.1/platform/emlib/src/em_core.o
                0x08007fe8                CORE_EnterCritical
 .text.CORE_ExitCritical
                0x08007ff0        0x6 ./gecko_sdk_4.4.1/platform/emlib/src/em_core.o
                0x08007ff0                CORE_ExitCritical
 .text.CORE_EnterAtomic
                0x08007ff6        0xc ./gecko_sdk_4.4.1/platform/emlib/src/em_core.o
                0x08007ff6                CORE_EnterAtomic
 .text.CORE_ExitAtomic
                0x08008002        0x6 ./gecko_sdk_4.4.1/platform/emlib/src/em_core.o
                0x08008002                CORE_ExitAtomic
 .text.EMU_EFPEM01VScale
                0x08008008        0x2 ./gecko_sdk_4.4.1/platform/emlib/src/em_emu.o
                0x08008008                EMU_EFPEM01VScale
 .text.EMU_DCDCUpdatedHook
                0x0800800a        0x2 ./gecko_sdk_4.4.1/platform/emlib/src/em_emu.o
                0x0800800a                EMU_DCDCUpdatedHook
 .text.eusart_sync
                0x0800800c        0x8 ./gecko_sdk_4.4.1/platform/emlib/src/em_eusart.o
 .text.EUSART_Disable
                0x08008014       0x34 ./gecko_sdk_4.4.1/platform/emlib/src/em_eusart.o
 .text.EUSART_Tx
                0x08008048        0xa ./gecko_sdk_4.4.1/platform/emlib/src/em_eusart.o
                0x08008048                EUSART_Tx
 .text.BUS_RegMaskedWrite
                0x08008052       0x1e ./gecko_sdk_4.4.1/platform/emlib/src/em_gpio.o
 .text.GPIO_DbgLocationSet
                0x08008070        0x2 ./gecko_sdk_4.4.1/platform/emlib/src/em_gpio.o
                0x08008070                GPIO_DbgLocationSet
 .text.USART_SpiTransfer
                0x08008072       0x14 ./gecko_sdk_4.4.1/platform/emlib/src/em_usart.o
                0x08008072                USART_SpiTransfer
 .text.sl_iostream_write
                0x08008086       0x22 ./gecko_sdk_4.4.1/platform/service/iostream/src/sl_iostream.o
                0x08008086                sl_iostream_write
 .text.sl_iostream_read
                0x080080a8       0x30 ./gecko_sdk_4.4.1/platform/service/iostream/src/sl_iostream.o
                0x080080a8                sl_iostream_read
 .text.eusart_deinit
                0x080080d8       0x70 ./gecko_sdk_4.4.1/platform/service/iostream/src/sl_iostream_eusart.o
 .text.eusart_set_next_byte_detect
                0x08008148       0x30 ./gecko_sdk_4.4.1/platform/service/iostream/src/sl_iostream_eusart.o
 .text.eusart_tx
                0x08008178        0xc ./gecko_sdk_4.4.1/platform/service/iostream/src/sl_iostream_eusart.o
 .text.sl_iostream_eusart_irq_handler
                0x08008184       0x72 ./gecko_sdk_4.4.1/platform/service/iostream/src/sl_iostream_eusart.o
                0x08008184                sl_iostream_eusart_irq_handler
 .text._close   0x080081f6        0x4 ./gecko_sdk_4.4.1/platform/service/iostream/src/sl_iostream_retarget_stdio.o
                0x080081f6                _close
 .text._exit    0x080081fa        0x2 ./gecko_sdk_4.4.1/platform/service/iostream/src/sl_iostream_retarget_stdio.o
                0x080081fa                _exit
 .text._fstat   0x080081fc        0xa ./gecko_sdk_4.4.1/platform/service/iostream/src/sl_iostream_retarget_stdio.o
                0x080081fc                _fstat
 .text._getpid  0x08008206        0x4 ./gecko_sdk_4.4.1/platform/service/iostream/src/sl_iostream_retarget_stdio.o
                0x08008206                _getpid
 .text._isatty  0x0800820a        0x4 ./gecko_sdk_4.4.1/platform/service/iostream/src/sl_iostream_retarget_stdio.o
                0x0800820a                _isatty
 .text._kill    0x0800820e        0x6 ./gecko_sdk_4.4.1/platform/service/iostream/src/sl_iostream_retarget_stdio.o
                0x0800820e                _kill
 .text._lseek   0x08008214        0x4 ./gecko_sdk_4.4.1/platform/service/iostream/src/sl_iostream_retarget_stdio.o
                0x08008214                _lseek
 .text._read    0x08008218       0x1c ./gecko_sdk_4.4.1/platform/service/iostream/src/sl_iostream_retarget_stdio.o
                0x08008218                _read
 .text.set_auto_cr_lf
                0x08008234        0x6 ./gecko_sdk_4.4.1/platform/service/iostream/src/sl_iostream_uart.o
 .text.get_auto_cr_lf
                0x0800823a        0x6 ./gecko_sdk_4.4.1/platform/service/iostream/src/sl_iostream_uart.o
 .text.delay_callback
                0x08008240        0x6 ./gecko_sdk_4.4.1/platform/service/sleeptimer/src/sl_sleeptimer.o
 .text.sl_sleeptimer_start_timer
                0x08008246       0x48 ./gecko_sdk_4.4.1/platform/service/sleeptimer/src/sl_sleeptimer.o
                0x08008246                sl_sleeptimer_start_timer
 .text.sl_sleeptimer_start_periodic_timer
                0x0800828e       0x4a ./gecko_sdk_4.4.1/platform/service/sleeptimer/src/sl_sleeptimer.o
                0x0800828e                sl_sleeptimer_start_periodic_timer
 .text.sleeptimer_hal_get_compare
                0x080082d8        0x8 ./gecko_sdk_4.4.1/platform/service/sleeptimer/src/sl_sleeptimer_hal_sysrtc.o
                0x080082d8                sleeptimer_hal_get_compare
 .text.sleeptimer_hal_enable_int
                0x080082e0       0x12 ./gecko_sdk_4.4.1/platform/service/sleeptimer/src/sl_sleeptimer_hal_sysrtc.o
                0x080082e0                sleeptimer_hal_enable_int
 .text.SYSRTC_APP_IRQHandler
                0x080082f2       0x34 ./gecko_sdk_4.4.1/platform/service/sleeptimer/src/sl_sleeptimer_hal_sysrtc.o
                0x080082f2                SYSRTC_APP_IRQHandler
 .text.sleeptimer_hal_get_timer_frequency
                0x08008326        0x6 ./gecko_sdk_4.4.1/platform/service/sleeptimer/src/sl_sleeptimer_hal_sysrtc.o
                0x08008326                sleeptimer_hal_get_timer_frequency
 .text.sl_system_init
                0x0800832c       0x1a ./gecko_sdk_4.4.1/platform/service/system/src/sl_system_init.o
                0x0800832c                sl_system_init
 .text.sl_system_process_action
                0x08008346       0x16 ./gecko_sdk_4.4.1/platform/service/system/src/sl_system_process_action.o
                0x08008346                sl_system_process_action
 .text.__cvt    0x0800835c       0xd0 c:/siliconlabs/simplicitystudio/v5/developer/toolchains/gnu_arm/12.2.rel1_2023.7/bin/../lib/gcc/arm-none-eabi/12.2.1/thumb/v8-m.main+fp/hard\libc_nano.a(libc_a-nano-vfprintf_float.o)
                0x0800835c                __cvt
 .text.__exponent
                0x0800842c       0x72 c:/siliconlabs/simplicitystudio/v5/developer/toolchains/gnu_arm/12.2.rel1_2023.7/bin/../lib/gcc/arm-none-eabi/12.2.1/thumb/v8-m.main+fp/hard\libc_nano.a(libc_a-nano-vfprintf_float.o)
                0x0800842c                __exponent
 .text._printf_common
                0x0800849e       0xe4 c:/siliconlabs/simplicitystudio/v5/developer/toolchains/gnu_arm/12.2.rel1_2023.7/bin/../lib/gcc/arm-none-eabi/12.2.1/thumb/v8-m.main+fp/hard\libc_nano.a(libc_a-nano-vfprintf_i.o)
                0x0800849e                _printf_common
 .text._fwalk_sglue
                0x08008582       0x3c c:/siliconlabs/simplicitystudio/v5/developer/toolchains/gnu_arm/12.2.rel1_2023.7/bin/../lib/gcc/arm-none-eabi/12.2.1/thumb/v8-m.main+fp/hard\libc_nano.a(libc_a-fwalk.o)
                0x08008582                _fwalk_sglue
 .text._puts_r  0x080085be       0xaa c:/siliconlabs/simplicitystudio/v5/developer/toolchains/gnu_arm/12.2.rel1_2023.7/bin/../lib/gcc/arm-none-eabi/12.2.1/thumb/v8-m.main+fp/hard\libc_nano.a(libc_a-puts.o)
                0x080085be                _puts_r
 .text.__sread  0x08008668       0x22 c:/siliconlabs/simplicitystudio/v5/developer/toolchains/gnu_arm/12.2.rel1_2023.7/bin/../lib/gcc/arm-none-eabi/12.2.1/thumb/v8-m.main+fp/hard\libc_nano.a(libc_a-stdio.o)
                0x08008668                __sread
 .text.__swrite
                0x0800868a       0x38 c:/siliconlabs/simplicitystudio/v5/developer/toolchains/gnu_arm/12.2.rel1_2023.7/bin/../lib/gcc/arm-none-eabi/12.2.1/thumb/v8-m.main+fp/hard\libc_nano.a(libc_a-stdio.o)
                0x0800868a                __swrite
 .text.__sseek  0x080086c2       0x24 c:/siliconlabs/simplicitystudio/v5/developer/toolchains/gnu_arm/12.2.rel1_2023.7/bin/../lib/gcc/arm-none-eabi/12.2.1/thumb/v8-m.main+fp/hard\libc_nano.a(libc_a-stdio.o)
                0x080086c2                __sseek
 .text.__sclose
                0x080086e6        0x8 c:/siliconlabs/simplicitystudio/v5/developer/toolchains/gnu_arm/12.2.rel1_2023.7/bin/../lib/gcc/arm-none-eabi/12.2.1/thumb/v8-m.main+fp/hard\libc_nano.a(libc_a-stdio.o)
                0x080086e6                __sclose
 .text.__swbuf_r
                0x080086ee       0x7c c:/siliconlabs/simplicitystudio/v5/developer/toolchains/gnu_arm/12.2.rel1_2023.7/bin/../lib/gcc/arm-none-eabi/12.2.1/thumb/v8-m.main+fp/hard\libc_nano.a(libc_a-wbuf.o)
                0x080086ee                __swbuf_r
 .text.memset   0x0800876a       0x10 c:/siliconlabs/simplicitystudio/v5/developer/toolchains/gnu_arm/12.2.rel1_2023.7/bin/../lib/gcc/arm-none-eabi/12.2.1/thumb/v8-m.main+fp/hard\libc_nano.a(libc_a-memset.o)
                0x0800876a                memset
 .text.__retarget_lock_init_recursive
                0x0800877a        0x2 c:/siliconlabs/simplicitystudio/v5/developer/toolchains/gnu_arm/12.2.rel1_2023.7/bin/../lib/gcc/arm-none-eabi/12.2.1/thumb/v8-m.main+fp/hard\libc_nano.a(libc_a-lock.o)
                0x0800877a                __retarget_lock_init_recursive
 .text.__retarget_lock_acquire_recursive
                0x0800877c        0x2 c:/siliconlabs/simplicitystudio/v5/developer/toolchains/gnu_arm/12.2.rel1_2023.7/bin/../lib/gcc/arm-none-eabi/12.2.1/thumb/v8-m.main+fp/hard\libc_nano.a(libc_a-lock.o)
                0x0800877c                __retarget_lock_acquire_recursive
 .text.__retarget_lock_release_recursive
                0x0800877e        0x2 c:/siliconlabs/simplicitystudio/v5/developer/toolchains/gnu_arm/12.2.rel1_2023.7/bin/../lib/gcc/arm-none-eabi/12.2.1/thumb/v8-m.main+fp/hard\libc_nano.a(libc_a-lock.o)
                0x0800877e                __retarget_lock_release_recursive
 .text.memchr   0x08008780       0x1c c:/siliconlabs/simplicitystudio/v5/developer/toolchains/gnu_arm/12.2.rel1_2023.7/bin/../lib/gcc/arm-none-eabi/12.2.1/thumb/v8-m.main+fp/hard\libc_nano.a(libc_a-memchr-stub.o)
                0x08008780                memchr
 .text.memcpy   0x0800879c       0x1a c:/siliconlabs/simplicitystudio/v5/developer/toolchains/gnu_arm/12.2.rel1_2023.7/bin/../lib/gcc/arm-none-eabi/12.2.1/thumb/v8-m.main+fp/hard\libc_nano.a(libc_a-memcpy-stub.o)
                0x0800879c                memcpy
 .text          0x080087b6       0x10 c:/siliconlabs/simplicitystudio/v5/developer/toolchains/gnu_arm/12.2.rel1_2023.7/bin/../lib/gcc/arm-none-eabi/12.2.1/thumb/v8-m.main+fp/hard\libc_nano.a(libc_a-strlen.o)
                0x080087b6                strlen
 .text.quorem   0x080087c6      0x11a c:/siliconlabs/simplicitystudio/v5/developer/toolchains/gnu_arm/12.2.rel1_2023.7/bin/../lib/gcc/arm-none-eabi/12.2.1/thumb/v8-m.main+fp/hard\libc_nano.a(libc_a-dtoa.o)
 .text.__hi0bits
                0x080088e0       0x44 c:/siliconlabs/simplicitystudio/v5/developer/toolchains/gnu_arm/12.2.rel1_2023.7/bin/../lib/gcc/arm-none-eabi/12.2.1/thumb/v8-m.main+fp/hard\libc_nano.a(libc_a-mprec.o)
                0x080088e0                __hi0bits
 .text.__lo0bits
                0x08008924       0x5a c:/siliconlabs/simplicitystudio/v5/developer/toolchains/gnu_arm/12.2.rel1_2023.7/bin/../lib/gcc/arm-none-eabi/12.2.1/thumb/v8-m.main+fp/hard\libc_nano.a(libc_a-mprec.o)
                0x08008924                __lo0bits
 .text.__mcmp   0x0800897e       0x36 c:/siliconlabs/simplicitystudio/v5/developer/toolchains/gnu_arm/12.2.rel1_2023.7/bin/../lib/gcc/arm-none-eabi/12.2.1/thumb/v8-m.main+fp/hard\libc_nano.a(libc_a-mprec.o)
                0x0800897e                __mcmp
 .text.__sfputc_r
                0x080089b4       0x2e c:/siliconlabs/simplicitystudio/v5/developer/toolchains/gnu_arm/12.2.rel1_2023.7/bin/../lib/gcc/arm-none-eabi/12.2.1/thumb/v8-m.main+fp/hard\libc_nano.a(libc_a-nano-vfprintf.o)
 .text.__sfputs_r
                0x080089e2       0x24 c:/siliconlabs/simplicitystudio/v5/developer/toolchains/gnu_arm/12.2.rel1_2023.7/bin/../lib/gcc/arm-none-eabi/12.2.1/thumb/v8-m.main+fp/hard\libc_nano.a(libc_a-nano-vfprintf.o)
                0x080089e2                __sfputs_r
 .text.__sflush_r
                0x08008a06      0x106 c:/siliconlabs/simplicitystudio/v5/developer/toolchains/gnu_arm/12.2.rel1_2023.7/bin/../lib/gcc/arm-none-eabi/12.2.1/thumb/v8-m.main+fp/hard\libc_nano.a(libc_a-fflush.o)
                0x08008a06                __sflush_r
 .text._fflush_r
                0x08008b0c       0x50 c:/siliconlabs/simplicitystudio/v5/developer/toolchains/gnu_arm/12.2.rel1_2023.7/bin/../lib/gcc/arm-none-eabi/12.2.1/thumb/v8-m.main+fp/hard\libc_nano.a(libc_a-fflush.o)
                0x08008b0c                _fflush_r
 .text.__swhatbuf_r
                0x08008b5c       0x4a c:/siliconlabs/simplicitystudio/v5/developer/toolchains/gnu_arm/12.2.rel1_2023.7/bin/../lib/gcc/arm-none-eabi/12.2.1/thumb/v8-m.main+fp/hard\libc_nano.a(libc_a-makebuf.o)
                0x08008b5c                __swhatbuf_r
 .text.__smakebuf_r
                0x08008ba6       0x78 c:/siliconlabs/simplicitystudio/v5/developer/toolchains/gnu_arm/12.2.rel1_2023.7/bin/../lib/gcc/arm-none-eabi/12.2.1/thumb/v8-m.main+fp/hard\libc_nano.a(libc_a-makebuf.o)
                0x08008ba6                __smakebuf_r
 .text._putc_r  0x08008c1e       0x68 c:/siliconlabs/simplicitystudio/v5/developer/toolchains/gnu_arm/12.2.rel1_2023.7/bin/../lib/gcc/arm-none-eabi/12.2.1/thumb/v8-m.main+fp/hard\libc_nano.a(libc_a-putc.o)
                0x08008c1e                _putc_r
 .text._calloc_r
                0x08008c86       0x28 c:/siliconlabs/simplicitystudio/v5/developer/toolchains/gnu_arm/12.2.rel1_2023.7/bin/../lib/gcc/arm-none-eabi/12.2.1/thumb/v8-m.main+fp/hard\libc_nano.a(libc_a-callocr.o)
                0x08008c86                _calloc_r
 .text.__ascii_mbtowc
                0x08008cae       0x24 c:/siliconlabs/simplicitystudio/v5/developer/toolchains/gnu_arm/12.2.rel1_2023.7/bin/../lib/gcc/arm-none-eabi/12.2.1/thumb/v8-m.main+fp/hard\libc_nano.a(libc_a-mbtowc_r.o)
                0x08008cae                __ascii_mbtowc
 .text.__ascii_wctomb
                0x08008cd2       0x1a c:/siliconlabs/simplicitystudio/v5/developer/toolchains/gnu_arm/12.2.rel1_2023.7/bin/../lib/gcc/arm-none-eabi/12.2.1/thumb/v8-m.main+fp/hard\libc_nano.a(libc_a-wctomb_r.o)
                0x08008cd2                __ascii_wctomb
 .text.abort    0x08008cec        0xe c:/siliconlabs/simplicitystudio/v5/developer/toolchains/gnu_arm/12.2.rel1_2023.7/bin/../lib/gcc/arm-none-eabi/12.2.1/thumb/v8-m.main+fp/hard\libc_nano.a(libc_a-abort.o)
                0x08008cec                abort
 .text._raise_r
                0x08008cfa       0x50 c:/siliconlabs/simplicitystudio/v5/developer/toolchains/gnu_arm/12.2.rel1_2023.7/bin/../lib/gcc/arm-none-eabi/12.2.1/thumb/v8-m.main+fp/hard\libc_nano.a(libc_a-signal.o)
                0x08008cfa                _raise_r
 .text._getpid_r
                0x08008d4a        0x4 c:/siliconlabs/simplicitystudio/v5/developer/toolchains/gnu_arm/12.2.rel1_2023.7/bin/../lib/gcc/arm-none-eabi/12.2.1/thumb/v8-m.main+fp/hard\libc_nano.a(libc_a-signalr.o)
                0x08008d4a                _getpid_r
                0x08008d60                . = ALIGN (0x20)
 *fill*         0x08008d4e       0x12 
                0x08008d60                linker_code_end = .
 *(.init)
 .init          0x08008d60        0x4 c:/siliconlabs/simplicitystudio/v5/developer/toolchains/gnu_arm/12.2.rel1_2023.7/bin/../lib/gcc/arm-none-eabi/12.2.1/thumb/v8-m.main+fp/hard/crti.o
                0x08008d60                _init
 .init          0x08008d64        0x8 c:/siliconlabs/simplicitystudio/v5/developer/toolchains/gnu_arm/12.2.rel1_2023.7/bin/../lib/gcc/arm-none-eabi/12.2.1/thumb/v8-m.main+fp/hard/crtn.o
 *(.fini)
 .fini          0x08008d6c        0x4 c:/siliconlabs/simplicitystudio/v5/developer/toolchains/gnu_arm/12.2.rel1_2023.7/bin/../lib/gcc/arm-none-eabi/12.2.1/thumb/v8-m.main+fp/hard/crti.o
                0x08008d6c                _fini
 .fini          0x08008d70        0x8 c:/siliconlabs/simplicitystudio/v5/developer/toolchains/gnu_arm/12.2.rel1_2023.7/bin/../lib/gcc/arm-none-eabi/12.2.1/thumb/v8-m.main+fp/hard/crtn.o
 *crtbegin.o(.ctors)
 *crtbegin?.o(.ctors)
 *(EXCLUDE_FILE(*crtend.o *crtend?.o) .ctors)
 *(SORT_BY_NAME(.ctors.*))
 *(.ctors)
 *crtbegin.o(.dtors)
 *crtbegin?.o(.dtors)
 *(EXCLUDE_FILE(*crtend.o *crtend?.o) .dtors)
 *(SORT_BY_NAME(.dtors.*))
 *(.dtors)
                0x08008d78                __code_classification_validator_start__ = .
                0x08008d98                . = (. + 0x20)
 *fill*         0x08008d78       0x20 
 *(code_classification_validator)
                0x08008da0                . = ALIGN (0x20)
 *fill*         0x08008d98        0x8 
                0x08008da0                __code_classification_validator_end__ = .
 *(.rodata*)
 .rodata.app_init.str1.1
                0x08008da0      0x12e ./app.o
                                0x130 (size before relaxing)
 .rodata.AS7331_ChangeMode.str1.1
                0x08008ece        0x8 ./as.o
 .rodata.as_dev_id.str1.1
                0x08008ed6       0x21 ./as.o
 .rodata.as_init.str1.1
                0x08008ef7      0x106 ./as.o
 .rodata.as_report.str1.1
                0x08008ffd       0x74 ./as.o
 *fill*         0x08009071        0x3 
 .rodata.uvc_fsr
                0x08009074       0x30 ./as.o
                0x08009074                uvc_fsr
 .rodata.uvb_fsr
                0x080090a4       0x30 ./as.o
                0x080090a4                uvb_fsr
 .rodata.uva_fsr
                0x080090d4       0x30 ./as.o
                0x080090d4                uva_fsr
 .rodata.MPL3115A2_GetPressure.str1.1
                0x08009104        0x9 ./mpl.o
 .rodata.mpl_dev_id.str1.1
                0x0800910d        0xa ./mpl.o
                                 0x24 (size before relaxing)
 .rodata.mpl_init.str1.1
                0x08009117       0x58 ./mpl.o
 .rodata.mpl_report.str1.1
                0x0800916f       0x40 ./mpl.o
                                 0x4c (size before relaxing)
 .rodata.SI7021_measure.constprop.0.str1.1
                0x080091af        0x8 ./si.o
 .rodata.si_dev_id.str1.1
                0x080091b7        0x7 ./si.o
                                 0x21 (size before relaxing)
 .rodata.si_report.str1.1
                0x080091be       0x46 ./si.o
                                 0x52 (size before relaxing)
 .rodata.sl_iostream_eusart_init_vcom.str1.1
                0x08009204       0x2f ./autogen/sl_iostream_init_eusart_instances.o
 *fill*         0x08009233        0x1 
 .rodata        0x08009234       0x20 ./autogen/sl_iostream_init_eusart_instances.o
 .rodata.sl_led_led1
                0x08009254       0x18 ./autogen/sl_simple_led_instances.o
                0x08009254                sl_led_led1
 .rodata.sl_led_led0
                0x0800926c       0x18 ./autogen/sl_simple_led_instances.o
                0x0800926c                sl_led_led0
 .rodata.sl_board_enable_sensor.str1.1
                0x08009284       0x3e ./gecko_sdk_4.4.1/hardware/board/src/sl_board_control_gpio.o
 *fill*         0x080092c2        0x2 
 .rodata        0x080092c4       0x1c ./gecko_sdk_4.4.1/hardware/driver/mx25_flash_shutdown/src/sl_mx25_flash_shutdown_usart/sl_mx25_flash_shutdown.o
 .rodata.I2CSPM_Init.str1.1
                0x080092e0       0xa1 ./gecko_sdk_4.4.1/platform/driver/i2cspm/src/sl_i2cspm.o
 *fill*         0x08009381        0x1 
 .rodata.CSWTCH.10
                0x08009382        0x8 ./gecko_sdk_4.4.1/platform/driver/i2cspm/src/sl_i2cspm.o
 .rodata.GPIO_PinOutClear.str1.1
                0x0800938a       0x67 ./gecko_sdk_4.4.1/platform/driver/leddrv/src/sl_simple_led.o
 .rodata.CSWTCH.18
                0x0800938a        0x8 ./gecko_sdk_4.4.1/platform/driver/leddrv/src/sl_simple_led.o
 .rodata        0x08009392        0x4 ./gecko_sdk_4.4.1/platform/emdrv/dmadrv/src/dmadrv.o
 .rodata.HFRCODPLLDevinfoGet.str1.1
                0x08009396       0x2f ./gecko_sdk_4.4.1/platform/emlib/src/em_cmu.o
 .rodata.EMU_VScaleEM01.str1.1
                0x080093c5       0x2f ./gecko_sdk_4.4.1/platform/emlib/src/em_emu.o
 .rodata.EUSART_Enable.str1.1
                0x080093f4       0x32 ./gecko_sdk_4.4.1/platform/emlib/src/em_eusart.o
 .rodata.GPIO_PinOutSet.str1.1
                0x08009426       0x67 ./gecko_sdk_4.4.1/platform/emlib/src/em_gpio.o
 .rodata.GPIO_ExtIntConfig.str1.1
                0x08009426       0x30 ./gecko_sdk_4.4.1/platform/emlib/src/em_gpio.o
 .rodata.CSWTCH.31
                0x08009456        0x8 ./gecko_sdk_4.4.1/platform/emlib/src/em_gpio.o
 .rodata.I2C_BusFreqGet.str1.1
                0x0800945e       0x2f ./gecko_sdk_4.4.1/platform/emlib/src/em_i2c.o
 .rodata.i2cNSum
                0x0800948d        0x4 ./gecko_sdk_4.4.1/platform/emlib/src/em_i2c.o
 .rodata.LDMA_EnableChannelRequest.str1.1
                0x08009491       0x96 ./gecko_sdk_4.4.1/platform/emlib/src/em_ldma.o
 .rodata.USART_BaudrateAsyncSet.str1.1
                0x08009527       0x31 ./gecko_sdk_4.4.1/platform/emlib/src/em_usart.o
 .rodata.sl_hal_sysrtc_init_group.str1.1
                0x08009558       0x3f ./gecko_sdk_4.4.1/platform/peripheral/src/peripheral_sysrtc.o
 .rodata        0x08009597        0x7 ./gecko_sdk_4.4.1/platform/service/device_init/src/sl_device_init_dcdc_s2.o
 *fill*         0x0800959e        0x2 
 .rodata        0x080095a0       0x28 ./gecko_sdk_4.4.1/platform/service/device_init/src/sl_device_init_hfxo_s2.o
 .rodata        0x080095c8       0x14 ./gecko_sdk_4.4.1/platform/service/device_init/src/sl_device_init_lfxo_s2.o
 .rodata._write.str1.1
                0x080095dc       0x4e ./gecko_sdk_4.4.1/platform/service/iostream/src/sl_iostream_retarget_stdio.o
 .rodata.get_write_ptr.str1.1
                0x0800962a       0x44 ./gecko_sdk_4.4.1/platform/service/iostream/src/sl_iostream_uart.o
 .rodata.process_timer_irq.str1.1
                0x0800966e       0x43 ./gecko_sdk_4.4.1/platform/service/sleeptimer/src/sl_sleeptimer.o
 .rodata.sl_udelay_wait.str1.1
                0x080096b1       0x3b ./gecko_sdk_4.4.1/platform/service/udelay/src/sl_udelay.o
 .rodata._ctype_
                0x080096ec      0x101 c:/siliconlabs/simplicitystudio/v5/developer/toolchains/gnu_arm/12.2.rel1_2023.7/bin/../lib/gcc/arm-none-eabi/12.2.1/thumb/v8-m.main+fp/hard\libc_nano.a(libc_a-ctype_.o)
                0x080096ec                _ctype_
 .rodata._printf_float.str1.1
                0x080097ed       0x12 c:/siliconlabs/simplicitystudio/v5/developer/toolchains/gnu_arm/12.2.rel1_2023.7/bin/../lib/gcc/arm-none-eabi/12.2.1/thumb/v8-m.main+fp/hard\libc_nano.a(libc_a-nano-vfprintf_float.o)
 .rodata._printf_i.str1.1
                0x080097ff       0x22 c:/siliconlabs/simplicitystudio/v5/developer/toolchains/gnu_arm/12.2.rel1_2023.7/bin/../lib/gcc/arm-none-eabi/12.2.1/thumb/v8-m.main+fp/hard\libc_nano.a(libc_a-nano-vfprintf_i.o)
 .rodata._dtoa_r.str1.1
                0x08009821       0x8e c:/siliconlabs/simplicitystudio/v5/developer/toolchains/gnu_arm/12.2.rel1_2023.7/bin/../lib/gcc/arm-none-eabi/12.2.1/thumb/v8-m.main+fp/hard\libc_nano.a(libc_a-dtoa.o)
                                 0x90 (size before relaxing)
 .rodata._Balloc.str1.1
                0x080098af       0x5a c:/siliconlabs/simplicitystudio/v5/developer/toolchains/gnu_arm/12.2.rel1_2023.7/bin/../lib/gcc/arm-none-eabi/12.2.1/thumb/v8-m.main+fp/hard\libc_nano.a(libc_a-mprec.o)
                                 0x71 (size before relaxing)
 .rodata.__multadd.str1.1
                0x08009909       0x11 c:/siliconlabs/simplicitystudio/v5/developer/toolchains/gnu_arm/12.2.rel1_2023.7/bin/../lib/gcc/arm-none-eabi/12.2.1/thumb/v8-m.main+fp/hard\libc_nano.a(libc_a-mprec.o)
 *fill*         0x08009909        0x3 
 .rodata.p05.0  0x0800990c        0xc c:/siliconlabs/simplicitystudio/v5/developer/toolchains/gnu_arm/12.2.rel1_2023.7/bin/../lib/gcc/arm-none-eabi/12.2.1/thumb/v8-m.main+fp/hard\libc_nano.a(libc_a-mprec.o)
 .rodata.__mprec_bigtens
                0x08009918       0x28 c:/siliconlabs/simplicitystudio/v5/developer/toolchains/gnu_arm/12.2.rel1_2023.7/bin/../lib/gcc/arm-none-eabi/12.2.1/thumb/v8-m.main+fp/hard\libc_nano.a(libc_a-mprec.o)
                0x08009918                __mprec_bigtens
 .rodata.__mprec_tens
                0x08009940       0xc8 c:/siliconlabs/simplicitystudio/v5/developer/toolchains/gnu_arm/12.2.rel1_2023.7/bin/../lib/gcc/arm-none-eabi/12.2.1/thumb/v8-m.main+fp/hard\libc_nano.a(libc_a-mprec.o)
                0x08009940                __mprec_tens
 .rodata._vfprintf_r.str1.1
                0x08009a08       0x11 c:/siliconlabs/simplicitystudio/v5/developer/toolchains/gnu_arm/12.2.rel1_2023.7/bin/../lib/gcc/arm-none-eabi/12.2.1/thumb/v8-m.main+fp/hard\libc_nano.a(libc_a-nano-vfprintf.o)
 .rodata._setlocale_r.str1.1
                0x08009a19        0x8 c:/siliconlabs/simplicitystudio/v5/developer/toolchains/gnu_arm/12.2.rel1_2023.7/bin/../lib/gcc/arm-none-eabi/12.2.1/thumb/v8-m.main+fp/hard\libc_nano.a(libc_a-locale.o)
                                  0x9 (size before relaxing)
 .rodata.str1.1
                0x08009a21        0x2 c:/siliconlabs/simplicitystudio/v5/developer/toolchains/gnu_arm/12.2.rel1_2023.7/bin/../lib/gcc/arm-none-eabi/12.2.1/thumb/v8-m.main+fp/hard\libc_nano.a(libc_a-locale.o)
 .rodata.__assert_func.str1.1
                0x08009a23       0x3c c:/siliconlabs/simplicitystudio/v5/developer/toolchains/gnu_arm/12.2.rel1_2023.7/bin/../lib/gcc/arm-none-eabi/12.2.1/thumb/v8-m.main+fp/hard\libc_nano.a(libc_a-assert.o)
                                 0x3d (size before relaxing)
 *(.eh_frame*)
 *fill*         0x08009a5f        0x1 
 .eh_frame      0x08009a60        0x0 c:/siliconlabs/simplicitystudio/v5/developer/toolchains/gnu_arm/12.2.rel1_2023.7/bin/../lib/gcc/arm-none-eabi/12.2.1/thumb/v8-m.main+fp/hard/crtbegin.o

.glue_7         0x08009a60        0x0
 .glue_7        0x08009a60        0x0 linker stubs

.glue_7t        0x08009a60        0x0
 .glue_7t       0x08009a60        0x0 linker stubs

.vfp11_veneer   0x08009a60        0x0
 .vfp11_veneer  0x08009a60        0x0 linker stubs

.v4_bx          0x08009a60        0x0
 .v4_bx         0x08009a60        0x0 linker stubs

.iplt           0x08009a60        0x0
 .iplt          0x08009a60        0x0 c:/siliconlabs/simplicitystudio/v5/developer/toolchains/gnu_arm/12.2.rel1_2023.7/bin/../lib/gcc/arm-none-eabi/12.2.1/thumb/v8-m.main+fp/hard/crtbegin.o

.ARM.extab
 *(.ARM.extab* .gnu.linkonce.armextab.*)
                0x08009a60                __exidx_start = .

.ARM.exidx      0x08009a60        0x8
 *(.ARM.exidx* .gnu.linkonce.armexidx.*)
 .ARM.exidx     0x08009a60        0x8 c:/siliconlabs/simplicitystudio/v5/developer/toolchains/gnu_arm/12.2.rel1_2023.7/bin/../lib/gcc/arm-none-eabi/12.2.1/thumb/v8-m.main+fp/hard/crt0.o
                                 0x10 (size before relaxing)
 .ARM.exidx.text.__udivmoddi4
                0x08009a68        0x0 c:/siliconlabs/simplicitystudio/v5/developer/toolchains/gnu_arm/12.2.rel1_2023.7/bin/../lib/gcc/arm-none-eabi/12.2.1/thumb/v8-m.main+fp/hard\libgcc.a(_udivmoddi4.o)
                                  0x8 (size before relaxing)
                0x08009a68                __exidx_end = .

.rel.dyn        0x08009a68        0x0
 .rel.iplt      0x08009a68        0x0 c:/siliconlabs/simplicitystudio/v5/developer/toolchains/gnu_arm/12.2.rel1_2023.7/bin/../lib/gcc/arm-none-eabi/12.2.1/thumb/v8-m.main+fp/hard/crtbegin.o

.copy.table     0x08009a68        0xc
                0x08009a68                . = ALIGN (0x4)
                0x08009a68                __copy_table_start__ = .
                0x08009a68        0x4 LONG 0x8009a74 __etext
                0x08009a6c        0x4 LONG 0x20001000 __data_start__
                0x08009a70        0x4 LONG 0x82 ((__data_end__ - __data_start__) / 0x4)
                0x08009a74                __copy_table_end__ = .

.zero.table     0x08009a74        0x0
                0x08009a74                . = ALIGN (0x4)
                0x08009a74                __zero_table_start__ = .
                0x08009a74                __zero_table_end__ = .
                0x08009a74                __etext = .
                0x20000000                . = ORIGIN (RAM)

.stack          0x20000000     0x1000
                0x20000000                __StackLimit = .
 *(.stack*)
 .stack         0x20000000     0x1000 ./gecko_sdk_4.4.1/platform/common/toolchain/src/sl_memory.o
                0x20001000                . = ALIGN (0x4)
                0x20001000                __StackTop = .
                0x20001000                PROVIDE (__stack = __StackTop)

.noinit
 *(.noinit*)

.data           0x20001000      0x208 load address 0x08009a74
                0x20001000                . = ALIGN (0x4)
                0x20001000                __data_start__ = .
 *(vtable)
 *(SORT_BY_ALIGNMENT(.data*))
 .data.init_sensor
                0x20001000       0x14 ./autogen/sl_i2cspm_init.o
                0x20001000                init_sensor
 .data.sl_i2cspm_sensor
                0x20001014        0x4 ./autogen/sl_i2cspm_init.o
                0x20001014                sl_i2cspm_sensor
 .data.SystemCoreClock
                0x20001018        0x4 ./gecko_sdk_4.4.1/platform/Device/SiliconLabs/EFR32MG24/Source/system_efr32mg24.o
                0x20001018                SystemCoreClock
 .data.SystemHFRCODPLLClock
                0x2000101c        0x4 ./gecko_sdk_4.4.1/platform/Device/SiliconLabs/EFR32MG24/Source/system_efr32mg24.o
 .data.SystemLFXOClock
                0x20001020        0x4 ./gecko_sdk_4.4.1/platform/Device/SiliconLabs/EFR32MG24/Source/system_efr32mg24.o
 .data.SystemHFXOClock
                0x20001024        0x4 ./gecko_sdk_4.4.1/platform/Device/SiliconLabs/EFR32MG24/Source/system_efr32mg24.o
 .data.heap_end.0