Archive member included to satisfy reference by file (symbol)

c:/siliconlabs/simplicitystudio/v5/developer/toolchains/gnu_arm/12.2.rel1_2023.7/bin/../lib/gcc/arm-none-eabi/12.2.1/thumb/v8-m.main+fp/hard\libgcc.a(_arm_muldf3.o)
                              ./as.o (__aeabi_dmul)
c:/siliconlabs/simplicitystudio/v5/developer/toolchains/gnu_arm/12.2.rel1_2023.7/bin/../lib/gcc/arm-none-eabi/12.2.1/thumb/v8-m.main+fp/hard\libgcc.a(_arm_addsubdf3.o)
                              ./as.o (__aeabi_dsub)
c:/siliconlabs/simplicitystudio/v5/developer/toolchains/gnu_arm/12.2.rel1_2023.7/bin/../lib/gcc/arm-none-eabi/12.2.1/thumb/v8-m.main+fp/hard\libgcc.a(_arm_truncdfsf2.o)
                              ./as.o (__aeabi_d2f)
c:/siliconlabs/simplicitystudio/v5/developer/toolchains/gnu_arm/12.2.rel1_2023.7/bin/../lib/gcc/arm-none-eabi/12.2.1/thumb/v8-m.main+fp/hard\libgcc.a(_aeabi_ldivmod.o)
                              ./gecko_sdk_4.4.1/platform/emlib/src/em_eusart.o (__aeabi_ldivmod)
c:/siliconlabs/simplicitystudio/v5/developer/toolchains/gnu_arm/12.2.rel1_2023.7/bin/../lib/gcc/arm-none-eabi/12.2.1/thumb/v8-m.main+fp/hard\libgcc.a(_aeabi_uldivmod.o)
                              ./gecko_sdk_4.4.1/platform/emlib/src/em_eusart.o (__aeabi_uldivmod)
c:/siliconlabs/simplicitystudio/v5/developer/toolchains/gnu_arm/12.2.rel1_2023.7/bin/../lib/gcc/arm-none-eabi/12.2.1/thumb/v8-m.main+fp/hard\libgcc.a(_udivmoddi4.o)
                              c:/siliconlabs/simplicitystudio/v5/developer/toolchains/gnu_arm/12.2.rel1_2023.7/bin/../lib/gcc/arm-none-eabi/12.2.1/thumb/v8-m.main+fp/hard\libgcc.a(_aeabi_ldivmod.o) (__udivmoddi4)
c:/siliconlabs/simplicitystudio/v5/developer/toolchains/gnu_arm/12.2.rel1_2023.7/bin/../lib/gcc/arm-none-eabi/12.2.1/thumb/v8-m.main+fp/hard\libgcc.a(_dvmd_tls.o)
                              c:/siliconlabs/simplicitystudio/v5/developer/toolchains/gnu_arm/12.2.rel1_2023.7/bin/../lib/gcc/arm-none-eabi/12.2.1/thumb/v8-m.main+fp/hard\libgcc.a(_aeabi_ldivmod.o) (__aeabi_ldiv0)
c:/siliconlabs/simplicitystudio/v5/developer/toolchains/gnu_arm/12.2.rel1_2023.7/bin/../lib/gcc/arm-none-eabi/12.2.1/thumb/v8-m.main+fp/hard\libc_nano.a(libc_a-exit.o)
                              c:/siliconlabs/simplicitystudio/v5/developer/toolchains/gnu_arm/12.2.rel1_2023.7/bin/../lib/gcc/arm-none-eabi/12.2.1/thumb/v8-m.main+fp/hard/crt0.o (exit)
c:/siliconlabs/simplicitystudio/v5/developer/toolchains/gnu_arm/12.2.rel1_2023.7/bin/../lib/gcc/arm-none-eabi/12.2.1/thumb/v8-m.main+fp/hard\libc_nano.a(libc_a-ctype_.o)
                              ./gecko_sdk_4.4.1/platform/common/src/sl_string.o (_ctype_)
c:/siliconlabs/simplicitystudio/v5/developer/toolchains/gnu_arm/12.2.rel1_2023.7/bin/../lib/gcc/arm-none-eabi/12.2.1/thumb/v8-m.main+fp/hard\libc_nano.a(libc_a-nano-vfprintf_float.o)
                              (_printf_float)
c:/siliconlabs/simplicitystudio/v5/developer/toolchains/gnu_arm/12.2.rel1_2023.7/bin/../lib/gcc/arm-none-eabi/12.2.1/thumb/v8-m.main+fp/hard\libc_nano.a(libc_a-nano-vfprintf_i.o)
                              c:/siliconlabs/simplicitystudio/v5/developer/toolchains/gnu_arm/12.2.rel1_2023.7/bin/../lib/gcc/arm-none-eabi/12.2.1/thumb/v8-m.main+fp/hard\libc_nano.a(libc_a-nano-vfprintf_float.o) (_printf_common)
c:/siliconlabs/simplicitystudio/v5/developer/toolchains/gnu_arm/12.2.rel1_2023.7/bin/../lib/gcc/arm-none-eabi/12.2.1/thumb/v8-m.main+fp/hard\libc_nano.a(libc_a-findfp.o)
                              c:/siliconlabs/simplicitystudio/v5/developer/toolchains/gnu_arm/12.2.rel1_2023.7/bin/../lib/gcc/arm-none-eabi/12.2.1/thumb/v8-m.main+fp/hard\libc_nano.a(libc_a-exit.o) (__stdio_exit_handler)
c:/siliconlabs/simplicitystudio/v5/developer/toolchains/gnu_arm/12.2.rel1_2023.7/bin/../lib/gcc/arm-none-eabi/12.2.1/thumb/v8-m.main+fp/hard\libc_nano.a(libc_a-fwalk.o)
                              c:/siliconlabs/simplicitystudio/v5/developer/toolchains/gnu_arm/12.2.rel1_2023.7/bin/../lib/gcc/arm-none-eabi/12.2.1/thumb/v8-m.main+fp/hard\libc_nano.a(libc_a-findfp.o) (_fwalk_sglue)
c:/siliconlabs/simplicitystudio/v5/developer/toolchains/gnu_arm/12.2.rel1_2023.7/bin/../lib/gcc/arm-none-eabi/12.2.1/thumb/v8-m.main+fp/hard\libc_nano.a(libc_a-printf.o)
                              ./app.o (printf)
c:/siliconlabs/simplicitystudio/v5/developer/toolchains/gnu_arm/12.2.rel1_2023.7/bin/../lib/gcc/arm-none-eabi/12.2.1/thumb/v8-m.main+fp/hard\libc_nano.a(libc_a-putchar.o)
                              ./app.o (putchar)
c:/siliconlabs/simplicitystudio/v5/developer/toolchains/gnu_arm/12.2.rel1_2023.7/bin/../lib/gcc/arm-none-eabi/12.2.1/thumb/v8-m.main+fp/hard\libc_nano.a(libc_a-puts.o)
                              ./app.o (puts)
c:/siliconlabs/simplicitystudio/v5/developer/toolchains/gnu_arm/12.2.rel1_2023.7/bin/../lib/gcc/arm-none-eabi/12.2.1/thumb/v8-m.main+fp/hard\libc_nano.a(libc_a-setvbuf.o)
                              ./gecko_sdk_4.4.1/platform/service/iostream/src/sl_iostream_stdlib_config.o (setvbuf)
[...]
Memory Configuration

Name             Origin             Length             Attributes
FLASH            0x08000000         0x0017e000         xr
RAM              0x20000000         0x00040000         xrw
*default*        0x00000000         0xffffffff

Linker script and memory map

LOAD c:/siliconlabs/simplicitystudio/v5/developer/toolchains/gnu_arm/12.2.rel1_2023.7/bin/../lib/gcc/arm-none-eabi/12.2.1/thumb/v8-m.main+fp/hard/crti.o
LOAD c:/siliconlabs/simplicitystudio/v5/developer/toolchains/gnu_arm/12.2.rel1_2023.7/bin/../lib/gcc/arm-none-eabi/12.2.1/thumb/v8-m.main+fp/hard/crtbegin.o
LOAD c:/siliconlabs/simplicitystudio/v5/developer/toolchains/gnu_arm/12.2.rel1_2023.7/bin/../lib/gcc/arm-none-eabi/12.2.1/thumb/v8-m.main+fp/hard/crt0.o
START GROUP
LOAD ./app.o
LOAD ./as.o
LOAD ./main.o
LOAD ./mpl.o
LOAD ./si.o
LOAD ./autogen/sl_board_default_init.o
LOAD ./autogen/sl_device_init_clocks.o
LOAD ./autogen/sl_event_handler.o
LOAD ./autogen/sl_i2cspm_init.o
LOAD ./autogen/sl_iostream_handles.o
LOAD ./autogen/sl_iostream_init_eusart_instances.o
LOAD ./autogen/sl_simple_led_instances.o
LOAD ./gecko_sdk_4.4.1/hardware/board/src/sl_board_control_gpio.o
LOAD ./gecko_sdk_4.4.1/hardware/board/src/sl_board_init.o
LOAD ./gecko_sdk_4.4.1/hardware/driver/configuration_over_swo/src/sl_cos.o
LOAD ./gecko_sdk_4.4.1/hardware/driver/mx25_flash_shutdown/src/sl_mx25_flash_shutdown_usart/sl_mx25_flash_shutdown.o
LOAD ./gecko_sdk_4.4.1/platform/Device/SiliconLabs/EFR32MG24/Source/startup_efr32mg24.o
LOAD ./gecko_sdk_4.4.1/platform/Device/SiliconLabs/EFR32MG24/Source/system_efr32mg24.o
LOAD ./gecko_sdk_4.4.1/platform/common/src/sl_assert.o
LOAD ./gecko_sdk_4.4.1/platform/common/src/sl_slist.o
LOAD ./gecko_sdk_4.4.1/platform/common/src/sl_string.o
LOAD ./gecko_sdk_4.4.1/platform/common/src/sl_syscalls.o
LOAD ./gecko_sdk_4.4.1/platform/common/toolchain/src/sl_memory.o
LOAD ./gecko_sdk_4.4.1/platform/driver/debug/src/sl_debug_swo.o
LOAD ./gecko_sdk_4.4.1/platform/driver/i2cspm/src/sl_i2cspm.o
LOAD ./gecko_sdk_4.4.1/platform/driver/leddrv/src/sl_led.o
LOAD ./gecko_sdk_4.4.1/platform/driver/leddrv/src/sl_simple_led.o
LOAD ./gecko_sdk_4.4.1/platform/emdrv/dmadrv/src/dmadrv.o
LOAD ./gecko_sdk_4.4.1/platform/emlib/src/em_burtc.o
LOAD ./gecko_sdk_4.4.1/platform/emlib/src/em_cmu.o
LOAD ./gecko_sdk_4.4.1/platform/emlib/src/em_core.o
LOAD ./gecko_sdk_4.4.1/platform/emlib/src/em_emu.o
LOAD ./gecko_sdk_4.4.1/platform/emlib/src/em_eusart.o
LOAD ./gecko_sdk_4.4.1/platform/emlib/src/em_gpio.o
LOAD ./gecko_sdk_4.4.1/platform/emlib/src/em_i2c.o
LOAD ./gecko_sdk_4.4.1/platform/emlib/src/em_ldma.o
LOAD ./gecko_sdk_4.4.1/platform/emlib/src/em_msc.o
LOAD ./gecko_sdk_4.4.1/platform/emlib/src/em_prs.o
LOAD ./gecko_sdk_4.4.1/platform/emlib/src/em_system.o
LOAD ./gecko_sdk_4.4.1/platform/emlib/src/em_timer.o
LOAD ./gecko_sdk_4.4.1/platform/emlib/src/em_usart.o
LOAD ./gecko_sdk_4.4.1/platform/peripheral/src/peripheral_sysrtc.o
LOAD ./gecko_sdk_4.4.1/platform/service/device_init/src/sl_device_init_dcdc_s2.o
LOAD ./gecko_sdk_4.4.1/platform/service/device_init/src/sl_device_init_emu_s2.o
LOAD ./gecko_sdk_4.4.1/platform/service/device_init/src/sl_device_init_hfxo_s2.o
LOAD ./gecko_sdk_4.4.1/platform/service/device_init/src/sl_device_init_lfxo_s2.o
LOAD ./gecko_sdk_4.4.1/platform/service/device_init/src/sl_device_init_nvic.o
LOAD ./gecko_sdk_4.4.1/platform/service/iostream/src/sl_iostream.o
LOAD ./gecko_sdk_4.4.1/platform/service/iostream/src/sl_iostream_eusart.o
LOAD ./gecko_sdk_4.4.1/platform/service/iostream/src/sl_iostream_retarget_stdio.o
LOAD ./gecko_sdk_4.4.1/platform/service/iostream/src/sl_iostream_stdlib_config.o
LOAD ./gecko_sdk_4.4.1/platform/service/iostream/src/sl_iostream_uart.o
LOAD ./gecko_sdk_4.4.1/platform/service/sleeptimer/src/sl_sleeptimer.o
LOAD ./gecko_sdk_4.4.1/platform/service/sleeptimer/src/sl_sleeptimer_hal_burtc.o
LOAD ./gecko_sdk_4.4.1/platform/service/sleeptimer/src/sl_sleeptimer_hal_sysrtc.o
LOAD ./gecko_sdk_4.4.1/platform/service/sleeptimer/src/sl_sleeptimer_hal_timer.o
LOAD ./gecko_sdk_4.4.1/platform/service/system/src/sl_system_init.o
LOAD ./gecko_sdk_4.4.1/platform/service/system/src/sl_system_process_action.o
LOAD ./gecko_sdk_4.4.1/platform/service/udelay/src/sl_udelay.o
LOAD ./gecko_sdk_4.4.1/platform/service/udelay/src/sl_udelay_armv6m_gcc.o
LOAD c:/siliconlabs/simplicitystudio/v5/developer/toolchains/gnu_arm/12.2.rel1_2023.7/bin/../lib/gcc/arm-none-eabi/12.2.1/thumb/v8-m.main+fp/hard\libgcc.a
LOAD c:/siliconlabs/simplicitystudio/v5/developer/toolchains/gnu_arm/12.2.rel1_2023.7/bin/../lib/gcc/arm-none-eabi/12.2.1/thumb/v8-m.main+fp/hard\libc_nano.a
LOAD c:/siliconlabs/simplicitystudio/v5/developer/toolchains/gnu_arm/12.2.rel1_2023.7/bin/../lib/gcc/arm-none-eabi/12.2.1/thumb/v8-m.main+fp/hard\libm.a
LOAD c:/siliconlabs/simplicitystudio/v5/developer/toolchains/gnu_arm/12.2.rel1_2023.7/bin/../lib/gcc/arm-none-eabi/12.2.1/thumb/v8-m.main+fp/hard\libnosys.a
END GROUP
START GROUP
LOAD c:/siliconlabs/simplicitystudio/v5/developer/toolchains/gnu_arm/12.2.rel1_2023.7/bin/../lib/gcc/arm-none-eabi/12.2.1/thumb/v8-m.main+fp/hard\libgcc.a
LOAD c:/siliconlabs/simplicitystudio/v5/developer/toolchains/gnu_arm/12.2.rel1_2023.7/bin/../lib/gcc/arm-none-eabi/12.2.1/thumb/v8-m.main+fp/hard\libc_nano.a
LOAD c:/siliconlabs/simplicitystudio/v5/developer/toolchains/gnu_arm/12.2.rel1_2023.7/bin/../lib/gcc/arm-none-eabi/12.2.1/thumb/v8-m.main+fp/hard\libnosys.a
END GROUP
START GROUP
LOAD c:/siliconlabs/simplicitystudio/v5/developer/toolchains/gnu_arm/12.2.rel1_2023.7/bin/../lib/gcc/arm-none-eabi/12.2.1/thumb/v8-m.main+fp/hard\libgcc.a
LOAD c:/siliconlabs/simplicitystudio/v5/developer/toolchains/gnu_arm/12.2.rel1_2023.7/bin/../lib/gcc/arm-none-eabi/12.2.1/thumb/v8-m.main+fp/hard\libg_nano.a
LOAD c:/siliconlabs/simplicitystudio/v5/developer/toolchains/gnu_arm/12.2.rel1_2023.7/bin/../lib/gcc/arm-none-eabi/12.2.1/thumb/v8-m.main+fp/hard\libc_nano.a
END GROUP
START GROUP
LOAD c:/siliconlabs/simplicitystudio/v5/developer/toolchains/gnu_arm/12.2.rel1_2023.7/bin/../lib/gcc/arm-none-eabi/12.2.1/thumb/v8-m.main+fp/hard\libgcc.a
LOAD c:/siliconlabs/simplicitystudio/v5/developer/toolchains/gnu_arm/12.2.rel1_2023.7/bin/../lib/gcc/arm-none-eabi/12.2.1/thumb/v8-m.main+fp/hard\libc_nano.a
END GROUP
LOAD c:/siliconlabs/simplicitystudio/v5/developer/toolchains/gnu_arm/12.2.rel1_2023.7/bin/../lib/gcc/arm-none-eabi/12.2.1/thumb/v8-m.main+fp/hard/crtend.o
LOAD c:/siliconlabs/simplicitystudio/v5/developer/toolchains/gnu_arm/12.2.rel1_2023.7/bin/../lib/gcc/arm-none-eabi/12.2.1/thumb/v8-m.main+fp/hard/crtn.o

.text           0x08000000     0x9138
                0x08000000                linker_vectors_begin = .
 *(.vectors)
 .vectors       0x08000000      0x170 ./gecko_sdk_4.4.1/platform/Device/SiliconLabs/EFR32MG24/Source/startup_efr32mg24.o
                0x08000000                __Vectors
                0x08000170                linker_vectors_end = .
                0x08000170                __Vectors_End = .
                0x08000170                __Vectors_Size = (__Vectors_End - __Vectors)
                0x08000170                linker_code_begin = .
 *(SORT_BY_ALIGNMENT(.text*))
 .text          0x08000170        0x8 ./gecko_sdk_4.4.1/platform/service/udelay/src/sl_udelay_armv6m_gcc.o
                0x08000170                sli_delay_loop
 .text._dtoa_r  0x08000178      0xc54 c:/siliconlabs/simplicitystudio/v5/developer/toolchains/gnu_arm/12.2.rel1_2023.7/bin/../lib/gcc/arm-none-eabi/12.2.1/thumb/v8-m.main+fp/hard\libc_nano.a(libc_a-dtoa.o)
                0x08000178                _dtoa_r
 .text.deregister_tm_clones
                0x08000dcc       0x1c c:/siliconlabs/simplicitystudio/v5/developer/toolchains/gnu_arm/12.2.rel1_2023.7/bin/../lib/gcc/arm-none-eabi/12.2.1/thumb/v8-m.main+fp/hard/crtbegin.o
 .text.register_tm_clones
                0x08000de8       0x28 c:/siliconlabs/simplicitystudio/v5/developer/toolchains/gnu_arm/12.2.rel1_2023.7/bin/../lib/gcc/arm-none-eabi/12.2.1/thumb/v8-m.main+fp/hard/crtbegin.o
 .text.__do_global_dtors_aux
                0x08000e10       0x28 c:/siliconlabs/simplicitystudio/v5/developer/toolchains/gnu_arm/12.2.rel1_2023.7/bin/../lib/gcc/arm-none-eabi/12.2.1/thumb/v8-m.main+fp/hard/crtbegin.o
 .text.frame_dummy
                0x08000e38       0x24 c:/siliconlabs/simplicitystudio/v5/developer/toolchains/gnu_arm/12.2.rel1_2023.7/bin/../lib/gcc/arm-none-eabi/12.2.1/thumb/v8-m.main+fp/hard/crtbegin.o
 .text          0x08000e5c       0x7c c:/siliconlabs/simplicitystudio/v5/developer/toolchains/gnu_arm/12.2.rel1_2023.7/bin/../lib/gcc/arm-none-eabi/12.2.1/thumb/v8-m.main+fp/hard/crt0.o
                0x08000e5c                _stack_init
                0x08000e64                _start
                0x08000e64                _mainCRTStartup
 .text.app_init
                0x08000ed8       0xb4 ./app.o
                0x08000ed8                app_init
 .text.flush_buffers
                0x08000f8c       0x24 ./as.o
 .text.AS7331_transaction.constprop.0
                0x08000fb0       0x50 ./as.o
 .text.AS7331_ChangeMode
                0x08001000       0x78 ./as.o
                0x08001000                AS7331_ChangeMode
 .text.as_dev_id
                0x08001078       0x68 ./as.o
                0x08001078                as_dev_id
 .text.as_init  0x080010e0       0xf4 ./as.o
                0x080010e0                as_init
 .text.mpl_flush_buffers
                0x080011d4       0x24 ./mpl.o
                0x080011d4                mpl_flush_buffers
 .text.mpl_dev_id
                0x080011f8       0x80 ./mpl.o
                0x080011f8                mpl_dev_id
 .text.timer_callback
                0x08001278        0xc ./si.o
 .text.decode_temp
                0x08001284       0x54 ./si.o
                0x08001284                decode_temp
 .text.SI7021_measure.constprop.0
                0x080012d8       0xc8 ./si.o
 .text.initialise_temp_limits
                0x080013a0       0x28 ./si.o
                0x080013a0                initialise_temp_limits
 .text.si_dev_id
                0x080013c8       0x78 ./si.o
                0x080013c8                si_dev_id
 .text.si_init  0x08001440       0x2c ./si.o
                0x08001440                si_init
 .text.sl_device_init_clocks
                0x0800146c       0xac ./autogen/sl_device_init_clocks.o
                0x0800146c                sl_device_init_clocks
 .text.sl_i2cspm_init_instances
                0x08001518       0x18 ./autogen/sl_i2cspm_init.o
                0x08001518                sl_i2cspm_init_instances
 .text.sl_iostream_eusart_init_vcom
                0x08001530       0xc4 ./autogen/sl_iostream_init_eusart_instances.o
                0x08001530                sl_iostream_eusart_init_vcom
 .text.EUSART0_RX_IRQHandler
                0x080015f4        0xc ./autogen/sl_iostream_init_eusart_instances.o
                0x080015f4                EUSART0_RX_IRQHandler
 .text.sl_simple_led_init_instances
                0x08001600       0x1c ./autogen/sl_simple_led_instances.o
                0x08001600                sl_simple_led_init_instances
 .text.sl_board_enable_sensor
                0x0800161c       0x60 ./gecko_sdk_4.4.1/hardware/board/src/sl_board_control_gpio.o
                0x0800161c                sl_board_enable_sensor
 .text.cs_high  0x0800167c       0x10 ./gecko_sdk_4.4.1/hardware/driver/mx25_flash_shutdown/src/sl_mx25_flash_shutdown_usart/sl_mx25_flash_shutdown.o
 .text.cs_low   0x0800168c       0x10 ./gecko_sdk_4.4.1/hardware/driver/mx25_flash_shutdown/src/sl_mx25_flash_shutdown_usart/sl_mx25_flash_shutdown.o
 .text.sl_mx25_flash_shutdown
                0x0800169c      0x118 ./gecko_sdk_4.4.1/hardware/driver/mx25_flash_shutdown/src/sl_mx25_flash_shutdown_usart/sl_mx25_flash_shutdown.o
                0x0800169c                sl_mx25_flash_shutdown
 .text.CopyRamFuncs
                0x080017b4       0x1c ./gecko_sdk_4.4.1/platform/Device/SiliconLabs/EFR32MG24/Source/startup_efr32mg24.o
                0x080017b4                CopyRamFuncs
 .text.Reset_Handler
                0x080017d0       0x64 ./gecko_sdk_4.4.1/platform/Device/SiliconLabs/EFR32MG24/Source/startup_efr32mg24.o
                0x080017d0                Reset_Handler
 .text.SystemInit
                0x08001834       0x68 ./gecko_sdk_4.4.1/platform/Device/SiliconLabs/EFR32MG24/Source/system_efr32mg24.o
                0x08001834                SystemInit
 .text.SystemHFRCODPLLClockGet
                0x0800189c        0xc ./gecko_sdk_4.4.1/platform/Device/SiliconLabs/EFR32MG24/Source/system_efr32mg24.o
                0x0800189c                SystemHFRCODPLLClockGet
 .text.SystemSYSCLKGet
                0x080018a8       0x34 ./gecko_sdk_4.4.1/platform/Device/SiliconLabs/EFR32MG24/Source/system_efr32mg24.o
                0x080018a8                SystemSYSCLKGet
 .text.SystemHCLKGet
                0x080018dc       0x24 ./gecko_sdk_4.4.1/platform/Device/SiliconLabs/EFR32MG24/Source/system_efr32mg24.o
                0x080018dc                SystemHCLKGet
 .text.SystemMaxCoreClockGet
                0x08001900        0x8 ./gecko_sdk_4.4.1/platform/Device/SiliconLabs/EFR32MG24/Source/system_efr32mg24.o
                0x08001900                SystemMaxCoreClockGet
 .text.SystemHFXOClockGet
                0x08001908        0xc ./gecko_sdk_4.4.1/platform/Device/SiliconLabs/EFR32MG24/Source/system_efr32mg24.o
                0x08001908                SystemHFXOClockGet
 .text.SystemHFXOClockSet
                0x08001914       0x20 ./gecko_sdk_4.4.1/platform/Device/SiliconLabs/EFR32MG24/Source/system_efr32mg24.o
                0x08001914                SystemHFXOClockSet
 .text.SystemFSRCOClockGet
                0x08001934        0x8 ./gecko_sdk_4.4.1/platform/Device/SiliconLabs/EFR32MG24/Source/system_efr32mg24.o
                0x08001934                SystemFSRCOClockGet
 .text.SystemHFRCOEM23ClockGet
                0x0800193c       0x84 ./gecko_sdk_4.4.1/platform/Device/SiliconLabs/EFR32MG24/Source/system_efr32mg24.o
                0x0800193c                SystemHFRCOEM23ClockGet
 .text.SystemLFXOClockGet
                0x080019c0        0xc ./gecko_sdk_4.4.1/platform/Device/SiliconLabs/EFR32MG24/Source/system_efr32mg24.o
                0x080019c0                SystemLFXOClockGet
 .text._sbrk    0x080019cc       0x20 ./gecko_sdk_4.4.1/platform/common/toolchain/src/sl_memory.o
                0x080019cc                _sbrk
 .text.sl_debug_swo_init
                0x080019ec      0x114 ./gecko_sdk_4.4.1/platform/driver/debug/src/sl_debug_swo.o
                0x080019ec                sl_debug_swo_init
 .text.sl_debug_swo_write_u8
                0x08001b00       0x44 ./gecko_sdk_4.4.1/platform/driver/debug/src/sl_debug_swo.o
                0x08001b00                sl_debug_swo_write_u8
 .text.I2CSPM_Init
                0x08001b44      0x158 ./gecko_sdk_4.4.1/platform/driver/i2cspm/src/sl_i2cspm.o
                0x08001b44                I2CSPM_Init
 .text.I2CSPM_Transfer
                0x08001c9c       0x20 ./gecko_sdk_4.4.1/platform/driver/i2cspm/src/sl_i2cspm.o
                0x08001c9c                I2CSPM_Transfer
 .text.GPIO_PinOutClear
                0x08001cbc       0x3c ./gecko_sdk_4.4.1/platform/driver/leddrv/src/sl_simple_led.o
 .text.GPIO_PinOutSet
                0x08001cf8       0x3c ./gecko_sdk_4.4.1/platform/driver/leddrv/src/sl_simple_led.o
 .text.sl_simple_led_toggle
                0x08001d34       0x3c ./gecko_sdk_4.4.1/platform/driver/leddrv/src/sl_simple_led.o
                0x08001d34                sl_simple_led_toggle
 .text.sl_simple_led_get_state
                0x08001d70       0x4c ./gecko_sdk_4.4.1/platform/driver/leddrv/src/sl_simple_led.o
                0x08001d70                sl_simple_led_get_state
 .text.StartTransfer
                0x08001dbc      0x17c ./gecko_sdk_4.4.1/platform/emdrv/dmadrv/src/dmadrv.o
 .text.DMADRV_AllocateChannel
                0x08001f38       0x60 ./gecko_sdk_4.4.1/platform/emdrv/dmadrv/src/dmadrv.o
                0x08001f38                DMADRV_AllocateChannel
 .text.DMADRV_DeInit
                0x08001f98       0x44 ./gecko_sdk_4.4.1/platform/emdrv/dmadrv/src/dmadrv.o
                0x08001f98                DMADRV_DeInit
 .text.DMADRV_FreeChannel
                0x08001fdc       0x4c ./gecko_sdk_4.4.1/platform/emdrv/dmadrv/src/dmadrv.o
                0x08001fdc                DMADRV_FreeChannel
 .text.DMADRV_Init
                0x08002028       0x68 ./gecko_sdk_4.4.1/platform/emdrv/dmadrv/src/dmadrv.o
                0x08002028                DMADRV_Init
 .text.DMADRV_PauseTransfer
                0x08002090       0x40 ./gecko_sdk_4.4.1/platform/emdrv/dmadrv/src/dmadrv.o
                0x08002090                DMADRV_PauseTransfer
 .text.DMADRV_ResumeTransfer
                0x080020d0       0x40 ./gecko_sdk_4.4.1/platform/emdrv/dmadrv/src/dmadrv.o
                0x080020d0                DMADRV_ResumeTransfer
 .text.DMADRV_StopTransfer
                0x08002110       0x40 ./gecko_sdk_4.4.1/platform/emdrv/dmadrv/src/dmadrv.o
                0x08002110                DMADRV_StopTransfer
 .text.DMADRV_TransferCompletePending
                0x08002150       0x50 ./gecko_sdk_4.4.1/platform/emdrv/dmadrv/src/dmadrv.o
                0x08002150                DMADRV_TransferCompletePending
 .text.DMADRV_TransferDone
                0x080021a0       0x44 ./gecko_sdk_4.4.1/platform/emdrv/dmadrv/src/dmadrv.o
                0x080021a0                DMADRV_TransferDone
 .text.LDMA_IRQHandler
                0x080021e4       0x74 ./gecko_sdk_4.4.1/platform/emdrv/dmadrv/src/dmadrv.o
                0x080021e4                LDMA_IRQHandler
 .text.EMU_VScaleGet
                0x08002258       0x18 ./gecko_sdk_4.4.1/platform/emlib/src/em_cmu.o
 .text.traceClkGet
                0x08002270       0x54 ./gecko_sdk_4.4.1/platform/emlib/src/em_cmu.o
 .text.em01GrpaClkGet
                0x080022c4       0x74 ./gecko_sdk_4.4.1/platform/emlib/src/em_cmu.o
 .text.em01GrpcClkGet
                0x08002338       0x70 ./gecko_sdk_4.4.1/platform/emlib/src/em_cmu.o
 .text.iadcClkGet
                0x080023a8       0x60 ./gecko_sdk_4.4.1/platform/emlib/src/em_cmu.o
 .text.eusart0ClkGet
                0x08002408       0x74 ./gecko_sdk_4.4.1/platform/emlib/src/em_cmu.o
 .text.em23GrpaClkGet
                0x0800247c       0x48 ./gecko_sdk_4.4.1/platform/emlib/src/em_cmu.o
 .text.vdac0ClkGet
                0x080024c4       0x70 ./gecko_sdk_4.4.1/platform/emlib/src/em_cmu.o
 .text.vdac1ClkGet
                0x08002534       0x70 ./gecko_sdk_4.4.1/platform/emlib/src/em_cmu.o
 .text.pcnt0ClkGet
                0x080025a4       0x4c ./gecko_sdk_4.4.1/platform/emlib/src/em_cmu.o
 .text.wdog0ClkGet
                0x080025f0       0x64 ./gecko_sdk_4.4.1/platform/emlib/src/em_cmu.o
 .text.wdog1ClkGet
                0x08002654       0x64 ./gecko_sdk_4.4.1/platform/emlib/src/em_cmu.o
 .text.sysrtcClkGet
                0x080026b8       0x48 ./gecko_sdk_4.4.1/platform/emlib/src/em_cmu.o
 .text.em4GrpaClkGet
                0x08002700       0x48 ./gecko_sdk_4.4.1/platform/emlib/src/em_cmu.o
 .text.CMU_ClockDivGet
                0x08002748       0x78 ./gecko_sdk_4.4.1/platform/emlib/src/em_cmu.o
                0x08002748                CMU_ClockDivGet
 .text.flashWaitStateControl
                0x080027c0       0x58 ./gecko_sdk_4.4.1/platform/emlib/src/em_cmu.o
 .text.CMU_ClockEnable
                0x08002818       0x50 ./gecko_sdk_4.4.1/platform/emlib/src/em_cmu.o
                0x08002818                CMU_ClockEnable
 .text.CMU_ClockFreqGet
                0x08002868      0x204 ./gecko_sdk_4.4.1/platform/emlib/src/em_cmu.o
                0x08002868                CMU_ClockFreqGet
 .text.rhclkPrescOptimize
                0x08002a6c       0x20 ./gecko_sdk_4.4.1/platform/emlib/src/em_cmu.o
 .text.CMU_ClockSelectGet
                0x08002a8c      0x22c ./gecko_sdk_4.4.1/platform/emlib/src/em_cmu.o
                0x08002a8c                CMU_ClockSelectGet
 .text.sli_em_cmu_HFXOSetForceEnable
                0x08002cb8       0x1c ./gecko_sdk_4.4.1/platform/emlib/src/em_cmu.o
                0x08002cb8                sli_em_cmu_HFXOSetForceEnable
 .text.CMU_HFXOInit
                0x08002cd4      0x224 ./gecko_sdk_4.4.1/platform/emlib/src/em_cmu.o
                0x08002cd4                CMU_HFXOInit
 .text.CMU_HFXOCTuneDeltaGet
                0x08002ef8        0xc ./gecko_sdk_4.4.1/platform/emlib/src/em_cmu.o
                0x08002ef8                CMU_HFXOCTuneDeltaGet
 .text.CMU_LFXOInit
                0x08002f04       0xc4 ./gecko_sdk_4.4.1/platform/emlib/src/em_cmu.o
                0x08002f04                CMU_LFXOInit
 .text.CMU_LFXOPrecisionSet
                0x08002fc8        0xc ./gecko_sdk_4.4.1/platform/emlib/src/em_cmu.o
                0x08002fc8                CMU_LFXOPrecisionSet
 .text.CMU_HFXOPrecisionSet
                0x08002fd4        0xc ./gecko_sdk_4.4.1/platform/emlib/src/em_cmu.o
                0x08002fd4                CMU_HFXOPrecisionSet
 .text.CMU_ClockDivSet
                0x08002fe0      0x12c ./gecko_sdk_4.4.1/platform/emlib/src/em_cmu.o
                0x08002fe0                CMU_ClockDivSet
 .text.sli_em_cmu_SYSCLKInitPreClockSelect
                0x0800310c       0x20 ./gecko_sdk_4.4.1/platform/emlib/src/em_cmu.o
                0x0800310c                sli_em_cmu_SYSCLKInitPreClockSelect
 .text.pclkDivOptimize
                0x0800312c       0x24 ./gecko_sdk_4.4.1/platform/emlib/src/em_cmu.o
 .text.EMU_DCDCSync
                0x08003150       0x10 ./gecko_sdk_4.4.1/platform/emlib/src/em_emu.o
 .text.EMU_EM4Init
                0x08003160       0x14 ./gecko_sdk_4.4.1/platform/emlib/src/em_emu.o
                0x08003160                EMU_EM4Init
 .text.EMU_VScaleEM01
                0x08003174       0xa8 ./gecko_sdk_4.4.1/platform/emlib/src/em_emu.o
                0x08003174                EMU_VScaleEM01
 .text.EMU_VScaleEM01ByClock
                0x0800321c       0x30 ./gecko_sdk_4.4.1/platform/emlib/src/em_emu.o
                0x0800321c                EMU_VScaleEM01ByClock
 .text.EMU_DCDCModeSet
                0x0800324c       0xac ./gecko_sdk_4.4.1/platform/emlib/src/em_emu.o
                0x0800324c                EMU_DCDCModeSet
 .text.EMU_DCDCInit
                0x080032f8       0x70 ./gecko_sdk_4.4.1/platform/emlib/src/em_emu.o
                0x080032f8                EMU_DCDCInit
 .text.EMU_DCDCSetPFMXModePeakCurrent
                0x08003368       0x6c ./gecko_sdk_4.4.1/platform/emlib/src/em_emu.o
                0x08003368                EMU_DCDCSetPFMXModePeakCurrent
 .text.EUSART_Reset
                0x080033d4       0x54 ./gecko_sdk_4.4.1/platform/emlib/src/em_eusart.o
                0x080033d4                EUSART_Reset
 .text.EUSART_Enable
                0x08003428       0x6c ./gecko_sdk_4.4.1/platform/emlib/src/em_eusart.o
                0x08003428                EUSART_Enable
 .text.EUSART_BaudrateSet
                0x08003494      0x1cc ./gecko_sdk_4.4.1/platform/emlib/src/em_eusart.o
                0x08003494                EUSART_BaudrateSet
 .text.EUSART_AsyncInitCommon
                0x08003660      0x23c ./gecko_sdk_4.4.1/platform/emlib/src/em_eusart.o
 .text.EUSART_UartInitHf
                0x0800389c       0x5c ./gecko_sdk_4.4.1/platform/emlib/src/em_eusart.o
                0x0800389c                EUSART_UartInitHf
 .text.EUSART_UartInitLf
                0x080038f8       0xb8 ./gecko_sdk_4.4.1/platform/emlib/src/em_eusart.o
                0x080038f8                EUSART_UartInitLf
 .text.GPIO_PinOutSet
                0x080039b0       0x3c ./gecko_sdk_4.4.1/platform/emlib/src/em_gpio.o
 .text.GPIO_PinOutClear
                0x080039ec       0x3c ./gecko_sdk_4.4.1/platform/emlib/src/em_gpio.o
 .text.GPIO_PinModeSet
                0x08003a28       0x94 ./gecko_sdk_4.4.1/platform/emlib/src/em_gpio.o
                0x08003a28                GPIO_PinModeSet
 .text.I2C_BusFreqSet
                0x08003abc      0x108 ./gecko_sdk_4.4.1/platform/emlib/src/em_i2c.o
                0x08003abc                I2C_BusFreqSet
 .text.I2C_Enable
                0x08003bc4       0x38 ./gecko_sdk_4.4.1/platform/emlib/src/em_i2c.o
                0x08003bc4                I2C_Enable
 .text.I2C_Init
                0x08003bfc       0x64 ./gecko_sdk_4.4.1/platform/emlib/src/em_i2c.o
                0x08003bfc                I2C_Init
 .text.I2C_Transfer
                0x08003c60      0x224 ./gecko_sdk_4.4.1/platform/emlib/src/em_i2c.o
                0x08003c60                I2C_Transfer
 .text.I2C_TransferInit
                0x08003e84       0xbc ./gecko_sdk_4.4.1/platform/emlib/src/em_i2c.o
                0x08003e84                I2C_TransferInit
 .text.LDMA_DeInit
                0x08003f40       0x3c ./gecko_sdk_4.4.1/platform/emlib/src/em_ldma.o
                0x08003f40                LDMA_DeInit
 .text.LDMA_EnableChannelRequest
                0x08003f7c       0x40 ./gecko_sdk_4.4.1/platform/emlib/src/em_ldma.o
                0x08003f7c                LDMA_EnableChannelRequest
 .text.LDMA_Init
                0x08003fbc       0x94 ./gecko_sdk_4.4.1/platform/emlib/src/em_ldma.o
                0x08003fbc                LDMA_Init
 .text.LDMA_StartTransfer
                0x08004050      0x104 ./gecko_sdk_4.4.1/platform/emlib/src/em_ldma.o
                0x08004050                LDMA_StartTransfer
 .text.LDMA_StopTransfer
                0x08004154       0x38 ./gecko_sdk_4.4.1/platform/emlib/src/em_ldma.o
                0x08004154                LDMA_StopTransfer
 .text.LDMA_TransferDone
                0x0800418c       0x44 ./gecko_sdk_4.4.1/platform/emlib/src/em_ldma.o
                0x0800418c                LDMA_TransferDone
 .text.USART_BaudrateSyncSet
                0x080041d0       0x48 ./gecko_sdk_4.4.1/platform/emlib/src/em_usart.o
                0x080041d0                USART_BaudrateSyncSet
 .text.USART_Reset
                0x08004218       0x58 ./gecko_sdk_4.4.1/platform/emlib/src/em_usart.o
                0x08004218                USART_Reset
 .text.USART_InitSync
                0x08004270       0xb0 ./gecko_sdk_4.4.1/platform/emlib/src/em_usart.o
                0x08004270                USART_InitSync
 .text.sl_hal_sysrtc_wait_sync
                0x08004320       0x14 ./gecko_sdk_4.4.1/platform/peripheral/src/peripheral_sysrtc.o
                0x08004320                sl_hal_sysrtc_wait_sync
 .text.sl_hal_sysrtc_wait_ready
                0x08004334       0x1c ./gecko_sdk_4.4.1/platform/peripheral/src/peripheral_sysrtc.o
                0x08004334                sl_hal_sysrtc_wait_ready
 .text.sl_hal_sysrtc_stop
                0x08004350       0x14 ./gecko_sdk_4.4.1/platform/peripheral/src/peripheral_sysrtc.o
                0x08004350                sl_hal_sysrtc_stop
 .text.sl_hal_sysrtc_enable
                0x08004364       0x18 ./gecko_sdk_4.4.1/platform/peripheral/src/peripheral_sysrtc.o
                0x08004364                sl_hal_sysrtc_enable
 .text.sl_hal_sysrtc_disable
                0x0800437c       0x1c ./gecko_sdk_4.4.1/platform/peripheral/src/peripheral_sysrtc.o
                0x0800437c                sl_hal_sysrtc_disable
 .text.sl_hal_sysrtc_init
                0x08004398       0x20 ./gecko_sdk_4.4.1/platform/peripheral/src/peripheral_sysrtc.o
                0x08004398                sl_hal_sysrtc_init
 .text.sl_hal_sysrtc_init_group
                0x080043b8       0x48 ./gecko_sdk_4.4.1/platform/peripheral/src/peripheral_sysrtc.o
                0x080043b8                sl_hal_sysrtc_init_group
 .text.sl_hal_sysrtc_enable_group_interrupts
                0x08004400       0x1c ./gecko_sdk_4.4.1/platform/peripheral/src/peripheral_sysrtc.o
                0x08004400                sl_hal_sysrtc_enable_group_interrupts
 .text.sl_hal_sysrtc_disable_group_interrupts
                0x0800441c       0x1c ./gecko_sdk_4.4.1/platform/peripheral/src/peripheral_sysrtc.o
                0x0800441c                sl_hal_sysrtc_disable_group_interrupts
 .text.sl_hal_sysrtc_clear_group_interrupts
                0x08004438       0x1c ./gecko_sdk_4.4.1/platform/peripheral/src/peripheral_sysrtc.o
                0x08004438                sl_hal_sysrtc_clear_group_interrupts
 .text.sl_hal_sysrtc_get_group_interrupts
                0x08004454       0x20 ./gecko_sdk_4.4.1/platform/peripheral/src/peripheral_sysrtc.o
                0x08004454                sl_hal_sysrtc_get_group_interrupts
 .text.sl_hal_sysrtc_get_group_compare_channel_value
                0x08004474       0x30 ./gecko_sdk_4.4.1/platform/peripheral/src/peripheral_sysrtc.o
                0x08004474                sl_hal_sysrtc_get_group_compare_channel_value
 .text.sl_hal_sysrtc_set_group_compare_channel_value
                0x080044a4       0x28 ./gecko_sdk_4.4.1/platform/peripheral/src/peripheral_sysrtc.o
                0x080044a4                sl_hal_sysrtc_set_group_compare_channel_value
 .text.sl_device_init_dcdc
                0x080044cc       0x2c ./gecko_sdk_4.4.1/platform/service/device_init/src/sl_device_init_dcdc_s2.o
                0x080044cc                sl_device_init_dcdc
 .text.sl_device_init_emu
                0x080044f8       0x24 ./gecko_sdk_4.4.1/platform/service/device_init/src/sl_device_init_emu_s2.o
                0x080044f8                sl_device_init_emu
 .text.sl_device_init_hfxo
                0x0800451c       0x70 ./gecko_sdk_4.4.1/platform/service/device_init/src/sl_device_init_hfxo_s2.o
                0x0800451c                sl_device_init_hfxo
 .text.sl_device_init_lfxo
                0x0800458c       0x2c ./gecko_sdk_4.4.1/platform/service/device_init/src/sl_device_init_lfxo_s2.o
                0x0800458c                sl_device_init_lfxo
 .text.sl_device_init_nvic
                0x080045b8       0x3c ./gecko_sdk_4.4.1/platform/service/device_init/src/sl_device_init_nvic.o
                0x080045b8                sl_device_init_nvic
 .text.sl_iostream_set_default
                0x080045f4       0x18 ./gecko_sdk_4.4.1/platform/service/iostream/src/sl_iostream.o
                0x080045f4                sl_iostream_set_default
 .text.sl_iostream_get_default
                0x0800460c       0x18 ./gecko_sdk_4.4.1/platform/service/iostream/src/sl_iostream.o
                0x0800460c                sl_iostream_get_default
 .text.sl_iostream_eusart_init
                0x08004624      0x228 ./gecko_sdk_4.4.1/platform/service/iostream/src/sl_iostream_eusart.o
                0x08004624                sl_iostream_eusart_init
 .text._write   0x0800484c       0x20 ./gecko_sdk_4.4.1/platform/service/iostream/src/sl_iostream_retarget_stdio.o
                0x0800484c                _write
 .text.sl_iostream_stdlib_disable_buffering
                0x0800486c       0x14 ./gecko_sdk_4.4.1/platform/service/iostream/src/sl_iostream_stdlib_config.o
                0x0800486c                sl_iostream_stdlib_disable_buffering
 .text.get_write_ptr
                0x08004880       0x40 ./gecko_sdk_4.4.1/platform/service/iostream/src/sl_iostream_uart.o
 .text.dma_irq_handler
                0x080048c0       0x74 ./gecko_sdk_4.4.1/platform/service/iostream/src/sl_iostream_uart.o
 .text.uart_read
                0x08004934      0x1f4 ./gecko_sdk_4.4.1/platform/service/iostream/src/sl_iostream_uart.o
 .text.uart_deinit
                0x08004b28       0x98 ./gecko_sdk_4.4.1/platform/service/iostream/src/sl_iostream_uart.o
 .text.uart_write
                0x08004bc0       0xc0 ./gecko_sdk_4.4.1/platform/service/iostream/src/sl_iostream_uart.o
 .text.sli_iostream_uart_context_init
                0x08004c80       0xf8 ./gecko_sdk_4.4.1/platform/service/iostream/src/sl_iostream_uart.o
                0x08004c80                sli_iostream_uart_context_init
 .text.delta_list_insert_timer
                0x08004d78       0x40 ./gecko_sdk_4.4.1/platform/service/sleeptimer/src/sl_sleeptimer.o
 .text.update_delta_list
                0x08004db8       0x34 ./gecko_sdk_4.4.1/platform/service/sleeptimer/src/sl_sleeptimer.o
 .text.set_comparator_for_next_timer
                0x08004dec       0x5c ./gecko_sdk_4.4.1/platform/service/sleeptimer/src/sl_sleeptimer.o
 .text.create_timer
                0x08004e48       0x88 ./gecko_sdk_4.4.1/platform/service/sleeptimer/src/sl_sleeptimer.o
 .text.delta_list_remove_timer
                0x08004ed0       0x38 ./gecko_sdk_4.4.1/platform/service/sleeptimer/src/sl_sleeptimer.o
 .text.sl_sleeptimer_init
                0x08004f08       0x74 ./gecko_sdk_4.4.1/platform/service/sleeptimer/src/sl_sleeptimer.o
                0x08004f08                sl_sleeptimer_init
 .text.sl_sleeptimer_is_timer_running
                0x08004f7c       0x3c ./gecko_sdk_4.4.1/platform/service/sleeptimer/src/sl_sleeptimer.o
                0x08004f7c                sl_sleeptimer_is_timer_running
 .text.sl_sleeptimer_ms_to_tick
                0x08004fb8       0x24 ./gecko_sdk_4.4.1/platform/service/sleeptimer/src/sl_sleeptimer.o
                0x08004fb8                sl_sleeptimer_ms_to_tick
 .text.sl_sleeptimer_delay_millisecond
                0x08004fdc       0x38 ./gecko_sdk_4.4.1/platform/service/sleeptimer/src/sl_sleeptimer.o
                0x08004fdc                sl_sleeptimer_delay_millisecond
 .text.process_timer_irq
                0x08005014      0x150 ./gecko_sdk_4.4.1/platform/service/sleeptimer/src/sl_sleeptimer.o
                0x08005014                process_timer_irq
 .text.sleeptimer_hal_init_timer
                0x08005164       0x64 ./gecko_sdk_4.4.1/platform/service/sleeptimer/src/sl_sleeptimer_hal_sysrtc.o
                0x08005164                sleeptimer_hal_init_timer
 .text.sleeptimer_hal_get_counter
                0x080051c8       0x10 ./gecko_sdk_4.4.1/platform/service/sleeptimer/src/sl_sleeptimer_hal_sysrtc.o
                0x080051c8                sleeptimer_hal_get_counter
 .text.sleeptimer_hal_set_compare
                0x080051d8       0x70 ./gecko_sdk_4.4.1/platform/service/sleeptimer/src/sl_sleeptimer_hal_sysrtc.o
                0x080051d8                sleeptimer_hal_set_compare
 .text.sleeptimer_hal_disable_int
                0x08005248       0x2c ./gecko_sdk_4.4.1/platform/service/sleeptimer/src/sl_sleeptimer_hal_sysrtc.o
                0x08005248                sleeptimer_hal_disable_int
 .text.sleeptimer_hal_set_int
                0x08005274       0x10 ./gecko_sdk_4.4.1/platform/service/sleeptimer/src/sl_sleeptimer_hal_sysrtc.o
                0x08005274                sleeptimer_hal_set_int
 .text.sl_udelay_wait
                0x08005284       0x58 ./gecko_sdk_4.4.1/platform/service/udelay/src/sl_udelay.o
                0x08005284                sl_udelay_wait
 .text          0x080052dc      0x378 c:/siliconlabs/simplicitystudio/v5/developer/toolchains/gnu_arm/12.2.rel1_2023.7/bin/../lib/gcc/arm-none-eabi/12.2.1/thumb/v8-m.main+fp/hard\libgcc.a(_arm_addsubdf3.o)
                0x080052dc                __aeabi_drsub
                0x080052e4                __aeabi_dsub
                0x080052e4                __subdf3
                0x080052e8                __aeabi_dadd
                0x080052e8                __adddf3
                0x08005560                __floatunsidf
                0x08005560                __aeabi_ui2d
                0x08005580                __floatsidf
                0x08005580                __aeabi_i2d
                0x080055a4                __aeabi_f2d
                0x080055a4                __extendsfdf2
                0x080055e8                __floatundidf
                0x080055e8                __aeabi_ul2d
                0x080055f8                __floatdidf
                0x080055f8                __aeabi_l2d
 .text          0x08005654       0x30 c:/siliconlabs/simplicitystudio/v5/developer/toolchains/gnu_arm/12.2.rel1_2023.7/bin/../lib/gcc/arm-none-eabi/12.2.1/thumb/v8-m.main+fp/hard\libgcc.a(_aeabi_uldivmod.o)
                0x08005654                __aeabi_uldivmod
 .text.__udivmoddi4
                0x08005684      0x2ec c:/siliconlabs/simplicitystudio/v5/developer/toolchains/gnu_arm/12.2.rel1_2023.7/bin/../lib/gcc/arm-none-eabi/12.2.1/thumb/v8-m.main+fp/hard\libgcc.a(_udivmoddi4.o)
                0x08005684                __udivmoddi4
 .text          0x08005970        0x4 c:/siliconlabs/simplicitystudio/v5/developer/toolchains/gnu_arm/12.2.rel1_2023.7/bin/../lib/gcc/arm-none-eabi/12.2.1/thumb/v8-m.main+fp/hard\libgcc.a(_dvmd_tls.o)
                0x08005970                __aeabi_idiv0
                0x08005970                __aeabi_ldiv0
 .text.exit     0x08005974       0x24 c:/siliconlabs/simplicitystudio/v5/developer/toolchains/gnu_arm/12.2.rel1_2023.7/bin/../lib/gcc/arm-none-eabi/12.2.1/thumb/v8-m.main+fp/hard\libc_nano.a(libc_a-exit.o)
                0x08005974                exit
 .text._printf_float
                0x08005998      0x468 c:/siliconlabs/simplicitystudio/v5/developer/toolchains/gnu_arm/12.2.rel1_2023.7/bin/../lib/gcc/arm-none-eabi/12.2.1/thumb/v8-m.main+fp/hard\libc_nano.a(libc_a-nano-vfprintf_float.o)
                0x08005998                _printf_float
 .text._printf_i
                0x08005e00      0x258 c:/siliconlabs/simplicitystudio/v5/developer/toolchains/gnu_arm/12.2.rel1_2023.7/bin/../lib/gcc/arm-none-eabi/12.2.1/thumb/v8-m.main+fp/hard\libc_nano.a(libc_a-nano-vfprintf_i.o)
                0x08005e00                _printf_i
 .text.std      0x08006058       0x6c c:/siliconlabs/simplicitystudio/v5/developer/toolchains/gnu_arm/12.2.rel1_2023.7/bin/../lib/gcc/arm-none-eabi/12.2.1/thumb/v8-m.main+fp/hard\libc_nano.a(libc_a-findfp.o)
 .text.stdio_exit_handler
                0x080060c4       0x18 c:/siliconlabs/simplicitystudio/v5/developer/toolchains/gnu_arm/12.2.rel1_2023.7/bin/../lib/gcc/arm-none-eabi/12.2.1/thumb/v8-m.main+fp/hard\libc_nano.a(libc_a-findfp.o)
 .text.cleanup_stdio
                0x080060dc       0x40 c:/siliconlabs/simplicitystudio/v5/developer/toolchains/gnu_arm/12.2.rel1_2023.7/bin/../lib/gcc/arm-none-eabi/12.2.1/thumb/v8-m.main+fp/hard\libc_nano.a(libc_a-findfp.o)
 .text.global_stdio_init.part.0
                0x0800611c       0x3c c:/siliconlabs/simplicitystudio/v5/developer/toolchains/gnu_arm/12.2.rel1_2023.7/bin/../lib/gcc/arm-none-eabi/12.2.1/thumb/v8-m.main+fp/hard\libc_nano.a(libc_a-findfp.o)
 .text.__sfp_lock_acquire
                0x08006158        0xc c:/siliconlabs/simplicitystudio/v5/developer/toolchains/gnu_arm/12.2.rel1_2023.7/bin/../lib/gcc/arm-none-eabi/12.2.1/thumb/v8-m.main+fp/hard\libc_nano.a(libc_a-findfp.o)
                0x08006158                __sfp_lock_acquire
 .text.__sfp_lock_release
                0x08006164        0xc c:/siliconlabs/simplicitystudio/v5/developer/toolchains/gnu_arm/12.2.rel1_2023.7/bin/../lib/gcc/arm-none-eabi/12.2.1/thumb/v8-m.main+fp/hard\libc_nano.a(libc_a-findfp.o)
                0x08006164                __sfp_lock_release
 .text.__sinit  0x08006170       0x30 c:/siliconlabs/simplicitystudio/v5/developer/toolchains/gnu_arm/12.2.rel1_2023.7/bin/../lib/gcc/arm-none-eabi/12.2.1/thumb/v8-m.main+fp/hard\libc_nano.a(libc_a-findfp.o)
                0x08006170                __sinit
 .text.printf   0x080061a0       0x24 c:/siliconlabs/simplicitystudio/v5/developer/toolchains/gnu_arm/12.2.rel1_2023.7/bin/../lib/gcc/arm-none-eabi/12.2.1/thumb/v8-m.main+fp/hard\libc_nano.a(libc_a-printf.o)
                0x080061a0                iprintf
                0x080061a0                printf
 .text.putchar  0x080061c4       0x10 c:/siliconlabs/simplicitystudio/v5/developer/toolchains/gnu_arm/12.2.rel1_2023.7/bin/../lib/gcc/arm-none-eabi/12.2.1/thumb/v8-m.main+fp/hard\libc_nano.a(libc_a-putchar.o)
                0x080061c4                putchar
 .text.puts     0x080061d4       0x10 c:/siliconlabs/simplicitystudio/v5/developer/toolchains/gnu_arm/12.2.rel1_2023.7/bin/../lib/gcc/arm-none-eabi/12.2.1/thumb/v8-m.main+fp/hard\libc_nano.a(libc_a-puts.o)
                0x080061d4                puts
 .text.setvbuf  0x080061e4      0x168 c:/siliconlabs/simplicitystudio/v5/developer/toolchains/gnu_arm/12.2.rel1_2023.7/bin/../lib/gcc/arm-none-eabi/12.2.1/thumb/v8-m.main+fp/hard\libc_nano.a(libc_a-setvbuf.o)
                0x080061e4                setvbuf
 .text.__swsetup_r
                0x0800634c       0xac c:/siliconlabs/simplicitystudio/v5/developer/toolchains/gnu_arm/12.2.rel1_2023.7/bin/../lib/gcc/arm-none-eabi/12.2.1/thumb/v8-m.main+fp/hard\libc_nano.a(libc_a-wsetup.o)
                0x0800634c                __swsetup_r
 .text._localeconv_r
                0x080063f8        0x8 c:/siliconlabs/simplicitystudio/v5/developer/toolchains/gnu_arm/12.2.rel1_2023.7/bin/../lib/gcc/arm-none-eabi/12.2.1/thumb/v8-m.main+fp/hard\libc_nano.a(libc_a-localeconv.o)
                0x080063f8                _localeconv_r
 .text._close_r
                0x08006400       0x20 c:/siliconlabs/simplicitystudio/v5/developer/toolchains/gnu_arm/12.2.rel1_2023.7/bin/../lib/gcc/arm-none-eabi/12.2.1/thumb/v8-m.main+fp/hard\libc_nano.a(libc_a-closer.o)
                0x08006400                _close_r
 .text._lseek_r
                0x08006420       0x24 c:/siliconlabs/simplicitystudio/v5/developer/toolchains/gnu_arm/12.2.rel1_2023.7/bin/../lib/gcc/arm-none-eabi/12.2.1/thumb/v8-m.main+fp/hard\libc_nano.a(libc_a-lseekr.o)
                0x08006420                _lseek_r
 .text._read_r  0x08006444       0x24 c:/siliconlabs/simplicitystudio/v5/developer/toolchains/gnu_arm/12.2.rel1_2023.7/bin/../lib/gcc/arm-none-eabi/12.2.1/thumb/v8-m.main+fp/hard\libc_nano.a(libc_a-readr.o)
                0x08006444                _read_r
 .text._write_r
                0x08006468       0x24 c:/siliconlabs/simplicitystudio/v5/developer/toolchains/gnu_arm/12.2.rel1_2023.7/bin/../lib/gcc/arm-none-eabi/12.2.1/thumb/v8-m.main+fp/hard\libc_nano.a(libc_a-writer.o)
                0x08006468                _write_r
 .text.__libc_init_array
                0x0800648c       0x48 c:/siliconlabs/simplicitystudio/v5/developer/toolchains/gnu_arm/12.2.rel1_2023.7/bin/../lib/gcc/arm-none-eabi/12.2.1/thumb/v8-m.main+fp/hard\libc_nano.a(libc_a-init.o)
                0x0800648c                __libc_init_array
 .text._free_r  0x080064d4       0x94 c:/siliconlabs/simplicitystudio/v5/developer/toolchains/gnu_arm/12.2.rel1_2023.7/bin/../lib/gcc/arm-none-eabi/12.2.1/thumb/v8-m.main+fp/hard\libc_nano.a(libc_a-freer.o)
                0x080064d4                _free_r
 .text.malloc   0x08006568       0x10 c:/siliconlabs/simplicitystudio/v5/developer/toolchains/gnu_arm/12.2.rel1_2023.7/bin/../lib/gcc/arm-none-eabi/12.2.1/thumb/v8-m.main+fp/hard\libc_nano.a(libc_a-malloc.o)
                0x08006568                malloc
 .text.sbrk_aligned
                0x08006578       0x44 c:/siliconlabs/simplicitystudio/v5/developer/toolchains/gnu_arm/12.2.rel1_2023.7/bin/../lib/gcc/arm-none-eabi/12.2.1/thumb/v8-m.main+fp/hard\libc_nano.a(libc_a-mallocr.o)
 .text._malloc_r
                0x080065bc       0xf0 c:/siliconlabs/simplicitystudio/v5/developer/toolchains/gnu_arm/12.2.rel1_2023.7/bin/../lib/gcc/arm-none-eabi/12.2.1/thumb/v8-m.main+fp/hard\libc_nano.a(libc_a-mallocr.o)
                0x080065bc                _malloc_r
 .text.__malloc_lock
                0x080066ac        0xc c:/siliconlabs/simplicitystudio/v5/developer/toolchains/gnu_arm/12.2.rel1_2023.7/bin/../lib/gcc/arm-none-eabi/12.2.1/thumb/v8-m.main+fp/hard\libc_nano.a(libc_a-mlock.o)
                0x080066ac                __malloc_lock
 .text.__malloc_unlock
                0x080066b8        0xc c:/siliconlabs/simplicitystudio/v5/developer/toolchains/gnu_arm/12.2.rel1_2023.7/bin/../lib/gcc/arm-none-eabi/12.2.1/thumb/v8-m.main+fp/hard\libc_nano.a(libc_a-mlock.o)
                0x080066b8                __malloc_unlock
 .text._Balloc  0x080066c4       0x80 c:/siliconlabs/simplicitystudio/v5/developer/toolchains/gnu_arm/12.2.rel1_2023.7/bin/../lib/gcc/arm-none-eabi/12.2.1/thumb/v8-m.main+fp/hard\libc_nano.a(libc_a-mprec.o)
                0x080066c4                _Balloc
 .text._Bfree   0x08006744       0x44 c:/siliconlabs/simplicitystudio/v5/developer/toolchains/gnu_arm/12.2.rel1_2023.7/bin/../lib/gcc/arm-none-eabi/12.2.1/thumb/v8-m.main+fp/hard\libc_nano.a(libc_a-mprec.o)
                0x08006744                _Bfree
 .text.__multadd
                0x08006788       0x90 c:/siliconlabs/simplicitystudio/v5/developer/toolchains/gnu_arm/12.2.rel1_2023.7/bin/../lib/gcc/arm-none-eabi/12.2.1/thumb/v8-m.main+fp/hard\libc_nano.a(libc_a-mprec.o)
                0x08006788                __multadd
 .text.__i2b    0x08006818       0x2c c:/siliconlabs/simplicitystudio/v5/developer/toolchains/gnu_arm/12.2.rel1_2023.7/bin/../lib/gcc/arm-none-eabi/12.2.1/thumb/v8-m.main+fp/hard\libc_nano.a(libc_a-mprec.o)
                0x08006818                __i2b
 .text.__multiply
                0x08006844      0x154 c:/siliconlabs/simplicitystudio/v5/developer/toolchains/gnu_arm/12.2.rel1_2023.7/bin/../lib/gcc/arm-none-eabi/12.2.1/thumb/v8-m.main+fp/hard\libc_nano.a(libc_a-mprec.o)
                0x08006844                __multiply
 .text.__pow5mult
                0x08006998       0xb4 c:/siliconlabs/simplicitystudio/v5/developer/toolchains/gnu_arm/12.2.rel1_2023.7/bin/../lib/gcc/arm-none-eabi/12.2.1/thumb/v8-m.main+fp/hard\libc_nano.a(libc_a-mprec.o)
                0x08006998                __pow5mult
 .text.__lshift
                0x08006a4c       0xd8 c:/siliconlabs/simplicitystudio/v5/developer/toolchains/gnu_arm/12.2.rel1_2023.7/bin/../lib/gcc/arm-none-eabi/12.2.1/thumb/v8-m.main+fp/hard\libc_nano.a(libc_a-mprec.o)
                0x08006a4c                __lshift
 .text.__mdiff  0x08006b24      0x130 c:/siliconlabs/simplicitystudio/v5/developer/toolchains/gnu_arm/12.2.rel1_2023.7/bin/../lib/gcc/arm-none-eabi/12.2.1/thumb/v8-m.main+fp/hard\libc_nano.a(libc_a-mprec.o)
                0x08006b24                __mdiff
 .text.__d2b    0x08006c54       0xb0 c:/siliconlabs/simplicitystudio/v5/developer/toolchains/gnu_arm/12.2.rel1_2023.7/bin/../lib/gcc/arm-none-eabi/12.2.1/thumb/v8-m.main+fp/hard\libc_nano.a(libc_a-mprec.o)
                0x08006c54                __d2b
 .text._vfprintf_r
                0x08006d04      0x230 c:/siliconlabs/simplicitystudio/v5/developer/toolchains/gnu_arm/12.2.rel1_2023.7/bin/../lib/gcc/arm-none-eabi/12.2.1/thumb/v8-m.main+fp/hard\libc_nano.a(libc_a-nano-vfprintf.o)
                0x08006d04                _vfprintf_r
                0x08006d04                _vfiprintf_r
 .text._fstat_r
                0x08006f34       0x24 c:/siliconlabs/simplicitystudio/v5/developer/toolchains/gnu_arm/12.2.rel1_2023.7/bin/../lib/gcc/arm-none-eabi/12.2.1/thumb/v8-m.main+fp/hard\libc_nano.a(libc_a-fstatr.o)
                0x08006f34                _fstat_r
 .text._isatty_r
                0x08006f58       0x20 c:/siliconlabs/simplicitystudio/v5/developer/toolchains/gnu_arm/12.2.rel1_2023.7/bin/../lib/gcc/arm-none-eabi/12.2.1/thumb/v8-m.main+fp/hard\libc_nano.a(libc_a-isattyr.o)
                0x08006f58                _isatty_r
 .text._sbrk_r  0x08006f78       0x20 c:/siliconlabs/simplicitystudio/v5/developer/toolchains/gnu_arm/12.2.rel1_2023.7/bin/../lib/gcc/arm-none-eabi/12.2.1/thumb/v8-m.main+fp/hard\libc_nano.a(libc_a-sbrkr.o)
                0x08006f78                _sbrk_r
 .text.__assert_func
                0x08006f98       0x3c c:/siliconlabs/simplicitystudio/v5/developer/toolchains/gnu_arm/12.2.rel1_2023.7/bin/../lib/gcc/arm-none-eabi/12.2.1/thumb/v8-m.main+fp/hard\libc_nano.a(libc_a-assert.o)
                0x08006f98                __assert_func
 .text.fprintf  0x08006fd4       0x24 c:/siliconlabs/simplicitystudio/v5/developer/toolchains/gnu_arm/12.2.rel1_2023.7/bin/../lib/gcc/arm-none-eabi/12.2.1/thumb/v8-m.main+fp/hard\libc_nano.a(libc_a-fprintf.o)
                0x08006fd4                fiprintf
                0x08006fd4                fprintf
 .text.raise    0x08006ff8       0x10 c:/siliconlabs/simplicitystudio/v5/developer/toolchains/gnu_arm/12.2.rel1_2023.7/bin/../lib/gcc/arm-none-eabi/12.2.1/thumb/v8-m.main+fp/hard\libc_nano.a(libc_a-signal.o)
                0x08006ff8                raise
 .text._kill_r  0x08007008       0x24 c:/siliconlabs/simplicitystudio/v5/developer/toolchains/gnu_arm/12.2.rel1_2023.7/bin/../lib/gcc/arm-none-eabi/12.2.1/thumb/v8-m.main+fp/hard\libc_nano.a(libc_a-signalr.o)
                0x08007008                _kill_r
 .text          0x0800702c      0x424 c:/siliconlabs/simplicitystudio/v5/developer/toolchains/gnu_arm/12.2.rel1_2023.7/bin/../lib/gcc/arm-none-eabi/12.2.1/thumb/v8-m.main+fp/hard\libgcc.a(_arm_muldivdf3.o)
                0x0800702c                __aeabi_dmul
                0x0800702c                __muldf3
                0x08007280                __divdf3
                0x08007280                __aeabi_ddiv
 .text          0x08007450      0x110 c:/siliconlabs/simplicitystudio/v5/developer/toolchains/gnu_arm/12.2.rel1_2023.7/bin/../lib/gcc/arm-none-eabi/12.2.1/thumb/v8-m.main+fp/hard\libgcc.a(_arm_cmpdf2.o)
                0x08007450                __gtdf2
                0x08007450                __gedf2
                0x08007458                __ltdf2
                0x08007458                __ledf2
                0x08007460                __nedf2
                0x08007460                __eqdf2
                0x08007460                __cmpdf2
                0x080074dc                __aeabi_cdrcmple
                0x080074ec                __aeabi_cdcmpeq
                0x080074ec                __aeabi_cdcmple
                0x080074fc                __aeabi_dcmpeq
                0x08007510                __aeabi_dcmplt
                0x08007524                __aeabi_dcmple
                0x08007538                __aeabi_dcmpge
                0x0800754c                __aeabi_dcmpgt
 .text          0x08007560       0x2c c:/siliconlabs/simplicitystudio/v5/developer/toolchains/gnu_arm/12.2.rel1_2023.7/bin/../lib/gcc/arm-none-eabi/12.2.1/thumb/v8-m.main+fp/hard\libgcc.a(_arm_unorddf2.o)
                0x08007560                __unorddf2
                0x08007560                __aeabi_dcmpun
 .text          0x0800758c       0x50 c:/siliconlabs/simplicitystudio/v5/developer/toolchains/gnu_arm/12.2.rel1_2023.7/bin/../lib/gcc/arm-none-eabi/12.2.1/thumb/v8-m.main+fp/hard\libgcc.a(_arm_fixdfsi.o)
                0x0800758c                __aeabi_d2iz
                0x0800758c                __fixdfsi
 .text.app_process_action
                0x080075dc        0x8 ./app.o
                0x080075dc                app_process_action
 .text.startup.main
                0x080075e4       0x14 ./main.o
                0x080075e4                main
 .text.mpl_init
                0x080075f8        0x2 ./mpl.o
                0x080075f8                mpl_init
 .text.decode_rh
                0x080075fa       0x16 ./si.o
                0x080075fa                decode_rh
 .text.sl_board_default_init
                0x08007610        0x4 ./autogen/sl_board_default_init.o
                0x08007610                sl_board_default_init
 .text.sl_platform_init
                0x08007614       0x26 ./autogen/sl_event_handler.o
                0x08007614                sl_platform_init
 .text.sl_driver_init
                0x0800763a       0x16 ./autogen/sl_event_handler.o
                0x0800763a                sl_driver_init
 .text.sl_service_init
                0x08007650       0x16 ./autogen/sl_event_handler.o
                0x08007650                sl_service_init
 .text.sl_stack_init
                0x08007666        0x2 ./autogen/sl_event_handler.o
                0x08007666                sl_stack_init
 .text.sl_internal_app_init
                0x08007668        0x2 ./autogen/sl_event_handler.o
                0x08007668                sl_internal_app_init
 .text.sl_platform_process_action
                0x0800766a        0x2 ./autogen/sl_event_handler.o
                0x0800766a                sl_platform_process_action
 .text.sl_service_process_action
                0x0800766c        0x2 ./autogen/sl_event_handler.o
                0x0800766c                sl_service_process_action
 .text.sl_stack_process_action
                0x0800766e        0x2 ./autogen/sl_event_handler.o
                0x0800766e                sl_stack_process_action
 .text.sl_internal_app_process_action
                0x08007670        0x2 ./autogen/sl_event_handler.o
                0x08007670                sl_internal_app_process_action
 .text.sl_iostream_eusart_init_instances
                0x08007672        0x4 ./autogen/sl_iostream_init_eusart_instances.o
                0x08007672                sl_iostream_eusart_init_instances
 .text.EUSART0_TX_IRQHandler
                0x08007676        0x4 ./autogen/sl_iostream_init_eusart_instances.o
                0x08007676                EUSART0_TX_IRQHandler
 .text.sl_board_enable_vcom
                0x0800767a       0x12 ./gecko_sdk_4.4.1/hardware/board/src/sl_board_control_gpio.o
                0x0800767a                sl_board_enable_vcom
 .text.sl_board_configure_vcom
                0x0800768c        0x4 ./gecko_sdk_4.4.1/hardware/board/src/sl_board_control_gpio.o
                0x0800768c                sl_board_configure_vcom
 .text.sl_board_disable_vcom
                0x08007690       0x12 ./gecko_sdk_4.4.1/hardware/board/src/sl_board_control_gpio.o
                0x08007690                sl_board_disable_vcom
 .text.sl_board_init
                0x080076a2       0x1c ./gecko_sdk_4.4.1/hardware/board/src/sl_board_init.o
                0x080076a2                sl_board_init
 .text.sl_board_preinit
                0x080076be        0x8 ./gecko_sdk_4.4.1/hardware/board/src/sl_board_init.o
                0x080076be                sl_board_preinit
 .text.sli_cos_swo_itm_8_write.constprop.0.isra.0
                0x080076c6       0x78 ./gecko_sdk_4.4.1/hardware/driver/configuration_over_swo/src/sl_cos.o
 .text.sl_cos_send_config
                0x0800773e       0x12 ./gecko_sdk_4.4.1/hardware/driver/configuration_over_swo/src/sl_cos.o
                0x0800773e                sl_cos_send_config
 .text.sl_cos_config_vcom
                0x08007750       0x1e ./gecko_sdk_4.4.1/hardware/driver/configuration_over_swo/src/sl_cos.o
                0x08007750                sl_cos_config_vcom
 .text.Default_Handler
                0x0800776e        0x2 ./gecko_sdk_4.4.1/platform/Device/SiliconLabs/EFR32MG24/Source/startup_efr32mg24.o
                0x0800776e                ULFRCO_IRQHandler
                0x0800776e                AHB2AHB1_IRQHandler
                0x0800776e                SW2_IRQHandler
                0x0800776e                TIMER2_IRQHandler
                0x0800776e                DebugMon_Handler
                0x0800776e                USART0_TX_IRQHandler
                0x0800776e                IADC_IRQHandler
                0x0800776e                I2C0_IRQHandler
                0x0800776e                LFXO_IRQHandler
                0x0800776e                HardFault_Handler
                0x0800776e                SMU_SECURE_IRQHandler
                0x0800776e                SysTick_Handler
                0x0800776e                SYSRTC_SEQ_IRQHandler
                0x0800776e                EMUEFP_IRQHandler
                0x0800776e                PendSV_Handler
                0x0800776e                NMI_Handler
                0x0800776e                SYNTH_IRQHandler
                0x0800776e                HOSTMAILBOX_IRQHandler
                0x0800776e                HFXO0_IRQHandler
                0x0800776e                I2C1_IRQHandler
                0x0800776e                WDOG0_IRQHandler
                0x0800776e                TIMER3_IRQHandler
                0x0800776e                SYSCFG_IRQHandler
                0x0800776e                RFECA1_IRQHandler
                0x0800776e                EMUDG_IRQHandler
                0x0800776e                MSC_IRQHandler
                0x0800776e                DPLL0_IRQHandler
                0x0800776e                UsageFault_Handler
                0x0800776e                WDOG1_IRQHandler
                0x0800776e                M33CTI1_IRQHandler
                0x0800776e                TIMER4_IRQHandler
                0x0800776e                GPIO_EVEN_IRQHandler
                0x0800776e                VDAC0_IRQHandler
                0x0800776e                SEMBTX_IRQHandler
                0x0800776e                SW0_IRQHandler
                0x0800776e                TIMER0_IRQHandler
                0x0800776e                MVP_IRQHandler
                0x0800776e                LETIMER0_IRQHandler
                0x0800776e                EUSART1_RX_IRQHandler
                0x0800776e                TIMER1_IRQHandler
                0x0800776e                HFRCO0_IRQHandler
                0x0800776e                SecureFault_Handler
                0x0800776e                BUFC_IRQHandler
                0x0800776e                DCDC_IRQHandler
                0x0800776e                MODEM_IRQHandler
                0x0800776e                Default_Handler
                0x0800776e                RAC_SEQ_IRQHandler
                0x0800776e                FRC_PRI_IRQHandler
                0x0800776e                EMU_IRQHandler
                0x0800776e                SW3_IRQHandler
                0x0800776e                KERNEL0_IRQHandler
                0x0800776e                FRC_IRQHandler
                0x0800776e                PCNT0_IRQHandler
                0x0800776e                KERNEL1_IRQHandler
                0x0800776e                AGC_IRQHandler
                0x0800776e                EUSART1_TX_IRQHandler
                0x0800776e                KEYSCAN_IRQHandler
                0x0800776e                sl_app_properties
                0x0800776e                HFRCOEM23_IRQHandler
                0x0800776e                BURTC_IRQHandler
                0x0800776e                SEMBRX_IRQHandler
                0x0800776e                RFECA0_IRQHandler
                0x0800776e                LFRCO_IRQHandler
                0x0800776e                VDAC1_IRQHandler
                0x0800776e                ACMP0_IRQHandler
                0x0800776e                USART0_RX_IRQHandler
                0x0800776e                MemManage_Handler
                0x0800776e                AHB2AHB0_IRQHandler
                0x0800776e                SVC_Handler
                0x0800776e                SMU_S_PRIVILEGED_IRQHandler
                0x0800776e                SW1_IRQHandler
                0x0800776e                CMU_IRQHandler
                0x0800776e                RAC_RSM_IRQHandler
                0x0800776e                SETAMPERHOST_IRQHandler
                0x0800776e                GPIO_ODD_IRQHandler
                0x0800776e                AES_IRQHandler
                0x0800776e                M33CTI0_IRQHandler
                0x0800776e                ICACHE0_IRQHandler
                0x0800776e                SMU_NS_PRIVILEGED_IRQHandler
                0x0800776e                FPUEXH_IRQHandler
                0x0800776e                PROTIMER_IRQHandler
                0x0800776e                ACMP1_IRQHandler
                0x0800776e                BusFault_Handler
                0x0800776e                MPAHBRAM_IRQHandler
 .text.FlashToRamCopy
                0x08007770       0x16 ./gecko_sdk_4.4.1/platform/Device/SiliconLabs/EFR32MG24/Source/system_efr32mg24.o
                0x08007770                FlashToRamCopy
 .text.SystemCLKIN0Get
                0x08007786        0x4 ./gecko_sdk_4.4.1/platform/Device/SiliconLabs/EFR32MG24/Source/system_efr32mg24.o
                0x08007786                SystemCLKIN0Get
 .text.SystemLFRCOClockGet
                0x0800778a        0x6 ./gecko_sdk_4.4.1/platform/Device/SiliconLabs/EFR32MG24/Source/system_efr32mg24.o
                0x0800778a                SystemLFRCOClockGet
 .text.SystemULFRCOClockGet
                0x08007790        0x6 ./gecko_sdk_4.4.1/platform/Device/SiliconLabs/EFR32MG24/Source/system_efr32mg24.o
                0x08007790                SystemULFRCOClockGet
 .text.assertEFM
                0x08007796        0x2 ./gecko_sdk_4.4.1/platform/common/src/sl_assert.o
                0x08007796                assertEFM
 .text.sl_debug_swo_enable_itm
                0x08007798       0x16 ./gecko_sdk_4.4.1/platform/driver/debug/src/sl_debug_swo.o
                0x08007798                sl_debug_swo_enable_itm
 .text.sl_debug_swo_disable_itm
                0x080077ae       0x18 ./gecko_sdk_4.4.1/platform/driver/debug/src/sl_debug_swo.o
                0x080077ae                sl_debug_swo_disable_itm
 .text.sl_led_init
                0x080077c6        0x6 ./gecko_sdk_4.4.1/platform/driver/leddrv/src/sl_led.o
                0x080077c6                sl_led_init
 .text.sl_simple_led_init
                0x080077cc       0x22 ./gecko_sdk_4.4.1/platform/driver/leddrv/src/sl_simple_led.o
                0x080077cc                sl_simple_led_init
 .text.sl_simple_led_turn_on
                0x080077ee       0x12 ./gecko_sdk_4.4.1/platform/driver/leddrv/src/sl_simple_led.o
                0x080077ee                sl_simple_led_turn_on
 .text.sl_simple_led_turn_off
                0x08007800       0x12 ./gecko_sdk_4.4.1/platform/driver/leddrv/src/sl_simple_led.o
                0x08007800                sl_simple_led_turn_off
 .text.DMADRV_PeripheralMemory
                0x08007812       0x34 ./gecko_sdk_4.4.1/platform/emdrv/dmadrv/src/dmadrv.o
                0x08007812                DMADRV_PeripheralMemory
 .text.BUS_RegMaskedWrite
                0x08007846       0x1e ./gecko_sdk_4.4.1/platform/emlib/src/em_cmu.o
 .text.waitStateMax
                0x08007864       0x10 ./gecko_sdk_4.4.1/platform/emlib/src/em_cmu.o
 .text.CMU_UpdateWaitStates
                0x08007874        0xc ./gecko_sdk_4.4.1/platform/emlib/src/em_cmu.o
                0x08007874                CMU_UpdateWaitStates
 .text.pclkDivMax
                0x08007880        0xa ./gecko_sdk_4.4.1/platform/emlib/src/em_cmu.o
 .text.sli_em_cmu_SYSCLKInitPostClockSelect
                0x0800788a       0x2a ./gecko_sdk_4.4.1/platform/emlib/src/em_cmu.o
                0x0800788a                sli_em_cmu_SYSCLKInitPostClockSelect
 .text.CORE_EnterCritical
                0x080078b4        0x8 ./gecko_sdk_4.4.1/platform/emlib/src/em_core.o
                0x080078b4                CORE_EnterCritical
 .text.CORE_ExitCritical
                0x080078bc        0x6 ./gecko_sdk_4.4.1/platform/emlib/src/em_core.o
                0x080078bc                CORE_ExitCritical
 .text.CORE_EnterAtomic
                0x080078c2        0xc ./gecko_sdk_4.4.1/platform/emlib/src/em_core.o
                0x080078c2                CORE_EnterAtomic
 .text.CORE_ExitAtomic
                0x080078ce        0x6 ./gecko_sdk_4.4.1/platform/emlib/src/em_core.o
                0x080078ce                CORE_ExitAtomic
 .text.EMU_EFPEM01VScale
                0x080078d4        0x2 ./gecko_sdk_4.4.1/platform/emlib/src/em_emu.o
                0x080078d4                EMU_EFPEM01VScale
 .text.EMU_DCDCUpdatedHook
                0x080078d6        0x2 ./gecko_sdk_4.4.1/platform/emlib/src/em_emu.o
                0x080078d6                EMU_DCDCUpdatedHook
 .text.eusart_sync
                0x080078d8        0x8 ./gecko_sdk_4.4.1/platform/emlib/src/em_eusart.o
 .text.EUSART_Disable
                0x080078e0       0x34 ./gecko_sdk_4.4.1/platform/emlib/src/em_eusart.o
 .text.EUSART_Tx
                0x08007914        0xa ./gecko_sdk_4.4.1/platform/emlib/src/em_eusart.o
                0x08007914                EUSART_Tx
 .text.BUS_RegMaskedWrite
                0x0800791e       0x1e ./gecko_sdk_4.4.1/platform/emlib/src/em_gpio.o
 .text.GPIO_DbgLocationSet
                0x0800793c        0x2 ./gecko_sdk_4.4.1/platform/emlib/src/em_gpio.o
                0x0800793c                GPIO_DbgLocationSet
 .text.USART_SpiTransfer
                0x0800793e       0x14 ./gecko_sdk_4.4.1/platform/emlib/src/em_usart.o
                0x0800793e                USART_SpiTransfer
 .text.sl_iostream_write
                0x08007952       0x22 ./gecko_sdk_4.4.1/platform/service/iostream/src/sl_iostream.o
                0x08007952                sl_iostream_write
 .text.sl_iostream_read
                0x08007974       0x30 ./gecko_sdk_4.4.1/platform/service/iostream/src/sl_iostream.o
                0x08007974                sl_iostream_read
 .text.eusart_deinit
                0x080079a4       0x70 ./gecko_sdk_4.4.1/platform/service/iostream/src/sl_iostream_eusart.o
 .text.eusart_set_next_byte_detect
                0x08007a14       0x30 ./gecko_sdk_4.4.1/platform/service/iostream/src/sl_iostream_eusart.o
 .text.eusart_tx
                0x08007a44        0xc ./gecko_sdk_4.4.1/platform/service/iostream/src/sl_iostream_eusart.o
 .text.sl_iostream_eusart_irq_handler
                0x08007a50       0x72 ./gecko_sdk_4.4.1/platform/service/iostream/src/sl_iostream_eusart.o
                0x08007a50                sl_iostream_eusart_irq_handler
 .text._close   0x08007ac2        0x4 ./gecko_sdk_4.4.1/platform/service/iostream/src/sl_iostream_retarget_stdio.o
                0x08007ac2                _close
 .text._exit    0x08007ac6        0x2 ./gecko_sdk_4.4.1/platform/service/iostream/src/sl_iostream_retarget_stdio.o
                0x08007ac6                _exit
 .text._fstat   0x08007ac8        0xa ./gecko_sdk_4.4.1/platform/service/iostream/src/sl_iostream_retarget_stdio.o
                0x08007ac8                _fstat
 .text._getpid  0x08007ad2        0x4 ./gecko_sdk_4.4.1/platform/service/iostream/src/sl_iostream_retarget_stdio.o
                0x08007ad2                _getpid
 .text._isatty  0x08007ad6        0x4 ./gecko_sdk_4.4.1/platform/service/iostream/src/sl_iostream_retarget_stdio.o
                0x08007ad6                _isatty
 .text._kill    0x08007ada        0x6 ./gecko_sdk_4.4.1/platform/service/iostream/src/sl_iostream_retarget_stdio.o
                0x08007ada                _kill
 .text._lseek   0x08007ae0        0x4 ./gecko_sdk_4.4.1/platform/service/iostream/src/sl_iostream_retarget_stdio.o
                0x08007ae0                _lseek
 .text._read    0x08007ae4       0x1c ./gecko_sdk_4.4.1/platform/service/iostream/src/sl_iostream_retarget_stdio.o
                0x08007ae4                _read
 .text.set_auto_cr_lf
                0x08007b00        0x6 ./gecko_sdk_4.4.1/platform/service/iostream/src/sl_iostream_uart.o
 .text.get_auto_cr_lf
                0x08007b06        0x6 ./gecko_sdk_4.4.1/platform/service/iostream/src/sl_iostream_uart.o
 .text.delay_callback
                0x08007b0c        0x6 ./gecko_sdk_4.4.1/platform/service/sleeptimer/src/sl_sleeptimer.o
 .text.sl_sleeptimer_start_timer
                0x08007b12       0x48 ./gecko_sdk_4.4.1/platform/service/sleeptimer/src/sl_sleeptimer.o
                0x08007b12                sl_sleeptimer_start_timer
 .text.sl_sleeptimer_start_periodic_timer
                0x08007b5a       0x4a ./gecko_sdk_4.4.1/platform/service/sleeptimer/src/sl_sleeptimer.o
                0x08007b5a                sl_sleeptimer_start_periodic_timer
 .text.sleeptimer_hal_get_compare
                0x08007ba4        0x8 ./gecko_sdk_4.4.1/platform/service/sleeptimer/src/sl_sleeptimer_hal_sysrtc.o
                0x08007ba4                sleeptimer_hal_get_compare
 .text.sleeptimer_hal_enable_int
                0x08007bac       0x12 ./gecko_sdk_4.4.1/platform/service/sleeptimer/src/sl_sleeptimer_hal_sysrtc.o
                0x08007bac                sleeptimer_hal_enable_int
 .text.SYSRTC_APP_IRQHandler
                0x08007bbe       0x34 ./gecko_sdk_4.4.1/platform/service/sleeptimer/src/sl_sleeptimer_hal_sysrtc.o
                0x08007bbe                SYSRTC_APP_IRQHandler
 .text.sleeptimer_hal_get_timer_frequency
                0x08007bf2        0x6 ./gecko_sdk_4.4.1/platform/service/sleeptimer/src/sl_sleeptimer_hal_sysrtc.o
                0x08007bf2                sleeptimer_hal_get_timer_frequency
 .text.sl_system_init
                0x08007bf8       0x1a ./gecko_sdk_4.4.1/platform/service/system/src/sl_system_init.o
                0x08007bf8                sl_system_init
 .text.sl_system_process_action
                0x08007c12       0x16 ./gecko_sdk_4.4.1/platform/service/system/src/sl_system_process_action.o
                0x08007c12                sl_system_process_action
 .text.__cvt    0x08007c28       0xd0 c:/siliconlabs/simplicitystudio/v5/developer/toolchains/gnu_arm/12.2.rel1_2023.7/bin/../lib/gcc/arm-none-eabi/12.2.1/thumb/v8-m.main+fp/hard\libc_nano.a(libc_a-nano-vfprintf_float.o)
                0x08007c28                __cvt
 .text.__exponent
                0x08007cf8       0x72 c:/siliconlabs/simplicitystudio/v5/developer/toolchains/gnu_arm/12.2.rel1_2023.7/bin/../lib/gcc/arm-none-eabi/12.2.1/thumb/v8-m.main+fp/hard\libc_nano.a(libc_a-nano-vfprintf_float.o)
                0x08007cf8                __exponent
 .text._printf_common
                0x08007d6a       0xe4 c:/siliconlabs/simplicitystudio/v5/developer/toolchains/gnu_arm/12.2.rel1_2023.7/bin/../lib/gcc/arm-none-eabi/12.2.1/thumb/v8-m.main+fp/hard\libc_nano.a(libc_a-nano-vfprintf_i.o)
                0x08007d6a                _printf_common
 .text._fwalk_sglue
                0x08007e4e       0x3c c:/siliconlabs/simplicitystudio/v5/developer/toolchains/gnu_arm/12.2.rel1_2023.7/bin/../lib/gcc/arm-none-eabi/12.2.1/thumb/v8-m.main+fp/hard\libc_nano.a(libc_a-fwalk.o)
                0x08007e4e                _fwalk_sglue
 .text._puts_r  0x08007e8a       0xaa c:/siliconlabs/simplicitystudio/v5/developer/toolchains/gnu_arm/12.2.rel1_2023.7/bin/../lib/gcc/arm-none-eabi/12.2.1/thumb/v8-m.main+fp/hard\libc_nano.a(libc_a-puts.o)
                0x08007e8a                _puts_r
 .text.__sread  0x08007f34       0x22 c:/siliconlabs/simplicitystudio/v5/developer/toolchains/gnu_arm/12.2.rel1_2023.7/bin/../lib/gcc/arm-none-eabi/12.2.1/thumb/v8-m.main+fp/hard\libc_nano.a(libc_a-stdio.o)
                0x08007f34                __sread
 .text.__swrite
                0x08007f56       0x38 c:/siliconlabs/simplicitystudio/v5/developer/toolchains/gnu_arm/12.2.rel1_2023.7/bin/../lib/gcc/arm-none-eabi/12.2.1/thumb/v8-m.main+fp/hard\libc_nano.a(libc_a-stdio.o)
                0x08007f56                __swrite
 .text.__sseek  0x08007f8e       0x24 c:/siliconlabs/simplicitystudio/v5/developer/toolchains/gnu_arm/12.2.rel1_2023.7/bin/../lib/gcc/arm-none-eabi/12.2.1/thumb/v8-m.main+fp/hard\libc_nano.a(libc_a-stdio.o)
                0x08007f8e                __sseek
 .text.__sclose
                0x08007fb2        0x8 c:/siliconlabs/simplicitystudio/v5/developer/toolchains/gnu_arm/12.2.rel1_2023.7/bin/../lib/gcc/arm-none-eabi/12.2.1/thumb/v8-m.main+fp/hard\libc_nano.a(libc_a-stdio.o)
                0x08007fb2                __sclose
 .text.__swbuf_r
                0x08007fba       0x7c c:/siliconlabs/simplicitystudio/v5/developer/toolchains/gnu_arm/12.2.rel1_2023.7/bin/../lib/gcc/arm-none-eabi/12.2.1/thumb/v8-m.main+fp/hard\libc_nano.a(libc_a-wbuf.o)
                0x08007fba                __swbuf_r
 .text.memset   0x08008036       0x10 c:/siliconlabs/simplicitystudio/v5/developer/toolchains/gnu_arm/12.2.rel1_2023.7/bin/../lib/gcc/arm-none-eabi/12.2.1/thumb/v8-m.main+fp/hard\libc_nano.a(libc_a-memset.o)
                0x08008036                memset
 .text.__retarget_lock_init_recursive
                0x08008046        0x2 c:/siliconlabs/simplicitystudio/v5/developer/toolchains/gnu_arm/12.2.rel1_2023.7/bin/../lib/gcc/arm-none-eabi/12.2.1/thumb/v8-m.main+fp/hard\libc_nano.a(libc_a-lock.o)
                0x08008046                __retarget_lock_init_recursive
 .text.__retarget_lock_acquire_recursive
                0x08008048        0x2 c:/siliconlabs/simplicitystudio/v5/developer/toolchains/gnu_arm/12.2.rel1_2023.7/bin/../lib/gcc/arm-none-eabi/12.2.1/thumb/v8-m.main+fp/hard\libc_nano.a(libc_a-lock.o)
                0x08008048                __retarget_lock_acquire_recursive
 .text.__retarget_lock_release_recursive
                0x0800804a        0x2 c:/siliconlabs/simplicitystudio/v5/developer/toolchains/gnu_arm/12.2.rel1_2023.7/bin/../lib/gcc/arm-none-eabi/12.2.1/thumb/v8-m.main+fp/hard\libc_nano.a(libc_a-lock.o)
                0x0800804a                __retarget_lock_release_recursive
 .text.memchr   0x0800804c       0x1c c:/siliconlabs/simplicitystudio/v5/developer/toolchains/gnu_arm/12.2.rel1_2023.7/bin/../lib/gcc/arm-none-eabi/12.2.1/thumb/v8-m.main+fp/hard\libc_nano.a(libc_a-memchr-stub.o)
                0x0800804c                memchr
 .text.memcpy   0x08008068       0x1a c:/siliconlabs/simplicitystudio/v5/developer/toolchains/gnu_arm/12.2.rel1_2023.7/bin/../lib/gcc/arm-none-eabi/12.2.1/thumb/v8-m.main+fp/hard\libc_nano.a(libc_a-memcpy-stub.o)
                0x08008068                memcpy
 .text          0x08008082       0x10 c:/siliconlabs/simplicitystudio/v5/developer/toolchains/gnu_arm/12.2.rel1_2023.7/bin/../lib/gcc/arm-none-eabi/12.2.1/thumb/v8-m.main+fp/hard\libc_nano.a(libc_a-strlen.o)
                0x08008082                strlen
 .text.quorem   0x08008092      0x11a c:/siliconlabs/simplicitystudio/v5/developer/toolchains/gnu_arm/12.2.rel1_2023.7/bin/../lib/gcc/arm-none-eabi/12.2.1/thumb/v8-m.main+fp/hard\libc_nano.a(libc_a-dtoa.o)
 .text.__hi0bits
                0x080081ac       0x44 c:/siliconlabs/simplicitystudio/v5/developer/toolchains/gnu_arm/12.2.rel1_2023.7/bin/../lib/gcc/arm-none-eabi/12.2.1/thumb/v8-m.main+fp/hard\libc_nano.a(libc_a-mprec.o)
                0x080081ac                __hi0bits
 .text.__lo0bits
                0x080081f0       0x5a c:/siliconlabs/simplicitystudio/v5/developer/toolchains/gnu_arm/12.2.rel1_2023.7/bin/../lib/gcc/arm-none-eabi/12.2.1/thumb/v8-m.main+fp/hard\libc_nano.a(libc_a-mprec.o)
                0x080081f0                __lo0bits
 .text.__mcmp   0x0800824a       0x36 c:/siliconlabs/simplicitystudio/v5/developer/toolchains/gnu_arm/12.2.rel1_2023.7/bin/../lib/gcc/arm-none-eabi/12.2.1/thumb/v8-m.main+fp/hard\libc_nano.a(libc_a-mprec.o)
                0x0800824a                __mcmp
 .text.__sfputc_r
                0x08008280       0x2e c:/siliconlabs/simplicitystudio/v5/developer/toolchains/gnu_arm/12.2.rel1_2023.7/bin/../lib/gcc/arm-none-eabi/12.2.1/thumb/v8-m.main+fp/hard\libc_nano.a(libc_a-nano-vfprintf.o)
 .text.__sfputs_r
                0x080082ae       0x24 c:/siliconlabs/simplicitystudio/v5/developer/toolchains/gnu_arm/12.2.rel1_2023.7/bin/../lib/gcc/arm-none-eabi/12.2.1/thumb/v8-m.main+fp/hard\libc_nano.a(libc_a-nano-vfprintf.o)
                0x080082ae                __sfputs_r
 .text.__sflush_r
                0x080082d2      0x106 c:/siliconlabs/simplicitystudio/v5/developer/toolchains/gnu_arm/12.2.rel1_2023.7/bin/../lib/gcc/arm-none-eabi/12.2.1/thumb/v8-m.main+fp/hard\libc_nano.a(libc_a-fflush.o)
                0x080082d2                __sflush_r
 .text._fflush_r
                0x080083d8       0x50 c:/siliconlabs/simplicitystudio/v5/developer/toolchains/gnu_arm/12.2.rel1_2023.7/bin/../lib/gcc/arm-none-eabi/12.2.1/thumb/v8-m.main+fp/hard\libc_nano.a(libc_a-fflush.o)
                0x080083d8                _fflush_r
 .text.__swhatbuf_r
                0x08008428       0x4a c:/siliconlabs/simplicitystudio/v5/developer/toolchains/gnu_arm/12.2.rel1_2023.7/bin/../lib/gcc/arm-none-eabi/12.2.1/thumb/v8-m.main+fp/hard\libc_nano.a(libc_a-makebuf.o)
                0x08008428                __swhatbuf_r
 .text.__smakebuf_r
                0x08008472       0x78 c:/siliconlabs/simplicitystudio/v5/developer/toolchains/gnu_arm/12.2.rel1_2023.7/bin/../lib/gcc/arm-none-eabi/12.2.1/thumb/v8-m.main+fp/hard\libc_nano.a(libc_a-makebuf.o)
                0x08008472                __smakebuf_r
 .text._putc_r  0x080084ea       0x68 c:/siliconlabs/simplicitystudio/v5/developer/toolchains/gnu_arm/12.2.rel1_2023.7/bin/../lib/gcc/arm-none-eabi/12.2.1/thumb/v8-m.main+fp/hard\libc_nano.a(libc_a-putc.o)
                0x080084ea                _putc_r
 .text._calloc_r
                0x08008552       0x28 c:/siliconlabs/simplicitystudio/v5/developer/toolchains/gnu_arm/12.2.rel1_2023.7/bin/../lib/gcc/arm-none-eabi/12.2.1/thumb/v8-m.main+fp/hard\libc_nano.a(libc_a-callocr.o)
                0x08008552                _calloc_r
 .text.__ascii_mbtowc
                0x0800857a       0x24 c:/siliconlabs/simplicitystudio/v5/developer/toolchains/gnu_arm/12.2.rel1_2023.7/bin/../lib/gcc/arm-none-eabi/12.2.1/thumb/v8-m.main+fp/hard\libc_nano.a(libc_a-mbtowc_r.o)
                0x0800857a                __ascii_mbtowc
 .text.__ascii_wctomb
                0x0800859e       0x1a c:/siliconlabs/simplicitystudio/v5/developer/toolchains/gnu_arm/12.2.rel1_2023.7/bin/../lib/gcc/arm-none-eabi/12.2.1/thumb/v8-m.main+fp/hard\libc_nano.a(libc_a-wctomb_r.o)
                0x0800859e                __ascii_wctomb
 .text.abort    0x080085b8        0xe c:/siliconlabs/simplicitystudio/v5/developer/toolchains/gnu_arm/12.2.rel1_2023.7/bin/../lib/gcc/arm-none-eabi/12.2.1/thumb/v8-m.main+fp/hard\libc_nano.a(libc_a-abort.o)
                0x080085b8                abort
 .text._raise_r
                0x080085c6       0x50 c:/siliconlabs/simplicitystudio/v5/developer/toolchains/gnu_arm/12.2.rel1_2023.7/bin/../lib/gcc/arm-none-eabi/12.2.1/thumb/v8-m.main+fp/hard\libc_nano.a(libc_a-signal.o)
                0x080085c6                _raise_r
 .text._getpid_r
                0x08008616        0x4 c:/siliconlabs/simplicitystudio/v5/developer/toolchains/gnu_arm/12.2.rel1_2023.7/bin/../lib/gcc/arm-none-eabi/12.2.1/thumb/v8-m.main+fp/hard\libc_nano.a(libc_a-signalr.o)
                0x08008616                _getpid_r
                0x08008620                . = ALIGN (0x20)
 *fill*         0x0800861a        0x6 
                0x08008620                linker_code_end = .
 *(.init)
 .init          0x08008620        0x4 c:/siliconlabs/simplicitystudio/v5/developer/toolchains/gnu_arm/12.2.rel1_2023.7/bin/../lib/gcc/arm-none-eabi/12.2.1/thumb/v8-m.main+fp/hard/crti.o
                0x08008620                _init
 .init          0x08008624        0x8 c:/siliconlabs/simplicitystudio/v5/developer/toolchains/gnu_arm/12.2.rel1_2023.7/bin/../lib/gcc/arm-none-eabi/12.2.1/thumb/v8-m.main+fp/hard/crtn.o
 *(.fini)
 .fini          0x0800862c        0x4 c:/siliconlabs/simplicitystudio/v5/developer/toolchains/gnu_arm/12.2.rel1_2023.7/bin/../lib/gcc/arm-none-eabi/12.2.1/thumb/v8-m.main+fp/hard/crti.o
                0x0800862c                _fini
 .fini          0x08008630        0x8 c:/siliconlabs/simplicitystudio/v5/developer/toolchains/gnu_arm/12.2.rel1_2023.7/bin/../lib/gcc/arm-none-eabi/12.2.1/thumb/v8-m.main+fp/hard/crtn.o
 *crtbegin.o(.ctors)
 *crtbegin?.o(.ctors)
 *(EXCLUDE_FILE(*crtend.o *crtend?.o) .ctors)
 *(SORT_BY_NAME(.ctors.*))
 *(.ctors)
 *crtbegin.o(.dtors)
 *crtbegin?.o(.dtors)
 *(EXCLUDE_FILE(*crtend.o *crtend?.o) .dtors)
 *(SORT_BY_NAME(.dtors.*))
 *(.dtors)
                0x08008638                __code_classification_validator_start__ = .
                0x08008658                . = (. + 0x20)
 *fill*         0x08008638       0x20 
 *(code_classification_validator)
                0x08008660                . = ALIGN (0x20)
 *fill*         0x08008658        0x8 
                0x08008660                __code_classification_validator_end__ = .
 *(.rodata*)
 .rodata.app_init.str1.1
                0x08008660      0x12e ./app.o
                                0x130 (size before relaxing)
 .rodata.AS7331_ChangeMode.str1.1
                0x0800878e        0x8 ./as.o
 .rodata.as_dev_id.str1.1
                0x08008796       0x21 ./as.o
 .rodata.as_init.str1.1
                0x080087b7      0x106 ./as.o
 .rodata.mpl_dev_id.str1.1
                0x080088bd       0x13 ./mpl.o
                                 0x2d (size before relaxing)
 .rodata.SI7021_measure.constprop.0.str1.1
                0x080088d0        0x8 ./si.o
 .rodata.si_dev_id.str1.1
                0x080088d8        0x7 ./si.o
                                 0x21 (size before relaxing)
 .rodata.sl_iostream_eusart_init_vcom.str1.1
                0x080088df       0x2f ./autogen/sl_iostream_init_eusart_instances.o
 *fill*         0x0800890e        0x2 
 .rodata        0x08008910       0x20 ./autogen/sl_iostream_init_eusart_instances.o
 .rodata.sl_led_led1
                0x08008930       0x18 ./autogen/sl_simple_led_instances.o
                0x08008930                sl_led_led1
 .rodata.sl_led_led0
                0x08008948       0x18 ./autogen/sl_simple_led_instances.o
                0x08008948                sl_led_led0
 .rodata.sl_board_enable_sensor.str1.1
                0x08008960       0x3e ./gecko_sdk_4.4.1/hardware/board/src/sl_board_control_gpio.o
 *fill*         0x0800899e        0x2 
 .rodata        0x080089a0       0x1c ./gecko_sdk_4.4.1/hardware/driver/mx25_flash_shutdown/src/sl_mx25_flash_shutdown_usart/sl_mx25_flash_shutdown.o
 .rodata.I2CSPM_Init.str1.1
                0x080089bc       0x9f ./gecko_sdk_4.4.1/platform/driver/i2cspm/src/sl_i2cspm.o
 *fill*         0x08008a5b        0x1 
 .rodata.CSWTCH.10
                0x08008a5c        0x8 ./gecko_sdk_4.4.1/platform/driver/i2cspm/src/sl_i2cspm.o
 .rodata.GPIO_PinOutClear.str1.1
                0x08008a64       0x65 ./gecko_sdk_4.4.1/platform/driver/leddrv/src/sl_simple_led.o
 .rodata.CSWTCH.18
                0x08008a64        0x8 ./gecko_sdk_4.4.1/platform/driver/leddrv/src/sl_simple_led.o
 .rodata        0x08008a6c        0x4 ./gecko_sdk_4.4.1/platform/emdrv/dmadrv/src/dmadrv.o
 .rodata.HFRCODPLLDevinfoGet.str1.1
                0x08008a70       0x2f ./gecko_sdk_4.4.1/platform/emlib/src/em_cmu.o
 .rodata.EMU_VScaleEM01.str1.1
                0x08008a9f       0x2f ./gecko_sdk_4.4.1/platform/emlib/src/em_emu.o
 .rodata.EUSART_Enable.str1.1
                0x08008ace       0x32 ./gecko_sdk_4.4.1/platform/emlib/src/em_eusart.o
 .rodata.GPIO_PinOutSet.str1.1
                0x08008b00       0x65 ./gecko_sdk_4.4.1/platform/emlib/src/em_gpio.o
 .rodata.GPIO_ExtIntConfig.str1.1
                0x08008b00       0x30 ./gecko_sdk_4.4.1/platform/emlib/src/em_gpio.o
 .rodata.CSWTCH.31
                0x08008b30        0x8 ./gecko_sdk_4.4.1/platform/emlib/src/em_gpio.o
 .rodata.I2C_BusFreqGet.str1.1
                0x08008b38       0x2f ./gecko_sdk_4.4.1/platform/emlib/src/em_i2c.o
 .rodata.i2cNSum
                0x08008b67        0x4 ./gecko_sdk_4.4.1/platform/emlib/src/em_i2c.o
 .rodata.LDMA_EnableChannelRequest.str1.1
                0x08008b6b       0x94 ./gecko_sdk_4.4.1/platform/emlib/src/em_ldma.o
 .rodata.USART_BaudrateAsyncSet.str1.1
                0x08008bff       0x31 ./gecko_sdk_4.4.1/platform/emlib/src/em_usart.o
 .rodata.sl_hal_sysrtc_init_group.str1.1
                0x08008c30       0x3f ./gecko_sdk_4.4.1/platform/peripheral/src/peripheral_sysrtc.o
 .rodata        0x08008c6f        0x7 ./gecko_sdk_4.4.1/platform/service/device_init/src/sl_device_init_dcdc_s2.o
 *fill*         0x08008c76        0x2 
 .rodata        0x08008c78       0x28 ./gecko_sdk_4.4.1/platform/service/device_init/src/sl_device_init_hfxo_s2.o
 .rodata        0x08008ca0       0x14 ./gecko_sdk_4.4.1/platform/service/device_init/src/sl_device_init_lfxo_s2.o
 .rodata._write.str1.1
                0x08008cb4       0x4e ./gecko_sdk_4.4.1/platform/service/iostream/src/sl_iostream_retarget_stdio.o
 .rodata.get_write_ptr.str1.1
                0x08008d02       0x44 ./gecko_sdk_4.4.1/platform/service/iostream/src/sl_iostream_uart.o
 .rodata.process_timer_irq.str1.1
                0x08008d46       0x43 ./gecko_sdk_4.4.1/platform/service/sleeptimer/src/sl_sleeptimer.o
 .rodata.sl_udelay_wait.str1.1
                0x08008d89       0x3b ./gecko_sdk_4.4.1/platform/service/udelay/src/sl_udelay.o
 .rodata._ctype_
                0x08008dc4      0x101 c:/siliconlabs/simplicitystudio/v5/developer/toolchains/gnu_arm/12.2.rel1_2023.7/bin/../lib/gcc/arm-none-eabi/12.2.1/thumb/v8-m.main+fp/hard\libc_nano.a(libc_a-ctype_.o)
                0x08008dc4                _ctype_
 .rodata._printf_float.str1.1
                0x08008ec5       0x12 c:/siliconlabs/simplicitystudio/v5/developer/toolchains/gnu_arm/12.2.rel1_2023.7/bin/../lib/gcc/arm-none-eabi/12.2.1/thumb/v8-m.main+fp/hard\libc_nano.a(libc_a-nano-vfprintf_float.o)
 .rodata._printf_i.str1.1
                0x08008ed7       0x22 c:/siliconlabs/simplicitystudio/v5/developer/toolchains/gnu_arm/12.2.rel1_2023.7/bin/../lib/gcc/arm-none-eabi/12.2.1/thumb/v8-m.main+fp/hard\libc_nano.a(libc_a-nano-vfprintf_i.o)
 .rodata._dtoa_r.str1.1
                0x08008ef9       0x8e c:/siliconlabs/simplicitystudio/v5/developer/toolchains/gnu_arm/12.2.rel1_2023.7/bin/../lib/gcc/arm-none-eabi/12.2.1/thumb/v8-m.main+fp/hard\libc_nano.a(libc_a-dtoa.o)
                                 0x90 (size before relaxing)
 .rodata._Balloc.str1.1
                0x08008f87       0x5a c:/siliconlabs/simplicitystudio/v5/developer/toolchains/gnu_arm/12.2.rel1_2023.7/bin/../lib/gcc/arm-none-eabi/12.2.1/thumb/v8-m.main+fp/hard\libc_nano.a(libc_a-mprec.o)
                                 0x71 (size before relaxing)
 .rodata.__multadd.str1.1
                0x08008fe1       0x11 c:/siliconlabs/simplicitystudio/v5/developer/toolchains/gnu_arm/12.2.rel1_2023.7/bin/../lib/gcc/arm-none-eabi/12.2.1/thumb/v8-m.main+fp/hard\libc_nano.a(libc_a-mprec.o)
 *fill*         0x08008fe1        0x3 
 .rodata.p05.0  0x08008fe4        0xc c:/siliconlabs/simplicitystudio/v5/developer/toolchains/gnu_arm/12.2.rel1_2023.7/bin/../lib/gcc/arm-none-eabi/12.2.1/thumb/v8-m.main+fp/hard\libc_nano.a(libc_a-mprec.o)
 .rodata.__mprec_bigtens
                0x08008ff0       0x28 c:/siliconlabs/simplicitystudio/v5/developer/toolchains/gnu_arm/12.2.rel1_2023.7/bin/../lib/gcc/arm-none-eabi/12.2.1/thumb/v8-m.main+fp/hard\libc_nano.a(libc_a-mprec.o)
                0x08008ff0                __mprec_bigtens
 .rodata.__mprec_tens
                0x08009018       0xc8 c:/siliconlabs/simplicitystudio/v5/developer/toolchains/gnu_arm/12.2.rel1_2023.7/bin/../lib/gcc/arm-none-eabi/12.2.1/thumb/v8-m.main+fp/hard\libc_nano.a(libc_a-mprec.o)
                0x08009018                __mprec_tens
 .rodata._vfprintf_r.str1.1
                0x080090e0       0x11 c:/siliconlabs/simplicitystudio/v5/developer/toolchains/gnu_arm/12.2.rel1_2023.7/bin/../lib/gcc/arm-none-eabi/12.2.1/thumb/v8-m.main+fp/hard\libc_nano.a(libc_a-nano-vfprintf.o)
 .rodata._setlocale_r.str1.1
                0x080090f1        0x8 c:/siliconlabs/simplicitystudio/v5/developer/toolchains/gnu_arm/12.2.rel1_2023.7/bin/../lib/gcc/arm-none-eabi/12.2.1/thumb/v8-m.main+fp/hard\libc_nano.a(libc_a-locale.o)
                                  0x9 (size before relaxing)
 .rodata.str1.1
                0x080090f9        0x2 c:/siliconlabs/simplicitystudio/v5/developer/toolchains/gnu_arm/12.2.rel1_2023.7/bin/../lib/gcc/arm-none-eabi/12.2.1/thumb/v8-m.main+fp/hard\libc_nano.a(libc_a-locale.o)
 .rodata.__assert_func.str1.1
                0x080090fb       0x3c c:/siliconlabs/simplicitystudio/v5/developer/toolchains/gnu_arm/12.2.rel1_2023.7/bin/../lib/gcc/arm-none-eabi/12.2.1/thumb/v8-m.main+fp/hard\libc_nano.a(libc_a-assert.o)
                                 0x3d (size before relaxing)
 *(.eh_frame*)
 *fill*         0x08009137        0x1 
 .eh_frame      0x08009138        0x0 c:/siliconlabs/simplicitystudio/v5/developer/toolchains/gnu_arm/12.2.rel1_2023.7/bin/../lib/gcc/arm-none-eabi/12.2.1/thumb/v8-m.main+fp/hard/crtbegin.o

.glue_7         0x08009138        0x0
 .glue_7        0x08009138        0x0 linker stubs

.glue_7t        0x08009138        0x0
 .glue_7t       0x08009138        0x0 linker stubs

.vfp11_veneer   0x08009138        0x0
 .vfp11_veneer  0x08009138        0x0 linker stubs

.v4_bx          0x08009138        0x0
 .v4_bx         0x08009138        0x0 linker stubs

.iplt           0x08009138        0x0
 .iplt          0x08009138        0x0 c:/siliconlabs/simplicitystudio/v5/developer/toolchains/gnu_arm/12.2.rel1_2023.7/bin/../lib/gcc/arm-none-eabi/12.2.1/thumb/v8-m.main+fp/hard/crtbegin.o

.ARM.extab
 *(.ARM.extab* .gnu.linkonce.armextab.*)
                0x08009138                __exidx_start = .

.ARM.exidx      0x08009138        0x8
 *(.ARM.exidx* .gnu.linkonce.armexidx.*)
 .ARM.exidx     0x08009138        0x8 c:/siliconlabs/simplicitystudio/v5/developer/toolchains/gnu_arm/12.2.rel1_2023.7/bin/../lib/gcc/arm-none-eabi/12.2.1/thumb/v8-m.main+fp/hard/crt0.o
                                 0x10 (size before relaxing)
 .ARM.exidx.text.__udivmoddi4
                0x08009140        0x0 c:/siliconlabs/simplicitystudio/v5/developer/toolchains/gnu_arm/12.2.rel1_2023.7/bin/../lib/gcc/arm-none-eabi/12.2.1/thumb/v8-m.main+fp/hard\libgcc.a(_udivmoddi4.o)
                                  0x8 (size before relaxing)
                0x08009140                __exidx_end = .

.rel.dyn        0x08009140        0x0
 .rel.iplt      0x08009140        0x0 c:/siliconlabs/simplicitystudio/v5/developer/toolchains/gnu_arm/12.2.rel1_2023.7/bin/../lib/gcc/arm-none-eabi/12.2.1/thumb/v8-m.main+fp/hard/crtbegin.o

.copy.table     0x08009140        0xc
                0x08009140                . = ALIGN (0x4)
                0x08009140                __copy_table_start__ = .
                0x08009140        0x4 LONG 0x800914c __etext
                0x08009144        0x4 LONG 0x20001000 __data_start__
                0x08009148        0x4 LONG 0x82 ((__data_end__ - __data_start__) / 0x4)
                0x0800914c                __copy_table_end__ = .

.zero.table     0x0800914c        0x0
                0x0800914c                . = ALIGN (0x4)
                0x0800914c                __zero_table_start__ = .
                0x0800914c                __zero_table_end__ = .
                0x0800914c                __etext = .
                0x20000000                . = ORIGIN (RAM)

.stack          0x20000000     0x1000
                0x20000000                __StackLimit = .
 *(.stack*)
 .stack         0x20000000     0x1000 ./gecko_sdk_4.4.1/platform/common/toolchain/src/sl_memory.o
                0x20001000                . = ALIGN (0x4)
                0x20001000                __StackTop = .
                0x20001000                PROVIDE (__stack = __StackTop)

.noinit
 *(.noinit*)

.data           0x20001000      0x208 load address 0x0800914c
                0x20001000                . = ALIGN (0x4)
                0x20001000                __data_start__ = .
 *(vtable)
 *(SORT_BY_ALIGNMENT(.data*))
 .data.init_sensor
                0x20001000       0x14 ./autogen/sl_i2cspm_init.o
                0x20001000                init_sensor
 .data.sl_i2cspm_sensor
                0x20001014        0x4 ./autogen/sl_i2cspm_init.o
                0x20001014                sl_i2cspm_sensor
 .data.SystemCoreClock
                0x20001018        0x4 ./gecko_sdk_4.4.1/platform/Device/SiliconLabs/EFR32MG24/Source/system_efr32mg24.o
                0x20001018                SystemCoreClock
 .data.SystemHFRCODPLLClock
                0x2000101c        0x4 ./gecko_sdk_4.4.1/platform/Device/SiliconLabs/EFR32MG24/Source/system_efr32mg24.o
 .data.SystemLFXOClock
                0x20001020        0x4 ./gecko_sdk_4.4.1/platform/Device/SiliconLabs/EFR32MG24/Source/system_efr32mg24.o
 .data.SystemHFXOClock
                0x20001024        0x4 ./gecko_sdk_4.4.1/platform/Device/SiliconLabs/EFR32MG24/Source/system_efr32mg24.o
 .data.heap_end.0
                0x20001028        0x4 ./gecko_sdk_4.4.1/platform/common/toolchain/src/sl_memory.o
 .data.__sglue  0x2000102c        0xc c:/siliconlabs/simplicitystudio/v5/developer/toolchains/gnu_arm/12.2.rel1_2023.7/bin/../lib/gcc/arm-none-eabi/12.2.1/thumb/v8-m.main+fp/hard\libc_nano.a(libc_a-findfp.o)
                0x2000102c                __sglue
 .data._impure_ptr
                0x20001038        0x4 c:/siliconlabs/simplicitystudio/v5/developer/toolchains/gnu_arm/12.2.rel1_2023.7/bin/../lib/gcc/arm-none-eabi/12.2.1/thumb/v8-m.main+fp/hard\libc_nano.a(libc_a-impure.o)
                0x20001038                _impure_ptr
 .data._impure_data
                0x2000103c       0x4c c:/siliconlabs/simplicitystudio/v5/developer/toolchains/gnu_arm/12.2.rel1_2023.7/bin/../lib/gcc/arm-none-eabi/12.2.1/thumb/v8-m.main+fp/hard\libc_nano.a(libc_a-impure.o)
                0x2000103c                _impure_data
 .data.__global_locale
                0x20001088      0x16c c:/siliconlabs/simplicitystudio/v5/developer/toolchains/gnu_arm/12.2.rel1_2023.7/bin/../lib/gcc/arm-none-eabi/12.2.1/thumb/v8-m.main+fp/hard\libc_nano.a(libc_a-locale.o)
                0x20001088                __global_locale
 .data.hfxo_precision
                0x200011f4        0x2 ./gecko_sdk_4.4.1/platform/emlib/src/em_cmu.o
 .data.lfxo_precision
                0x200011f6        0x2 ./gecko_sdk_4.4.1/platform/emlib/src/em_cmu.o
 .data.simple_led1_context
                0x200011f8        0x3 ./autogen/sl_simple_led_instances.o
                0x200011f8                simple_led1_context
 .data.simple_led0_context
                0x200011fb        0x3 ./autogen/sl_simple_led_instances.o
                0x200011fb                simple_led0_context
 .data.ctuneDelta
                0x200011fe        0x1 ./gecko_sdk_4.4.1/platform/emlib/src/em_cmu.o
 .data.cc_disabled
                0x200011ff        0x1 ./gecko_sdk_4.4.1/platform/service/sleeptimer/src/sl_sleeptimer_hal_sysrtc.o
                0x20001200                . = ALIGN (0x4)
                [!provide]                PROVIDE (__ram_func_section_start = .)
 *(.ram)
                [!provide]                PROVIDE (__ram_func_section_end = .)
                0x20001200                . = ALIGN (0x4)
                0x20001200                PROVIDE (__preinit_array_start = .)
 *(.preinit_array)
                0x20001200                PROVIDE (__preinit_array_end = .)
                0x20001200                . = ALIGN (0x4)
                0x20001200                PROVIDE (__init_array_start = .)
 *(SORT_BY_NAME(.init_array.*))
 *(.init_array)
 .init_array    0x20001200        0x4 c:/siliconlabs/simplicitystudio/v5/developer/toolchains/gnu_arm/12.2.rel1_2023.7/bin/../lib/gcc/arm-none-eabi/12.2.1/thumb/v8-m.main+fp/hard/crtbegin.o
                0x20001204                PROVIDE (__init_array_end = .)