Archive member included to satisfy reference by file (symbol)

c:/siliconlabs/simplicitystudio/v5/developer/toolchains/gnu_arm/12.2.rel1_2023.7/bin/../lib/gcc/arm-none-eabi/12.2.1/thumb/v8-m.main+fp/hard\libgcc.a(_aeabi_ldivmod.o)
                              ./gecko_sdk_4.4.1/platform/emlib/src/em_eusart.o (__aeabi_ldivmod)
c:/siliconlabs/simplicitystudio/v5/developer/toolchains/gnu_arm/12.2.rel1_2023.7/bin/../lib/gcc/arm-none-eabi/12.2.1/thumb/v8-m.main+fp/hard\libgcc.a(_aeabi_uldivmod.o)
                              ./gecko_sdk_4.4.1/platform/emlib/src/em_eusart.o (__aeabi_uldivmod)
c:/siliconlabs/simplicitystudio/v5/developer/toolchains/gnu_arm/12.2.rel1_2023.7/bin/../lib/gcc/arm-none-eabi/12.2.1/thumb/v8-m.main+fp/hard\libgcc.a(_udivmoddi4.o)
                              c:/siliconlabs/simplicitystudio/v5/developer/toolchains/gnu_arm/12.2.rel1_2023.7/bin/../lib/gcc/arm-none-eabi/12.2.1/thumb/v8-m.main+fp/hard\libgcc.a(_aeabi_ldivmod.o) (__udivmoddi4)
c:/siliconlabs/simplicitystudio/v5/developer/toolchains/gnu_arm/12.2.rel1_2023.7/bin/../lib/gcc/arm-none-eabi/12.2.1/thumb/v8-m.main+fp/hard\libgcc.a(_dvmd_tls.o)
                              c:/siliconlabs/simplicitystudio/v5/developer/toolchains/gnu_arm/12.2.rel1_2023.7/bin/../lib/gcc/arm-none-eabi/12.2.1/thumb/v8-m.main+fp/hard\libgcc.a(_aeabi_ldivmod.o) (__aeabi_ldiv0)
c:/siliconlabs/simplicitystudio/v5/developer/toolchains/gnu_arm/12.2.rel1_2023.7/bin/../lib/gcc/arm-none-eabi/12.2.1/thumb/v8-m.main+fp/hard\libc_nano.a(libc_a-exit.o)
                              c:/siliconlabs/simplicitystudio/v5/developer/toolchains/gnu_arm/12.2.rel1_2023.7/bin/../lib/gcc/arm-none-eabi/12.2.1/thumb/v8-m.main+fp/hard/crt0.o (exit)
c:/siliconlabs/simplicitystudio/v5/developer/toolchains/gnu_arm/12.2.rel1_2023.7/bin/../lib/gcc/arm-none-eabi/12.2.1/thumb/v8-m.main+fp/hard\libc_nano.a(libc_a-ctype_.o)
                              ./gecko_sdk_4.4.1/platform/common/src/sl_string.o (_ctype_)
c:/siliconlabs/simplicitystudio/v5/developer/toolchains/gnu_arm/12.2.rel1_2023.7/bin/../lib/gcc/arm-none-eabi/12.2.1/thumb/v8-m.main+fp/hard\libc_nano.a(libc_a-findfp.o)
                              c:/siliconlabs/simplicitystudio/v5/developer/toolchains/gnu_arm/12.2.rel1_2023.7/bin/../lib/gcc/arm-none-eabi/12.2.1/thumb/v8-m.main+fp/hard\libc_nano.a(libc_a-exit.o) (__stdio_exit_handler)
c:/siliconlabs/simplicitystudio/v5/developer/toolchains/gnu_arm/12.2.rel1_2023.7/bin/../lib/gcc/arm-none-eabi/12.2.1/thumb/v8-m.main+fp/hard\libc_nano.a(libc_a-fwalk.o)
                              c:/siliconlabs/simplicitystudio/v5/developer/toolchains/gnu_arm/12.2.rel1_2023.7/bin/../lib/gcc/arm-none-eabi/12.2.1/thumb/v8-m.main+fp/hard\libc_nano.a(libc_a-findfp.o) (_fwalk_sglue)
c:/siliconlabs/simplicitystudio/v5/developer/toolchains/gnu_arm/12.2.rel1_2023.7/bin/../lib/gcc/arm-none-eabi/12.2.1/thumb/v8-m.main+fp/hard\libc_nano.a(libc_a-printf.o)
                              ./mpl.o (printf)
c:/siliconlabs/simplicitystudio/v5/developer/toolchains/gnu_arm/12.2.rel1_2023.7/bin/../lib/gcc/arm-none-eabi/12.2.1/thumb/v8-m.main+fp/hard\libc_nano.a(libc_a-puts.o)
                              ./si.o (puts)
c:/siliconlabs/simplicitystudio/v5/developer/toolchains/gnu_arm/12.2.rel1_2023.7/bin/../lib/gcc/arm-none-eabi/12.2.1/thumb/v8-m.main+fp/hard\libc_nano.a(libc_a-setvbuf.o)
                              ./gecko_sdk_4.4.1/platform/service/iostream/src/sl_iostream_stdlib_config.o (setvbuf)
c:/siliconlabs/simplicitystudio/v5/developer/toolchains/gnu_arm/12.2.rel1_2023.7/bin/../lib/gcc/arm-none-eabi/12.2.1/thumb/v8-m.main+fp/hard\libc_nano.a(libc_a-stdio.o)
                              c:/siliconlabs/simplicitystudio/v5/developer/toolchains/gnu_arm/12.2.rel1_2023.7/bin/../lib/gcc/arm-none-eabi/12.2.1/thumb/v8-m.main+fp/hard\libc_nano.a(libc_a-findfp.o) (__sread)
c:/siliconlabs/simplicitystudio/v5/developer/toolchains/gnu_arm/12.2.rel1_2023.7/bin/../lib/gcc/arm-none-eabi/12.2.1/thumb/v8-m.main+fp/hard\libc_nano.a(libc_a-vprintf.o)
                              ./gecko_sdk_4.4.1/platform/service/iostream/src/sl_iostream.o (vprintf)
c:/siliconlabs/simplicitystudio/v5/developer/toolchains/gnu_arm/12.2.rel1_2023.7/bin/../lib/gcc/arm-none-eabi/12.2.1/thumb/v8-m.main+fp/hard\libc_nano.a(libc_a-wbuf.o)
                              c:/siliconlabs/simplicitystudio/v5/developer/toolchains/gnu_arm/12.2.rel1_2023.7/bin/../lib/gcc/arm-none-eabi/12.2.1/thumb/v8-m.main+fp/hard\libc_nano.a(libc_a-puts.o) (__swbuf_r)
c:/siliconlabs/simplicitystudio/v5/developer/toolchains/gnu_arm/12.2.rel1_2023.7/bin/../lib/gcc/arm-none-eabi/12.2.1/thumb/v8-m.main+fp/hard\libc_nano.a(libc_a-wsetup.o)
                              c:/siliconlabs/simplicitystudio/v5/developer/toolchains/gnu_arm/12.2.rel1_2023.7/bin/../lib/gcc/arm-none-eabi/12.2.1/thumb/v8-m.main+fp/hard\libc_nano.a(libc_a-puts.o) (__swsetup_r)
[...]
Memory Configuration

Name             Origin             Length             Attributes
FLASH            0x08000000         0x0017e000         xr
RAM              0x20000000         0x00040000         xrw
*default*        0x00000000         0xffffffff

Linker script and memory map

LOAD c:/siliconlabs/simplicitystudio/v5/developer/toolchains/gnu_arm/12.2.rel1_2023.7/bin/../lib/gcc/arm-none-eabi/12.2.1/thumb/v8-m.main+fp/hard/crti.o
LOAD c:/siliconlabs/simplicitystudio/v5/developer/toolchains/gnu_arm/12.2.rel1_2023.7/bin/../lib/gcc/arm-none-eabi/12.2.1/thumb/v8-m.main+fp/hard/crtbegin.o
LOAD c:/siliconlabs/simplicitystudio/v5/developer/toolchains/gnu_arm/12.2.rel1_2023.7/bin/../lib/gcc/arm-none-eabi/12.2.1/thumb/v8-m.main+fp/hard/crt0.o
START GROUP
LOAD ./app.o
LOAD ./main.o
LOAD ./mpl.o
LOAD ./si.o
LOAD ./autogen/sl_board_default_init.o
LOAD ./autogen/sl_device_init_clocks.o
LOAD ./autogen/sl_event_handler.o
LOAD ./autogen/sl_i2cspm_init.o
LOAD ./autogen/sl_iostream_handles.o
LOAD ./autogen/sl_iostream_init_eusart_instances.o
LOAD ./autogen/sl_simple_led_instances.o
LOAD ./gecko_sdk_4.4.1/hardware/board/src/sl_board_control_gpio.o
LOAD ./gecko_sdk_4.4.1/hardware/board/src/sl_board_init.o
LOAD ./gecko_sdk_4.4.1/hardware/driver/configuration_over_swo/src/sl_cos.o
LOAD ./gecko_sdk_4.4.1/hardware/driver/mx25_flash_shutdown/src/sl_mx25_flash_shutdown_usart/sl_mx25_flash_shutdown.o
LOAD ./gecko_sdk_4.4.1/platform/Device/SiliconLabs/EFR32MG24/Source/startup_efr32mg24.o
LOAD ./gecko_sdk_4.4.1/platform/Device/SiliconLabs/EFR32MG24/Source/system_efr32mg24.o
LOAD ./gecko_sdk_4.4.1/platform/common/src/sl_assert.o
LOAD ./gecko_sdk_4.4.1/platform/common/src/sl_slist.o
LOAD ./gecko_sdk_4.4.1/platform/common/src/sl_string.o
LOAD ./gecko_sdk_4.4.1/platform/common/src/sl_syscalls.o
LOAD ./gecko_sdk_4.4.1/platform/common/toolchain/src/sl_memory.o
LOAD ./gecko_sdk_4.4.1/platform/driver/debug/src/sl_debug_swo.o
LOAD ./gecko_sdk_4.4.1/platform/driver/i2cspm/src/sl_i2cspm.o
LOAD ./gecko_sdk_4.4.1/platform/driver/leddrv/src/sl_led.o
LOAD ./gecko_sdk_4.4.1/platform/driver/leddrv/src/sl_simple_led.o
LOAD ./gecko_sdk_4.4.1/platform/emdrv/dmadrv/src/dmadrv.o
LOAD ./gecko_sdk_4.4.1/platform/emlib/src/em_burtc.o
LOAD ./gecko_sdk_4.4.1/platform/emlib/src/em_cmu.o
LOAD ./gecko_sdk_4.4.1/platform/emlib/src/em_core.o
LOAD ./gecko_sdk_4.4.1/platform/emlib/src/em_emu.o
LOAD ./gecko_sdk_4.4.1/platform/emlib/src/em_eusart.o
LOAD ./gecko_sdk_4.4.1/platform/emlib/src/em_gpio.o
LOAD ./gecko_sdk_4.4.1/platform/emlib/src/em_i2c.o
LOAD ./gecko_sdk_4.4.1/platform/emlib/src/em_ldma.o
LOAD ./gecko_sdk_4.4.1/platform/emlib/src/em_msc.o
LOAD ./gecko_sdk_4.4.1/platform/emlib/src/em_prs.o
LOAD ./gecko_sdk_4.4.1/platform/emlib/src/em_system.o
LOAD ./gecko_sdk_4.4.1/platform/emlib/src/em_timer.o
LOAD ./gecko_sdk_4.4.1/platform/emlib/src/em_usart.o
LOAD ./gecko_sdk_4.4.1/platform/peripheral/src/peripheral_sysrtc.o
LOAD ./gecko_sdk_4.4.1/platform/service/device_init/src/sl_device_init_dcdc_s2.o
LOAD ./gecko_sdk_4.4.1/platform/service/device_init/src/sl_device_init_emu_s2.o
LOAD ./gecko_sdk_4.4.1/platform/service/device_init/src/sl_device_init_hfxo_s2.o
LOAD ./gecko_sdk_4.4.1/platform/service/device_init/src/sl_device_init_lfxo_s2.o
LOAD ./gecko_sdk_4.4.1/platform/service/device_init/src/sl_device_init_nvic.o
LOAD ./gecko_sdk_4.4.1/platform/service/iostream/src/sl_iostream.o
LOAD ./gecko_sdk_4.4.1/platform/service/iostream/src/sl_iostream_eusart.o
LOAD ./gecko_sdk_4.4.1/platform/service/iostream/src/sl_iostream_retarget_stdio.o
LOAD ./gecko_sdk_4.4.1/platform/service/iostream/src/sl_iostream_stdlib_config.o
LOAD ./gecko_sdk_4.4.1/platform/service/iostream/src/sl_iostream_uart.o
LOAD ./gecko_sdk_4.4.1/platform/service/sleeptimer/src/sl_sleeptimer.o
LOAD ./gecko_sdk_4.4.1/platform/service/sleeptimer/src/sl_sleeptimer_hal_burtc.o
LOAD ./gecko_sdk_4.4.1/platform/service/sleeptimer/src/sl_sleeptimer_hal_sysrtc.o
LOAD ./gecko_sdk_4.4.1/platform/service/sleeptimer/src/sl_sleeptimer_hal_timer.o
LOAD ./gecko_sdk_4.4.1/platform/service/system/src/sl_system_init.o
LOAD ./gecko_sdk_4.4.1/platform/service/system/src/sl_system_process_action.o
LOAD ./gecko_sdk_4.4.1/platform/service/udelay/src/sl_udelay.o
LOAD ./gecko_sdk_4.4.1/platform/service/udelay/src/sl_udelay_armv6m_gcc.o
LOAD c:/siliconlabs/simplicitystudio/v5/developer/toolchains/gnu_arm/12.2.rel1_2023.7/bin/../lib/gcc/arm-none-eabi/12.2.1/thumb/v8-m.main+fp/hard\libgcc.a
LOAD c:/siliconlabs/simplicitystudio/v5/developer/toolchains/gnu_arm/12.2.rel1_2023.7/bin/../lib/gcc/arm-none-eabi/12.2.1/thumb/v8-m.main+fp/hard\libc_nano.a
LOAD c:/siliconlabs/simplicitystudio/v5/developer/toolchains/gnu_arm/12.2.rel1_2023.7/bin/../lib/gcc/arm-none-eabi/12.2.1/thumb/v8-m.main+fp/hard\libm.a
LOAD c:/siliconlabs/simplicitystudio/v5/developer/toolchains/gnu_arm/12.2.rel1_2023.7/bin/../lib/gcc/arm-none-eabi/12.2.1/thumb/v8-m.main+fp/hard\libnosys.a
END GROUP
START GROUP
LOAD c:/siliconlabs/simplicitystudio/v5/developer/toolchains/gnu_arm/12.2.rel1_2023.7/bin/../lib/gcc/arm-none-eabi/12.2.1/thumb/v8-m.main+fp/hard\libgcc.a
LOAD c:/siliconlabs/simplicitystudio/v5/developer/toolchains/gnu_arm/12.2.rel1_2023.7/bin/../lib/gcc/arm-none-eabi/12.2.1/thumb/v8-m.main+fp/hard\libc_nano.a
LOAD c:/siliconlabs/simplicitystudio/v5/developer/toolchains/gnu_arm/12.2.rel1_2023.7/bin/../lib/gcc/arm-none-eabi/12.2.1/thumb/v8-m.main+fp/hard\libnosys.a
END GROUP
START GROUP
LOAD c:/siliconlabs/simplicitystudio/v5/developer/toolchains/gnu_arm/12.2.rel1_2023.7/bin/../lib/gcc/arm-none-eabi/12.2.1/thumb/v8-m.main+fp/hard\libgcc.a
LOAD c:/siliconlabs/simplicitystudio/v5/developer/toolchains/gnu_arm/12.2.rel1_2023.7/bin/../lib/gcc/arm-none-eabi/12.2.1/thumb/v8-m.main+fp/hard\libg_nano.a
LOAD c:/siliconlabs/simplicitystudio/v5/developer/toolchains/gnu_arm/12.2.rel1_2023.7/bin/../lib/gcc/arm-none-eabi/12.2.1/thumb/v8-m.main+fp/hard\libc_nano.a
END GROUP
START GROUP
LOAD c:/siliconlabs/simplicitystudio/v5/developer/toolchains/gnu_arm/12.2.rel1_2023.7/bin/../lib/gcc/arm-none-eabi/12.2.1/thumb/v8-m.main+fp/hard\libgcc.a
LOAD c:/siliconlabs/simplicitystudio/v5/developer/toolchains/gnu_arm/12.2.rel1_2023.7/bin/../lib/gcc/arm-none-eabi/12.2.1/thumb/v8-m.main+fp/hard\libc_nano.a
END GROUP
LOAD c:/siliconlabs/simplicitystudio/v5/developer/toolchains/gnu_arm/12.2.rel1_2023.7/bin/../lib/gcc/arm-none-eabi/12.2.1/thumb/v8-m.main+fp/hard/crtend.o
LOAD c:/siliconlabs/simplicitystudio/v5/developer/toolchains/gnu_arm/12.2.rel1_2023.7/bin/../lib/gcc/arm-none-eabi/12.2.1/thumb/v8-m.main+fp/hard/crtn.o

.text           0x08000000     0x6490
                0x08000000                linker_vectors_begin = .
 *(.vectors)
 .vectors       0x08000000      0x170 ./gecko_sdk_4.4.1/platform/Device/SiliconLabs/EFR32MG24/Source/startup_efr32mg24.o
                0x08000000                __Vectors
                0x08000170                linker_vectors_end = .
                0x08000170                __Vectors_End = .
                0x08000170                __Vectors_Size = (__Vectors_End - __Vectors)
                0x08000170                linker_code_begin = .
 *(SORT_BY_ALIGNMENT(.text*))
 .text          0x08000170        0x8 ./gecko_sdk_4.4.1/platform/service/udelay/src/sl_udelay_armv6m_gcc.o
                0x08000170                sli_delay_loop
 .text.deregister_tm_clones
                0x08000178       0x1c c:/siliconlabs/simplicitystudio/v5/developer/toolchains/gnu_arm/12.2.rel1_2023.7/bin/../lib/gcc/arm-none-eabi/12.2.1/thumb/v8-m.main+fp/hard/crtbegin.o
 .text.register_tm_clones
                0x08000194       0x28 c:/siliconlabs/simplicitystudio/v5/developer/toolchains/gnu_arm/12.2.rel1_2023.7/bin/../lib/gcc/arm-none-eabi/12.2.1/thumb/v8-m.main+fp/hard/crtbegin.o
 .text.__do_global_dtors_aux
                0x080001bc       0x28 c:/siliconlabs/simplicitystudio/v5/developer/toolchains/gnu_arm/12.2.rel1_2023.7/bin/../lib/gcc/arm-none-eabi/12.2.1/thumb/v8-m.main+fp/hard/crtbegin.o
 .text.frame_dummy
                0x080001e4       0x24 c:/siliconlabs/simplicitystudio/v5/developer/toolchains/gnu_arm/12.2.rel1_2023.7/bin/../lib/gcc/arm-none-eabi/12.2.1/thumb/v8-m.main+fp/hard/crtbegin.o
 .text          0x08000208       0x7c c:/siliconlabs/simplicitystudio/v5/developer/toolchains/gnu_arm/12.2.rel1_2023.7/bin/../lib/gcc/arm-none-eabi/12.2.1/thumb/v8-m.main+fp/hard/crt0.o
                0x08000208                _stack_init
                0x08000210                _start
                0x08000210                _mainCRTStartup
 .text.mpl_init
                0x08000284       0x78 ./mpl.o
                0x08000284                mpl_init
 .text.timer_callback
                0x080002fc        0xc ./si.o
 .text.decode_temp
                0x08000308       0x54 ./si.o
                0x08000308                decode_temp
 .text.SI7021_measure.constprop.0
                0x0800035c       0xc8 ./si.o
 .text.initialise_temp_limits
                0x08000424       0x28 ./si.o
                0x08000424                initialise_temp_limits
 .text.set_leds
                0x0800044c       0x54 ./si.o
                0x0800044c                set_leds
 .text.i2cspm_app_init
                0x080004a0       0xa0 ./si.o
                0x080004a0                i2cspm_app_init
 .text.i2cspm_app_process_action
                0x08000540       0x4c ./si.o
                0x08000540                i2cspm_app_process_action
 .text.sl_device_init_clocks
                0x0800058c       0xac ./autogen/sl_device_init_clocks.o
                0x0800058c                sl_device_init_clocks
 .text.sl_i2cspm_init_instances
                0x08000638       0x18 ./autogen/sl_i2cspm_init.o
                0x08000638                sl_i2cspm_init_instances
 .text.sl_iostream_eusart_init_vcom
                0x08000650       0xc4 ./autogen/sl_iostream_init_eusart_instances.o
                0x08000650                sl_iostream_eusart_init_vcom
 .text.EUSART0_RX_IRQHandler
                0x08000714        0xc ./autogen/sl_iostream_init_eusart_instances.o
                0x08000714                EUSART0_RX_IRQHandler
 .text.sl_simple_led_init_instances
                0x08000720       0x1c ./autogen/sl_simple_led_instances.o
                0x08000720                sl_simple_led_init_instances
 .text.sl_board_enable_sensor
                0x0800073c       0x60 ./gecko_sdk_4.4.1/hardware/board/src/sl_board_control_gpio.o
                0x0800073c                sl_board_enable_sensor
 .text.cs_high  0x0800079c       0x10 ./gecko_sdk_4.4.1/hardware/driver/mx25_flash_shutdown/src/sl_mx25_flash_shutdown_usart/sl_mx25_flash_shutdown.o
 .text.cs_low   0x080007ac       0x10 ./gecko_sdk_4.4.1/hardware/driver/mx25_flash_shutdown/src/sl_mx25_flash_shutdown_usart/sl_mx25_flash_shutdown.o
 .text.sl_mx25_flash_shutdown
                0x080007bc      0x118 ./gecko_sdk_4.4.1/hardware/driver/mx25_flash_shutdown/src/sl_mx25_flash_shutdown_usart/sl_mx25_flash_shutdown.o
                0x080007bc                sl_mx25_flash_shutdown
 .text.CopyRamFuncs
                0x080008d4       0x1c ./gecko_sdk_4.4.1/platform/Device/SiliconLabs/EFR32MG24/Source/startup_efr32mg24.o
                0x080008d4                CopyRamFuncs
 .text.Reset_Handler
                0x080008f0       0x64 ./gecko_sdk_4.4.1/platform/Device/SiliconLabs/EFR32MG24/Source/startup_efr32mg24.o
                0x080008f0                Reset_Handler
 .text.SystemInit
                0x08000954       0x68 ./gecko_sdk_4.4.1/platform/Device/SiliconLabs/EFR32MG24/Source/system_efr32mg24.o
                0x08000954                SystemInit
 .text.SystemHFRCODPLLClockGet
                0x080009bc        0xc ./gecko_sdk_4.4.1/platform/Device/SiliconLabs/EFR32MG24/Source/system_efr32mg24.o
                0x080009bc                SystemHFRCODPLLClockGet
 .text.SystemSYSCLKGet
                0x080009c8       0x34 ./gecko_sdk_4.4.1/platform/Device/SiliconLabs/EFR32MG24/Source/system_efr32mg24.o
                0x080009c8                SystemSYSCLKGet
 .text.SystemHCLKGet
                0x080009fc       0x24 ./gecko_sdk_4.4.1/platform/Device/SiliconLabs/EFR32MG24/Source/system_efr32mg24.o
                0x080009fc                SystemHCLKGet
 .text.SystemMaxCoreClockGet
                0x08000a20        0x8 ./gecko_sdk_4.4.1/platform/Device/SiliconLabs/EFR32MG24/Source/system_efr32mg24.o
                0x08000a20                SystemMaxCoreClockGet
 .text.SystemHFXOClockGet
                0x08000a28        0xc ./gecko_sdk_4.4.1/platform/Device/SiliconLabs/EFR32MG24/Source/system_efr32mg24.o
                0x08000a28                SystemHFXOClockGet
 .text.SystemHFXOClockSet
                0x08000a34       0x20 ./gecko_sdk_4.4.1/platform/Device/SiliconLabs/EFR32MG24/Source/system_efr32mg24.o
                0x08000a34                SystemHFXOClockSet
 .text.SystemFSRCOClockGet
                0x08000a54        0x8 ./gecko_sdk_4.4.1/platform/Device/SiliconLabs/EFR32MG24/Source/system_efr32mg24.o
                0x08000a54                SystemFSRCOClockGet
 .text.SystemHFRCOEM23ClockGet
                0x08000a5c       0x84 ./gecko_sdk_4.4.1/platform/Device/SiliconLabs/EFR32MG24/Source/system_efr32mg24.o
                0x08000a5c                SystemHFRCOEM23ClockGet
 .text.SystemLFXOClockGet
                0x08000ae0        0xc ./gecko_sdk_4.4.1/platform/Device/SiliconLabs/EFR32MG24/Source/system_efr32mg24.o
                0x08000ae0                SystemLFXOClockGet
 .text._sbrk    0x08000aec       0x20 ./gecko_sdk_4.4.1/platform/common/toolchain/src/sl_memory.o
                0x08000aec                _sbrk
 .text.sl_debug_swo_init
                0x08000b0c      0x114 ./gecko_sdk_4.4.1/platform/driver/debug/src/sl_debug_swo.o
                0x08000b0c                sl_debug_swo_init
 .text.sl_debug_swo_write_u8
                0x08000c20       0x44 ./gecko_sdk_4.4.1/platform/driver/debug/src/sl_debug_swo.o
                0x08000c20                sl_debug_swo_write_u8
 .text.I2CSPM_Init
                0x08000c64      0x158 ./gecko_sdk_4.4.1/platform/driver/i2cspm/src/sl_i2cspm.o
                0x08000c64                I2CSPM_Init
 .text.I2CSPM_Transfer
                0x08000dbc       0x20 ./gecko_sdk_4.4.1/platform/driver/i2cspm/src/sl_i2cspm.o
                0x08000dbc                I2CSPM_Transfer
 .text.GPIO_PinOutClear
                0x08000ddc       0x3c ./gecko_sdk_4.4.1/platform/driver/leddrv/src/sl_simple_led.o
 .text.GPIO_PinOutSet
                0x08000e18       0x3c ./gecko_sdk_4.4.1/platform/driver/leddrv/src/sl_simple_led.o
 .text.sl_simple_led_toggle
                0x08000e54       0x3c ./gecko_sdk_4.4.1/platform/driver/leddrv/src/sl_simple_led.o
                0x08000e54                sl_simple_led_toggle
 .text.sl_simple_led_get_state
                0x08000e90       0x4c ./gecko_sdk_4.4.1/platform/driver/leddrv/src/sl_simple_led.o
                0x08000e90                sl_simple_led_get_state
 .text.StartTransfer
                0x08000edc      0x17c ./gecko_sdk_4.4.1/platform/emdrv/dmadrv/src/dmadrv.o
 .text.DMADRV_AllocateChannel
                0x08001058       0x60 ./gecko_sdk_4.4.1/platform/emdrv/dmadrv/src/dmadrv.o
                0x08001058                DMADRV_AllocateChannel
 .text.DMADRV_DeInit
                0x080010b8       0x44 ./gecko_sdk_4.4.1/platform/emdrv/dmadrv/src/dmadrv.o
                0x080010b8                DMADRV_DeInit
 .text.DMADRV_FreeChannel
                0x080010fc       0x4c ./gecko_sdk_4.4.1/platform/emdrv/dmadrv/src/dmadrv.o
                0x080010fc                DMADRV_FreeChannel
 .text.DMADRV_Init
                0x08001148       0x68 ./gecko_sdk_4.4.1/platform/emdrv/dmadrv/src/dmadrv.o
                0x08001148                DMADRV_Init
 .text.DMADRV_PauseTransfer
                0x080011b0       0x40 ./gecko_sdk_4.4.1/platform/emdrv/dmadrv/src/dmadrv.o
                0x080011b0                DMADRV_PauseTransfer
 .text.DMADRV_ResumeTransfer
                0x080011f0       0x40 ./gecko_sdk_4.4.1/platform/emdrv/dmadrv/src/dmadrv.o
                0x080011f0                DMADRV_ResumeTransfer
 .text.DMADRV_StopTransfer
                0x08001230       0x40 ./gecko_sdk_4.4.1/platform/emdrv/dmadrv/src/dmadrv.o
                0x08001230                DMADRV_StopTransfer
 .text.DMADRV_TransferCompletePending
                0x08001270       0x50 ./gecko_sdk_4.4.1/platform/emdrv/dmadrv/src/dmadrv.o
                0x08001270                DMADRV_TransferCompletePending
 .text.DMADRV_TransferDone
                0x080012c0       0x44 ./gecko_sdk_4.4.1/platform/emdrv/dmadrv/src/dmadrv.o
                0x080012c0                DMADRV_TransferDone
 .text.LDMA_IRQHandler
                0x08001304       0x74 ./gecko_sdk_4.4.1/platform/emdrv/dmadrv/src/dmadrv.o
                0x08001304                LDMA_IRQHandler
 .text.EMU_VScaleGet
                0x08001378       0x18 ./gecko_sdk_4.4.1/platform/emlib/src/em_cmu.o
 .text.traceClkGet
                0x08001390       0x54 ./gecko_sdk_4.4.1/platform/emlib/src/em_cmu.o
 .text.em01GrpaClkGet
                0x080013e4       0x74 ./gecko_sdk_4.4.1/platform/emlib/src/em_cmu.o
 .text.em01GrpcClkGet
                0x08001458       0x70 ./gecko_sdk_4.4.1/platform/emlib/src/em_cmu.o
 .text.iadcClkGet
                0x080014c8       0x60 ./gecko_sdk_4.4.1/platform/emlib/src/em_cmu.o
 .text.eusart0ClkGet
                0x08001528       0x74 ./gecko_sdk_4.4.1/platform/emlib/src/em_cmu.o
 .text.em23GrpaClkGet
                0x0800159c       0x48 ./gecko_sdk_4.4.1/platform/emlib/src/em_cmu.o
 .text.vdac0ClkGet
                0x080015e4       0x70 ./gecko_sdk_4.4.1/platform/emlib/src/em_cmu.o
 .text.vdac1ClkGet
                0x08001654       0x70 ./gecko_sdk_4.4.1/platform/emlib/src/em_cmu.o
 .text.pcnt0ClkGet
                0x080016c4       0x4c ./gecko_sdk_4.4.1/platform/emlib/src/em_cmu.o
 .text.wdog0ClkGet
                0x08001710       0x64 ./gecko_sdk_4.4.1/platform/emlib/src/em_cmu.o
 .text.wdog1ClkGet
                0x08001774       0x64 ./gecko_sdk_4.4.1/platform/emlib/src/em_cmu.o
 .text.sysrtcClkGet
                0x080017d8       0x48 ./gecko_sdk_4.4.1/platform/emlib/src/em_cmu.o
 .text.em4GrpaClkGet
                0x08001820       0x48 ./gecko_sdk_4.4.1/platform/emlib/src/em_cmu.o
 .text.CMU_ClockDivGet
                0x08001868       0x78 ./gecko_sdk_4.4.1/platform/emlib/src/em_cmu.o
                0x08001868                CMU_ClockDivGet
 .text.flashWaitStateControl
                0x080018e0       0x58 ./gecko_sdk_4.4.1/platform/emlib/src/em_cmu.o
 .text.CMU_ClockEnable
                0x08001938       0x50 ./gecko_sdk_4.4.1/platform/emlib/src/em_cmu.o
                0x08001938                CMU_ClockEnable
 .text.CMU_ClockFreqGet
                0x08001988      0x204 ./gecko_sdk_4.4.1/platform/emlib/src/em_cmu.o
                0x08001988                CMU_ClockFreqGet
 .text.rhclkPrescOptimize
                0x08001b8c       0x20 ./gecko_sdk_4.4.1/platform/emlib/src/em_cmu.o
 .text.CMU_ClockSelectGet
                0x08001bac      0x22c ./gecko_sdk_4.4.1/platform/emlib/src/em_cmu.o
                0x08001bac                CMU_ClockSelectGet
 .text.sli_em_cmu_HFXOSetForceEnable
                0x08001dd8       0x1c ./gecko_sdk_4.4.1/platform/emlib/src/em_cmu.o
                0x08001dd8                sli_em_cmu_HFXOSetForceEnable
 .text.CMU_HFXOInit
                0x08001df4      0x224 ./gecko_sdk_4.4.1/platform/emlib/src/em_cmu.o
                0x08001df4                CMU_HFXOInit
 .text.CMU_HFXOCTuneDeltaGet
                0x08002018        0xc ./gecko_sdk_4.4.1/platform/emlib/src/em_cmu.o
                0x08002018                CMU_HFXOCTuneDeltaGet
 .text.CMU_LFXOInit
                0x08002024       0xc4 ./gecko_sdk_4.4.1/platform/emlib/src/em_cmu.o
                0x08002024                CMU_LFXOInit
 .text.CMU_LFXOPrecisionSet
                0x080020e8        0xc ./gecko_sdk_4.4.1/platform/emlib/src/em_cmu.o
                0x080020e8                CMU_LFXOPrecisionSet
 .text.CMU_HFXOPrecisionSet
                0x080020f4        0xc ./gecko_sdk_4.4.1/platform/emlib/src/em_cmu.o
                0x080020f4                CMU_HFXOPrecisionSet
 .text.CMU_ClockDivSet
                0x08002100      0x12c ./gecko_sdk_4.4.1/platform/emlib/src/em_cmu.o
                0x08002100                CMU_ClockDivSet
 .text.sli_em_cmu_SYSCLKInitPreClockSelect
                0x0800222c       0x20 ./gecko_sdk_4.4.1/platform/emlib/src/em_cmu.o
                0x0800222c                sli_em_cmu_SYSCLKInitPreClockSelect
 .text.pclkDivOptimize
                0x0800224c       0x24 ./gecko_sdk_4.4.1/platform/emlib/src/em_cmu.o
 .text.EMU_DCDCSync
                0x08002270       0x10 ./gecko_sdk_4.4.1/platform/emlib/src/em_emu.o
 .text.EMU_EM4Init
                0x08002280       0x14 ./gecko_sdk_4.4.1/platform/emlib/src/em_emu.o
                0x08002280                EMU_EM4Init
 .text.EMU_VScaleEM01
                0x08002294       0xa8 ./gecko_sdk_4.4.1/platform/emlib/src/em_emu.o
                0x08002294                EMU_VScaleEM01
 .text.EMU_VScaleEM01ByClock
                0x0800233c       0x30 ./gecko_sdk_4.4.1/platform/emlib/src/em_emu.o
                0x0800233c                EMU_VScaleEM01ByClock
 .text.EMU_DCDCModeSet
                0x0800236c       0xac ./gecko_sdk_4.4.1/platform/emlib/src/em_emu.o
                0x0800236c                EMU_DCDCModeSet
 .text.EMU_DCDCInit
                0x08002418       0x70 ./gecko_sdk_4.4.1/platform/emlib/src/em_emu.o
                0x08002418                EMU_DCDCInit
 .text.EMU_DCDCSetPFMXModePeakCurrent
                0x08002488       0x6c ./gecko_sdk_4.4.1/platform/emlib/src/em_emu.o
                0x08002488                EMU_DCDCSetPFMXModePeakCurrent
 .text.EUSART_Reset
                0x080024f4       0x54 ./gecko_sdk_4.4.1/platform/emlib/src/em_eusart.o
                0x080024f4                EUSART_Reset
 .text.EUSART_Enable
                0x08002548       0x6c ./gecko_sdk_4.4.1/platform/emlib/src/em_eusart.o
                0x08002548                EUSART_Enable
 .text.EUSART_BaudrateSet
                0x080025b4      0x1cc ./gecko_sdk_4.4.1/platform/emlib/src/em_eusart.o
                0x080025b4                EUSART_BaudrateSet
 .text.EUSART_AsyncInitCommon
                0x08002780      0x23c ./gecko_sdk_4.4.1/platform/emlib/src/em_eusart.o
 .text.EUSART_UartInitHf
                0x080029bc       0x5c ./gecko_sdk_4.4.1/platform/emlib/src/em_eusart.o
                0x080029bc                EUSART_UartInitHf
 .text.EUSART_UartInitLf
                0x08002a18       0xb8 ./gecko_sdk_4.4.1/platform/emlib/src/em_eusart.o
                0x08002a18                EUSART_UartInitLf
 .text.GPIO_PinOutSet
                0x08002ad0       0x3c ./gecko_sdk_4.4.1/platform/emlib/src/em_gpio.o
 .text.GPIO_PinOutClear
                0x08002b0c       0x3c ./gecko_sdk_4.4.1/platform/emlib/src/em_gpio.o
 .text.GPIO_PinModeSet
                0x08002b48       0x94 ./gecko_sdk_4.4.1/platform/emlib/src/em_gpio.o
                0x08002b48                GPIO_PinModeSet
 .text.I2C_BusFreqSet
                0x08002bdc      0x108 ./gecko_sdk_4.4.1/platform/emlib/src/em_i2c.o
                0x08002bdc                I2C_BusFreqSet
 .text.I2C_Enable
                0x08002ce4       0x38 ./gecko_sdk_4.4.1/platform/emlib/src/em_i2c.o
                0x08002ce4                I2C_Enable
 .text.I2C_Init
                0x08002d1c       0x64 ./gecko_sdk_4.4.1/platform/emlib/src/em_i2c.o
                0x08002d1c                I2C_Init
 .text.I2C_Transfer
                0x08002d80      0x224 ./gecko_sdk_4.4.1/platform/emlib/src/em_i2c.o
                0x08002d80                I2C_Transfer
 .text.I2C_TransferInit
                0x08002fa4       0xbc ./gecko_sdk_4.4.1/platform/emlib/src/em_i2c.o
                0x08002fa4                I2C_TransferInit
 .text.LDMA_DeInit
                0x08003060       0x3c ./gecko_sdk_4.4.1/platform/emlib/src/em_ldma.o
                0x08003060                LDMA_DeInit
 .text.LDMA_EnableChannelRequest
                0x0800309c       0x40 ./gecko_sdk_4.4.1/platform/emlib/src/em_ldma.o
                0x0800309c                LDMA_EnableChannelRequest
 .text.LDMA_Init
                0x080030dc       0x94 ./gecko_sdk_4.4.1/platform/emlib/src/em_ldma.o
                0x080030dc                LDMA_Init
 .text.LDMA_StartTransfer
                0x08003170      0x104 ./gecko_sdk_4.4.1/platform/emlib/src/em_ldma.o
                0x08003170                LDMA_StartTransfer
 .text.LDMA_StopTransfer
                0x08003274       0x38 ./gecko_sdk_4.4.1/platform/emlib/src/em_ldma.o
                0x08003274                LDMA_StopTransfer
 .text.LDMA_TransferDone
                0x080032ac       0x44 ./gecko_sdk_4.4.1/platform/emlib/src/em_ldma.o
                0x080032ac                LDMA_TransferDone
 .text.USART_BaudrateSyncSet
                0x080032f0       0x48 ./gecko_sdk_4.4.1/platform/emlib/src/em_usart.o
                0x080032f0                USART_BaudrateSyncSet
 .text.USART_Reset
                0x08003338       0x58 ./gecko_sdk_4.4.1/platform/emlib/src/em_usart.o
                0x08003338                USART_Reset
 .text.USART_InitSync
                0x08003390       0xb0 ./gecko_sdk_4.4.1/platform/emlib/src/em_usart.o
                0x08003390                USART_InitSync
 .text.sl_hal_sysrtc_wait_sync
                0x08003440       0x14 ./gecko_sdk_4.4.1/platform/peripheral/src/peripheral_sysrtc.o
                0x08003440                sl_hal_sysrtc_wait_sync
 .text.sl_hal_sysrtc_wait_ready
                0x08003454       0x1c ./gecko_sdk_4.4.1/platform/peripheral/src/peripheral_sysrtc.o
                0x08003454                sl_hal_sysrtc_wait_ready
 .text.sl_hal_sysrtc_stop
                0x08003470       0x14 ./gecko_sdk_4.4.1/platform/peripheral/src/peripheral_sysrtc.o
                0x08003470                sl_hal_sysrtc_stop
 .text.sl_hal_sysrtc_enable
                0x08003484       0x18 ./gecko_sdk_4.4.1/platform/peripheral/src/peripheral_sysrtc.o
                0x08003484                sl_hal_sysrtc_enable
 .text.sl_hal_sysrtc_disable
                0x0800349c       0x1c ./gecko_sdk_4.4.1/platform/peripheral/src/peripheral_sysrtc.o
                0x0800349c                sl_hal_sysrtc_disable
 .text.sl_hal_sysrtc_init
                0x080034b8       0x20 ./gecko_sdk_4.4.1/platform/peripheral/src/peripheral_sysrtc.o
                0x080034b8                sl_hal_sysrtc_init
 .text.sl_hal_sysrtc_init_group
                0x080034d8       0x48 ./gecko_sdk_4.4.1/platform/peripheral/src/peripheral_sysrtc.o
                0x080034d8                sl_hal_sysrtc_init_group
 .text.sl_hal_sysrtc_enable_group_interrupts
                0x08003520       0x1c ./gecko_sdk_4.4.1/platform/peripheral/src/peripheral_sysrtc.o
                0x08003520                sl_hal_sysrtc_enable_group_interrupts
 .text.sl_hal_sysrtc_disable_group_interrupts
                0x0800353c       0x1c ./gecko_sdk_4.4.1/platform/peripheral/src/peripheral_sysrtc.o
                0x0800353c                sl_hal_sysrtc_disable_group_interrupts
 .text.sl_hal_sysrtc_clear_group_interrupts
                0x08003558       0x1c ./gecko_sdk_4.4.1/platform/peripheral/src/peripheral_sysrtc.o
                0x08003558                sl_hal_sysrtc_clear_group_interrupts
 .text.sl_hal_sysrtc_get_group_interrupts
                0x08003574       0x20 ./gecko_sdk_4.4.1/platform/peripheral/src/peripheral_sysrtc.o
                0x08003574                sl_hal_sysrtc_get_group_interrupts
 .text.sl_hal_sysrtc_get_group_compare_channel_value
                0x08003594       0x30 ./gecko_sdk_4.4.1/platform/peripheral/src/peripheral_sysrtc.o
                0x08003594                sl_hal_sysrtc_get_group_compare_channel_value
 .text.sl_hal_sysrtc_set_group_compare_channel_value
                0x080035c4       0x28 ./gecko_sdk_4.4.1/platform/peripheral/src/peripheral_sysrtc.o
                0x080035c4                sl_hal_sysrtc_set_group_compare_channel_value
 .text.sl_device_init_dcdc
                0x080035ec       0x2c ./gecko_sdk_4.4.1/platform/service/device_init/src/sl_device_init_dcdc_s2.o
                0x080035ec                sl_device_init_dcdc
 .text.sl_device_init_emu
                0x08003618       0x24 ./gecko_sdk_4.4.1/platform/service/device_init/src/sl_device_init_emu_s2.o
                0x08003618                sl_device_init_emu
 .text.sl_device_init_hfxo
                0x0800363c       0x70 ./gecko_sdk_4.4.1/platform/service/device_init/src/sl_device_init_hfxo_s2.o
                0x0800363c                sl_device_init_hfxo
 .text.sl_device_init_lfxo
                0x080036ac       0x2c ./gecko_sdk_4.4.1/platform/service/device_init/src/sl_device_init_lfxo_s2.o
                0x080036ac                sl_device_init_lfxo
 .text.sl_device_init_nvic
                0x080036d8       0x3c ./gecko_sdk_4.4.1/platform/service/device_init/src/sl_device_init_nvic.o
                0x080036d8                sl_device_init_nvic
 .text.sl_iostream_set_default
                0x08003714       0x18 ./gecko_sdk_4.4.1/platform/service/iostream/src/sl_iostream.o
                0x08003714                sl_iostream_set_default
 .text.sl_iostream_get_default
                0x0800372c       0x18 ./gecko_sdk_4.4.1/platform/service/iostream/src/sl_iostream.o
                0x0800372c                sl_iostream_get_default
 .text.sl_iostream_eusart_init
                0x08003744      0x228 ./gecko_sdk_4.4.1/platform/service/iostream/src/sl_iostream_eusart.o
                0x08003744                sl_iostream_eusart_init
 .text._write   0x0800396c       0x20 ./gecko_sdk_4.4.1/platform/service/iostream/src/sl_iostream_retarget_stdio.o
                0x0800396c                _write
 .text.sl_iostream_stdlib_disable_buffering
                0x0800398c       0x14 ./gecko_sdk_4.4.1/platform/service/iostream/src/sl_iostream_stdlib_config.o
                0x0800398c                sl_iostream_stdlib_disable_buffering
 .text.get_write_ptr
                0x080039a0       0x40 ./gecko_sdk_4.4.1/platform/service/iostream/src/sl_iostream_uart.o
 .text.dma_irq_handler
                0x080039e0       0x74 ./gecko_sdk_4.4.1/platform/service/iostream/src/sl_iostream_uart.o
 .text.uart_read
                0x08003a54      0x1f4 ./gecko_sdk_4.4.1/platform/service/iostream/src/sl_iostream_uart.o
 .text.uart_deinit
                0x08003c48       0x98 ./gecko_sdk_4.4.1/platform/service/iostream/src/sl_iostream_uart.o
 .text.uart_write
                0x08003ce0       0xc0 ./gecko_sdk_4.4.1/platform/service/iostream/src/sl_iostream_uart.o
 .text.sli_iostream_uart_context_init
                0x08003da0       0xf8 ./gecko_sdk_4.4.1/platform/service/iostream/src/sl_iostream_uart.o
                0x08003da0                sli_iostream_uart_context_init
 .text.delta_list_insert_timer
                0x08003e98       0x40 ./gecko_sdk_4.4.1/platform/service/sleeptimer/src/sl_sleeptimer.o
 .text.update_delta_list
                0x08003ed8       0x34 ./gecko_sdk_4.4.1/platform/service/sleeptimer/src/sl_sleeptimer.o
 .text.set_comparator_for_next_timer
                0x08003f0c       0x5c ./gecko_sdk_4.4.1/platform/service/sleeptimer/src/sl_sleeptimer.o
 .text.create_timer
                0x08003f68       0x88 ./gecko_sdk_4.4.1/platform/service/sleeptimer/src/sl_sleeptimer.o
 .text.delta_list_remove_timer
                0x08003ff0       0x38 ./gecko_sdk_4.4.1/platform/service/sleeptimer/src/sl_sleeptimer.o
 .text.sl_sleeptimer_init
                0x08004028       0x74 ./gecko_sdk_4.4.1/platform/service/sleeptimer/src/sl_sleeptimer.o
                0x08004028                sl_sleeptimer_init
 .text.sl_sleeptimer_is_timer_running
                0x0800409c       0x3c ./gecko_sdk_4.4.1/platform/service/sleeptimer/src/sl_sleeptimer.o
                0x0800409c                sl_sleeptimer_is_timer_running
 .text.sl_sleeptimer_ms_to_tick
                0x080040d8       0x24 ./gecko_sdk_4.4.1/platform/service/sleeptimer/src/sl_sleeptimer.o
                0x080040d8                sl_sleeptimer_ms_to_tick
 .text.sl_sleeptimer_delay_millisecond
                0x080040fc       0x38 ./gecko_sdk_4.4.1/platform/service/sleeptimer/src/sl_sleeptimer.o
                0x080040fc                sl_sleeptimer_delay_millisecond
 .text.process_timer_irq
                0x08004134      0x150 ./gecko_sdk_4.4.1/platform/service/sleeptimer/src/sl_sleeptimer.o
                0x08004134                process_timer_irq
 .text.sleeptimer_hal_init_timer
                0x08004284       0x64 ./gecko_sdk_4.4.1/platform/service/sleeptimer/src/sl_sleeptimer_hal_sysrtc.o
                0x08004284                sleeptimer_hal_init_timer
 .text.sleeptimer_hal_get_counter
                0x080042e8       0x10 ./gecko_sdk_4.4.1/platform/service/sleeptimer/src/sl_sleeptimer_hal_sysrtc.o
                0x080042e8                sleeptimer_hal_get_counter
 .text.sleeptimer_hal_set_compare
                0x080042f8       0x70 ./gecko_sdk_4.4.1/platform/service/sleeptimer/src/sl_sleeptimer_hal_sysrtc.o
                0x080042f8                sleeptimer_hal_set_compare
 .text.sleeptimer_hal_disable_int
                0x08004368       0x2c ./gecko_sdk_4.4.1/platform/service/sleeptimer/src/sl_sleeptimer_hal_sysrtc.o
                0x08004368                sleeptimer_hal_disable_int
 .text.sleeptimer_hal_set_int
                0x08004394       0x10 ./gecko_sdk_4.4.1/platform/service/sleeptimer/src/sl_sleeptimer_hal_sysrtc.o
                0x08004394                sleeptimer_hal_set_int
 .text.sl_udelay_wait
                0x080043a4       0x58 ./gecko_sdk_4.4.1/platform/service/udelay/src/sl_udelay.o
                0x080043a4                sl_udelay_wait
 .text          0x080043fc       0x30 c:/siliconlabs/simplicitystudio/v5/developer/toolchains/gnu_arm/12.2.rel1_2023.7/bin/../lib/gcc/arm-none-eabi/12.2.1/thumb/v8-m.main+fp/hard\libgcc.a(_aeabi_uldivmod.o)
                0x080043fc                __aeabi_uldivmod
 .text.__udivmoddi4
                0x0800442c      0x2ec c:/siliconlabs/simplicitystudio/v5/developer/toolchains/gnu_arm/12.2.rel1_2023.7/bin/../lib/gcc/arm-none-eabi/12.2.1/thumb/v8-m.main+fp/hard\libgcc.a(_udivmoddi4.o)
                0x0800442c                __udivmoddi4
 .text          0x08004718        0x4 c:/siliconlabs/simplicitystudio/v5/developer/toolchains/gnu_arm/12.2.rel1_2023.7/bin/../lib/gcc/arm-none-eabi/12.2.1/thumb/v8-m.main+fp/hard\libgcc.a(_dvmd_tls.o)
                0x08004718                __aeabi_idiv0
                0x08004718                __aeabi_ldiv0
 .text.exit     0x0800471c       0x24 c:/siliconlabs/simplicitystudio/v5/developer/toolchains/gnu_arm/12.2.rel1_2023.7/bin/../lib/gcc/arm-none-eabi/12.2.1/thumb/v8-m.main+fp/hard\libc_nano.a(libc_a-exit.o)
                0x0800471c                exit
 .text.std      0x08004740       0x6c c:/siliconlabs/simplicitystudio/v5/developer/toolchains/gnu_arm/12.2.rel1_2023.7/bin/../lib/gcc/arm-none-eabi/12.2.1/thumb/v8-m.main+fp/hard\libc_nano.a(libc_a-findfp.o)
 .text.stdio_exit_handler
                0x080047ac       0x18 c:/siliconlabs/simplicitystudio/v5/developer/toolchains/gnu_arm/12.2.rel1_2023.7/bin/../lib/gcc/arm-none-eabi/12.2.1/thumb/v8-m.main+fp/hard\libc_nano.a(libc_a-findfp.o)
 .text.cleanup_stdio
                0x080047c4       0x40 c:/siliconlabs/simplicitystudio/v5/developer/toolchains/gnu_arm/12.2.rel1_2023.7/bin/../lib/gcc/arm-none-eabi/12.2.1/thumb/v8-m.main+fp/hard\libc_nano.a(libc_a-findfp.o)
 .text.global_stdio_init.part.0
                0x08004804       0x3c c:/siliconlabs/simplicitystudio/v5/developer/toolchains/gnu_arm/12.2.rel1_2023.7/bin/../lib/gcc/arm-none-eabi/12.2.1/thumb/v8-m.main+fp/hard\libc_nano.a(libc_a-findfp.o)
 .text.__sfp_lock_acquire
                0x08004840        0xc c:/siliconlabs/simplicitystudio/v5/developer/toolchains/gnu_arm/12.2.rel1_2023.7/bin/../lib/gcc/arm-none-eabi/12.2.1/thumb/v8-m.main+fp/hard\libc_nano.a(libc_a-findfp.o)
                0x08004840                __sfp_lock_acquire
 .text.__sfp_lock_release
                0x0800484c        0xc c:/siliconlabs/simplicitystudio/v5/developer/toolchains/gnu_arm/12.2.rel1_2023.7/bin/../lib/gcc/arm-none-eabi/12.2.1/thumb/v8-m.main+fp/hard\libc_nano.a(libc_a-findfp.o)
                0x0800484c                __sfp_lock_release
 .text.__sinit  0x08004858       0x30 c:/siliconlabs/simplicitystudio/v5/developer/toolchains/gnu_arm/12.2.rel1_2023.7/bin/../lib/gcc/arm-none-eabi/12.2.1/thumb/v8-m.main+fp/hard\libc_nano.a(libc_a-findfp.o)
                0x08004858                __sinit
 .text.printf   0x08004888       0x24 c:/siliconlabs/simplicitystudio/v5/developer/toolchains/gnu_arm/12.2.rel1_2023.7/bin/../lib/gcc/arm-none-eabi/12.2.1/thumb/v8-m.main+fp/hard\libc_nano.a(libc_a-printf.o)
                0x08004888                iprintf
                0x08004888                printf
 .text.puts     0x080048ac       0x10 c:/siliconlabs/simplicitystudio/v5/developer/toolchains/gnu_arm/12.2.rel1_2023.7/bin/../lib/gcc/arm-none-eabi/12.2.1/thumb/v8-m.main+fp/hard\libc_nano.a(libc_a-puts.o)
                0x080048ac                puts
 .text.setvbuf  0x080048bc      0x168 c:/siliconlabs/simplicitystudio/v5/developer/toolchains/gnu_arm/12.2.rel1_2023.7/bin/../lib/gcc/arm-none-eabi/12.2.1/thumb/v8-m.main+fp/hard\libc_nano.a(libc_a-setvbuf.o)
                0x080048bc                setvbuf
 .text.__swsetup_r
                0x08004a24       0xac c:/siliconlabs/simplicitystudio/v5/developer/toolchains/gnu_arm/12.2.rel1_2023.7/bin/../lib/gcc/arm-none-eabi/12.2.1/thumb/v8-m.main+fp/hard\libc_nano.a(libc_a-wsetup.o)
                0x08004a24                __swsetup_r
 .text._close_r
                0x08004ad0       0x20 c:/siliconlabs/simplicitystudio/v5/developer/toolchains/gnu_arm/12.2.rel1_2023.7/bin/../lib/gcc/arm-none-eabi/12.2.1/thumb/v8-m.main+fp/hard\libc_nano.a(libc_a-closer.o)
                0x08004ad0                _close_r
 .text._lseek_r
                0x08004af0       0x24 c:/siliconlabs/simplicitystudio/v5/developer/toolchains/gnu_arm/12.2.rel1_2023.7/bin/../lib/gcc/arm-none-eabi/12.2.1/thumb/v8-m.main+fp/hard\libc_nano.a(libc_a-lseekr.o)
                0x08004af0                _lseek_r
 .text._read_r  0x08004b14       0x24 c:/siliconlabs/simplicitystudio/v5/developer/toolchains/gnu_arm/12.2.rel1_2023.7/bin/../lib/gcc/arm-none-eabi/12.2.1/thumb/v8-m.main+fp/hard\libc_nano.a(libc_a-readr.o)
                0x08004b14                _read_r
 .text._write_r
                0x08004b38       0x24 c:/siliconlabs/simplicitystudio/v5/developer/toolchains/gnu_arm/12.2.rel1_2023.7/bin/../lib/gcc/arm-none-eabi/12.2.1/thumb/v8-m.main+fp/hard\libc_nano.a(libc_a-writer.o)
                0x08004b38                _write_r
 .text.__libc_init_array
                0x08004b5c       0x48 c:/siliconlabs/simplicitystudio/v5/developer/toolchains/gnu_arm/12.2.rel1_2023.7/bin/../lib/gcc/arm-none-eabi/12.2.1/thumb/v8-m.main+fp/hard\libc_nano.a(libc_a-init.o)
                0x08004b5c                __libc_init_array
 .text._free_r  0x08004ba4       0x94 c:/siliconlabs/simplicitystudio/v5/developer/toolchains/gnu_arm/12.2.rel1_2023.7/bin/../lib/gcc/arm-none-eabi/12.2.1/thumb/v8-m.main+fp/hard\libc_nano.a(libc_a-freer.o)
                0x08004ba4                _free_r
 .text.malloc   0x08004c38       0x10 c:/siliconlabs/simplicitystudio/v5/developer/toolchains/gnu_arm/12.2.rel1_2023.7/bin/../lib/gcc/arm-none-eabi/12.2.1/thumb/v8-m.main+fp/hard\libc_nano.a(libc_a-malloc.o)
                0x08004c38                malloc
 .text.sbrk_aligned
                0x08004c48       0x44 c:/siliconlabs/simplicitystudio/v5/developer/toolchains/gnu_arm/12.2.rel1_2023.7/bin/../lib/gcc/arm-none-eabi/12.2.1/thumb/v8-m.main+fp/hard\libc_nano.a(libc_a-mallocr.o)
 .text._malloc_r
                0x08004c8c       0xf0 c:/siliconlabs/simplicitystudio/v5/developer/toolchains/gnu_arm/12.2.rel1_2023.7/bin/../lib/gcc/arm-none-eabi/12.2.1/thumb/v8-m.main+fp/hard\libc_nano.a(libc_a-mallocr.o)
                0x08004c8c                _malloc_r
 .text.__malloc_lock
                0x08004d7c        0xc c:/siliconlabs/simplicitystudio/v5/developer/toolchains/gnu_arm/12.2.rel1_2023.7/bin/../lib/gcc/arm-none-eabi/12.2.1/thumb/v8-m.main+fp/hard\libc_nano.a(libc_a-mlock.o)
                0x08004d7c                __malloc_lock
 .text.__malloc_unlock
                0x08004d88        0xc c:/siliconlabs/simplicitystudio/v5/developer/toolchains/gnu_arm/12.2.rel1_2023.7/bin/../lib/gcc/arm-none-eabi/12.2.1/thumb/v8-m.main+fp/hard\libc_nano.a(libc_a-mlock.o)
                0x08004d88                __malloc_unlock
 .text._vfprintf_r
                0x08004d94      0x230 c:/siliconlabs/simplicitystudio/v5/developer/toolchains/gnu_arm/12.2.rel1_2023.7/bin/../lib/gcc/arm-none-eabi/12.2.1/thumb/v8-m.main+fp/hard\libc_nano.a(libc_a-nano-vfprintf.o)
                0x08004d94                _vfprintf_r
                0x08004d94                _vfiprintf_r
 .text._printf_i
                0x08004fc4      0x258 c:/siliconlabs/simplicitystudio/v5/developer/toolchains/gnu_arm/12.2.rel1_2023.7/bin/../lib/gcc/arm-none-eabi/12.2.1/thumb/v8-m.main+fp/hard\libc_nano.a(libc_a-nano-vfprintf_i.o)
                0x08004fc4                _printf_i
 .text._fstat_r
                0x0800521c       0x24 c:/siliconlabs/simplicitystudio/v5/developer/toolchains/gnu_arm/12.2.rel1_2023.7/bin/../lib/gcc/arm-none-eabi/12.2.1/thumb/v8-m.main+fp/hard\libc_nano.a(libc_a-fstatr.o)
                0x0800521c                _fstat_r
 .text._isatty_r
                0x08005240       0x20 c:/siliconlabs/simplicitystudio/v5/developer/toolchains/gnu_arm/12.2.rel1_2023.7/bin/../lib/gcc/arm-none-eabi/12.2.1/thumb/v8-m.main+fp/hard\libc_nano.a(libc_a-isattyr.o)
                0x08005240                _isatty_r
 .text._sbrk_r  0x08005260       0x20 c:/siliconlabs/simplicitystudio/v5/developer/toolchains/gnu_arm/12.2.rel1_2023.7/bin/../lib/gcc/arm-none-eabi/12.2.1/thumb/v8-m.main+fp/hard\libc_nano.a(libc_a-sbrkr.o)
                0x08005260                _sbrk_r
 .text.app_init
                0x08005280        0xe ./app.o
                0x08005280                app_init
 .text.app_process_action
                0x0800528e        0x4 ./app.o
                0x0800528e                app_process_action
 .text.startup.main
                0x08005292       0x14 ./main.o
                0x08005292                main
 .text.decode_rh
                0x080052a6       0x16 ./si.o
                0x080052a6                decode_rh
 .text.sl_board_default_init
                0x080052bc        0x4 ./autogen/sl_board_default_init.o
                0x080052bc                sl_board_default_init
 .text.sl_platform_init
                0x080052c0       0x26 ./autogen/sl_event_handler.o
                0x080052c0                sl_platform_init
 .text.sl_driver_init
                0x080052e6       0x16 ./autogen/sl_event_handler.o
                0x080052e6                sl_driver_init
 .text.sl_service_init
                0x080052fc       0x16 ./autogen/sl_event_handler.o
                0x080052fc                sl_service_init
 .text.sl_stack_init
                0x08005312        0x2 ./autogen/sl_event_handler.o
                0x08005312                sl_stack_init
 .text.sl_internal_app_init
                0x08005314        0x2 ./autogen/sl_event_handler.o
                0x08005314                sl_internal_app_init
 .text.sl_platform_process_action
                0x08005316        0x2 ./autogen/sl_event_handler.o
                0x08005316                sl_platform_process_action
 .text.sl_service_process_action
                0x08005318        0x2 ./autogen/sl_event_handler.o
                0x08005318                sl_service_process_action
 .text.sl_stack_process_action
                0x0800531a        0x2 ./autogen/sl_event_handler.o
                0x0800531a                sl_stack_process_action
 .text.sl_internal_app_process_action
                0x0800531c        0x2 ./autogen/sl_event_handler.o
                0x0800531c                sl_internal_app_process_action
 .text.sl_iostream_eusart_init_instances
                0x0800531e        0x4 ./autogen/sl_iostream_init_eusart_instances.o
                0x0800531e                sl_iostream_eusart_init_instances
 .text.EUSART0_TX_IRQHandler
                0x08005322        0x4 ./autogen/sl_iostream_init_eusart_instances.o
                0x08005322                EUSART0_TX_IRQHandler
 .text.sl_board_enable_vcom
                0x08005326       0x12 ./gecko_sdk_4.4.1/hardware/board/src/sl_board_control_gpio.o
                0x08005326                sl_board_enable_vcom
 .text.sl_board_configure_vcom
                0x08005338        0x4 ./gecko_sdk_4.4.1/hardware/board/src/sl_board_control_gpio.o
                0x08005338                sl_board_configure_vcom
 .text.sl_board_disable_vcom
                0x0800533c       0x12 ./gecko_sdk_4.4.1/hardware/board/src/sl_board_control_gpio.o
                0x0800533c                sl_board_disable_vcom
 .text.sl_board_init
                0x0800534e       0x1c ./gecko_sdk_4.4.1/hardware/board/src/sl_board_init.o
                0x0800534e                sl_board_init
 .text.sl_board_preinit
                0x0800536a        0x8 ./gecko_sdk_4.4.1/hardware/board/src/sl_board_init.o
                0x0800536a                sl_board_preinit
 .text.sli_cos_swo_itm_8_write.constprop.0.isra.0
                0x08005372       0x78 ./gecko_sdk_4.4.1/hardware/driver/configuration_over_swo/src/sl_cos.o
 .text.sl_cos_send_config
                0x080053ea       0x12 ./gecko_sdk_4.4.1/hardware/driver/configuration_over_swo/src/sl_cos.o
                0x080053ea                sl_cos_send_config
 .text.sl_cos_config_vcom
                0x080053fc       0x1e ./gecko_sdk_4.4.1/hardware/driver/configuration_over_swo/src/sl_cos.o
                0x080053fc                sl_cos_config_vcom
 .text.Default_Handler
                0x0800541a        0x2 ./gecko_sdk_4.4.1/platform/Device/SiliconLabs/EFR32MG24/Source/startup_efr32mg24.o
                0x0800541a                ULFRCO_IRQHandler
                0x0800541a                AHB2AHB1_IRQHandler
                0x0800541a                SW2_IRQHandler
                0x0800541a                TIMER2_IRQHandler
                0x0800541a                DebugMon_Handler
                0x0800541a                USART0_TX_IRQHandler
                0x0800541a                IADC_IRQHandler
                0x0800541a                I2C0_IRQHandler
                0x0800541a                LFXO_IRQHandler
                0x0800541a                HardFault_Handler
                0x0800541a                SMU_SECURE_IRQHandler
                0x0800541a                SysTick_Handler
                0x0800541a                SYSRTC_SEQ_IRQHandler
                0x0800541a                EMUEFP_IRQHandler
                0x0800541a                PendSV_Handler
                0x0800541a                NMI_Handler
                0x0800541a                SYNTH_IRQHandler
                0x0800541a                HOSTMAILBOX_IRQHandler
                0x0800541a                HFXO0_IRQHandler
                0x0800541a                I2C1_IRQHandler
                0x0800541a                WDOG0_IRQHandler
                0x0800541a                TIMER3_IRQHandler
                0x0800541a                SYSCFG_IRQHandler
                0x0800541a                RFECA1_IRQHandler
                0x0800541a                EMUDG_IRQHandler
                0x0800541a                MSC_IRQHandler
                0x0800541a                DPLL0_IRQHandler
                0x0800541a                UsageFault_Handler
                0x0800541a                WDOG1_IRQHandler
                0x0800541a                M33CTI1_IRQHandler
                0x0800541a                TIMER4_IRQHandler
                0x0800541a                GPIO_EVEN_IRQHandler
                0x0800541a                VDAC0_IRQHandler
                0x0800541a                SEMBTX_IRQHandler
                0x0800541a                SW0_IRQHandler
                0x0800541a                TIMER0_IRQHandler
                0x0800541a                MVP_IRQHandler
                0x0800541a                LETIMER0_IRQHandler
                0x0800541a                EUSART1_RX_IRQHandler
                0x0800541a                TIMER1_IRQHandler
                0x0800541a                HFRCO0_IRQHandler
                0x0800541a                SecureFault_Handler
                0x0800541a                BUFC_IRQHandler
                0x0800541a                DCDC_IRQHandler
                0x0800541a                MODEM_IRQHandler
                0x0800541a                Default_Handler
                0x0800541a                RAC_SEQ_IRQHandler
                0x0800541a                FRC_PRI_IRQHandler
                0x0800541a                EMU_IRQHandler
                0x0800541a                SW3_IRQHandler
                0x0800541a                KERNEL0_IRQHandler
                0x0800541a                FRC_IRQHandler
                0x0800541a                PCNT0_IRQHandler
                0x0800541a                KERNEL1_IRQHandler
                0x0800541a                AGC_IRQHandler
                0x0800541a                EUSART1_TX_IRQHandler
                0x0800541a                KEYSCAN_IRQHandler
                0x0800541a                sl_app_properties
                0x0800541a                HFRCOEM23_IRQHandler
                0x0800541a                BURTC_IRQHandler
                0x0800541a                SEMBRX_IRQHandler
                0x0800541a                RFECA0_IRQHandler
                0x0800541a                LFRCO_IRQHandler
                0x0800541a                VDAC1_IRQHandler
                0x0800541a                ACMP0_IRQHandler
                0x0800541a                USART0_RX_IRQHandler
                0x0800541a                MemManage_Handler
                0x0800541a                AHB2AHB0_IRQHandler
                0x0800541a                SVC_Handler
                0x0800541a                SMU_S_PRIVILEGED_IRQHandler
                0x0800541a                SW1_IRQHandler
                0x0800541a                CMU_IRQHandler
                0x0800541a                RAC_RSM_IRQHandler
                0x0800541a                SETAMPERHOST_IRQHandler
                0x0800541a                GPIO_ODD_IRQHandler
                0x0800541a                AES_IRQHandler
                0x0800541a                M33CTI0_IRQHandler
                0x0800541a                ICACHE0_IRQHandler
                0x0800541a                SMU_NS_PRIVILEGED_IRQHandler
                0x0800541a                FPUEXH_IRQHandler
                0x0800541a                PROTIMER_IRQHandler
                0x0800541a                ACMP1_IRQHandler
                0x0800541a                BusFault_Handler
                0x0800541a                MPAHBRAM_IRQHandler
 .text.FlashToRamCopy
                0x0800541c       0x16 ./gecko_sdk_4.4.1/platform/Device/SiliconLabs/EFR32MG24/Source/system_efr32mg24.o
                0x0800541c                FlashToRamCopy
 .text.SystemCLKIN0Get
                0x08005432        0x4 ./gecko_sdk_4.4.1/platform/Device/SiliconLabs/EFR32MG24/Source/system_efr32mg24.o
                0x08005432                SystemCLKIN0Get
 .text.SystemLFRCOClockGet
                0x08005436        0x6 ./gecko_sdk_4.4.1/platform/Device/SiliconLabs/EFR32MG24/Source/system_efr32mg24.o
                0x08005436                SystemLFRCOClockGet
 .text.SystemULFRCOClockGet
                0x0800543c        0x6 ./gecko_sdk_4.4.1/platform/Device/SiliconLabs/EFR32MG24/Source/system_efr32mg24.o
                0x0800543c                SystemULFRCOClockGet
 .text.assertEFM
                0x08005442        0x2 ./gecko_sdk_4.4.1/platform/common/src/sl_assert.o
                0x08005442                assertEFM
 .text.sl_debug_swo_enable_itm
                0x08005444       0x16 ./gecko_sdk_4.4.1/platform/driver/debug/src/sl_debug_swo.o
                0x08005444                sl_debug_swo_enable_itm
 .text.sl_debug_swo_disable_itm
                0x0800545a       0x18 ./gecko_sdk_4.4.1/platform/driver/debug/src/sl_debug_swo.o
                0x0800545a                sl_debug_swo_disable_itm
 .text.sl_led_init
                0x08005472        0x6 ./gecko_sdk_4.4.1/platform/driver/leddrv/src/sl_led.o
                0x08005472                sl_led_init
 .text.sl_led_turn_on
                0x08005478        0x6 ./gecko_sdk_4.4.1/platform/driver/leddrv/src/sl_led.o
                0x08005478                sl_led_turn_on
 .text.sl_led_turn_off
                0x0800547e        0x6 ./gecko_sdk_4.4.1/platform/driver/leddrv/src/sl_led.o
                0x0800547e                sl_led_turn_off
 .text.sl_simple_led_init
                0x08005484       0x22 ./gecko_sdk_4.4.1/platform/driver/leddrv/src/sl_simple_led.o
                0x08005484                sl_simple_led_init
 .text.sl_simple_led_turn_on
                0x080054a6       0x12 ./gecko_sdk_4.4.1/platform/driver/leddrv/src/sl_simple_led.o
                0x080054a6                sl_simple_led_turn_on
 .text.sl_simple_led_turn_off
                0x080054b8       0x12 ./gecko_sdk_4.4.1/platform/driver/leddrv/src/sl_simple_led.o
                0x080054b8                sl_simple_led_turn_off
 .text.DMADRV_PeripheralMemory
                0x080054ca       0x34 ./gecko_sdk_4.4.1/platform/emdrv/dmadrv/src/dmadrv.o
                0x080054ca                DMADRV_PeripheralMemory
 .text.BUS_RegMaskedWrite
                0x080054fe       0x1e ./gecko_sdk_4.4.1/platform/emlib/src/em_cmu.o
 .text.waitStateMax
                0x0800551c       0x10 ./gecko_sdk_4.4.1/platform/emlib/src/em_cmu.o
 .text.CMU_UpdateWaitStates
                0x0800552c        0xc ./gecko_sdk_4.4.1/platform/emlib/src/em_cmu.o
                0x0800552c                CMU_UpdateWaitStates
 .text.pclkDivMax
                0x08005538        0xa ./gecko_sdk_4.4.1/platform/emlib/src/em_cmu.o
 .text.sli_em_cmu_SYSCLKInitPostClockSelect
                0x08005542       0x2a ./gecko_sdk_4.4.1/platform/emlib/src/em_cmu.o
                0x08005542                sli_em_cmu_SYSCLKInitPostClockSelect
 .text.CORE_EnterCritical
                0x0800556c        0x8 ./gecko_sdk_4.4.1/platform/emlib/src/em_core.o
                0x0800556c                CORE_EnterCritical
 .text.CORE_ExitCritical
                0x08005574        0x6 ./gecko_sdk_4.4.1/platform/emlib/src/em_core.o
                0x08005574                CORE_ExitCritical
 .text.CORE_EnterAtomic
                0x0800557a        0xc ./gecko_sdk_4.4.1/platform/emlib/src/em_core.o
                0x0800557a                CORE_EnterAtomic
 .text.CORE_ExitAtomic
                0x08005586        0x6 ./gecko_sdk_4.4.1/platform/emlib/src/em_core.o
                0x08005586                CORE_ExitAtomic
 .text.EMU_EFPEM01VScale
                0x0800558c        0x2 ./gecko_sdk_4.4.1/platform/emlib/src/em_emu.o
                0x0800558c                EMU_EFPEM01VScale
 .text.EMU_DCDCUpdatedHook
                0x0800558e        0x2 ./gecko_sdk_4.4.1/platform/emlib/src/em_emu.o
                0x0800558e                EMU_DCDCUpdatedHook
 .text.eusart_sync
                0x08005590        0x8 ./gecko_sdk_4.4.1/platform/emlib/src/em_eusart.o
 .text.EUSART_Disable
                0x08005598       0x34 ./gecko_sdk_4.4.1/platform/emlib/src/em_eusart.o
 .text.EUSART_Tx
                0x080055cc        0xa ./gecko_sdk_4.4.1/platform/emlib/src/em_eusart.o
                0x080055cc                EUSART_Tx
 .text.BUS_RegMaskedWrite
                0x080055d6       0x1e ./gecko_sdk_4.4.1/platform/emlib/src/em_gpio.o
 .text.GPIO_DbgLocationSet
                0x080055f4        0x2 ./gecko_sdk_4.4.1/platform/emlib/src/em_gpio.o
                0x080055f4                GPIO_DbgLocationSet
 .text.USART_SpiTransfer
                0x080055f6       0x14 ./gecko_sdk_4.4.1/platform/emlib/src/em_usart.o
                0x080055f6                USART_SpiTransfer
 .text.sl_iostream_write
                0x0800560a       0x22 ./gecko_sdk_4.4.1/platform/service/iostream/src/sl_iostream.o
                0x0800560a                sl_iostream_write
 .text.sl_iostream_read
                0x0800562c       0x30 ./gecko_sdk_4.4.1/platform/service/iostream/src/sl_iostream.o
                0x0800562c                sl_iostream_read
 .text.eusart_deinit
                0x0800565c       0x70 ./gecko_sdk_4.4.1/platform/service/iostream/src/sl_iostream_eusart.o
 .text.eusart_set_next_byte_detect
                0x080056cc       0x30 ./gecko_sdk_4.4.1/platform/service/iostream/src/sl_iostream_eusart.o
 .text.eusart_tx
                0x080056fc        0xc ./gecko_sdk_4.4.1/platform/service/iostream/src/sl_iostream_eusart.o
 .text.sl_iostream_eusart_irq_handler
                0x08005708       0x72 ./gecko_sdk_4.4.1/platform/service/iostream/src/sl_iostream_eusart.o
                0x08005708                sl_iostream_eusart_irq_handler
 .text._close   0x0800577a        0x4 ./gecko_sdk_4.4.1/platform/service/iostream/src/sl_iostream_retarget_stdio.o
                0x0800577a                _close
 .text._exit    0x0800577e        0x2 ./gecko_sdk_4.4.1/platform/service/iostream/src/sl_iostream_retarget_stdio.o
                0x0800577e                _exit
 .text._fstat   0x08005780        0xa ./gecko_sdk_4.4.1/platform/service/iostream/src/sl_iostream_retarget_stdio.o
                0x08005780                _fstat
 .text._isatty  0x0800578a        0x4 ./gecko_sdk_4.4.1/platform/service/iostream/src/sl_iostream_retarget_stdio.o
                0x0800578a                _isatty
 .text._lseek   0x0800578e        0x4 ./gecko_sdk_4.4.1/platform/service/iostream/src/sl_iostream_retarget_stdio.o
                0x0800578e                _lseek
 .text._read    0x08005792       0x1c ./gecko_sdk_4.4.1/platform/service/iostream/src/sl_iostream_retarget_stdio.o
                0x08005792                _read
 .text.set_auto_cr_lf
                0x080057ae        0x6 ./gecko_sdk_4.4.1/platform/service/iostream/src/sl_iostream_uart.o
 .text.get_auto_cr_lf
                0x080057b4        0x6 ./gecko_sdk_4.4.1/platform/service/iostream/src/sl_iostream_uart.o
 .text.delay_callback
                0x080057ba        0x6 ./gecko_sdk_4.4.1/platform/service/sleeptimer/src/sl_sleeptimer.o
 .text.sl_sleeptimer_start_timer
                0x080057c0       0x48 ./gecko_sdk_4.4.1/platform/service/sleeptimer/src/sl_sleeptimer.o
                0x080057c0                sl_sleeptimer_start_timer
 .text.sl_sleeptimer_start_periodic_timer
                0x08005808       0x4a ./gecko_sdk_4.4.1/platform/service/sleeptimer/src/sl_sleeptimer.o
                0x08005808                sl_sleeptimer_start_periodic_timer
 .text.sleeptimer_hal_get_compare
                0x08005852        0x8 ./gecko_sdk_4.4.1/platform/service/sleeptimer/src/sl_sleeptimer_hal_sysrtc.o
                0x08005852                sleeptimer_hal_get_compare
 .text.sleeptimer_hal_enable_int
                0x0800585a       0x12 ./gecko_sdk_4.4.1/platform/service/sleeptimer/src/sl_sleeptimer_hal_sysrtc.o
                0x0800585a                sleeptimer_hal_enable_int
 .text.SYSRTC_APP_IRQHandler
                0x0800586c       0x34 ./gecko_sdk_4.4.1/platform/service/sleeptimer/src/sl_sleeptimer_hal_sysrtc.o
                0x0800586c                SYSRTC_APP_IRQHandler
 .text.sleeptimer_hal_get_timer_frequency
                0x080058a0        0x6 ./gecko_sdk_4.4.1/platform/service/sleeptimer/src/sl_sleeptimer_hal_sysrtc.o
                0x080058a0                sleeptimer_hal_get_timer_frequency
 .text.sl_system_init
                0x080058a6       0x1a ./gecko_sdk_4.4.1/platform/service/system/src/sl_system_init.o
                0x080058a6                sl_system_init
 .text.sl_system_process_action
                0x080058c0       0x16 ./gecko_sdk_4.4.1/platform/service/system/src/sl_system_process_action.o
                0x080058c0                sl_system_process_action
 .text._fwalk_sglue
                0x080058d6       0x3c c:/siliconlabs/simplicitystudio/v5/developer/toolchains/gnu_arm/12.2.rel1_2023.7/bin/../lib/gcc/arm-none-eabi/12.2.1/thumb/v8-m.main+fp/hard\libc_nano.a(libc_a-fwalk.o)
                0x080058d6                _fwalk_sglue
 .text._puts_r  0x08005912       0xaa c:/siliconlabs/simplicitystudio/v5/developer/toolchains/gnu_arm/12.2.rel1_2023.7/bin/../lib/gcc/arm-none-eabi/12.2.1/thumb/v8-m.main+fp/hard\libc_nano.a(libc_a-puts.o)
                0x08005912                _puts_r
 .text.__sread  0x080059bc       0x22 c:/siliconlabs/simplicitystudio/v5/developer/toolchains/gnu_arm/12.2.rel1_2023.7/bin/../lib/gcc/arm-none-eabi/12.2.1/thumb/v8-m.main+fp/hard\libc_nano.a(libc_a-stdio.o)
                0x080059bc                __sread
 .text.__swrite
                0x080059de       0x38 c:/siliconlabs/simplicitystudio/v5/developer/toolchains/gnu_arm/12.2.rel1_2023.7/bin/../lib/gcc/arm-none-eabi/12.2.1/thumb/v8-m.main+fp/hard\libc_nano.a(libc_a-stdio.o)
                0x080059de                __swrite
 .text.__sseek  0x08005a16       0x24 c:/siliconlabs/simplicitystudio/v5/developer/toolchains/gnu_arm/12.2.rel1_2023.7/bin/../lib/gcc/arm-none-eabi/12.2.1/thumb/v8-m.main+fp/hard\libc_nano.a(libc_a-stdio.o)
                0x08005a16                __sseek
 .text.__sclose
                0x08005a3a        0x8 c:/siliconlabs/simplicitystudio/v5/developer/toolchains/gnu_arm/12.2.rel1_2023.7/bin/../lib/gcc/arm-none-eabi/12.2.1/thumb/v8-m.main+fp/hard\libc_nano.a(libc_a-stdio.o)
                0x08005a3a                __sclose
 .text.__swbuf_r
                0x08005a42       0x7c c:/siliconlabs/simplicitystudio/v5/developer/toolchains/gnu_arm/12.2.rel1_2023.7/bin/../lib/gcc/arm-none-eabi/12.2.1/thumb/v8-m.main+fp/hard\libc_nano.a(libc_a-wbuf.o)
                0x08005a42                __swbuf_r
 .text.memset   0x08005abe       0x10 c:/siliconlabs/simplicitystudio/v5/developer/toolchains/gnu_arm/12.2.rel1_2023.7/bin/../lib/gcc/arm-none-eabi/12.2.1/thumb/v8-m.main+fp/hard\libc_nano.a(libc_a-memset.o)
                0x08005abe                memset
 .text.__retarget_lock_init_recursive
                0x08005ace        0x2 c:/siliconlabs/simplicitystudio/v5/developer/toolchains/gnu_arm/12.2.rel1_2023.7/bin/../lib/gcc/arm-none-eabi/12.2.1/thumb/v8-m.main+fp/hard\libc_nano.a(libc_a-lock.o)
                0x08005ace                __retarget_lock_init_recursive
 .text.__retarget_lock_acquire_recursive
                0x08005ad0        0x2 c:/siliconlabs/simplicitystudio/v5/developer/toolchains/gnu_arm/12.2.rel1_2023.7/bin/../lib/gcc/arm-none-eabi/12.2.1/thumb/v8-m.main+fp/hard\libc_nano.a(libc_a-lock.o)
                0x08005ad0                __retarget_lock_acquire_recursive
 .text.__retarget_lock_release_recursive
                0x08005ad2        0x2 c:/siliconlabs/simplicitystudio/v5/developer/toolchains/gnu_arm/12.2.rel1_2023.7/bin/../lib/gcc/arm-none-eabi/12.2.1/thumb/v8-m.main+fp/hard\libc_nano.a(libc_a-lock.o)
                0x08005ad2                __retarget_lock_release_recursive
 .text.memcpy   0x08005ad4       0x1a c:/siliconlabs/simplicitystudio/v5/developer/toolchains/gnu_arm/12.2.rel1_2023.7/bin/../lib/gcc/arm-none-eabi/12.2.1/thumb/v8-m.main+fp/hard\libc_nano.a(libc_a-memcpy-stub.o)
                0x08005ad4                memcpy
 .text.__sfputc_r
                0x08005aee       0x2e c:/siliconlabs/simplicitystudio/v5/developer/toolchains/gnu_arm/12.2.rel1_2023.7/bin/../lib/gcc/arm-none-eabi/12.2.1/thumb/v8-m.main+fp/hard\libc_nano.a(libc_a-nano-vfprintf.o)
 .text.__sfputs_r
                0x08005b1c       0x24 c:/siliconlabs/simplicitystudio/v5/developer/toolchains/gnu_arm/12.2.rel1_2023.7/bin/../lib/gcc/arm-none-eabi/12.2.1/thumb/v8-m.main+fp/hard\libc_nano.a(libc_a-nano-vfprintf.o)
                0x08005b1c                __sfputs_r
 .text._printf_common
                0x08005b40       0xe4 c:/siliconlabs/simplicitystudio/v5/developer/toolchains/gnu_arm/12.2.rel1_2023.7/bin/../lib/gcc/arm-none-eabi/12.2.1/thumb/v8-m.main+fp/hard\libc_nano.a(libc_a-nano-vfprintf_i.o)
                0x08005b40                _printf_common
 .text.__sflush_r
                0x08005c24      0x106 c:/siliconlabs/simplicitystudio/v5/developer/toolchains/gnu_arm/12.2.rel1_2023.7/bin/../lib/gcc/arm-none-eabi/12.2.1/thumb/v8-m.main+fp/hard\libc_nano.a(libc_a-fflush.o)
                0x08005c24                __sflush_r
 .text._fflush_r
                0x08005d2a       0x50 c:/siliconlabs/simplicitystudio/v5/developer/toolchains/gnu_arm/12.2.rel1_2023.7/bin/../lib/gcc/arm-none-eabi/12.2.1/thumb/v8-m.main+fp/hard\libc_nano.a(libc_a-fflush.o)
                0x08005d2a                _fflush_r
 .text.__swhatbuf_r
                0x08005d7a       0x4a c:/siliconlabs/simplicitystudio/v5/developer/toolchains/gnu_arm/12.2.rel1_2023.7/bin/../lib/gcc/arm-none-eabi/12.2.1/thumb/v8-m.main+fp/hard\libc_nano.a(libc_a-makebuf.o)
                0x08005d7a                __swhatbuf_r
 .text.__smakebuf_r
                0x08005dc4       0x78 c:/siliconlabs/simplicitystudio/v5/developer/toolchains/gnu_arm/12.2.rel1_2023.7/bin/../lib/gcc/arm-none-eabi/12.2.1/thumb/v8-m.main+fp/hard\libc_nano.a(libc_a-makebuf.o)
                0x08005dc4                __smakebuf_r
 .text.memchr   0x08005e3c       0x1c c:/siliconlabs/simplicitystudio/v5/developer/toolchains/gnu_arm/12.2.rel1_2023.7/bin/../lib/gcc/arm-none-eabi/12.2.1/thumb/v8-m.main+fp/hard\libc_nano.a(libc_a-memchr-stub.o)
                0x08005e3c                memchr
                0x08005e60                . = ALIGN (0x20)
 *fill*         0x08005e58        0x8 
                0x08005e60                linker_code_end = .
 *(.init)
 .init          0x08005e60        0x4 c:/siliconlabs/simplicitystudio/v5/developer/toolchains/gnu_arm/12.2.rel1_2023.7/bin/../lib/gcc/arm-none-eabi/12.2.1/thumb/v8-m.main+fp/hard/crti.o
                0x08005e60                _init
 .init          0x08005e64        0x8 c:/siliconlabs/simplicitystudio/v5/developer/toolchains/gnu_arm/12.2.rel1_2023.7/bin/../lib/gcc/arm-none-eabi/12.2.1/thumb/v8-m.main+fp/hard/crtn.o
 *(.fini)
 .fini          0x08005e6c        0x4 c:/siliconlabs/simplicitystudio/v5/developer/toolchains/gnu_arm/12.2.rel1_2023.7/bin/../lib/gcc/arm-none-eabi/12.2.1/thumb/v8-m.main+fp/hard/crti.o
                0x08005e6c                _fini
 .fini          0x08005e70        0x8 c:/siliconlabs/simplicitystudio/v5/developer/toolchains/gnu_arm/12.2.rel1_2023.7/bin/../lib/gcc/arm-none-eabi/12.2.1/thumb/v8-m.main+fp/hard/crtn.o
 *crtbegin.o(.ctors)
 *crtbegin?.o(.ctors)
 *(EXCLUDE_FILE(*crtend.o *crtend?.o) .ctors)
 *(SORT_BY_NAME(.ctors.*))
 *(.ctors)
 *crtbegin.o(.dtors)
 *crtbegin?.o(.dtors)
 *(EXCLUDE_FILE(*crtend.o *crtend?.o) .dtors)
 *(SORT_BY_NAME(.dtors.*))
 *(.dtors)
                0x08005e78                __code_classification_validator_start__ = .
                0x08005e98                . = (. + 0x20)
 *fill*         0x08005e78       0x20 
 *(code_classification_validator)
                0x08005ea0                . = ALIGN (0x20)
 *fill*         0x08005e98        0x8 
                0x08005ea0                __code_classification_validator_end__ = .
 *(.rodata*)
 .rodata.mpl_init.str1.1
                0x08005ea0       0x2d ./mpl.o
 .rodata.SI7021_measure.constprop.0.str1.1
                0x08005ecd        0x8 ./si.o
 .rodata.set_leds.str1.1
                0x08005ed5       0x24 ./si.o
 .rodata.i2cspm_app_init.str1.1
                0x08005ef9       0x48 ./si.o
 .rodata.i2cspm_app_process_action.str1.1
                0x08005f41       0x32 ./si.o
                                 0x34 (size before relaxing)
 .rodata.sl_iostream_eusart_init_vcom.str1.1
                0x08005f73       0x2f ./autogen/sl_iostream_init_eusart_instances.o
 *fill*         0x08005fa2        0x2 
 .rodata        0x08005fa4       0x20 ./autogen/sl_iostream_init_eusart_instances.o
 .rodata.sl_led_led1
                0x08005fc4       0x18 ./autogen/sl_simple_led_instances.o
                0x08005fc4                sl_led_led1
 .rodata.sl_led_led0
                0x08005fdc       0x18 ./autogen/sl_simple_led_instances.o
                0x08005fdc                sl_led_led0
 .rodata.sl_board_enable_sensor.str1.1
                0x08005ff4       0x3e ./gecko_sdk_4.4.1/hardware/board/src/sl_board_control_gpio.o
 *fill*         0x08006032        0x2 
 .rodata        0x08006034       0x1c ./gecko_sdk_4.4.1/hardware/driver/mx25_flash_shutdown/src/sl_mx25_flash_shutdown_usart/sl_mx25_flash_shutdown.o
 .rodata.I2CSPM_Init.str1.1
                0x08006050       0xa1 ./gecko_sdk_4.4.1/platform/driver/i2cspm/src/sl_i2cspm.o
 *fill*         0x080060f1        0x1 
 .rodata.CSWTCH.10
                0x080060f2        0x8 ./gecko_sdk_4.4.1/platform/driver/i2cspm/src/sl_i2cspm.o
 .rodata.GPIO_PinOutClear.str1.1
                0x080060fa       0x67 ./gecko_sdk_4.4.1/platform/driver/leddrv/src/sl_simple_led.o
 .rodata.CSWTCH.18
                0x080060fa        0x8 ./gecko_sdk_4.4.1/platform/driver/leddrv/src/sl_simple_led.o
 .rodata        0x08006102        0x4 ./gecko_sdk_4.4.1/platform/emdrv/dmadrv/src/dmadrv.o
 .rodata.HFRCODPLLDevinfoGet.str1.1
                0x08006106       0x2f ./gecko_sdk_4.4.1/platform/emlib/src/em_cmu.o
 .rodata.EMU_VScaleEM01.str1.1
                0x08006135       0x2f ./gecko_sdk_4.4.1/platform/emlib/src/em_emu.o
 .rodata.EUSART_Enable.str1.1
                0x08006164       0x32 ./gecko_sdk_4.4.1/platform/emlib/src/em_eusart.o
 .rodata.GPIO_PinOutSet.str1.1
                0x08006196       0x67 ./gecko_sdk_4.4.1/platform/emlib/src/em_gpio.o
 .rodata.GPIO_ExtIntConfig.str1.1
                0x08006196       0x30 ./gecko_sdk_4.4.1/platform/emlib/src/em_gpio.o
 .rodata.CSWTCH.31
                0x080061c6        0x8 ./gecko_sdk_4.4.1/platform/emlib/src/em_gpio.o
 .rodata.I2C_BusFreqGet.str1.1
                0x080061ce       0x2f ./gecko_sdk_4.4.1/platform/emlib/src/em_i2c.o
 .rodata.i2cNSum
                0x080061fd        0x4 ./gecko_sdk_4.4.1/platform/emlib/src/em_i2c.o
 .rodata.LDMA_EnableChannelRequest.str1.1
                0x08006201       0x96 ./gecko_sdk_4.4.1/platform/emlib/src/em_ldma.o
 .rodata.USART_BaudrateAsyncSet.str1.1
                0x08006297       0x31 ./gecko_sdk_4.4.1/platform/emlib/src/em_usart.o
 .rodata.sl_hal_sysrtc_init_group.str1.1
                0x080062c8       0x3f ./gecko_sdk_4.4.1/platform/peripheral/src/peripheral_sysrtc.o
 .rodata        0x08006307        0x7 ./gecko_sdk_4.4.1/platform/service/device_init/src/sl_device_init_dcdc_s2.o
 *fill*         0x0800630e        0x2 
 .rodata        0x08006310       0x28 ./gecko_sdk_4.4.1/platform/service/device_init/src/sl_device_init_hfxo_s2.o
 .rodata        0x08006338       0x14 ./gecko_sdk_4.4.1/platform/service/device_init/src/sl_device_init_lfxo_s2.o
 .rodata._write.str1.1
                0x0800634c       0x4e ./gecko_sdk_4.4.1/platform/service/iostream/src/sl_iostream_retarget_stdio.o
 .rodata.get_write_ptr.str1.1
                0x0800639a       0x44 ./gecko_sdk_4.4.1/platform/service/iostream/src/sl_iostream_uart.o
 .rodata.process_timer_irq.str1.1
                0x080063de       0x43 ./gecko_sdk_4.4.1/platform/service/sleeptimer/src/sl_sleeptimer.o
 .rodata.sl_udelay_wait.str1.1
                0x08006421       0x3b ./gecko_sdk_4.4.1/platform/service/udelay/src/sl_udelay.o
 .rodata._vfprintf_r.str1.1
                0x0800645c       0x11 c:/siliconlabs/simplicitystudio/v5/developer/toolchains/gnu_arm/12.2.rel1_2023.7/bin/../lib/gcc/arm-none-eabi/12.2.1/thumb/v8-m.main+fp/hard\libc_nano.a(libc_a-nano-vfprintf.o)
 .rodata._printf_i.str1.1
                0x0800646d       0x22 c:/siliconlabs/simplicitystudio/v5/developer/toolchains/gnu_arm/12.2.rel1_2023.7/bin/../lib/gcc/arm-none-eabi/12.2.1/thumb/v8-m.main+fp/hard\libc_nano.a(libc_a-nano-vfprintf_i.o)
 *(.eh_frame*)
 *fill*         0x0800648f        0x1 
 .eh_frame      0x08006490        0x0 c:/siliconlabs/simplicitystudio/v5/developer/toolchains/gnu_arm/12.2.rel1_2023.7/bin/../lib/gcc/arm-none-eabi/12.2.1/thumb/v8-m.main+fp/hard/crtbegin.o

.glue_7         0x08006490        0x0
 .glue_7        0x08006490        0x0 linker stubs

.glue_7t        0x08006490        0x0
 .glue_7t       0x08006490        0x0 linker stubs

.vfp11_veneer   0x08006490        0x0
 .vfp11_veneer  0x08006490        0x0 linker stubs

.v4_bx          0x08006490        0x0
 .v4_bx         0x08006490        0x0 linker stubs

.iplt           0x08006490        0x0
 .iplt          0x08006490        0x0 c:/siliconlabs/simplicitystudio/v5/developer/toolchains/gnu_arm/12.2.rel1_2023.7/bin/../lib/gcc/arm-none-eabi/12.2.1/thumb/v8-m.main+fp/hard/crtbegin.o

.ARM.extab
 *(.ARM.extab* .gnu.linkonce.armextab.*)
                0x08006490                __exidx_start = .

.ARM.exidx      0x08006490        0x8
 *(.ARM.exidx* .gnu.linkonce.armexidx.*)
 .ARM.exidx     0x08006490        0x8 c:/siliconlabs/simplicitystudio/v5/developer/toolchains/gnu_arm/12.2.rel1_2023.7/bin/../lib/gcc/arm-none-eabi/12.2.1/thumb/v8-m.main+fp/hard/crt0.o
                                 0x10 (size before relaxing)
 .ARM.exidx.text.__udivmoddi4
                0x08006498        0x0 c:/siliconlabs/simplicitystudio/v5/developer/toolchains/gnu_arm/12.2.rel1_2023.7/bin/../lib/gcc/arm-none-eabi/12.2.1/thumb/v8-m.main+fp/hard\libgcc.a(_udivmoddi4.o)
                                  0x8 (size before relaxing)
                0x08006498                __exidx_end = .

.rel.dyn        0x08006498        0x0
 .rel.iplt      0x08006498        0x0 c:/siliconlabs/simplicitystudio/v5/developer/toolchains/gnu_arm/12.2.rel1_2023.7/bin/../lib/gcc/arm-none-eabi/12.2.1/thumb/v8-m.main+fp/hard/crtbegin.o

.copy.table     0x08006498        0xc
                0x08006498                . = ALIGN (0x4)
                0x08006498                __copy_table_start__ = .
                0x08006498        0x4 LONG 0x80064a4 __etext
                0x0800649c        0x4 LONG 0x20001000 __data_start__
                0x080064a0        0x4 LONG 0x27 ((__data_end__ - __data_start__) / 0x4)
                0x080064a4                __copy_table_end__ = .

.zero.table     0x080064a4        0x0
                0x080064a4                . = ALIGN (0x4)
                0x080064a4                __zero_table_start__ = .
                0x080064a4                __zero_table_end__ = .
                0x080064a4                __etext = .
                0x20000000                . = ORIGIN (RAM)

.stack          0x20000000     0x1000
                0x20000000                __StackLimit = .
 *(.stack*)
 .stack         0x20000000     0x1000 ./gecko_sdk_4.4.1/platform/common/toolchain/src/sl_memory.o
                0x20001000                . = ALIGN (0x4)
                0x20001000                __StackTop = .
                0x20001000                PROVIDE (__stack = __StackTop)

.noinit
 *(.noinit*)

.data           0x20001000       0x9c load address 0x080064a4
                0x20001000                . = ALIGN (0x4)
                0x20001000                __data_start__ = .
 *(vtable)
 *(SORT_BY_ALIGNMENT(.data*))
 .data.init_sensor
                0x20001000       0x14 ./autogen/sl_i2cspm_init.o
                0x20001000                init_sensor
 .data.sl_i2cspm_sensor
                0x20001014        0x4 ./autogen/sl_i2cspm_init.o
                0x20001014                sl_i2cspm_sensor
 .data.SystemCoreClock
                0x20001018        0x4 ./gecko_sdk_4.4.1/platform/Device/SiliconLabs/EFR32MG24/Source/system_efr32mg24.o
                0x20001018                SystemCoreClock
 .data.SystemHFRCODPLLClock
                0x2000101c        0x4 ./gecko_sdk_4.4.1/platform/Device/SiliconLabs/EFR32MG24/Source/system_efr32mg24.o
 .data.SystemLFXOClock
                0x20001020        0x4 ./gecko_sdk_4.4.1/platform/Device/SiliconLabs/EFR32MG24/Source/system_efr32mg24.o
 .data.SystemHFXOClock
                0x20001024        0x4 ./gecko_sdk_4.4.1/platform/Device/SiliconLabs/EFR32MG24/Source/system_efr32mg24.o
 .data.heap_end.0
                0x20001028        0x4 ./gecko_sdk_4.4.1/platform/common/toolchain/src/sl_memory.o
 .data.__sglue  0x2000102c        0xc c:/siliconlabs/simplicitystudio/v5/developer/toolchains/gnu_arm/12.2.rel1_2023.7/bin/../lib/gcc/arm-none-eabi/12.2.1/thumb/v8-m.main+fp/hard\libc_nano.a(libc_a-findfp.o)
                0x2000102c                __sglue
 .data._impure_ptr
                0x20001038        0x4 c:/siliconlabs/simplicitystudio/v5/developer/toolchains/gnu_arm/12.2.rel1_2023.7/bin/../lib/gcc/arm-none-eabi/12.2.1/thumb/v8-m.main+fp/hard\libc_nano.a(libc_a-impure.o)
                0x20001038                _impure_ptr
 .data._impure_data
                0x2000103c       0x4c c:/siliconlabs/simplicitystudio/v5/developer/toolchains/gnu_arm/12.2.rel1_2023.7/bin/../lib/gcc/arm-none-eabi/12.2.1/thumb/v8-m.main+fp/hard\libc_nano.a(libc_a-impure.o)
                0x2000103c                _impure_data
 .data.hfxo_precision
                0x20001088        0x2 ./gecko_sdk_4.4.1/platform/emlib/src/em_cmu.o
 .data.lfxo_precision
                0x2000108a        0x2 ./gecko_sdk_4.4.1/platform/emlib/src/em_cmu.o
 .data.simple_led1_context
                0x2000108c        0x3 ./autogen/sl_simple_led_instances.o
                0x2000108c                simple_led1_context
 .data.simple_led0_context
                0x2000108f        0x3 ./autogen/sl_simple_led_instances.o
                0x2000108f                simple_led0_context
 .data.ctuneDelta
                0x20001092        0x1 ./gecko_sdk_4.4.1/platform/emlib/src/em_cmu.o
 .data.cc_disabled
                0x20001093        0x1 ./gecko_sdk_4.4.1/platform/service/sleeptimer/src/sl_sleeptimer_hal_sysrtc.o
                0x20001094                . = ALIGN (0x4)
                [!provide]                PROVIDE (__ram_func_section_start = .)
 *(.ram)
                [!provide]                PROVIDE (__ram_func_section_end = .)
                0x20001094                . = ALIGN (0x4)
                0x20001094                PROVIDE (__preinit_array_start = .)
 *(.preinit_array)
                0x20001094                PROVIDE (__preinit_array_end = .)
                0x20001094                . = ALIGN (0x4)
                0x20001094                PROVIDE (__init_array_start = .)
 *(SORT_BY_NAME(.init_array.*))
 *(.init_array)
 .init_array    0x20001094        0x4 c:/siliconlabs/simplicitystudio/v5/developer/toolchains/gnu_arm/12.2.rel1_2023.7/bin/../lib/gcc/arm-none-eabi/12.2.1/thumb/v8-m.main+fp/hard/crtbegin.o
                0x20001098                PROVIDE (__init_array_end = .)
                0x20001098                . = ALIGN (0x4)
                [!provide]                PROVIDE (__fini_array_start = .)
 *(SORT_BY_NAME(.fini_array.*))
 *(.fini_array)
 .fini_array    0x20001098        0x4 c:/siliconlabs/simplicitystudio/v5/developer/toolchains/gnu_arm/12.2.rel1_2023.7/bin/../lib/gcc/arm-none-eabi/12.2.1/thumb/v8-m.main+fp/hard/crtbegin.o
                [!provide]                PROVIDE (__fini_array_end = .)
                0x2000109c                . = ALIGN (0x4)
                0x2000109c                __data_end__ = .

.tm_clone_table
                0x2000109c        0x0 load address 0x08006540
 .tm_clone_table
                0x2000109c        0x0 c:/siliconlabs/simplicitystudio/v5/developer/toolchains/gnu_arm/12.2.rel1_2023.7/bin/../lib/gcc/arm-none-eabi/12.2.1/thumb/v8-m.main+fp/hard/crtbegin.o
 .tm_clone_table
                0x2000109c        0x0 c:/siliconlabs/simplicitystudio/v5/developer/toolchains/gnu_arm/12.2.rel1_2023.7/bin/../lib/gcc/arm-none-eabi/12.2.1/thumb/v8-m.main+fp/hard/crtend.o

.igot.plt       0x2000109c        0x0 load address 0x08006540
 .igot.plt      0x2000109c        0x0 c:/siliconlabs/simplicitystudio/v5/developer/toolchains/gnu_arm/12.2.rel1_2023.7/bin/../lib/gcc/arm-none-eabi/12.2.1/thumb/v8-m.main+fp/hard/crtbegin.o

.bss            0x2000109c      0x3ec load address 0x08006540
                0x2000109c                . = ALIGN (0x4)
                0x2000109c                __bss_start__ = .
 *(SORT_BY_ALIGNMENT(.bss*))
 .bss.object.0  0x2000109c       0x18 c:/siliconlabs/simplicitystudio/v5/developer/toolchains/gnu_arm/12.2.rel1_2023.7/bin/../lib/gcc/arm-none-eabi/12.2.1/thumb/v8-m.main+fp/hard/crtbegin.o
 .bss.delay_timer
                0x200010b4       0x20 ./si.o
 .bss.low_limit
                0x200010d4        0x4 ./si.o
 .bss.high_limit
                0x200010d8        0x4 ./si.o
 .bss.start_temperature
                0x200010dc        0x4 ./si.o
 .bss.temperature
                0x200010e0        0x4 ./si.o
 .bss.relative_humidity
                0x200010e4        0x4 ./si.o
 .bss.context_vcom
                0x200010e8       0x64 ./autogen/sl_iostream_init_eusart_instances.o
 .bss.sl_iostream_vcom
                0x2000114c       0x18 ./autogen/sl_iostream_init_eusart_instances.o
 .bss.dmaXfer   0x20001164      0x100 ./gecko_sdk_4.4.1/platform/emdrv/dmadrv/src/dmadrv.o
 .bss.chTable   0x20001264       0x80 ./gecko_sdk_4.4.1/platform/emdrv/dmadrv/src/dmadrv.o
 .bss.i2cTransfer
                0x200012e4       0x18 ./gecko_sdk_4.4.1/platform/emlib/src/em_i2c.o
 .bss.sli_iostream_default
                0x200012fc        0x4 ./gecko_sdk_4.4.1/platform/service/iostream/src/sl_iostream.o
 .bss.max_millisecond_conversion
                0x20001300        0x4 ./gecko_sdk_4.4.1/platform/service/sleeptimer/src/sl_sleeptimer.o
 .bss.last_delta_update_count
                0x20001304        0x4 ./gecko_sdk_4.4.1/platform/service/sleeptimer/src/sl_sleeptimer.o
 .bss.timer_head
                0x20001308        0x4 ./gecko_sdk_4.4.1/platform/service/sleeptimer/src/sl_sleeptimer.o
 .bss.timer_frequency
                0x2000130c        0x4 ./gecko_sdk_4.4.1/platform/service/sleeptimer/src/sl_sleeptimer.o
 .bss.__sf      0x20001310      0x138 c:/siliconlabs/simplicitystudio/v5/developer/toolchains/gnu_arm/12.2.rel1_2023.7/bin/../lib/gcc/arm-none-eabi/12.2.1/thumb/v8-m.main+fp/hard\libc_nano.a(libc_a-findfp.o)
                0x20001310                __sf
 .bss.__stdio_exit_handler
                0x20001448        0x4 c:/siliconlabs/simplicitystudio/v5/developer/toolchains/gnu_arm/12.2.rel1_2023.7/bin/../lib/gcc/arm-none-eabi/12.2.1/thumb/v8-m.main+fp/hard\libc_nano.a(libc_a-findfp.o)
                0x20001448                __stdio_exit_handler
 .bss.errno     0x2000144c        0x4 c:/siliconlabs/simplicitystudio/v5/developer/toolchains/gnu_arm/12.2.rel1_2023.7/bin/../lib/gcc/arm-none-eabi/12.2.1/thumb/v8-m.main+fp/hard\libc_nano.a(libc_a-reent.o)
                0x2000144c                errno
 .bss.__malloc_sbrk_start
                0x20001450        0x4 c:/siliconlabs/simplicitystudio/v5/developer/toolchains/gnu_arm/12.2.rel1_2023.7/bin/../lib/gcc/arm-none-eabi/12.2.1/thumb/v8-m.main+fp/hard\libc_nano.a(libc_a-mallocr.o)
                0x20001450                __malloc_sbrk_start
 .bss.__malloc_free_list
                0x20001454        0x4 c:/siliconlabs/simplicitystudio/v5/developer/toolchains/gnu_arm/12.2.rel1_2023.7/bin/../lib/gcc/arm-none-eabi/12.2.1/thumb/v8-m.main+fp/hard\libc_nano.a(libc_a-mallocr.o)
                0x20001454                __malloc_free_list
 .bss.overflow_counter
                0x20001458        0x2 ./gecko_sdk_4.4.1/platform/service/sleeptimer/src/sl_sleeptimer.o
 .bss.completed.1
                0x2000145a        0x1 c:/siliconlabs/simplicitystudio/v5/developer/toolchains/gnu_arm/12.2.rel1_2023.7/bin/../lib/gcc/arm-none-eabi/12.2.1/thumb/v8-m.main+fp/hard/crtbegin.o
 .bss.read_sensor_data
                0x2000145b        0x1 ./si.o
 .bss.rx_buffer_vcom
                0x2000145c       0x20 ./autogen/sl_iostream_init_eusart_instances.o
 .bss.initialized
                0x2000147c        0x1 ./gecko_sdk_4.4.1/platform/emdrv/dmadrv/src/dmadrv.o
 .bss.vScaleEM01Config
                0x2000147d        0x1 ./gecko_sdk_4.4.1/platform/emlib/src/em_emu.o
 .bss.dali_rx_nb_packets
                0x2000147e        0x2 ./gecko_sdk_4.4.1/platform/emlib/src/em_eusart.o
 .bss.dali_tx_nb_packets
                0x20001480        0x2 ./gecko_sdk_4.4.1/platform/emlib/src/em_eusart.o
 .bss.sleep_on_isr_exit
                0x20001482        0x1 ./gecko_sdk_4.4.1/platform/service/sleeptimer/src/sl_sleeptimer.o
 .bss.next_timer_to_expire_is_power_manager
                0x20001483        0x1 ./gecko_sdk_4.4.1/platform/service/sleeptimer/src/sl_sleeptimer.o
 .bss.is_sleeptimer_initialized
                0x20001484        0x1 ./gecko_sdk_4.4.1/platform/service/sleeptimer/src/sl_sleeptimer.o
 .bss.__lock___malloc_recursive_mutex
                0x20001485        0x1 c:/siliconlabs/simplicitystudio/v5/developer/toolchains/gnu_arm/12.2.rel1_2023.7/bin/../lib/gcc/arm-none-eabi/12.2.1/thumb/v8-m.main+fp/hard\libc_nano.a(libc_a-lock.o)
                0x20001485                __lock___malloc_recursive_mutex
 .bss.__lock___sfp_recursive_mutex
                0x20001486        0x1 c:/siliconlabs/simplicitystudio/v5/developer/toolchains/gnu_arm/12.2.rel1_2023.7/bin/../lib/gcc/arm-none-eabi/12.2.1/thumb/v8-m.main+fp/hard\libc_nano.a(libc_a-lock.o)
                0x20001486                __lock___sfp_recursive_mutex
 *(COMMON)
                0x20001488                . = ALIGN (0x4)
 *fill*         0x20001487        0x1 
                0x20001488                __bss_end__ = .
                0x20001488                __ramfuncs_start__ = .
                0x20001488                __vma_ramfuncs_start__ = .
                0x08006540                __lma_ramfuncs_start__ = (__etext + SIZEOF (.data))
                0x00000000                __text_application_ram_offset__ = (. - __vma_ramfuncs_start__)

text_application_ram
                0x20001488        0x0 load address 0x08006540
                0x20001488                . = ALIGN (0x4)
                0x20001488                __text_application_ram_start__ = .
 *(text_application_ram)
                0x20001488                . = ALIGN (0x4)
                0x20001488                __text_application_ram_end__ = .
                0x20001488                . = ALIGN (0x4)
                0x20001488                __vma_ramfuncs_end__ = .
                0x08006540                __lma_ramfuncs_end__ = ((__lma_ramfuncs_start__ + __text_application_ram_offset__) + SIZEOF (text_application_ram))
                0x20001488                __ramfuncs_end__ = .

.heap           0x20001488      0x800
                0x20001488                __HeapBase = .
                0x20001488                __end__ = .
                0x20001488                end = __end__
                0x20001488                _end = __end__
 *(.heap*)
 .heap          0x20001488      0x800 ./gecko_sdk_4.4.1/platform/common/toolchain/src/sl_memory.o
                0x20040000                __HeapLimit = (ORIGIN (RAM) + LENGTH (RAM))
                0x0003eb78                __heap_size = (__HeapLimit - __HeapBase)
                0x20040000                __ram_end__ = 0x20040000
                0x0817e000                __main_flash_end__ = 0x817e000

.internal_storage
 *(.internal_storage*)

.nvm
 *(.simee*)
                0x0817e000                linker_nvm_end = __main_flash_end__
                0x0817e000                linker_nvm_begin = (linker_nvm_end - SIZEOF (.nvm))
                0x00000000                linker_nvm_size = SIZEOF (.nvm)
                0x0817e000                linker_storage_end = linker_nvm_begin
                0x0817e000                __nvm3Base = linker_nvm_begin
                0x0817e000                linker_storage_begin = (linker_storage_end - SIZEOF (.internal_storage))
                0x00000000                linker_storage_size = SIZEOF (.internal_storage)
                0x00000001                ASSERT ((linker_storage_begin >= (__etext + SIZEOF (.data))), FLASH memory overflowed !)
                0x0817e000                app_flash_end = 0x817e000
                0x00000001                ASSERT (((linker_nvm_begin + SIZEOF (.nvm)) <= app_flash_end), NVM3 is excessing the flash size !)
OUTPUT(LPHR_Software.axf elf32-littlearm)
LOAD linker stubs

.ARM.attributes
                0x00000000       0x36
 .ARM.attributes
                0x00000000       0x26 c:/siliconlabs/simplicitystudio/v5/developer/toolchains/gnu_arm/12.2.rel1_2023.7/bin/../lib/gcc/arm-none-eabi/12.2.1/thumb/v8-m.main+fp/hard/crti.o
 .ARM.attributes
                0x00000026       0x38 c:/siliconlabs/simplicitystudio/v5/developer/toolchains/gnu_arm/12.2.rel1_2023.7/bin/../lib/gcc/arm-none-eabi/12.2.1/thumb/v8-m.main+fp/hard/crtbegin.o
 .ARM.attributes
                0x0000005e       0x24 c:/siliconlabs/simplicitystudio/v5/developer/toolchains/gnu_arm/12.2.rel1_2023.7/bin/../lib/gcc/arm-none-eabi/12.2.1/thumb/v8-m.main+fp/hard/crt0.o
 .ARM.attributes
                0x00000082       0x3a ./app.o
 .ARM.attributes
                0x000000bc       0x3a ./main.o
 .ARM.attributes
                0x000000f6       0x3a ./mpl.o
 .ARM.attributes
                0x00000130       0x3a ./si.o
 .ARM.attributes
                0x0000016a       0x3a ./autogen/sl_board_default_init.o
 .ARM.attributes
                0x000001a4       0x3a ./autogen/sl_device_init_clocks.o
 .ARM.attributes
                0x000001de       0x3a ./autogen/sl_event_handler.o
 .ARM.attributes
                0x00000218       0x3a ./autogen/sl_i2cspm_init.o
 .ARM.attributes
                0x00000252       0x3a ./autogen/sl_iostream_init_eusart_instances.o
 .ARM.attributes
                0x0000028c       0x3a ./autogen/sl_simple_led_instances.o
 .ARM.attributes
                0x000002c6       0x3a ./gecko_sdk_4.4.1/hardware/board/src/sl_board_control_gpio.o
 .ARM.attributes
                0x00000300       0x3a ./gecko_sdk_4.4.1/hardware/board/src/sl_board_init.o
 .ARM.attributes
                0x0000033a       0x3a ./gecko_sdk_4.4.1/hardware/driver/configuration_over_swo/src/sl_cos.o
 .ARM.attributes
                0x00000374       0x3a ./gecko_sdk_4.4.1/hardware/driver/mx25_flash_shutdown/src/sl_mx25_flash_shutdown_usart/sl_mx25_flash_shutdown.o
 .ARM.attributes
                0x000003ae       0x3a ./gecko_sdk_4.4.1/platform/Device/SiliconLabs/EFR32MG24/Source/startup_efr32mg24.o
 .ARM.attributes
                0x000003e8       0x3a ./gecko_sdk_4.4.1/platform/Device/SiliconLabs/EFR32MG24/Source/system_efr32mg24.o
 .ARM.attributes
                0x00000422       0x3a ./gecko_sdk_4.4.1/platform/common/src/sl_assert.o
 .ARM.attributes
                0x0000045c       0x3a ./gecko_sdk_4.4.1/platform/common/toolchain/src/sl_memory.o
 .ARM.attributes
                0x00000496       0x3a ./gecko_sdk_4.4.1/platform/driver/debug/src/sl_debug_swo.o
 .ARM.attributes
                0x000004d0       0x3a ./gecko_sdk_4.4.1/platform/driver/i2cspm/src/sl_i2cspm.o
 .ARM.attributes
                0x0000050a       0x3a ./gecko_sdk_4.4.1/platform/driver/leddrv/src/sl_led.o
 .ARM.attributes
                0x00000544       0x3a ./gecko_sdk_4.4.1/platform/driver/leddrv/src/sl_simple_led.o
 .ARM.attributes
                0x0000057e       0x3a ./gecko_sdk_4.4.1/platform/emdrv/dmadrv/src/dmadrv.o
 .ARM.attributes
                0x000005b8       0x3a ./gecko_sdk_4.4.1/platform/emlib/src/em_cmu.o
 .ARM.attributes
                0x000005f2       0x3a ./gecko_sdk_4.4.1/platform/emlib/src/em_core.o
 .ARM.attributes
                0x0000062c       0x3a ./gecko_sdk_4.4.1/platform/emlib/src/em_emu.o
 .ARM.attributes
                0x00000666       0x3a ./gecko_sdk_4.4.1/platform/emlib/src/em_eusart.o
 .ARM.attributes
                0x000006a0       0x3a ./gecko_sdk_4.4.1/platform/emlib/src/em_gpio.o
 .ARM.attributes
                0x000006da       0x3a ./gecko_sdk_4.4.1/platform/emlib/src/em_i2c.o
 .ARM.attributes
                0x00000714       0x3a ./gecko_sdk_4.4.1/platform/emlib/src/em_ldma.o
 .ARM.attributes
                0x0000074e       0x3a ./gecko_sdk_4.4.1/platform/emlib/src/em_usart.o
 .ARM.attributes
                0x00000788       0x3a ./gecko_sdk_4.4.1/platform/peripheral/src/peripheral_sysrtc.o
 .ARM.attributes
                0x000007c2       0x3a ./gecko_sdk_4.4.1/platform/service/device_init/src/sl_device_init_dcdc_s2.o
 .ARM.attributes
                0x000007fc       0x3a ./gecko_sdk_4.4.1/platform/service/device_init/src/sl_device_init_emu_s2.o
 .ARM.attributes
                0x00000836       0x3a ./gecko_sdk_4.4.1/platform/service/device_init/src/sl_device_init_hfxo_s2.o
 .ARM.attributes
                0x00000870       0x3a ./gecko_sdk_4.4.1/platform/service/device_init/src/sl_device_init_lfxo_s2.o
 .ARM.attributes
                0x000008aa       0x3a ./gecko_sdk_4.4.1/platform/service/device_init/src/sl_device_init_nvic.o
 .ARM.attributes
                0x000008e4       0x3a ./gecko_sdk_4.4.1/platform/service/iostream/src/sl_iostream.o
 .ARM.attributes
                0x0000091e       0x3a ./gecko_sdk_4.4.1/platform/service/iostream/src/sl_iostream_eusart.o
 .ARM.attributes
                0x00000958       0x3a ./gecko_sdk_4.4.1/platform/service/iostream/src/sl_iostream_retarget_stdio.o
 .ARM.attributes
                0x00000992       0x3a ./gecko_sdk_4.4.1/platform/service/iostream/src/sl_iostream_stdlib_config.o
 .ARM.attributes
                0x000009cc       0x3a ./gecko_sdk_4.4.1/platform/service/iostream/src/sl_iostream_uart.o
 .ARM.attributes
                0x00000a06       0x3a ./gecko_sdk_4.4.1/platform/service/sleeptimer/src/sl_sleeptimer.o
 .ARM.attributes
                0x00000a40       0x3a ./gecko_sdk_4.4.1/platform/service/sleeptimer/src/sl_sleeptimer_hal_sysrtc.o
 .ARM.attributes
                0x00000a7a       0x3a ./gecko_sdk_4.4.1/platform/service/system/src/sl_system_init.o
 .ARM.attributes
                0x00000ab4       0x3a ./gecko_sdk_4.4.1/platform/service/system/src/sl_system_process_action.o
 .ARM.attributes
                0x00000aee       0x3a ./gecko_sdk_4.4.1/platform/service/udelay/src/sl_udelay.o
 .ARM.attributes