Archive member included to satisfy reference by file (symbol)

c:/siliconlabs/simplicitystudio/v5/developer/toolchains/gnu_arm/12.2.rel1_2023.7/bin/../lib/gcc/arm-none-eabi/12.2.1/thumb/v8-m.main+fp/hard\libgcc.a(_aeabi_ldivmod.o)
                              ./gecko_sdk_4.4.1/platform/emlib/src/em_eusart.o (__aeabi_ldivmod)
c:/siliconlabs/simplicitystudio/v5/developer/toolchains/gnu_arm/12.2.rel1_2023.7/bin/../lib/gcc/arm-none-eabi/12.2.1/thumb/v8-m.main+fp/hard\libgcc.a(_aeabi_uldivmod.o)
                              ./gecko_sdk_4.4.1/platform/emlib/src/em_eusart.o (__aeabi_uldivmod)
c:/siliconlabs/simplicitystudio/v5/developer/toolchains/gnu_arm/12.2.rel1_2023.7/bin/../lib/gcc/arm-none-eabi/12.2.1/thumb/v8-m.main+fp/hard\libgcc.a(_udivmoddi4.o)
                              c:/siliconlabs/simplicitystudio/v5/developer/toolchains/gnu_arm/12.2.rel1_2023.7/bin/../lib/gcc/arm-none-eabi/12.2.1/thumb/v8-m.main+fp/hard\libgcc.a(_aeabi_ldivmod.o) (__udivmoddi4)
c:/siliconlabs/simplicitystudio/v5/developer/toolchains/gnu_arm/12.2.rel1_2023.7/bin/../lib/gcc/arm-none-eabi/12.2.1/thumb/v8-m.main+fp/hard\libgcc.a(_dvmd_tls.o)
                              c:/siliconlabs/simplicitystudio/v5/developer/toolchains/gnu_arm/12.2.rel1_2023.7/bin/../lib/gcc/arm-none-eabi/12.2.1/thumb/v8-m.main+fp/hard\libgcc.a(_aeabi_ldivmod.o) (__aeabi_ldiv0)
c:/siliconlabs/simplicitystudio/v5/developer/toolchains/gnu_arm/12.2.rel1_2023.7/bin/../lib/gcc/arm-none-eabi/12.2.1/thumb/v8-m.main+fp/hard\libc_nano.a(libc_a-exit.o)
                              c:/siliconlabs/simplicitystudio/v5/developer/toolchains/gnu_arm/12.2.rel1_2023.7/bin/../lib/gcc/arm-none-eabi/12.2.1/thumb/v8-m.main+fp/hard/crt0.o (exit)
c:/siliconlabs/simplicitystudio/v5/developer/toolchains/gnu_arm/12.2.rel1_2023.7/bin/../lib/gcc/arm-none-eabi/12.2.1/thumb/v8-m.main+fp/hard\libc_nano.a(libc_a-ctype_.o)
                              ./gecko_sdk_4.4.1/platform/common/src/sl_string.o (_ctype_)
c:/siliconlabs/simplicitystudio/v5/developer/toolchains/gnu_arm/12.2.rel1_2023.7/bin/../lib/gcc/arm-none-eabi/12.2.1/thumb/v8-m.main+fp/hard\libc_nano.a(libc_a-findfp.o)
                              c:/siliconlabs/simplicitystudio/v5/developer/toolchains/gnu_arm/12.2.rel1_2023.7/bin/../lib/gcc/arm-none-eabi/12.2.1/thumb/v8-m.main+fp/hard\libc_nano.a(libc_a-exit.o) (__stdio_exit_handler)
c:/siliconlabs/simplicitystudio/v5/developer/toolchains/gnu_arm/12.2.rel1_2023.7/bin/../lib/gcc/arm-none-eabi/12.2.1/thumb/v8-m.main+fp/hard\libc_nano.a(libc_a-fwalk.o)
                              c:/siliconlabs/simplicitystudio/v5/developer/toolchains/gnu_arm/12.2.rel1_2023.7/bin/../lib/gcc/arm-none-eabi/12.2.1/thumb/v8-m.main+fp/hard\libc_nano.a(libc_a-findfp.o) (_fwalk_sglue)
c:/siliconlabs/simplicitystudio/v5/developer/toolchains/gnu_arm/12.2.rel1_2023.7/bin/../lib/gcc/arm-none-eabi/12.2.1/thumb/v8-m.main+fp/hard\libc_nano.a(libc_a-printf.o)
                              ./as.o (printf)
c:/siliconlabs/simplicitystudio/v5/developer/toolchains/gnu_arm/12.2.rel1_2023.7/bin/../lib/gcc/arm-none-eabi/12.2.1/thumb/v8-m.main+fp/hard\libc_nano.a(libc_a-puts.o)
                              ./app.o (puts)
c:/siliconlabs/simplicitystudio/v5/developer/toolchains/gnu_arm/12.2.rel1_2023.7/bin/../lib/gcc/arm-none-eabi/12.2.1/thumb/v8-m.main+fp/hard\libc_nano.a(libc_a-setvbuf.o)
                              ./gecko_sdk_4.4.1/platform/service/iostream/src/sl_iostream_stdlib_config.o (setvbuf)
c:/siliconlabs/simplicitystudio/v5/developer/toolchains/gnu_arm/12.2.rel1_2023.7/bin/../lib/gcc/arm-none-eabi/12.2.1/thumb/v8-m.main+fp/hard\libc_nano.a(libc_a-stdio.o)
                              c:/siliconlabs/simplicitystudio/v5/developer/toolchains/gnu_arm/12.2.rel1_2023.7/bin/../lib/gcc/arm-none-eabi/12.2.1/thumb/v8-m.main+fp/hard\libc_nano.a(libc_a-findfp.o) (__sread)
c:/siliconlabs/simplicitystudio/v5/developer/toolchains/gnu_arm/12.2.rel1_2023.7/bin/../lib/gcc/arm-none-eabi/12.2.1/thumb/v8-m.main+fp/hard\libc_nano.a(libc_a-vprintf.o)
                              ./gecko_sdk_4.4.1/platform/service/iostream/src/sl_iostream.o (vprintf)
c:/siliconlabs/simplicitystudio/v5/developer/toolchains/gnu_arm/12.2.rel1_2023.7/bin/../lib/gcc/arm-none-eabi/12.2.1/thumb/v8-m.main+fp/hard\libc_nano.a(libc_a-wbuf.o)
                              c:/siliconlabs/simplicitystudio/v5/developer/toolchains/gnu_arm/12.2.rel1_2023.7/bin/../lib/gcc/arm-none-eabi/12.2.1/thumb/v8-m.main+fp/hard\libc_nano.a(libc_a-puts.o) (__swbuf_r)
c:/siliconlabs/simplicitystudio/v5/developer/toolchains/gnu_arm/12.2.rel1_2023.7/bin/../lib/gcc/arm-none-eabi/12.2.1/thumb/v8-m.main+fp/hard\libc_nano.a(libc_a-wsetup.o)
                              c:/siliconlabs/simplicitystudio/v5/developer/toolchains/gnu_arm/12.2.rel1_2023.7/bin/../lib/gcc/arm-none-eabi/12.2.1/thumb/v8-m.main+fp/hard\libc_nano.a(libc_a-puts.o) (__swsetup_r)
[...]
Memory Configuration

Name             Origin             Length             Attributes
FLASH            0x08000000         0x0017e000         xr
RAM              0x20000000         0x00040000         xrw
*default*        0x00000000         0xffffffff

Linker script and memory map

LOAD c:/siliconlabs/simplicitystudio/v5/developer/toolchains/gnu_arm/12.2.rel1_2023.7/bin/../lib/gcc/arm-none-eabi/12.2.1/thumb/v8-m.main+fp/hard/crti.o
LOAD c:/siliconlabs/simplicitystudio/v5/developer/toolchains/gnu_arm/12.2.rel1_2023.7/bin/../lib/gcc/arm-none-eabi/12.2.1/thumb/v8-m.main+fp/hard/crtbegin.o
LOAD c:/siliconlabs/simplicitystudio/v5/developer/toolchains/gnu_arm/12.2.rel1_2023.7/bin/../lib/gcc/arm-none-eabi/12.2.1/thumb/v8-m.main+fp/hard/crt0.o
START GROUP
LOAD ./app.o
LOAD ./as.o
LOAD ./main.o
LOAD ./mpl.o
LOAD ./si.o
LOAD ./autogen/sl_board_default_init.o
LOAD ./autogen/sl_device_init_clocks.o
LOAD ./autogen/sl_event_handler.o
LOAD ./autogen/sl_i2cspm_init.o
LOAD ./autogen/sl_iostream_handles.o
LOAD ./autogen/sl_iostream_init_eusart_instances.o
LOAD ./autogen/sl_simple_led_instances.o
LOAD ./gecko_sdk_4.4.1/hardware/board/src/sl_board_control_gpio.o
LOAD ./gecko_sdk_4.4.1/hardware/board/src/sl_board_init.o
LOAD ./gecko_sdk_4.4.1/hardware/driver/configuration_over_swo/src/sl_cos.o
LOAD ./gecko_sdk_4.4.1/hardware/driver/mx25_flash_shutdown/src/sl_mx25_flash_shutdown_usart/sl_mx25_flash_shutdown.o
LOAD ./gecko_sdk_4.4.1/platform/Device/SiliconLabs/EFR32MG24/Source/startup_efr32mg24.o
LOAD ./gecko_sdk_4.4.1/platform/Device/SiliconLabs/EFR32MG24/Source/system_efr32mg24.o
LOAD ./gecko_sdk_4.4.1/platform/common/src/sl_assert.o
LOAD ./gecko_sdk_4.4.1/platform/common/src/sl_slist.o
LOAD ./gecko_sdk_4.4.1/platform/common/src/sl_string.o
LOAD ./gecko_sdk_4.4.1/platform/common/src/sl_syscalls.o
LOAD ./gecko_sdk_4.4.1/platform/common/toolchain/src/sl_memory.o
LOAD ./gecko_sdk_4.4.1/platform/driver/debug/src/sl_debug_swo.o
LOAD ./gecko_sdk_4.4.1/platform/driver/i2cspm/src/sl_i2cspm.o
LOAD ./gecko_sdk_4.4.1/platform/driver/leddrv/src/sl_led.o
LOAD ./gecko_sdk_4.4.1/platform/driver/leddrv/src/sl_simple_led.o
LOAD ./gecko_sdk_4.4.1/platform/emdrv/dmadrv/src/dmadrv.o
LOAD ./gecko_sdk_4.4.1/platform/emlib/src/em_burtc.o
LOAD ./gecko_sdk_4.4.1/platform/emlib/src/em_cmu.o
LOAD ./gecko_sdk_4.4.1/platform/emlib/src/em_core.o
LOAD ./gecko_sdk_4.4.1/platform/emlib/src/em_emu.o
LOAD ./gecko_sdk_4.4.1/platform/emlib/src/em_eusart.o
LOAD ./gecko_sdk_4.4.1/platform/emlib/src/em_gpio.o
LOAD ./gecko_sdk_4.4.1/platform/emlib/src/em_i2c.o
LOAD ./gecko_sdk_4.4.1/platform/emlib/src/em_ldma.o
LOAD ./gecko_sdk_4.4.1/platform/emlib/src/em_msc.o
LOAD ./gecko_sdk_4.4.1/platform/emlib/src/em_prs.o
LOAD ./gecko_sdk_4.4.1/platform/emlib/src/em_system.o
LOAD ./gecko_sdk_4.4.1/platform/emlib/src/em_timer.o
LOAD ./gecko_sdk_4.4.1/platform/emlib/src/em_usart.o
LOAD ./gecko_sdk_4.4.1/platform/peripheral/src/peripheral_sysrtc.o
LOAD ./gecko_sdk_4.4.1/platform/service/device_init/src/sl_device_init_dcdc_s2.o
LOAD ./gecko_sdk_4.4.1/platform/service/device_init/src/sl_device_init_emu_s2.o
LOAD ./gecko_sdk_4.4.1/platform/service/device_init/src/sl_device_init_hfxo_s2.o
LOAD ./gecko_sdk_4.4.1/platform/service/device_init/src/sl_device_init_lfxo_s2.o
LOAD ./gecko_sdk_4.4.1/platform/service/device_init/src/sl_device_init_nvic.o
LOAD ./gecko_sdk_4.4.1/platform/service/iostream/src/sl_iostream.o
LOAD ./gecko_sdk_4.4.1/platform/service/iostream/src/sl_iostream_eusart.o
LOAD ./gecko_sdk_4.4.1/platform/service/iostream/src/sl_iostream_retarget_stdio.o
LOAD ./gecko_sdk_4.4.1/platform/service/iostream/src/sl_iostream_stdlib_config.o
LOAD ./gecko_sdk_4.4.1/platform/service/iostream/src/sl_iostream_uart.o
LOAD ./gecko_sdk_4.4.1/platform/service/sleeptimer/src/sl_sleeptimer.o
LOAD ./gecko_sdk_4.4.1/platform/service/sleeptimer/src/sl_sleeptimer_hal_burtc.o
LOAD ./gecko_sdk_4.4.1/platform/service/sleeptimer/src/sl_sleeptimer_hal_sysrtc.o
LOAD ./gecko_sdk_4.4.1/platform/service/sleeptimer/src/sl_sleeptimer_hal_timer.o
LOAD ./gecko_sdk_4.4.1/platform/service/system/src/sl_system_init.o
LOAD ./gecko_sdk_4.4.1/platform/service/system/src/sl_system_process_action.o
LOAD ./gecko_sdk_4.4.1/platform/service/udelay/src/sl_udelay.o
LOAD ./gecko_sdk_4.4.1/platform/service/udelay/src/sl_udelay_armv6m_gcc.o
LOAD c:/siliconlabs/simplicitystudio/v5/developer/toolchains/gnu_arm/12.2.rel1_2023.7/bin/../lib/gcc/arm-none-eabi/12.2.1/thumb/v8-m.main+fp/hard\libgcc.a
LOAD c:/siliconlabs/simplicitystudio/v5/developer/toolchains/gnu_arm/12.2.rel1_2023.7/bin/../lib/gcc/arm-none-eabi/12.2.1/thumb/v8-m.main+fp/hard\libc_nano.a
LOAD c:/siliconlabs/simplicitystudio/v5/developer/toolchains/gnu_arm/12.2.rel1_2023.7/bin/../lib/gcc/arm-none-eabi/12.2.1/thumb/v8-m.main+fp/hard\libm.a
LOAD c:/siliconlabs/simplicitystudio/v5/developer/toolchains/gnu_arm/12.2.rel1_2023.7/bin/../lib/gcc/arm-none-eabi/12.2.1/thumb/v8-m.main+fp/hard\libnosys.a
END GROUP
START GROUP
LOAD c:/siliconlabs/simplicitystudio/v5/developer/toolchains/gnu_arm/12.2.rel1_2023.7/bin/../lib/gcc/arm-none-eabi/12.2.1/thumb/v8-m.main+fp/hard\libgcc.a
LOAD c:/siliconlabs/simplicitystudio/v5/developer/toolchains/gnu_arm/12.2.rel1_2023.7/bin/../lib/gcc/arm-none-eabi/12.2.1/thumb/v8-m.main+fp/hard\libc_nano.a
LOAD c:/siliconlabs/simplicitystudio/v5/developer/toolchains/gnu_arm/12.2.rel1_2023.7/bin/../lib/gcc/arm-none-eabi/12.2.1/thumb/v8-m.main+fp/hard\libnosys.a
END GROUP
START GROUP
LOAD c:/siliconlabs/simplicitystudio/v5/developer/toolchains/gnu_arm/12.2.rel1_2023.7/bin/../lib/gcc/arm-none-eabi/12.2.1/thumb/v8-m.main+fp/hard\libgcc.a
LOAD c:/siliconlabs/simplicitystudio/v5/developer/toolchains/gnu_arm/12.2.rel1_2023.7/bin/../lib/gcc/arm-none-eabi/12.2.1/thumb/v8-m.main+fp/hard\libg_nano.a
LOAD c:/siliconlabs/simplicitystudio/v5/developer/toolchains/gnu_arm/12.2.rel1_2023.7/bin/../lib/gcc/arm-none-eabi/12.2.1/thumb/v8-m.main+fp/hard\libc_nano.a
END GROUP
START GROUP
LOAD c:/siliconlabs/simplicitystudio/v5/developer/toolchains/gnu_arm/12.2.rel1_2023.7/bin/../lib/gcc/arm-none-eabi/12.2.1/thumb/v8-m.main+fp/hard\libgcc.a
LOAD c:/siliconlabs/simplicitystudio/v5/developer/toolchains/gnu_arm/12.2.rel1_2023.7/bin/../lib/gcc/arm-none-eabi/12.2.1/thumb/v8-m.main+fp/hard\libc_nano.a
END GROUP
LOAD c:/siliconlabs/simplicitystudio/v5/developer/toolchains/gnu_arm/12.2.rel1_2023.7/bin/../lib/gcc/arm-none-eabi/12.2.1/thumb/v8-m.main+fp/hard/crtend.o
LOAD c:/siliconlabs/simplicitystudio/v5/developer/toolchains/gnu_arm/12.2.rel1_2023.7/bin/../lib/gcc/arm-none-eabi/12.2.1/thumb/v8-m.main+fp/hard/crtn.o

.text           0x08000000     0x6870
                0x08000000                linker_vectors_begin = .
 *(.vectors)
 .vectors       0x08000000      0x170 ./gecko_sdk_4.4.1/platform/Device/SiliconLabs/EFR32MG24/Source/startup_efr32mg24.o
                0x08000000                __Vectors
                0x08000170                linker_vectors_end = .
                0x08000170                __Vectors_End = .
                0x08000170                __Vectors_Size = (__Vectors_End - __Vectors)
                0x08000170                linker_code_begin = .
 *(SORT_BY_ALIGNMENT(.text*))
 .text          0x08000170        0x8 ./gecko_sdk_4.4.1/platform/service/udelay/src/sl_udelay_armv6m_gcc.o
                0x08000170                sli_delay_loop
 .text.deregister_tm_clones
                0x08000178       0x1c c:/siliconlabs/simplicitystudio/v5/developer/toolchains/gnu_arm/12.2.rel1_2023.7/bin/../lib/gcc/arm-none-eabi/12.2.1/thumb/v8-m.main+fp/hard/crtbegin.o
 .text.register_tm_clones
                0x08000194       0x28 c:/siliconlabs/simplicitystudio/v5/developer/toolchains/gnu_arm/12.2.rel1_2023.7/bin/../lib/gcc/arm-none-eabi/12.2.1/thumb/v8-m.main+fp/hard/crtbegin.o
 .text.__do_global_dtors_aux
                0x080001bc       0x28 c:/siliconlabs/simplicitystudio/v5/developer/toolchains/gnu_arm/12.2.rel1_2023.7/bin/../lib/gcc/arm-none-eabi/12.2.1/thumb/v8-m.main+fp/hard/crtbegin.o
 .text.frame_dummy
                0x080001e4       0x24 c:/siliconlabs/simplicitystudio/v5/developer/toolchains/gnu_arm/12.2.rel1_2023.7/bin/../lib/gcc/arm-none-eabi/12.2.1/thumb/v8-m.main+fp/hard/crtbegin.o
 .text          0x08000208       0x7c c:/siliconlabs/simplicitystudio/v5/developer/toolchains/gnu_arm/12.2.rel1_2023.7/bin/../lib/gcc/arm-none-eabi/12.2.1/thumb/v8-m.main+fp/hard/crt0.o
                0x08000208                _stack_init
                0x08000210                _start
                0x08000210                _mainCRTStartup
 .text.app_init
                0x08000284       0x98 ./app.o
                0x08000284                app_init
 .text.AS7331_ChangeMode
                0x0800031c       0xf8 ./as.o
                0x0800031c                AS7331_ChangeMode
 .text.as_dev_id
                0x08000414       0x7c ./as.o
                0x08000414                as_dev_id
 .text.as_init  0x08000490      0x10c ./as.o
                0x08000490                as_init
 .text.mpl_dev_id
                0x0800059c       0x74 ./mpl.o
                0x0800059c                mpl_dev_id
 .text.timer_callback
                0x08000610        0xc ./si.o
 .text.decode_temp
                0x0800061c       0x54 ./si.o
                0x0800061c                decode_temp
 .text.SI7021_measure.constprop.0
                0x08000670       0xc8 ./si.o
 .text.initialise_temp_limits
                0x08000738       0x28 ./si.o
                0x08000738                initialise_temp_limits
 .text.si_dev_id
                0x08000760       0x78 ./si.o
                0x08000760                si_dev_id
 .text.si_init  0x080007d8       0x2c ./si.o
                0x080007d8                si_init
 .text.sl_device_init_clocks
                0x08000804       0xac ./autogen/sl_device_init_clocks.o
                0x08000804                sl_device_init_clocks
 .text.sl_i2cspm_init_instances
                0x080008b0       0x18 ./autogen/sl_i2cspm_init.o
                0x080008b0                sl_i2cspm_init_instances
 .text.sl_iostream_eusart_init_vcom
                0x080008c8       0xc4 ./autogen/sl_iostream_init_eusart_instances.o
                0x080008c8                sl_iostream_eusart_init_vcom
 .text.EUSART0_RX_IRQHandler
                0x0800098c        0xc ./autogen/sl_iostream_init_eusart_instances.o
                0x0800098c                EUSART0_RX_IRQHandler
 .text.sl_simple_led_init_instances
                0x08000998       0x1c ./autogen/sl_simple_led_instances.o
                0x08000998                sl_simple_led_init_instances
 .text.sl_board_enable_sensor
                0x080009b4       0x60 ./gecko_sdk_4.4.1/hardware/board/src/sl_board_control_gpio.o
                0x080009b4                sl_board_enable_sensor
 .text.cs_high  0x08000a14       0x10 ./gecko_sdk_4.4.1/hardware/driver/mx25_flash_shutdown/src/sl_mx25_flash_shutdown_usart/sl_mx25_flash_shutdown.o
 .text.cs_low   0x08000a24       0x10 ./gecko_sdk_4.4.1/hardware/driver/mx25_flash_shutdown/src/sl_mx25_flash_shutdown_usart/sl_mx25_flash_shutdown.o
 .text.sl_mx25_flash_shutdown
                0x08000a34      0x118 ./gecko_sdk_4.4.1/hardware/driver/mx25_flash_shutdown/src/sl_mx25_flash_shutdown_usart/sl_mx25_flash_shutdown.o
                0x08000a34                sl_mx25_flash_shutdown
 .text.CopyRamFuncs
                0x08000b4c       0x1c ./gecko_sdk_4.4.1/platform/Device/SiliconLabs/EFR32MG24/Source/startup_efr32mg24.o
                0x08000b4c                CopyRamFuncs
 .text.Reset_Handler
                0x08000b68       0x64 ./gecko_sdk_4.4.1/platform/Device/SiliconLabs/EFR32MG24/Source/startup_efr32mg24.o
                0x08000b68                Reset_Handler
 .text.SystemInit
                0x08000bcc       0x68 ./gecko_sdk_4.4.1/platform/Device/SiliconLabs/EFR32MG24/Source/system_efr32mg24.o
                0x08000bcc                SystemInit
 .text.SystemHFRCODPLLClockGet
                0x08000c34        0xc ./gecko_sdk_4.4.1/platform/Device/SiliconLabs/EFR32MG24/Source/system_efr32mg24.o
                0x08000c34                SystemHFRCODPLLClockGet
 .text.SystemSYSCLKGet
                0x08000c40       0x34 ./gecko_sdk_4.4.1/platform/Device/SiliconLabs/EFR32MG24/Source/system_efr32mg24.o
                0x08000c40                SystemSYSCLKGet
 .text.SystemHCLKGet
                0x08000c74       0x24 ./gecko_sdk_4.4.1/platform/Device/SiliconLabs/EFR32MG24/Source/system_efr32mg24.o
                0x08000c74                SystemHCLKGet
 .text.SystemMaxCoreClockGet
                0x08000c98        0x8 ./gecko_sdk_4.4.1/platform/Device/SiliconLabs/EFR32MG24/Source/system_efr32mg24.o
                0x08000c98                SystemMaxCoreClockGet
 .text.SystemHFXOClockGet
                0x08000ca0        0xc ./gecko_sdk_4.4.1/platform/Device/SiliconLabs/EFR32MG24/Source/system_efr32mg24.o
                0x08000ca0                SystemHFXOClockGet
 .text.SystemHFXOClockSet
                0x08000cac       0x20 ./gecko_sdk_4.4.1/platform/Device/SiliconLabs/EFR32MG24/Source/system_efr32mg24.o
                0x08000cac                SystemHFXOClockSet
 .text.SystemFSRCOClockGet
                0x08000ccc        0x8 ./gecko_sdk_4.4.1/platform/Device/SiliconLabs/EFR32MG24/Source/system_efr32mg24.o
                0x08000ccc                SystemFSRCOClockGet
 .text.SystemHFRCOEM23ClockGet
                0x08000cd4       0x84 ./gecko_sdk_4.4.1/platform/Device/SiliconLabs/EFR32MG24/Source/system_efr32mg24.o
                0x08000cd4                SystemHFRCOEM23ClockGet
 .text.SystemLFXOClockGet
                0x08000d58        0xc ./gecko_sdk_4.4.1/platform/Device/SiliconLabs/EFR32MG24/Source/system_efr32mg24.o
                0x08000d58                SystemLFXOClockGet
 .text._sbrk    0x08000d64       0x20 ./gecko_sdk_4.4.1/platform/common/toolchain/src/sl_memory.o
                0x08000d64                _sbrk
 .text.sl_debug_swo_init
                0x08000d84      0x114 ./gecko_sdk_4.4.1/platform/driver/debug/src/sl_debug_swo.o
                0x08000d84                sl_debug_swo_init
 .text.sl_debug_swo_write_u8
                0x08000e98       0x44 ./gecko_sdk_4.4.1/platform/driver/debug/src/sl_debug_swo.o
                0x08000e98                sl_debug_swo_write_u8
 .text.I2CSPM_Init
                0x08000edc      0x158 ./gecko_sdk_4.4.1/platform/driver/i2cspm/src/sl_i2cspm.o
                0x08000edc                I2CSPM_Init
 .text.I2CSPM_Transfer
                0x08001034       0x20 ./gecko_sdk_4.4.1/platform/driver/i2cspm/src/sl_i2cspm.o
                0x08001034                I2CSPM_Transfer
 .text.GPIO_PinOutClear
                0x08001054       0x3c ./gecko_sdk_4.4.1/platform/driver/leddrv/src/sl_simple_led.o
 .text.GPIO_PinOutSet
                0x08001090       0x3c ./gecko_sdk_4.4.1/platform/driver/leddrv/src/sl_simple_led.o
 .text.sl_simple_led_toggle
                0x080010cc       0x3c ./gecko_sdk_4.4.1/platform/driver/leddrv/src/sl_simple_led.o
                0x080010cc                sl_simple_led_toggle
 .text.sl_simple_led_get_state
                0x08001108       0x4c ./gecko_sdk_4.4.1/platform/driver/leddrv/src/sl_simple_led.o
                0x08001108                sl_simple_led_get_state
 .text.StartTransfer
                0x08001154      0x17c ./gecko_sdk_4.4.1/platform/emdrv/dmadrv/src/dmadrv.o
 .text.DMADRV_AllocateChannel
                0x080012d0       0x60 ./gecko_sdk_4.4.1/platform/emdrv/dmadrv/src/dmadrv.o
                0x080012d0                DMADRV_AllocateChannel
 .text.DMADRV_DeInit
                0x08001330       0x44 ./gecko_sdk_4.4.1/platform/emdrv/dmadrv/src/dmadrv.o
                0x08001330                DMADRV_DeInit
 .text.DMADRV_FreeChannel
                0x08001374       0x4c ./gecko_sdk_4.4.1/platform/emdrv/dmadrv/src/dmadrv.o
                0x08001374                DMADRV_FreeChannel
 .text.DMADRV_Init
                0x080013c0       0x68 ./gecko_sdk_4.4.1/platform/emdrv/dmadrv/src/dmadrv.o
                0x080013c0                DMADRV_Init
 .text.DMADRV_PauseTransfer
                0x08001428       0x40 ./gecko_sdk_4.4.1/platform/emdrv/dmadrv/src/dmadrv.o
                0x08001428                DMADRV_PauseTransfer
 .text.DMADRV_ResumeTransfer
                0x08001468       0x40 ./gecko_sdk_4.4.1/platform/emdrv/dmadrv/src/dmadrv.o
                0x08001468                DMADRV_ResumeTransfer
 .text.DMADRV_StopTransfer
                0x080014a8       0x40 ./gecko_sdk_4.4.1/platform/emdrv/dmadrv/src/dmadrv.o
                0x080014a8                DMADRV_StopTransfer
 .text.DMADRV_TransferCompletePending
                0x080014e8       0x50 ./gecko_sdk_4.4.1/platform/emdrv/dmadrv/src/dmadrv.o
                0x080014e8                DMADRV_TransferCompletePending
 .text.DMADRV_TransferDone
                0x08001538       0x44 ./gecko_sdk_4.4.1/platform/emdrv/dmadrv/src/dmadrv.o
                0x08001538                DMADRV_TransferDone
 .text.LDMA_IRQHandler
                0x0800157c       0x74 ./gecko_sdk_4.4.1/platform/emdrv/dmadrv/src/dmadrv.o
                0x0800157c                LDMA_IRQHandler
 .text.EMU_VScaleGet
                0x080015f0       0x18 ./gecko_sdk_4.4.1/platform/emlib/src/em_cmu.o
 .text.traceClkGet
                0x08001608       0x54 ./gecko_sdk_4.4.1/platform/emlib/src/em_cmu.o
 .text.em01GrpaClkGet
                0x0800165c       0x74 ./gecko_sdk_4.4.1/platform/emlib/src/em_cmu.o
 .text.em01GrpcClkGet
                0x080016d0       0x70 ./gecko_sdk_4.4.1/platform/emlib/src/em_cmu.o
 .text.iadcClkGet
                0x08001740       0x60 ./gecko_sdk_4.4.1/platform/emlib/src/em_cmu.o
 .text.eusart0ClkGet
                0x080017a0       0x74 ./gecko_sdk_4.4.1/platform/emlib/src/em_cmu.o
 .text.em23GrpaClkGet
                0x08001814       0x48 ./gecko_sdk_4.4.1/platform/emlib/src/em_cmu.o
 .text.vdac0ClkGet
                0x0800185c       0x70 ./gecko_sdk_4.4.1/platform/emlib/src/em_cmu.o
 .text.vdac1ClkGet
                0x080018cc       0x70 ./gecko_sdk_4.4.1/platform/emlib/src/em_cmu.o
 .text.pcnt0ClkGet
                0x0800193c       0x4c ./gecko_sdk_4.4.1/platform/emlib/src/em_cmu.o
 .text.wdog0ClkGet
                0x08001988       0x64 ./gecko_sdk_4.4.1/platform/emlib/src/em_cmu.o
 .text.wdog1ClkGet
                0x080019ec       0x64 ./gecko_sdk_4.4.1/platform/emlib/src/em_cmu.o
 .text.sysrtcClkGet
                0x08001a50       0x48 ./gecko_sdk_4.4.1/platform/emlib/src/em_cmu.o
 .text.em4GrpaClkGet
                0x08001a98       0x48 ./gecko_sdk_4.4.1/platform/emlib/src/em_cmu.o
 .text.CMU_ClockDivGet
                0x08001ae0       0x78 ./gecko_sdk_4.4.1/platform/emlib/src/em_cmu.o
                0x08001ae0                CMU_ClockDivGet
 .text.flashWaitStateControl
                0x08001b58       0x58 ./gecko_sdk_4.4.1/platform/emlib/src/em_cmu.o
 .text.CMU_ClockEnable
                0x08001bb0       0x50 ./gecko_sdk_4.4.1/platform/emlib/src/em_cmu.o
                0x08001bb0                CMU_ClockEnable
 .text.CMU_ClockFreqGet
                0x08001c00      0x204 ./gecko_sdk_4.4.1/platform/emlib/src/em_cmu.o
                0x08001c00                CMU_ClockFreqGet
 .text.rhclkPrescOptimize
                0x08001e04       0x20 ./gecko_sdk_4.4.1/platform/emlib/src/em_cmu.o
 .text.CMU_ClockSelectGet
                0x08001e24      0x22c ./gecko_sdk_4.4.1/platform/emlib/src/em_cmu.o
                0x08001e24                CMU_ClockSelectGet
 .text.sli_em_cmu_HFXOSetForceEnable
                0x08002050       0x1c ./gecko_sdk_4.4.1/platform/emlib/src/em_cmu.o
                0x08002050                sli_em_cmu_HFXOSetForceEnable
 .text.CMU_HFXOInit
                0x0800206c      0x224 ./gecko_sdk_4.4.1/platform/emlib/src/em_cmu.o
                0x0800206c                CMU_HFXOInit
 .text.CMU_HFXOCTuneDeltaGet
                0x08002290        0xc ./gecko_sdk_4.4.1/platform/emlib/src/em_cmu.o
                0x08002290                CMU_HFXOCTuneDeltaGet
 .text.CMU_LFXOInit
                0x0800229c       0xc4 ./gecko_sdk_4.4.1/platform/emlib/src/em_cmu.o
                0x0800229c                CMU_LFXOInit
 .text.CMU_LFXOPrecisionSet
                0x08002360        0xc ./gecko_sdk_4.4.1/platform/emlib/src/em_cmu.o
                0x08002360                CMU_LFXOPrecisionSet
 .text.CMU_HFXOPrecisionSet
                0x0800236c        0xc ./gecko_sdk_4.4.1/platform/emlib/src/em_cmu.o
                0x0800236c                CMU_HFXOPrecisionSet
 .text.CMU_ClockDivSet
                0x08002378      0x12c ./gecko_sdk_4.4.1/platform/emlib/src/em_cmu.o
                0x08002378                CMU_ClockDivSet
 .text.sli_em_cmu_SYSCLKInitPreClockSelect
                0x080024a4       0x20 ./gecko_sdk_4.4.1/platform/emlib/src/em_cmu.o
                0x080024a4                sli_em_cmu_SYSCLKInitPreClockSelect
 .text.pclkDivOptimize
                0x080024c4       0x24 ./gecko_sdk_4.4.1/platform/emlib/src/em_cmu.o
 .text.EMU_DCDCSync
                0x080024e8       0x10 ./gecko_sdk_4.4.1/platform/emlib/src/em_emu.o
 .text.EMU_EM4Init
                0x080024f8       0x14 ./gecko_sdk_4.4.1/platform/emlib/src/em_emu.o
                0x080024f8                EMU_EM4Init
 .text.EMU_VScaleEM01
                0x0800250c       0xa8 ./gecko_sdk_4.4.1/platform/emlib/src/em_emu.o
                0x0800250c                EMU_VScaleEM01
 .text.EMU_VScaleEM01ByClock
                0x080025b4       0x30 ./gecko_sdk_4.4.1/platform/emlib/src/em_emu.o
                0x080025b4                EMU_VScaleEM01ByClock
 .text.EMU_DCDCModeSet
                0x080025e4       0xac ./gecko_sdk_4.4.1/platform/emlib/src/em_emu.o
                0x080025e4                EMU_DCDCModeSet
 .text.EMU_DCDCInit
                0x08002690       0x70 ./gecko_sdk_4.4.1/platform/emlib/src/em_emu.o
                0x08002690                EMU_DCDCInit
 .text.EMU_DCDCSetPFMXModePeakCurrent
                0x08002700       0x6c ./gecko_sdk_4.4.1/platform/emlib/src/em_emu.o
                0x08002700                EMU_DCDCSetPFMXModePeakCurrent
 .text.EUSART_Reset
                0x0800276c       0x54 ./gecko_sdk_4.4.1/platform/emlib/src/em_eusart.o
                0x0800276c                EUSART_Reset
 .text.EUSART_Enable
                0x080027c0       0x6c ./gecko_sdk_4.4.1/platform/emlib/src/em_eusart.o
                0x080027c0                EUSART_Enable
 .text.EUSART_BaudrateSet
                0x0800282c      0x1cc ./gecko_sdk_4.4.1/platform/emlib/src/em_eusart.o
                0x0800282c                EUSART_BaudrateSet
 .text.EUSART_AsyncInitCommon
                0x080029f8      0x23c ./gecko_sdk_4.4.1/platform/emlib/src/em_eusart.o
 .text.EUSART_UartInitHf
                0x08002c34       0x5c ./gecko_sdk_4.4.1/platform/emlib/src/em_eusart.o
                0x08002c34                EUSART_UartInitHf
 .text.EUSART_UartInitLf
                0x08002c90       0xb8 ./gecko_sdk_4.4.1/platform/emlib/src/em_eusart.o
                0x08002c90                EUSART_UartInitLf
 .text.GPIO_PinOutSet
                0x08002d48       0x3c ./gecko_sdk_4.4.1/platform/emlib/src/em_gpio.o
 .text.GPIO_PinOutClear
                0x08002d84       0x3c ./gecko_sdk_4.4.1/platform/emlib/src/em_gpio.o
 .text.GPIO_PinModeSet
                0x08002dc0       0x94 ./gecko_sdk_4.4.1/platform/emlib/src/em_gpio.o
                0x08002dc0                GPIO_PinModeSet
 .text.I2C_BusFreqSet
                0x08002e54      0x108 ./gecko_sdk_4.4.1/platform/emlib/src/em_i2c.o
                0x08002e54                I2C_BusFreqSet
 .text.I2C_Enable
                0x08002f5c       0x38 ./gecko_sdk_4.4.1/platform/emlib/src/em_i2c.o
                0x08002f5c                I2C_Enable
 .text.I2C_Init
                0x08002f94       0x64 ./gecko_sdk_4.4.1/platform/emlib/src/em_i2c.o
                0x08002f94                I2C_Init
 .text.I2C_Transfer
                0x08002ff8      0x224 ./gecko_sdk_4.4.1/platform/emlib/src/em_i2c.o
                0x08002ff8                I2C_Transfer
 .text.I2C_TransferInit
                0x0800321c       0xbc ./gecko_sdk_4.4.1/platform/emlib/src/em_i2c.o
                0x0800321c                I2C_TransferInit
 .text.LDMA_DeInit
                0x080032d8       0x3c ./gecko_sdk_4.4.1/platform/emlib/src/em_ldma.o
                0x080032d8                LDMA_DeInit
 .text.LDMA_EnableChannelRequest
                0x08003314       0x40 ./gecko_sdk_4.4.1/platform/emlib/src/em_ldma.o
                0x08003314                LDMA_EnableChannelRequest
 .text.LDMA_Init
                0x08003354       0x94 ./gecko_sdk_4.4.1/platform/emlib/src/em_ldma.o
                0x08003354                LDMA_Init
 .text.LDMA_StartTransfer
                0x080033e8      0x104 ./gecko_sdk_4.4.1/platform/emlib/src/em_ldma.o
                0x080033e8                LDMA_StartTransfer
 .text.LDMA_StopTransfer
                0x080034ec       0x38 ./gecko_sdk_4.4.1/platform/emlib/src/em_ldma.o
                0x080034ec                LDMA_StopTransfer
 .text.LDMA_TransferDone
                0x08003524       0x44 ./gecko_sdk_4.4.1/platform/emlib/src/em_ldma.o
                0x08003524                LDMA_TransferDone
 .text.USART_BaudrateSyncSet
                0x08003568       0x48 ./gecko_sdk_4.4.1/platform/emlib/src/em_usart.o
                0x08003568                USART_BaudrateSyncSet
 .text.USART_Reset
                0x080035b0       0x58 ./gecko_sdk_4.4.1/platform/emlib/src/em_usart.o
                0x080035b0                USART_Reset
 .text.USART_InitSync
                0x08003608       0xb0 ./gecko_sdk_4.4.1/platform/emlib/src/em_usart.o
                0x08003608                USART_InitSync
 .text.sl_hal_sysrtc_wait_sync
                0x080036b8       0x14 ./gecko_sdk_4.4.1/platform/peripheral/src/peripheral_sysrtc.o
                0x080036b8                sl_hal_sysrtc_wait_sync
 .text.sl_hal_sysrtc_wait_ready
                0x080036cc       0x1c ./gecko_sdk_4.4.1/platform/peripheral/src/peripheral_sysrtc.o
                0x080036cc                sl_hal_sysrtc_wait_ready
 .text.sl_hal_sysrtc_stop
                0x080036e8       0x14 ./gecko_sdk_4.4.1/platform/peripheral/src/peripheral_sysrtc.o
                0x080036e8                sl_hal_sysrtc_stop
 .text.sl_hal_sysrtc_enable
                0x080036fc       0x18 ./gecko_sdk_4.4.1/platform/peripheral/src/peripheral_sysrtc.o
                0x080036fc                sl_hal_sysrtc_enable
 .text.sl_hal_sysrtc_disable
                0x08003714       0x1c ./gecko_sdk_4.4.1/platform/peripheral/src/peripheral_sysrtc.o
                0x08003714                sl_hal_sysrtc_disable
 .text.sl_hal_sysrtc_init
                0x08003730       0x20 ./gecko_sdk_4.4.1/platform/peripheral/src/peripheral_sysrtc.o
                0x08003730                sl_hal_sysrtc_init
 .text.sl_hal_sysrtc_init_group
                0x08003750       0x48 ./gecko_sdk_4.4.1/platform/peripheral/src/peripheral_sysrtc.o
                0x08003750                sl_hal_sysrtc_init_group
 .text.sl_hal_sysrtc_enable_group_interrupts
                0x08003798       0x1c ./gecko_sdk_4.4.1/platform/peripheral/src/peripheral_sysrtc.o
                0x08003798                sl_hal_sysrtc_enable_group_interrupts
 .text.sl_hal_sysrtc_disable_group_interrupts
                0x080037b4       0x1c ./gecko_sdk_4.4.1/platform/peripheral/src/peripheral_sysrtc.o
                0x080037b4                sl_hal_sysrtc_disable_group_interrupts
 .text.sl_hal_sysrtc_clear_group_interrupts
                0x080037d0       0x1c ./gecko_sdk_4.4.1/platform/peripheral/src/peripheral_sysrtc.o
                0x080037d0                sl_hal_sysrtc_clear_group_interrupts
 .text.sl_hal_sysrtc_get_group_interrupts
                0x080037ec       0x20 ./gecko_sdk_4.4.1/platform/peripheral/src/peripheral_sysrtc.o
                0x080037ec                sl_hal_sysrtc_get_group_interrupts
 .text.sl_hal_sysrtc_get_group_compare_channel_value
                0x0800380c       0x30 ./gecko_sdk_4.4.1/platform/peripheral/src/peripheral_sysrtc.o
                0x0800380c                sl_hal_sysrtc_get_group_compare_channel_value
 .text.sl_hal_sysrtc_set_group_compare_channel_value
                0x0800383c       0x28 ./gecko_sdk_4.4.1/platform/peripheral/src/peripheral_sysrtc.o
                0x0800383c                sl_hal_sysrtc_set_group_compare_channel_value
 .text.sl_device_init_dcdc
                0x08003864       0x2c ./gecko_sdk_4.4.1/platform/service/device_init/src/sl_device_init_dcdc_s2.o
                0x08003864                sl_device_init_dcdc
 .text.sl_device_init_emu
                0x08003890       0x24 ./gecko_sdk_4.4.1/platform/service/device_init/src/sl_device_init_emu_s2.o
                0x08003890                sl_device_init_emu
 .text.sl_device_init_hfxo
                0x080038b4       0x70 ./gecko_sdk_4.4.1/platform/service/device_init/src/sl_device_init_hfxo_s2.o
                0x080038b4                sl_device_init_hfxo
 .text.sl_device_init_lfxo
                0x08003924       0x2c ./gecko_sdk_4.4.1/platform/service/device_init/src/sl_device_init_lfxo_s2.o
                0x08003924                sl_device_init_lfxo
 .text.sl_device_init_nvic
                0x08003950       0x3c ./gecko_sdk_4.4.1/platform/service/device_init/src/sl_device_init_nvic.o
                0x08003950                sl_device_init_nvic
 .text.sl_iostream_set_default
                0x0800398c       0x18 ./gecko_sdk_4.4.1/platform/service/iostream/src/sl_iostream.o
                0x0800398c                sl_iostream_set_default
 .text.sl_iostream_get_default
                0x080039a4       0x18 ./gecko_sdk_4.4.1/platform/service/iostream/src/sl_iostream.o
                0x080039a4                sl_iostream_get_default
 .text.sl_iostream_eusart_init
                0x080039bc      0x228 ./gecko_sdk_4.4.1/platform/service/iostream/src/sl_iostream_eusart.o
                0x080039bc                sl_iostream_eusart_init
 .text._write   0x08003be4       0x20 ./gecko_sdk_4.4.1/platform/service/iostream/src/sl_iostream_retarget_stdio.o
                0x08003be4                _write
 .text.sl_iostream_stdlib_disable_buffering
                0x08003c04       0x14 ./gecko_sdk_4.4.1/platform/service/iostream/src/sl_iostream_stdlib_config.o
                0x08003c04                sl_iostream_stdlib_disable_buffering
 .text.get_write_ptr
                0x08003c18       0x40 ./gecko_sdk_4.4.1/platform/service/iostream/src/sl_iostream_uart.o
 .text.dma_irq_handler
                0x08003c58       0x74 ./gecko_sdk_4.4.1/platform/service/iostream/src/sl_iostream_uart.o
 .text.uart_read
                0x08003ccc      0x1f4 ./gecko_sdk_4.4.1/platform/service/iostream/src/sl_iostream_uart.o
 .text.uart_deinit
                0x08003ec0       0x98 ./gecko_sdk_4.4.1/platform/service/iostream/src/sl_iostream_uart.o
 .text.uart_write
                0x08003f58       0xc0 ./gecko_sdk_4.4.1/platform/service/iostream/src/sl_iostream_uart.o
 .text.sli_iostream_uart_context_init
                0x08004018       0xf8 ./gecko_sdk_4.4.1/platform/service/iostream/src/sl_iostream_uart.o
                0x08004018                sli_iostream_uart_context_init
 .text.delta_list_insert_timer
                0x08004110       0x40 ./gecko_sdk_4.4.1/platform/service/sleeptimer/src/sl_sleeptimer.o
 .text.update_delta_list
                0x08004150       0x34 ./gecko_sdk_4.4.1/platform/service/sleeptimer/src/sl_sleeptimer.o
 .text.set_comparator_for_next_timer
                0x08004184       0x5c ./gecko_sdk_4.4.1/platform/service/sleeptimer/src/sl_sleeptimer.o
 .text.create_timer
                0x080041e0       0x88 ./gecko_sdk_4.4.1/platform/service/sleeptimer/src/sl_sleeptimer.o
 .text.delta_list_remove_timer
                0x08004268       0x38 ./gecko_sdk_4.4.1/platform/service/sleeptimer/src/sl_sleeptimer.o
 .text.sl_sleeptimer_init
                0x080042a0       0x74 ./gecko_sdk_4.4.1/platform/service/sleeptimer/src/sl_sleeptimer.o
                0x080042a0                sl_sleeptimer_init
 .text.sl_sleeptimer_is_timer_running
                0x08004314       0x3c ./gecko_sdk_4.4.1/platform/service/sleeptimer/src/sl_sleeptimer.o
                0x08004314                sl_sleeptimer_is_timer_running
 .text.sl_sleeptimer_ms_to_tick
                0x08004350       0x24 ./gecko_sdk_4.4.1/platform/service/sleeptimer/src/sl_sleeptimer.o
                0x08004350                sl_sleeptimer_ms_to_tick
 .text.sl_sleeptimer_delay_millisecond
                0x08004374       0x38 ./gecko_sdk_4.4.1/platform/service/sleeptimer/src/sl_sleeptimer.o
                0x08004374                sl_sleeptimer_delay_millisecond
 .text.process_timer_irq
                0x080043ac      0x150 ./gecko_sdk_4.4.1/platform/service/sleeptimer/src/sl_sleeptimer.o
                0x080043ac                process_timer_irq
 .text.sleeptimer_hal_init_timer
                0x080044fc       0x64 ./gecko_sdk_4.4.1/platform/service/sleeptimer/src/sl_sleeptimer_hal_sysrtc.o
                0x080044fc                sleeptimer_hal_init_timer
 .text.sleeptimer_hal_get_counter
                0x08004560       0x10 ./gecko_sdk_4.4.1/platform/service/sleeptimer/src/sl_sleeptimer_hal_sysrtc.o
                0x08004560                sleeptimer_hal_get_counter
 .text.sleeptimer_hal_set_compare
                0x08004570       0x70 ./gecko_sdk_4.4.1/platform/service/sleeptimer/src/sl_sleeptimer_hal_sysrtc.o
                0x08004570                sleeptimer_hal_set_compare
 .text.sleeptimer_hal_disable_int
                0x080045e0       0x2c ./gecko_sdk_4.4.1/platform/service/sleeptimer/src/sl_sleeptimer_hal_sysrtc.o
                0x080045e0                sleeptimer_hal_disable_int
 .text.sleeptimer_hal_set_int
                0x0800460c       0x10 ./gecko_sdk_4.4.1/platform/service/sleeptimer/src/sl_sleeptimer_hal_sysrtc.o
                0x0800460c                sleeptimer_hal_set_int
 .text.sl_udelay_wait
                0x0800461c       0x58 ./gecko_sdk_4.4.1/platform/service/udelay/src/sl_udelay.o
                0x0800461c                sl_udelay_wait
 .text          0x08004674       0x30 c:/siliconlabs/simplicitystudio/v5/developer/toolchains/gnu_arm/12.2.rel1_2023.7/bin/../lib/gcc/arm-none-eabi/12.2.1/thumb/v8-m.main+fp/hard\libgcc.a(_aeabi_uldivmod.o)
                0x08004674                __aeabi_uldivmod
 .text.__udivmoddi4
                0x080046a4      0x2ec c:/siliconlabs/simplicitystudio/v5/developer/toolchains/gnu_arm/12.2.rel1_2023.7/bin/../lib/gcc/arm-none-eabi/12.2.1/thumb/v8-m.main+fp/hard\libgcc.a(_udivmoddi4.o)
                0x080046a4                __udivmoddi4
 .text          0x08004990        0x4 c:/siliconlabs/simplicitystudio/v5/developer/toolchains/gnu_arm/12.2.rel1_2023.7/bin/../lib/gcc/arm-none-eabi/12.2.1/thumb/v8-m.main+fp/hard\libgcc.a(_dvmd_tls.o)
                0x08004990                __aeabi_idiv0
                0x08004990                __aeabi_ldiv0
 .text.exit     0x08004994       0x24 c:/siliconlabs/simplicitystudio/v5/developer/toolchains/gnu_arm/12.2.rel1_2023.7/bin/../lib/gcc/arm-none-eabi/12.2.1/thumb/v8-m.main+fp/hard\libc_nano.a(libc_a-exit.o)
                0x08004994                exit
 .text.std      0x080049b8       0x6c c:/siliconlabs/simplicitystudio/v5/developer/toolchains/gnu_arm/12.2.rel1_2023.7/bin/../lib/gcc/arm-none-eabi/12.2.1/thumb/v8-m.main+fp/hard\libc_nano.a(libc_a-findfp.o)
 .text.stdio_exit_handler
                0x08004a24       0x18 c:/siliconlabs/simplicitystudio/v5/developer/toolchains/gnu_arm/12.2.rel1_2023.7/bin/../lib/gcc/arm-none-eabi/12.2.1/thumb/v8-m.main+fp/hard\libc_nano.a(libc_a-findfp.o)
 .text.cleanup_stdio
                0x08004a3c       0x40 c:/siliconlabs/simplicitystudio/v5/developer/toolchains/gnu_arm/12.2.rel1_2023.7/bin/../lib/gcc/arm-none-eabi/12.2.1/thumb/v8-m.main+fp/hard\libc_nano.a(libc_a-findfp.o)
 .text.global_stdio_init.part.0
                0x08004a7c       0x3c c:/siliconlabs/simplicitystudio/v5/developer/toolchains/gnu_arm/12.2.rel1_2023.7/bin/../lib/gcc/arm-none-eabi/12.2.1/thumb/v8-m.main+fp/hard\libc_nano.a(libc_a-findfp.o)
 .text.__sfp_lock_acquire
                0x08004ab8        0xc c:/siliconlabs/simplicitystudio/v5/developer/toolchains/gnu_arm/12.2.rel1_2023.7/bin/../lib/gcc/arm-none-eabi/12.2.1/thumb/v8-m.main+fp/hard\libc_nano.a(libc_a-findfp.o)
                0x08004ab8                __sfp_lock_acquire
 .text.__sfp_lock_release
                0x08004ac4        0xc c:/siliconlabs/simplicitystudio/v5/developer/toolchains/gnu_arm/12.2.rel1_2023.7/bin/../lib/gcc/arm-none-eabi/12.2.1/thumb/v8-m.main+fp/hard\libc_nano.a(libc_a-findfp.o)
                0x08004ac4                __sfp_lock_release
 .text.__sinit  0x08004ad0       0x30 c:/siliconlabs/simplicitystudio/v5/developer/toolchains/gnu_arm/12.2.rel1_2023.7/bin/../lib/gcc/arm-none-eabi/12.2.1/thumb/v8-m.main+fp/hard\libc_nano.a(libc_a-findfp.o)
                0x08004ad0                __sinit
 .text.printf   0x08004b00       0x24 c:/siliconlabs/simplicitystudio/v5/developer/toolchains/gnu_arm/12.2.rel1_2023.7/bin/../lib/gcc/arm-none-eabi/12.2.1/thumb/v8-m.main+fp/hard\libc_nano.a(libc_a-printf.o)
                0x08004b00                iprintf
                0x08004b00                printf
 .text.puts     0x08004b24       0x10 c:/siliconlabs/simplicitystudio/v5/developer/toolchains/gnu_arm/12.2.rel1_2023.7/bin/../lib/gcc/arm-none-eabi/12.2.1/thumb/v8-m.main+fp/hard\libc_nano.a(libc_a-puts.o)
                0x08004b24                puts
 .text.setvbuf  0x08004b34      0x168 c:/siliconlabs/simplicitystudio/v5/developer/toolchains/gnu_arm/12.2.rel1_2023.7/bin/../lib/gcc/arm-none-eabi/12.2.1/thumb/v8-m.main+fp/hard\libc_nano.a(libc_a-setvbuf.o)
                0x08004b34                setvbuf
 .text.__swsetup_r
                0x08004c9c       0xac c:/siliconlabs/simplicitystudio/v5/developer/toolchains/gnu_arm/12.2.rel1_2023.7/bin/../lib/gcc/arm-none-eabi/12.2.1/thumb/v8-m.main+fp/hard\libc_nano.a(libc_a-wsetup.o)
                0x08004c9c                __swsetup_r
 .text._close_r
                0x08004d48       0x20 c:/siliconlabs/simplicitystudio/v5/developer/toolchains/gnu_arm/12.2.rel1_2023.7/bin/../lib/gcc/arm-none-eabi/12.2.1/thumb/v8-m.main+fp/hard\libc_nano.a(libc_a-closer.o)
                0x08004d48                _close_r
 .text._lseek_r
                0x08004d68       0x24 c:/siliconlabs/simplicitystudio/v5/developer/toolchains/gnu_arm/12.2.rel1_2023.7/bin/../lib/gcc/arm-none-eabi/12.2.1/thumb/v8-m.main+fp/hard\libc_nano.a(libc_a-lseekr.o)
                0x08004d68                _lseek_r
 .text._read_r  0x08004d8c       0x24 c:/siliconlabs/simplicitystudio/v5/developer/toolchains/gnu_arm/12.2.rel1_2023.7/bin/../lib/gcc/arm-none-eabi/12.2.1/thumb/v8-m.main+fp/hard\libc_nano.a(libc_a-readr.o)
                0x08004d8c                _read_r
 .text._write_r
                0x08004db0       0x24 c:/siliconlabs/simplicitystudio/v5/developer/toolchains/gnu_arm/12.2.rel1_2023.7/bin/../lib/gcc/arm-none-eabi/12.2.1/thumb/v8-m.main+fp/hard\libc_nano.a(libc_a-writer.o)
                0x08004db0                _write_r
 .text.__libc_init_array
                0x08004dd4       0x48 c:/siliconlabs/simplicitystudio/v5/developer/toolchains/gnu_arm/12.2.rel1_2023.7/bin/../lib/gcc/arm-none-eabi/12.2.1/thumb/v8-m.main+fp/hard\libc_nano.a(libc_a-init.o)
                0x08004dd4                __libc_init_array
 .text._free_r  0x08004e1c       0x94 c:/siliconlabs/simplicitystudio/v5/developer/toolchains/gnu_arm/12.2.rel1_2023.7/bin/../lib/gcc/arm-none-eabi/12.2.1/thumb/v8-m.main+fp/hard\libc_nano.a(libc_a-freer.o)
                0x08004e1c                _free_r
 .text.malloc   0x08004eb0       0x10 c:/siliconlabs/simplicitystudio/v5/developer/toolchains/gnu_arm/12.2.rel1_2023.7/bin/../lib/gcc/arm-none-eabi/12.2.1/thumb/v8-m.main+fp/hard\libc_nano.a(libc_a-malloc.o)
                0x08004eb0                malloc
 .text.sbrk_aligned
                0x08004ec0       0x44 c:/siliconlabs/simplicitystudio/v5/developer/toolchains/gnu_arm/12.2.rel1_2023.7/bin/../lib/gcc/arm-none-eabi/12.2.1/thumb/v8-m.main+fp/hard\libc_nano.a(libc_a-mallocr.o)
 .text._malloc_r
                0x08004f04       0xf0 c:/siliconlabs/simplicitystudio/v5/developer/toolchains/gnu_arm/12.2.rel1_2023.7/bin/../lib/gcc/arm-none-eabi/12.2.1/thumb/v8-m.main+fp/hard\libc_nano.a(libc_a-mallocr.o)
                0x08004f04                _malloc_r
 .text.__malloc_lock
                0x08004ff4        0xc c:/siliconlabs/simplicitystudio/v5/developer/toolchains/gnu_arm/12.2.rel1_2023.7/bin/../lib/gcc/arm-none-eabi/12.2.1/thumb/v8-m.main+fp/hard\libc_nano.a(libc_a-mlock.o)
                0x08004ff4                __malloc_lock
 .text.__malloc_unlock
                0x08005000        0xc c:/siliconlabs/simplicitystudio/v5/developer/toolchains/gnu_arm/12.2.rel1_2023.7/bin/../lib/gcc/arm-none-eabi/12.2.1/thumb/v8-m.main+fp/hard\libc_nano.a(libc_a-mlock.o)
                0x08005000                __malloc_unlock
 .text._vfprintf_r
                0x0800500c      0x230 c:/siliconlabs/simplicitystudio/v5/developer/toolchains/gnu_arm/12.2.rel1_2023.7/bin/../lib/gcc/arm-none-eabi/12.2.1/thumb/v8-m.main+fp/hard\libc_nano.a(libc_a-nano-vfprintf.o)
                0x0800500c                _vfprintf_r
                0x0800500c                _vfiprintf_r
 .text._printf_i
                0x0800523c      0x258 c:/siliconlabs/simplicitystudio/v5/developer/toolchains/gnu_arm/12.2.rel1_2023.7/bin/../lib/gcc/arm-none-eabi/12.2.1/thumb/v8-m.main+fp/hard\libc_nano.a(libc_a-nano-vfprintf_i.o)
                0x0800523c                _printf_i
 .text._fstat_r
                0x08005494       0x24 c:/siliconlabs/simplicitystudio/v5/developer/toolchains/gnu_arm/12.2.rel1_2023.7/bin/../lib/gcc/arm-none-eabi/12.2.1/thumb/v8-m.main+fp/hard\libc_nano.a(libc_a-fstatr.o)
                0x08005494                _fstat_r
 .text._isatty_r
                0x080054b8       0x20 c:/siliconlabs/simplicitystudio/v5/developer/toolchains/gnu_arm/12.2.rel1_2023.7/bin/../lib/gcc/arm-none-eabi/12.2.1/thumb/v8-m.main+fp/hard\libc_nano.a(libc_a-isattyr.o)
                0x080054b8                _isatty_r
 .text._sbrk_r  0x080054d8       0x20 c:/siliconlabs/simplicitystudio/v5/developer/toolchains/gnu_arm/12.2.rel1_2023.7/bin/../lib/gcc/arm-none-eabi/12.2.1/thumb/v8-m.main+fp/hard\libc_nano.a(libc_a-sbrkr.o)
                0x080054d8                _sbrk_r
 .text.app_process_action
                0x080054f8        0x2 ./app.o
                0x080054f8                app_process_action
 .text.startup.main
                0x080054fa       0x14 ./main.o
                0x080054fa                main
 .text.mpl_init
                0x0800550e        0x2 ./mpl.o
                0x0800550e                mpl_init
 .text.decode_rh
                0x08005510       0x16 ./si.o
                0x08005510                decode_rh
 .text.sl_board_default_init
                0x08005526        0x4 ./autogen/sl_board_default_init.o
                0x08005526                sl_board_default_init
 .text.sl_platform_init
                0x0800552a       0x26 ./autogen/sl_event_handler.o
                0x0800552a                sl_platform_init
 .text.sl_driver_init
                0x08005550       0x16 ./autogen/sl_event_handler.o
                0x08005550                sl_driver_init
 .text.sl_service_init
                0x08005566       0x16 ./autogen/sl_event_handler.o
                0x08005566                sl_service_init
 .text.sl_stack_init
                0x0800557c        0x2 ./autogen/sl_event_handler.o
                0x0800557c                sl_stack_init
 .text.sl_internal_app_init
                0x0800557e        0x2 ./autogen/sl_event_handler.o
                0x0800557e                sl_internal_app_init
 .text.sl_platform_process_action
                0x08005580        0x2 ./autogen/sl_event_handler.o
                0x08005580                sl_platform_process_action
 .text.sl_service_process_action
                0x08005582        0x2 ./autogen/sl_event_handler.o
                0x08005582                sl_service_process_action
 .text.sl_stack_process_action
                0x08005584        0x2 ./autogen/sl_event_handler.o
                0x08005584                sl_stack_process_action
 .text.sl_internal_app_process_action
                0x08005586        0x2 ./autogen/sl_event_handler.o
                0x08005586                sl_internal_app_process_action
 .text.sl_iostream_eusart_init_instances
                0x08005588        0x4 ./autogen/sl_iostream_init_eusart_instances.o
                0x08005588                sl_iostream_eusart_init_instances
 .text.EUSART0_TX_IRQHandler
                0x0800558c        0x4 ./autogen/sl_iostream_init_eusart_instances.o
                0x0800558c                EUSART0_TX_IRQHandler
 .text.sl_board_enable_vcom
                0x08005590       0x12 ./gecko_sdk_4.4.1/hardware/board/src/sl_board_control_gpio.o
                0x08005590                sl_board_enable_vcom
 .text.sl_board_configure_vcom
                0x080055a2        0x4 ./gecko_sdk_4.4.1/hardware/board/src/sl_board_control_gpio.o
                0x080055a2                sl_board_configure_vcom
 .text.sl_board_disable_vcom
                0x080055a6       0x12 ./gecko_sdk_4.4.1/hardware/board/src/sl_board_control_gpio.o
                0x080055a6                sl_board_disable_vcom
 .text.sl_board_init
                0x080055b8       0x1c ./gecko_sdk_4.4.1/hardware/board/src/sl_board_init.o
                0x080055b8                sl_board_init
 .text.sl_board_preinit
                0x080055d4        0x8 ./gecko_sdk_4.4.1/hardware/board/src/sl_board_init.o
                0x080055d4                sl_board_preinit
 .text.sli_cos_swo_itm_8_write.constprop.0.isra.0
                0x080055dc       0x78 ./gecko_sdk_4.4.1/hardware/driver/configuration_over_swo/src/sl_cos.o
 .text.sl_cos_send_config
                0x08005654       0x12 ./gecko_sdk_4.4.1/hardware/driver/configuration_over_swo/src/sl_cos.o
                0x08005654                sl_cos_send_config
 .text.sl_cos_config_vcom
                0x08005666       0x1e ./gecko_sdk_4.4.1/hardware/driver/configuration_over_swo/src/sl_cos.o
                0x08005666                sl_cos_config_vcom
 .text.Default_Handler
                0x08005684        0x2 ./gecko_sdk_4.4.1/platform/Device/SiliconLabs/EFR32MG24/Source/startup_efr32mg24.o
                0x08005684                ULFRCO_IRQHandler
                0x08005684                AHB2AHB1_IRQHandler
                0x08005684                SW2_IRQHandler
                0x08005684                TIMER2_IRQHandler
                0x08005684                DebugMon_Handler
                0x08005684                USART0_TX_IRQHandler
                0x08005684                IADC_IRQHandler
                0x08005684                I2C0_IRQHandler
                0x08005684                LFXO_IRQHandler
                0x08005684                HardFault_Handler
                0x08005684                SMU_SECURE_IRQHandler
                0x08005684                SysTick_Handler
                0x08005684                SYSRTC_SEQ_IRQHandler
                0x08005684                EMUEFP_IRQHandler
                0x08005684                PendSV_Handler
                0x08005684                NMI_Handler
                0x08005684                SYNTH_IRQHandler
                0x08005684                HOSTMAILBOX_IRQHandler
                0x08005684                HFXO0_IRQHandler
                0x08005684                I2C1_IRQHandler
                0x08005684                WDOG0_IRQHandler
                0x08005684                TIMER3_IRQHandler
                0x08005684                SYSCFG_IRQHandler
                0x08005684                RFECA1_IRQHandler
                0x08005684                EMUDG_IRQHandler
                0x08005684                MSC_IRQHandler
                0x08005684                DPLL0_IRQHandler
                0x08005684                UsageFault_Handler
                0x08005684                WDOG1_IRQHandler
                0x08005684                M33CTI1_IRQHandler
                0x08005684                TIMER4_IRQHandler
                0x08005684                GPIO_EVEN_IRQHandler
                0x08005684                VDAC0_IRQHandler
                0x08005684                SEMBTX_IRQHandler
                0x08005684                SW0_IRQHandler
                0x08005684                TIMER0_IRQHandler
                0x08005684                MVP_IRQHandler
                0x08005684                LETIMER0_IRQHandler
                0x08005684                EUSART1_RX_IRQHandler
                0x08005684                TIMER1_IRQHandler
                0x08005684                HFRCO0_IRQHandler
                0x08005684                SecureFault_Handler
                0x08005684                BUFC_IRQHandler
                0x08005684                DCDC_IRQHandler
                0x08005684                MODEM_IRQHandler
                0x08005684                Default_Handler
                0x08005684                RAC_SEQ_IRQHandler
                0x08005684                FRC_PRI_IRQHandler
                0x08005684                EMU_IRQHandler
                0x08005684                SW3_IRQHandler
                0x08005684                KERNEL0_IRQHandler
                0x08005684                FRC_IRQHandler
                0x08005684                PCNT0_IRQHandler
                0x08005684                KERNEL1_IRQHandler
                0x08005684                AGC_IRQHandler
                0x08005684                EUSART1_TX_IRQHandler
                0x08005684                KEYSCAN_IRQHandler
                0x08005684                sl_app_properties
                0x08005684                HFRCOEM23_IRQHandler
                0x08005684                BURTC_IRQHandler
                0x08005684                SEMBRX_IRQHandler
                0x08005684                RFECA0_IRQHandler
                0x08005684                LFRCO_IRQHandler
                0x08005684                VDAC1_IRQHandler
                0x08005684                ACMP0_IRQHandler
                0x08005684                USART0_RX_IRQHandler
                0x08005684                MemManage_Handler
                0x08005684                AHB2AHB0_IRQHandler
                0x08005684                SVC_Handler
                0x08005684                SMU_S_PRIVILEGED_IRQHandler
                0x08005684                SW1_IRQHandler
                0x08005684                CMU_IRQHandler
                0x08005684                RAC_RSM_IRQHandler
                0x08005684                SETAMPERHOST_IRQHandler
                0x08005684                GPIO_ODD_IRQHandler
                0x08005684                AES_IRQHandler
                0x08005684                M33CTI0_IRQHandler
                0x08005684                ICACHE0_IRQHandler
                0x08005684                SMU_NS_PRIVILEGED_IRQHandler
                0x08005684                FPUEXH_IRQHandler
                0x08005684                PROTIMER_IRQHandler
                0x08005684                ACMP1_IRQHandler
                0x08005684                BusFault_Handler
                0x08005684                MPAHBRAM_IRQHandler
 .text.FlashToRamCopy
                0x08005686       0x16 ./gecko_sdk_4.4.1/platform/Device/SiliconLabs/EFR32MG24/Source/system_efr32mg24.o
                0x08005686                FlashToRamCopy
 .text.SystemCLKIN0Get
                0x0800569c        0x4 ./gecko_sdk_4.4.1/platform/Device/SiliconLabs/EFR32MG24/Source/system_efr32mg24.o
                0x0800569c                SystemCLKIN0Get
 .text.SystemLFRCOClockGet
                0x080056a0        0x6 ./gecko_sdk_4.4.1/platform/Device/SiliconLabs/EFR32MG24/Source/system_efr32mg24.o
                0x080056a0                SystemLFRCOClockGet
 .text.SystemULFRCOClockGet
                0x080056a6        0x6 ./gecko_sdk_4.4.1/platform/Device/SiliconLabs/EFR32MG24/Source/system_efr32mg24.o
                0x080056a6                SystemULFRCOClockGet
 .text.assertEFM
                0x080056ac        0x2 ./gecko_sdk_4.4.1/platform/common/src/sl_assert.o
                0x080056ac                assertEFM
 .text.sl_debug_swo_enable_itm
                0x080056ae       0x16 ./gecko_sdk_4.4.1/platform/driver/debug/src/sl_debug_swo.o
                0x080056ae                sl_debug_swo_enable_itm
 .text.sl_debug_swo_disable_itm
                0x080056c4       0x18 ./gecko_sdk_4.4.1/platform/driver/debug/src/sl_debug_swo.o
                0x080056c4                sl_debug_swo_disable_itm
 .text.sl_led_init
                0x080056dc        0x6 ./gecko_sdk_4.4.1/platform/driver/leddrv/src/sl_led.o
                0x080056dc                sl_led_init
 .text.sl_simple_led_init
                0x080056e2       0x22 ./gecko_sdk_4.4.1/platform/driver/leddrv/src/sl_simple_led.o
                0x080056e2                sl_simple_led_init
 .text.sl_simple_led_turn_on
                0x08005704       0x12 ./gecko_sdk_4.4.1/platform/driver/leddrv/src/sl_simple_led.o
                0x08005704                sl_simple_led_turn_on
 .text.sl_simple_led_turn_off
                0x08005716       0x12 ./gecko_sdk_4.4.1/platform/driver/leddrv/src/sl_simple_led.o
                0x08005716                sl_simple_led_turn_off
 .text.DMADRV_PeripheralMemory
                0x08005728       0x34 ./gecko_sdk_4.4.1/platform/emdrv/dmadrv/src/dmadrv.o
                0x08005728                DMADRV_PeripheralMemory
 .text.BUS_RegMaskedWrite
                0x0800575c       0x1e ./gecko_sdk_4.4.1/platform/emlib/src/em_cmu.o
 .text.waitStateMax
                0x0800577a       0x10 ./gecko_sdk_4.4.1/platform/emlib/src/em_cmu.o
 .text.CMU_UpdateWaitStates
                0x0800578a        0xc ./gecko_sdk_4.4.1/platform/emlib/src/em_cmu.o
                0x0800578a                CMU_UpdateWaitStates
 .text.pclkDivMax
                0x08005796        0xa ./gecko_sdk_4.4.1/platform/emlib/src/em_cmu.o
 .text.sli_em_cmu_SYSCLKInitPostClockSelect
                0x080057a0       0x2a ./gecko_sdk_4.4.1/platform/emlib/src/em_cmu.o
                0x080057a0                sli_em_cmu_SYSCLKInitPostClockSelect
 .text.CORE_EnterCritical
                0x080057ca        0x8 ./gecko_sdk_4.4.1/platform/emlib/src/em_core.o
                0x080057ca                CORE_EnterCritical
 .text.CORE_ExitCritical
                0x080057d2        0x6 ./gecko_sdk_4.4.1/platform/emlib/src/em_core.o
                0x080057d2                CORE_ExitCritical
 .text.CORE_EnterAtomic
                0x080057d8        0xc ./gecko_sdk_4.4.1/platform/emlib/src/em_core.o
                0x080057d8                CORE_EnterAtomic
 .text.CORE_ExitAtomic
                0x080057e4        0x6 ./gecko_sdk_4.4.1/platform/emlib/src/em_core.o
                0x080057e4                CORE_ExitAtomic
 .text.EMU_EFPEM01VScale
                0x080057ea        0x2 ./gecko_sdk_4.4.1/platform/emlib/src/em_emu.o
                0x080057ea                EMU_EFPEM01VScale
 .text.EMU_DCDCUpdatedHook
                0x080057ec        0x2 ./gecko_sdk_4.4.1/platform/emlib/src/em_emu.o
                0x080057ec                EMU_DCDCUpdatedHook
 .text.eusart_sync
                0x080057ee        0x8 ./gecko_sdk_4.4.1/platform/emlib/src/em_eusart.o
 .text.EUSART_Disable
                0x080057f6       0x34 ./gecko_sdk_4.4.1/platform/emlib/src/em_eusart.o
 .text.EUSART_Tx
                0x0800582a        0xa ./gecko_sdk_4.4.1/platform/emlib/src/em_eusart.o
                0x0800582a                EUSART_Tx
 .text.BUS_RegMaskedWrite
                0x08005834       0x1e ./gecko_sdk_4.4.1/platform/emlib/src/em_gpio.o
 .text.GPIO_DbgLocationSet
                0x08005852        0x2 ./gecko_sdk_4.4.1/platform/emlib/src/em_gpio.o
                0x08005852                GPIO_DbgLocationSet
 .text.USART_SpiTransfer
                0x08005854       0x14 ./gecko_sdk_4.4.1/platform/emlib/src/em_usart.o
                0x08005854                USART_SpiTransfer
 .text.sl_iostream_write
                0x08005868       0x22 ./gecko_sdk_4.4.1/platform/service/iostream/src/sl_iostream.o
                0x08005868                sl_iostream_write
 .text.sl_iostream_read
                0x0800588a       0x30 ./gecko_sdk_4.4.1/platform/service/iostream/src/sl_iostream.o
                0x0800588a                sl_iostream_read
 .text.eusart_deinit
                0x080058ba       0x70 ./gecko_sdk_4.4.1/platform/service/iostream/src/sl_iostream_eusart.o
 .text.eusart_set_next_byte_detect
                0x0800592a       0x30 ./gecko_sdk_4.4.1/platform/service/iostream/src/sl_iostream_eusart.o
 .text.eusart_tx
                0x0800595a        0xc ./gecko_sdk_4.4.1/platform/service/iostream/src/sl_iostream_eusart.o
 .text.sl_iostream_eusart_irq_handler
                0x08005966       0x72 ./gecko_sdk_4.4.1/platform/service/iostream/src/sl_iostream_eusart.o
                0x08005966                sl_iostream_eusart_irq_handler
 .text._close   0x080059d8        0x4 ./gecko_sdk_4.4.1/platform/service/iostream/src/sl_iostream_retarget_stdio.o
                0x080059d8                _close
 .text._exit    0x080059dc        0x2 ./gecko_sdk_4.4.1/platform/service/iostream/src/sl_iostream_retarget_stdio.o
                0x080059dc                _exit
 .text._fstat   0x080059de        0xa ./gecko_sdk_4.4.1/platform/service/iostream/src/sl_iostream_retarget_stdio.o
                0x080059de                _fstat
 .text._isatty  0x080059e8        0x4 ./gecko_sdk_4.4.1/platform/service/iostream/src/sl_iostream_retarget_stdio.o
                0x080059e8                _isatty
 .text._lseek   0x080059ec        0x4 ./gecko_sdk_4.4.1/platform/service/iostream/src/sl_iostream_retarget_stdio.o
                0x080059ec                _lseek
 .text._read    0x080059f0       0x1c ./gecko_sdk_4.4.1/platform/service/iostream/src/sl_iostream_retarget_stdio.o
                0x080059f0                _read
 .text.set_auto_cr_lf
                0x08005a0c        0x6 ./gecko_sdk_4.4.1/platform/service/iostream/src/sl_iostream_uart.o
 .text.get_auto_cr_lf
                0x08005a12        0x6 ./gecko_sdk_4.4.1/platform/service/iostream/src/sl_iostream_uart.o
 .text.delay_callback
                0x08005a18        0x6 ./gecko_sdk_4.4.1/platform/service/sleeptimer/src/sl_sleeptimer.o
 .text.sl_sleeptimer_start_timer
                0x08005a1e       0x48 ./gecko_sdk_4.4.1/platform/service/sleeptimer/src/sl_sleeptimer.o
                0x08005a1e                sl_sleeptimer_start_timer
 .text.sl_sleeptimer_start_periodic_timer
                0x08005a66       0x4a ./gecko_sdk_4.4.1/platform/service/sleeptimer/src/sl_sleeptimer.o
                0x08005a66                sl_sleeptimer_start_periodic_timer
 .text.sleeptimer_hal_get_compare
                0x08005ab0        0x8 ./gecko_sdk_4.4.1/platform/service/sleeptimer/src/sl_sleeptimer_hal_sysrtc.o
                0x08005ab0                sleeptimer_hal_get_compare
 .text.sleeptimer_hal_enable_int
                0x08005ab8       0x12 ./gecko_sdk_4.4.1/platform/service/sleeptimer/src/sl_sleeptimer_hal_sysrtc.o
                0x08005ab8                sleeptimer_hal_enable_int
 .text.SYSRTC_APP_IRQHandler
                0x08005aca       0x34 ./gecko_sdk_4.4.1/platform/service/sleeptimer/src/sl_sleeptimer_hal_sysrtc.o
                0x08005aca                SYSRTC_APP_IRQHandler
 .text.sleeptimer_hal_get_timer_frequency
                0x08005afe        0x6 ./gecko_sdk_4.4.1/platform/service/sleeptimer/src/sl_sleeptimer_hal_sysrtc.o
                0x08005afe                sleeptimer_hal_get_timer_frequency
 .text.sl_system_init
                0x08005b04       0x1a ./gecko_sdk_4.4.1/platform/service/system/src/sl_system_init.o
                0x08005b04                sl_system_init
 .text.sl_system_process_action
                0x08005b1e       0x16 ./gecko_sdk_4.4.1/platform/service/system/src/sl_system_process_action.o
                0x08005b1e                sl_system_process_action
 .text._fwalk_sglue
                0x08005b34       0x3c c:/siliconlabs/simplicitystudio/v5/developer/toolchains/gnu_arm/12.2.rel1_2023.7/bin/../lib/gcc/arm-none-eabi/12.2.1/thumb/v8-m.main+fp/hard\libc_nano.a(libc_a-fwalk.o)
                0x08005b34                _fwalk_sglue
 .text._puts_r  0x08005b70       0xaa c:/siliconlabs/simplicitystudio/v5/developer/toolchains/gnu_arm/12.2.rel1_2023.7/bin/../lib/gcc/arm-none-eabi/12.2.1/thumb/v8-m.main+fp/hard\libc_nano.a(libc_a-puts.o)
                0x08005b70                _puts_r
 .text.__sread  0x08005c1a       0x22 c:/siliconlabs/simplicitystudio/v5/developer/toolchains/gnu_arm/12.2.rel1_2023.7/bin/../lib/gcc/arm-none-eabi/12.2.1/thumb/v8-m.main+fp/hard\libc_nano.a(libc_a-stdio.o)
                0x08005c1a                __sread
 .text.__swrite
                0x08005c3c       0x38 c:/siliconlabs/simplicitystudio/v5/developer/toolchains/gnu_arm/12.2.rel1_2023.7/bin/../lib/gcc/arm-none-eabi/12.2.1/thumb/v8-m.main+fp/hard\libc_nano.a(libc_a-stdio.o)
                0x08005c3c                __swrite
 .text.__sseek  0x08005c74       0x24 c:/siliconlabs/simplicitystudio/v5/developer/toolchains/gnu_arm/12.2.rel1_2023.7/bin/../lib/gcc/arm-none-eabi/12.2.1/thumb/v8-m.main+fp/hard\libc_nano.a(libc_a-stdio.o)
                0x08005c74                __sseek
 .text.__sclose
                0x08005c98        0x8 c:/siliconlabs/simplicitystudio/v5/developer/toolchains/gnu_arm/12.2.rel1_2023.7/bin/../lib/gcc/arm-none-eabi/12.2.1/thumb/v8-m.main+fp/hard\libc_nano.a(libc_a-stdio.o)
                0x08005c98                __sclose
 .text.__swbuf_r
                0x08005ca0       0x7c c:/siliconlabs/simplicitystudio/v5/developer/toolchains/gnu_arm/12.2.rel1_2023.7/bin/../lib/gcc/arm-none-eabi/12.2.1/thumb/v8-m.main+fp/hard\libc_nano.a(libc_a-wbuf.o)
                0x08005ca0                __swbuf_r
 .text.memset   0x08005d1c       0x10 c:/siliconlabs/simplicitystudio/v5/developer/toolchains/gnu_arm/12.2.rel1_2023.7/bin/../lib/gcc/arm-none-eabi/12.2.1/thumb/v8-m.main+fp/hard\libc_nano.a(libc_a-memset.o)
                0x08005d1c                memset
 .text.__retarget_lock_init_recursive
                0x08005d2c        0x2 c:/siliconlabs/simplicitystudio/v5/developer/toolchains/gnu_arm/12.2.rel1_2023.7/bin/../lib/gcc/arm-none-eabi/12.2.1/thumb/v8-m.main+fp/hard\libc_nano.a(libc_a-lock.o)
                0x08005d2c                __retarget_lock_init_recursive
 .text.__retarget_lock_acquire_recursive
                0x08005d2e        0x2 c:/siliconlabs/simplicitystudio/v5/developer/toolchains/gnu_arm/12.2.rel1_2023.7/bin/../lib/gcc/arm-none-eabi/12.2.1/thumb/v8-m.main+fp/hard\libc_nano.a(libc_a-lock.o)
                0x08005d2e                __retarget_lock_acquire_recursive
 .text.__retarget_lock_release_recursive
                0x08005d30        0x2 c:/siliconlabs/simplicitystudio/v5/developer/toolchains/gnu_arm/12.2.rel1_2023.7/bin/../lib/gcc/arm-none-eabi/12.2.1/thumb/v8-m.main+fp/hard\libc_nano.a(libc_a-lock.o)
                0x08005d30                __retarget_lock_release_recursive
 .text.memcpy   0x08005d32       0x1a c:/siliconlabs/simplicitystudio/v5/developer/toolchains/gnu_arm/12.2.rel1_2023.7/bin/../lib/gcc/arm-none-eabi/12.2.1/thumb/v8-m.main+fp/hard\libc_nano.a(libc_a-memcpy-stub.o)
                0x08005d32                memcpy
 .text.__sfputc_r
                0x08005d4c       0x2e c:/siliconlabs/simplicitystudio/v5/developer/toolchains/gnu_arm/12.2.rel1_2023.7/bin/../lib/gcc/arm-none-eabi/12.2.1/thumb/v8-m.main+fp/hard\libc_nano.a(libc_a-nano-vfprintf.o)
 .text.__sfputs_r
                0x08005d7a       0x24 c:/siliconlabs/simplicitystudio/v5/developer/toolchains/gnu_arm/12.2.rel1_2023.7/bin/../lib/gcc/arm-none-eabi/12.2.1/thumb/v8-m.main+fp/hard\libc_nano.a(libc_a-nano-vfprintf.o)
                0x08005d7a                __sfputs_r
 .text._printf_common
                0x08005d9e       0xe4 c:/siliconlabs/simplicitystudio/v5/developer/toolchains/gnu_arm/12.2.rel1_2023.7/bin/../lib/gcc/arm-none-eabi/12.2.1/thumb/v8-m.main+fp/hard\libc_nano.a(libc_a-nano-vfprintf_i.o)
                0x08005d9e                _printf_common
 .text.__sflush_r
                0x08005e82      0x106 c:/siliconlabs/simplicitystudio/v5/developer/toolchains/gnu_arm/12.2.rel1_2023.7/bin/../lib/gcc/arm-none-eabi/12.2.1/thumb/v8-m.main+fp/hard\libc_nano.a(libc_a-fflush.o)
                0x08005e82                __sflush_r
 .text._fflush_r
                0x08005f88       0x50 c:/siliconlabs/simplicitystudio/v5/developer/toolchains/gnu_arm/12.2.rel1_2023.7/bin/../lib/gcc/arm-none-eabi/12.2.1/thumb/v8-m.main+fp/hard\libc_nano.a(libc_a-fflush.o)
                0x08005f88                _fflush_r
 .text.__swhatbuf_r
                0x08005fd8       0x4a c:/siliconlabs/simplicitystudio/v5/developer/toolchains/gnu_arm/12.2.rel1_2023.7/bin/../lib/gcc/arm-none-eabi/12.2.1/thumb/v8-m.main+fp/hard\libc_nano.a(libc_a-makebuf.o)
                0x08005fd8                __swhatbuf_r
 .text.__smakebuf_r
                0x08006022       0x78 c:/siliconlabs/simplicitystudio/v5/developer/toolchains/gnu_arm/12.2.rel1_2023.7/bin/../lib/gcc/arm-none-eabi/12.2.1/thumb/v8-m.main+fp/hard\libc_nano.a(libc_a-makebuf.o)
                0x08006022                __smakebuf_r
 .text.memchr   0x0800609a       0x1c c:/siliconlabs/simplicitystudio/v5/developer/toolchains/gnu_arm/12.2.rel1_2023.7/bin/../lib/gcc/arm-none-eabi/12.2.1/thumb/v8-m.main+fp/hard\libc_nano.a(libc_a-memchr-stub.o)
                0x0800609a                memchr
                0x080060c0                . = ALIGN (0x20)
 *fill*         0x080060b6        0xa 
                0x080060c0                linker_code_end = .
 *(.init)
 .init          0x080060c0        0x4 c:/siliconlabs/simplicitystudio/v5/developer/toolchains/gnu_arm/12.2.rel1_2023.7/bin/../lib/gcc/arm-none-eabi/12.2.1/thumb/v8-m.main+fp/hard/crti.o
                0x080060c0                _init
 .init          0x080060c4        0x8 c:/siliconlabs/simplicitystudio/v5/developer/toolchains/gnu_arm/12.2.rel1_2023.7/bin/../lib/gcc/arm-none-eabi/12.2.1/thumb/v8-m.main+fp/hard/crtn.o
 *(.fini)
 .fini          0x080060cc        0x4 c:/siliconlabs/simplicitystudio/v5/developer/toolchains/gnu_arm/12.2.rel1_2023.7/bin/../lib/gcc/arm-none-eabi/12.2.1/thumb/v8-m.main+fp/hard/crti.o
                0x080060cc                _fini
 .fini          0x080060d0        0x8 c:/siliconlabs/simplicitystudio/v5/developer/toolchains/gnu_arm/12.2.rel1_2023.7/bin/../lib/gcc/arm-none-eabi/12.2.1/thumb/v8-m.main+fp/hard/crtn.o
 *crtbegin.o(.ctors)
 *crtbegin?.o(.ctors)
 *(EXCLUDE_FILE(*crtend.o *crtend?.o) .ctors)
 *(SORT_BY_NAME(.ctors.*))
 *(.ctors)
 *crtbegin.o(.dtors)
 *crtbegin?.o(.dtors)
 *(EXCLUDE_FILE(*crtend.o *crtend?.o) .dtors)
 *(SORT_BY_NAME(.dtors.*))
 *(.dtors)
                0x080060d8                __code_classification_validator_start__ = .
                0x080060f8                . = (. + 0x20)
 *fill*         0x080060d8       0x20 
 *(code_classification_validator)
                0x08006100                . = ALIGN (0x20)
 *fill*         0x080060f8        0x8 
                0x08006100                __code_classification_validator_end__ = .
 *(.rodata*)
 .rodata.app_init.str1.1
                0x08006100      0x104 ./app.o
 .rodata.AS7331_ChangeMode.str1.1
                0x08006204       0x7b ./as.o
 .rodata.as_dev_id.str1.1
                0x0800627f       0x1a ./as.o
 .rodata.as_init.str1.1
                0x08006299       0x9a ./as.o
 .rodata.mpl_dev_id.str1.1
                0x08006333       0x13 ./mpl.o
                                 0x2d (size before relaxing)
 .rodata.SI7021_measure.constprop.0.str1.1
                0x08006346        0x8 ./si.o
 .rodata.si_dev_id.str1.1
                0x0800634e        0x7 ./si.o
                                 0x21 (size before relaxing)
 .rodata.sl_iostream_eusart_init_vcom.str1.1
                0x08006355       0x2f ./autogen/sl_iostream_init_eusart_instances.o
 .rodata        0x08006384       0x20 ./autogen/sl_iostream_init_eusart_instances.o
 .rodata.sl_led_led1
                0x080063a4       0x18 ./autogen/sl_simple_led_instances.o
                0x080063a4                sl_led_led1
 .rodata.sl_led_led0
                0x080063bc       0x18 ./autogen/sl_simple_led_instances.o
                0x080063bc                sl_led_led0
 .rodata.sl_board_enable_sensor.str1.1
                0x080063d4       0x3e ./gecko_sdk_4.4.1/hardware/board/src/sl_board_control_gpio.o
 *fill*         0x08006412        0x2 
 .rodata        0x08006414       0x1c ./gecko_sdk_4.4.1/hardware/driver/mx25_flash_shutdown/src/sl_mx25_flash_shutdown_usart/sl_mx25_flash_shutdown.o
 .rodata.I2CSPM_Init.str1.1
                0x08006430       0xa1 ./gecko_sdk_4.4.1/platform/driver/i2cspm/src/sl_i2cspm.o
 *fill*         0x080064d1        0x1 
 .rodata.CSWTCH.10
                0x080064d2        0x8 ./gecko_sdk_4.4.1/platform/driver/i2cspm/src/sl_i2cspm.o
 .rodata.GPIO_PinOutClear.str1.1
                0x080064da       0x67 ./gecko_sdk_4.4.1/platform/driver/leddrv/src/sl_simple_led.o
 .rodata.CSWTCH.18
                0x080064da        0x8 ./gecko_sdk_4.4.1/platform/driver/leddrv/src/sl_simple_led.o
 .rodata        0x080064e2        0x4 ./gecko_sdk_4.4.1/platform/emdrv/dmadrv/src/dmadrv.o
 .rodata.HFRCODPLLDevinfoGet.str1.1
                0x080064e6       0x2f ./gecko_sdk_4.4.1/platform/emlib/src/em_cmu.o
 .rodata.EMU_VScaleEM01.str1.1
                0x08006515       0x2f ./gecko_sdk_4.4.1/platform/emlib/src/em_emu.o
 .rodata.EUSART_Enable.str1.1
                0x08006544       0x32 ./gecko_sdk_4.4.1/platform/emlib/src/em_eusart.o
 .rodata.GPIO_PinOutSet.str1.1
                0x08006576       0x67 ./gecko_sdk_4.4.1/platform/emlib/src/em_gpio.o
 .rodata.GPIO_ExtIntConfig.str1.1
                0x08006576       0x30 ./gecko_sdk_4.4.1/platform/emlib/src/em_gpio.o
 .rodata.CSWTCH.31
                0x080065a6        0x8 ./gecko_sdk_4.4.1/platform/emlib/src/em_gpio.o
 .rodata.I2C_BusFreqGet.str1.1
                0x080065ae       0x2f ./gecko_sdk_4.4.1/platform/emlib/src/em_i2c.o
 .rodata.i2cNSum
                0x080065dd        0x4 ./gecko_sdk_4.4.1/platform/emlib/src/em_i2c.o
 .rodata.LDMA_EnableChannelRequest.str1.1
                0x080065e1       0x96 ./gecko_sdk_4.4.1/platform/emlib/src/em_ldma.o
 .rodata.USART_BaudrateAsyncSet.str1.1
                0x08006677       0x31 ./gecko_sdk_4.4.1/platform/emlib/src/em_usart.o
 .rodata.sl_hal_sysrtc_init_group.str1.1
                0x080066a8       0x3f ./gecko_sdk_4.4.1/platform/peripheral/src/peripheral_sysrtc.o
 .rodata        0x080066e7        0x7 ./gecko_sdk_4.4.1/platform/service/device_init/src/sl_device_init_dcdc_s2.o
 *fill*         0x080066ee        0x2 
 .rodata        0x080066f0       0x28 ./gecko_sdk_4.4.1/platform/service/device_init/src/sl_device_init_hfxo_s2.o
 .rodata        0x08006718       0x14 ./gecko_sdk_4.4.1/platform/service/device_init/src/sl_device_init_lfxo_s2.o
 .rodata._write.str1.1
                0x0800672c       0x4e ./gecko_sdk_4.4.1/platform/service/iostream/src/sl_iostream_retarget_stdio.o
 .rodata.get_write_ptr.str1.1
                0x0800677a       0x44 ./gecko_sdk_4.4.1/platform/service/iostream/src/sl_iostream_uart.o
 .rodata.process_timer_irq.str1.1
                0x080067be       0x43 ./gecko_sdk_4.4.1/platform/service/sleeptimer/src/sl_sleeptimer.o
 .rodata.sl_udelay_wait.str1.1
                0x08006801       0x3b ./gecko_sdk_4.4.1/platform/service/udelay/src/sl_udelay.o
 .rodata._vfprintf_r.str1.1
                0x0800683c       0x11 c:/siliconlabs/simplicitystudio/v5/developer/toolchains/gnu_arm/12.2.rel1_2023.7/bin/../lib/gcc/arm-none-eabi/12.2.1/thumb/v8-m.main+fp/hard\libc_nano.a(libc_a-nano-vfprintf.o)
 .rodata._printf_i.str1.1
                0x0800684d       0x22 c:/siliconlabs/simplicitystudio/v5/developer/toolchains/gnu_arm/12.2.rel1_2023.7/bin/../lib/gcc/arm-none-eabi/12.2.1/thumb/v8-m.main+fp/hard\libc_nano.a(libc_a-nano-vfprintf_i.o)
 *(.eh_frame*)
 *fill*         0x0800686f        0x1 
 .eh_frame      0x08006870        0x0 c:/siliconlabs/simplicitystudio/v5/developer/toolchains/gnu_arm/12.2.rel1_2023.7/bin/../lib/gcc/arm-none-eabi/12.2.1/thumb/v8-m.main+fp/hard/crtbegin.o

.glue_7         0x08006870        0x0
 .glue_7        0x08006870        0x0 linker stubs

.glue_7t        0x08006870        0x0
 .glue_7t       0x08006870        0x0 linker stubs

.vfp11_veneer   0x08006870        0x0
 .vfp11_veneer  0x08006870        0x0 linker stubs

.v4_bx          0x08006870        0x0
 .v4_bx         0x08006870        0x0 linker stubs

.iplt           0x08006870        0x0
 .iplt          0x08006870        0x0 c:/siliconlabs/simplicitystudio/v5/developer/toolchains/gnu_arm/12.2.rel1_2023.7/bin/../lib/gcc/arm-none-eabi/12.2.1/thumb/v8-m.main+fp/hard/crtbegin.o

.ARM.extab
 *(.ARM.extab* .gnu.linkonce.armextab.*)
                0x08006870                __exidx_start = .

.ARM.exidx      0x08006870        0x8
 *(.ARM.exidx* .gnu.linkonce.armexidx.*)
 .ARM.exidx     0x08006870        0x8 c:/siliconlabs/simplicitystudio/v5/developer/toolchains/gnu_arm/12.2.rel1_2023.7/bin/../lib/gcc/arm-none-eabi/12.2.1/thumb/v8-m.main+fp/hard/crt0.o
                                 0x10 (size before relaxing)
 .ARM.exidx.text.__udivmoddi4
                0x08006878        0x0 c:/siliconlabs/simplicitystudio/v5/developer/toolchains/gnu_arm/12.2.rel1_2023.7/bin/../lib/gcc/arm-none-eabi/12.2.1/thumb/v8-m.main+fp/hard\libgcc.a(_udivmoddi4.o)
                                  0x8 (size before relaxing)
                0x08006878                __exidx_end = .

.rel.dyn        0x08006878        0x0
 .rel.iplt      0x08006878        0x0 c:/siliconlabs/simplicitystudio/v5/developer/toolchains/gnu_arm/12.2.rel1_2023.7/bin/../lib/gcc/arm-none-eabi/12.2.1/thumb/v8-m.main+fp/hard/crtbegin.o

.copy.table     0x08006878        0xc
                0x08006878                . = ALIGN (0x4)
                0x08006878                __copy_table_start__ = .
                0x08006878        0x4 LONG 0x8006884 __etext
                0x0800687c        0x4 LONG 0x20001000 __data_start__
                0x08006880        0x4 LONG 0x27 ((__data_end__ - __data_start__) / 0x4)
                0x08006884                __copy_table_end__ = .

.zero.table     0x08006884        0x0
                0x08006884                . = ALIGN (0x4)
                0x08006884                __zero_table_start__ = .
                0x08006884                __zero_table_end__ = .
                0x08006884                __etext = .
                0x20000000                . = ORIGIN (RAM)

.stack          0x20000000     0x1000
                0x20000000                __StackLimit = .
 *(.stack*)
 .stack         0x20000000     0x1000 ./gecko_sdk_4.4.1/platform/common/toolchain/src/sl_memory.o
                0x20001000                . = ALIGN (0x4)
                0x20001000                __StackTop = .
                0x20001000                PROVIDE (__stack = __StackTop)

.noinit
 *(.noinit*)

.data           0x20001000       0x9c load address 0x08006884
                0x20001000                . = ALIGN (0x4)
                0x20001000                __data_start__ = .
 *(vtable)
 *(SORT_BY_ALIGNMENT(.data*))
 .data.init_sensor
                0x20001000       0x14 ./autogen/sl_i2cspm_init.o
                0x20001000                init_sensor
 .data.sl_i2cspm_sensor
                0x20001014        0x4 ./autogen/sl_i2cspm_init.o
                0x20001014                sl_i2cspm_sensor
 .data.SystemCoreClock
                0x20001018        0x4 ./gecko_sdk_4.4.1/platform/Device/SiliconLabs/EFR32MG24/Source/system_efr32mg24.o
                0x20001018                SystemCoreClock
 .data.SystemHFRCODPLLClock
                0x2000101c        0x4 ./gecko_sdk_4.4.1/platform/Device/SiliconLabs/EFR32MG24/Source/system_efr32mg24.o
 .data.SystemLFXOClock
                0x20001020        0x4 ./gecko_sdk_4.4.1/platform/Device/SiliconLabs/EFR32MG24/Source/system_efr32mg24.o
 .data.SystemHFXOClock
                0x20001024        0x4 ./gecko_sdk_4.4.1/platform/Device/SiliconLabs/EFR32MG24/Source/system_efr32mg24.o
 .data.heap_end.0
                0x20001028        0x4 ./gecko_sdk_4.4.1/platform/common/toolchain/src/sl_memory.o
 .data.__sglue  0x2000102c        0xc c:/siliconlabs/simplicitystudio/v5/developer/toolchains/gnu_arm/12.2.rel1_2023.7/bin/../lib/gcc/arm-none-eabi/12.2.1/thumb/v8-m.main+fp/hard\libc_nano.a(libc_a-findfp.o)
                0x2000102c                __sglue
 .data._impure_ptr
                0x20001038        0x4 c:/siliconlabs/simplicitystudio/v5/developer/toolchains/gnu_arm/12.2.rel1_2023.7/bin/../lib/gcc/arm-none-eabi/12.2.1/thumb/v8-m.main+fp/hard\libc_nano.a(libc_a-impure.o)
                0x20001038                _impure_ptr
 .data._impure_data
                0x2000103c       0x4c c:/siliconlabs/simplicitystudio/v5/developer/toolchains/gnu_arm/12.2.rel1_2023.7/bin/../lib/gcc/arm-none-eabi/12.2.1/thumb/v8-m.main+fp/hard\libc_nano.a(libc_a-impure.o)
                0x2000103c                _impure_data
 .data.hfxo_precision
                0x20001088        0x2 ./gecko_sdk_4.4.1/platform/emlib/src/em_cmu.o
 .data.lfxo_precision
                0x2000108a        0x2 ./gecko_sdk_4.4.1/platform/emlib/src/em_cmu.o
 .data.simple_led1_context
                0x2000108c        0x3 ./autogen/sl_simple_led_instances.o
                0x2000108c                simple_led1_context
 .data.simple_led0_context
                0x2000108f        0x3 ./autogen/sl_simple_led_instances.o
                0x2000108f                simple_led0_context
 .data.ctuneDelta
                0x20001092        0x1 ./gecko_sdk_4.4.1/platform/emlib/src/em_cmu.o
 .data.cc_disabled
                0x20001093        0x1 ./gecko_sdk_4.4.1/platform/service/sleeptimer/src/sl_sleeptimer_hal_sysrtc.o
                0x20001094                . = ALIGN (0x4)
                [!provide]                PROVIDE (__ram_func_section_start = .)
 *(.ram)
                [!provide]                PROVIDE (__ram_func_section_end = .)
                0x20001094                . = ALIGN (0x4)
                0x20001094                PROVIDE (__preinit_array_start = .)
 *(.preinit_array)
                0x20001094                PROVIDE (__preinit_array_end = .)
                0x20001094                . = ALIGN (0x4)
                0x20001094                PROVIDE (__init_array_start = .)
 *(SORT_BY_NAME(.init_array.*))
 *(.init_array)
 .init_array    0x20001094        0x4 c:/siliconlabs/simplicitystudio/v5/developer/toolchains/gnu_arm/12.2.rel1_2023.7/bin/../lib/gcc/arm-none-eabi/12.2.1/thumb/v8-m.main+fp/hard/crtbegin.o
                0x20001098                PROVIDE (__init_array_end = .)
                0x20001098                . = ALIGN (0x4)
                [!provide]                PROVIDE (__fini_array_start = .)
 *(SORT_BY_NAME(.fini_array.*))
 *(.fini_array)
 .fini_array    0x20001098        0x4 c:/siliconlabs/simplicitystudio/v5/developer/toolchains/gnu_arm/12.2.rel1_2023.7/bin/../lib/gcc/arm-none-eabi/12.2.1/thumb/v8-m.main+fp/hard/crtbegin.o
                [!provide]                PROVIDE (__fini_array_end = .)
                0x2000109c                . = ALIGN (0x4)
                0x2000109c                __data_end__ = .

.tm_clone_table
                0x2000109c        0x0 load address 0x08006920
 .tm_clone_table
                0x2000109c        0x0 c:/siliconlabs/simplicitystudio/v5/developer/toolchains/gnu_arm/12.2.rel1_2023.7/bin/../lib/gcc/arm-none-eabi/12.2.1/thumb/v8-m.main+fp/hard/crtbegin.o
 .tm_clone_table
                0x2000109c        0x0 c:/siliconlabs/simplicitystudio/v5/developer/toolchains/gnu_arm/12.2.rel1_2023.7/bin/../lib/gcc/arm-none-eabi/12.2.1/thumb/v8-m.main+fp/hard/crtend.o

.igot.plt       0x2000109c        0x0 load address 0x08006920
 .igot.plt      0x2000109c        0x0 c:/siliconlabs/simplicitystudio/v5/developer/toolchains/gnu_arm/12.2.rel1_2023.7/bin/../lib/gcc/arm-none-eabi/12.2.1/thumb/v8-m.main+fp/hard/crtbegin.o

.bss            0x2000109c      0x3e8 load address 0x08006920
                0x2000109c                . = ALIGN (0x4)
                0x2000109c                __bss_start__ = .
 *(SORT_BY_ALIGNMENT(.bss*))
 .bss.object.0  0x2000109c       0x18 c:/siliconlabs/simplicitystudio/v5/developer/toolchains/gnu_arm/12.2.rel1_2023.7/bin/../lib/gcc/arm-none-eabi/12.2.1/thumb/v8-m.main+fp/hard/crtbegin.o
 .bss.delay_timer
                0x200010b4       0x20 ./si.o
 .bss.low_limit
                0x200010d4        0x4 ./si.o
 .bss.high_limit
                0x200010d8        0x4 ./si.o
 .bss.start_temperature
                0x200010dc        0x4 ./si.o
 .bss.relative_humidity
                0x200010e0        0x4 ./si.o
 .bss.context_vcom
                0x200010e4       0x64 ./autogen/sl_iostream_init_eusart_instances.o
 .bss.sl_iostream_vcom
                0x20001148       0x18 ./autogen/sl_iostream_init_eusart_instances.o
 .bss.dmaXfer   0x20001160      0x100 ./gecko_sdk_4.4.1/platform/emdrv/dmadrv/src/dmadrv.o
 .bss.chTable   0x20001260       0x80 ./gecko_sdk_4.4.1/platform/emdrv/dmadrv/src/dmadrv.o
 .bss.i2cTransfer
                0x200012e0       0x18 ./gecko_sdk_4.4.1/platform/emlib/src/em_i2c.o
 .bss.sli_iostream_default
                0x200012f8        0x4 ./gecko_sdk_4.4.1/platform/service/iostream/src/sl_iostream.o
 .bss.max_millisecond_conversion
                0x200012fc        0x4 ./gecko_sdk_4.4.1/platform/service/sleeptimer/src/sl_sleeptimer.o
 .bss.last_delta_update_count
                0x20001300        0x4 ./gecko_sdk_4.4.1/platform/service/sleeptimer/src/sl_sleeptimer.o
 .bss.timer_head
                0x20001304        0x4 ./gecko_sdk_4.4.1/platform/service/sleeptimer/src/sl_sleeptimer.o
 .bss.timer_frequency
                0x20001308        0x4 ./gecko_sdk_4.4.1/platform/service/sleeptimer/src/sl_sleeptimer.o
 .bss.__sf      0x2000130c      0x138 c:/siliconlabs/simplicitystudio/v5/developer/toolchains/gnu_arm/12.2.rel1_2023.7/bin/../lib/gcc/arm-none-eabi/12.2.1/thumb/v8-m.main+fp/hard\libc_nano.a(libc_a-findfp.o)
                0x2000130c                __sf
 .bss.__stdio_exit_handler
                0x20001444        0x4 c:/siliconlabs/simplicitystudio/v5/developer/toolchains/gnu_arm/12.2.rel1_2023.7/bin/../lib/gcc/arm-none-eabi/12.2.1/thumb/v8-m.main+fp/hard\libc_nano.a(libc_a-findfp.o)
                0x20001444                __stdio_exit_handler
 .bss.errno     0x20001448        0x4 c:/siliconlabs/simplicitystudio/v5/developer/toolchains/gnu_arm/12.2.rel1_2023.7/bin/../lib/gcc/arm-none-eabi/12.2.1/thumb/v8-m.main+fp/hard\libc_nano.a(libc_a-reent.o)
                0x20001448                errno
 .bss.__malloc_sbrk_start
                0x2000144c        0x4 c:/siliconlabs/simplicitystudio/v5/developer/toolchains/gnu_arm/12.2.rel1_2023.7/bin/../lib/gcc/arm-none-eabi/12.2.1/thumb/v8-m.main+fp/hard\libc_nano.a(libc_a-mallocr.o)
                0x2000144c                __malloc_sbrk_start
 .bss.__malloc_free_list
                0x20001450        0x4 c:/siliconlabs/simplicitystudio/v5/developer/toolchains/gnu_arm/12.2.rel1_2023.7/bin/../lib/gcc/arm-none-eabi/12.2.1/thumb/v8-m.main+fp/hard\libc_nano.a(libc_a-mallocr.o)
                0x20001450                __malloc_free_list
 .bss.overflow_counter
                0x20001454        0x2 ./gecko_sdk_4.4.1/platform/service/sleeptimer/src/sl_sleeptimer.o
 .bss.completed.1
                0x20001456        0x1 c:/siliconlabs/simplicitystudio/v5/developer/toolchains/gnu_arm/12.2.rel1_2023.7/bin/../lib/gcc/arm-none-eabi/12.2.1/thumb/v8-m.main+fp/hard/crtbegin.o
 .bss.read_sensor_data
                0x20001457        0x1 ./si.o
 .bss.rx_buffer_vcom
                0x20001458       0x20 ./autogen/sl_iostream_init_eusart_instances.o
 .bss.initialized
                0x20001478        0x1 ./gecko_sdk_4.4.1/platform/emdrv/dmadrv/src/dmadrv.o
 .bss.vScaleEM01Config
                0x20001479        0x1 ./gecko_sdk_4.4.1/platform/emlib/src/em_emu.o
 .bss.dali_rx_nb_packets
                0x2000147a        0x2 ./gecko_sdk_4.4.1/platform/emlib/src/em_eusart.o
 .bss.dali_tx_nb_packets
                0x2000147c        0x2 ./gecko_sdk_4.4.1/platform/emlib/src/em_eusart.o
 .bss.sleep_on_isr_exit
                0x2000147e        0x1 ./gecko_sdk_4.4.1/platform/service/sleeptimer/src/sl_sleeptimer.o
 .bss.next_timer_to_expire_is_power_manager
                0x2000147f        0x1 ./gecko_sdk_4.4.1/platform/service/sleeptimer/src/sl_sleeptimer.o
 .bss.is_sleeptimer_initialized
                0x20001480        0x1 ./gecko_sdk_4.4.1/platform/service/sleeptimer/src/sl_sleeptimer.o
 .bss.__lock___malloc_recursive_mutex
                0x20001481        0x1 c:/siliconlabs/simplicitystudio/v5/developer/toolchains/gnu_arm/12.2.rel1_2023.7/bin/../lib/gcc/arm-none-eabi/12.2.1/thumb/v8-m.main+fp/hard\libc_nano.a(libc_a-lock.o)
                0x20001481                __lock___malloc_recursive_mutex
 .bss.__lock___sfp_recursive_mutex
                0x20001482        0x1 c:/siliconlabs/simplicitystudio/v5/developer/toolchains/gnu_arm/12.2.rel1_2023.7/bin/../lib/gcc/arm-none-eabi/12.2.1/thumb/v8-m.main+fp/hard\libc_nano.a(libc_a-lock.o)
                0x20001482                __lock___sfp_recursive_mutex
 *(COMMON)
                0x20001484                . = ALIGN (0x4)
 *fill*         0x20001483        0x1 
                0x20001484                __bss_end__ = .
                0x20001484                __ramfuncs_start__ = .
                0x20001484                __vma_ramfuncs_start__ = .
                0x08006920                __lma_ramfuncs_start__ = (__etext + SIZEOF (.data))
                0x00000000                __text_application_ram_offset__ = (. - __vma_ramfuncs_start__)

text_application_ram
                0x20001484        0x0 load address 0x08006920
                0x20001484                . = ALIGN (0x4)
                0x20001484                __text_application_ram_start__ = .
 *(text_application_ram)
                0x20001484                . = ALIGN (0x4)
                0x20001484                __text_application_ram_end__ = .
                0x20001484                . = ALIGN (0x4)
                0x20001484                __vma_ramfuncs_end__ = .
                0x08006920                __lma_ramfuncs_end__ = ((__lma_ramfuncs_start__ + __text_application_ram_offset__) + SIZEOF (text_application_ram))
                0x20001484                __ramfuncs_end__ = .

.heap           0x20001488      0x800
                0x20001488                __HeapBase = .
                0x20001488                __end__ = .
                0x20001488                end = __end__
                0x20001488                _end = __end__
 *(.heap*)
 .heap          0x20001488      0x800 ./gecko_sdk_4.4.1/platform/common/toolchain/src/sl_memory.o
                0x20040000                __HeapLimit = (ORIGIN (RAM) + LENGTH (RAM))
                0x0003eb78                __heap_size = (__HeapLimit - __HeapBase)
                0x20040000                __ram_end__ = 0x20040000
                0x0817e000                __main_flash_end__ = 0x817e000

.internal_storage
 *(.internal_storage*)

.nvm
 *(.simee*)
                0x0817e000                linker_nvm_end = __main_flash_end__
                0x0817e000                linker_nvm_begin = (linker_nvm_end - SIZEOF (.nvm))
                0x00000000                linker_nvm_size = SIZEOF (.nvm)
                0x0817e000                linker_storage_end = linker_nvm_begin
                0x0817e000                __nvm3Base = linker_nvm_begin
                0x0817e000                linker_storage_begin = (linker_storage_end - SIZEOF (.internal_storage))
                0x00000000                linker_storage_size = SIZEOF (.internal_storage)
                0x00000001                ASSERT ((linker_storage_begin >= (__etext + SIZEOF (.data))), FLASH memory overflowed !)
                0x0817e000                app_flash_end = 0x817e000
                0x00000001                ASSERT (((linker_nvm_begin + SIZEOF (.nvm)) <= app_flash_end), NVM3 is excessing the flash size !)
OUTPUT(LPHR_Software.axf elf32-littlearm)
LOAD linker stubs

.ARM.attributes
                0x00000000       0x36
 .ARM.attributes
                0x00000000       0x26 c:/siliconlabs/simplicitystudio/v5/developer/toolchains/gnu_arm/12.2.rel1_2023.7/bin/../lib/gcc/arm-none-eabi/12.2.1/thumb/v8-m.main+fp/hard/crti.o
 .ARM.attributes
                0x00000026       0x38 c:/siliconlabs/simplicitystudio/v5/developer/toolchains/gnu_arm/12.2.rel1_2023.7/bin/../lib/gcc/arm-none-eabi/12.2.1/thumb/v8-m.main+fp/hard/crtbegin.o
 .ARM.attributes
                0x0000005e       0x24 c:/siliconlabs/simplicitystudio/v5/developer/toolchains/gnu_arm/12.2.rel1_2023.7/bin/../lib/gcc/arm-none-eabi/12.2.1/thumb/v8-m.main+fp/hard/crt0.o
 .ARM.attributes
                0x00000082       0x3a ./app.o
 .ARM.attributes
                0x000000bc       0x3a ./as.o
 .ARM.attributes
                0x000000f6       0x3a ./main.o
 .ARM.attributes
                0x00000130       0x3a ./mpl.o
 .ARM.attributes
                0x0000016a       0x3a ./si.o
 .ARM.attributes
                0x000001a4       0x3a ./autogen/sl_board_default_init.o
 .ARM.attributes
                0x000001de       0x3a ./autogen/sl_device_init_clocks.o
 .ARM.attributes
                0x00000218       0x3a ./autogen/sl_event_handler.o
 .ARM.attributes
                0x00000252       0x3a ./autogen/sl_i2cspm_init.o
 .ARM.attributes
                0x0000028c       0x3a ./autogen/sl_iostream_init_eusart_instances.o
 .ARM.attributes
                0x000002c6       0x3a ./autogen/sl_simple_led_instances.o
 .ARM.attributes
                0x00000300       0x3a ./gecko_sdk_4.4.1/hardware/board/src/sl_board_control_gpio.o
 .ARM.attributes
                0x0000033a       0x3a ./gecko_sdk_4.4.1/hardware/board/src/sl_board_init.o
 .ARM.attributes
                0x00000374       0x3a ./gecko_sdk_4.4.1/hardware/driver/configuration_over_swo/src/sl_cos.o
 .ARM.attributes
                0x000003ae       0x3a ./gecko_sdk_4.4.1/hardware/driver/mx25_flash_shutdown/src/sl_mx25_flash_shutdown_usart/sl_mx25_flash_shutdown.o
 .ARM.attributes
                0x000003e8       0x3a ./gecko_sdk_4.4.1/platform/Device/SiliconLabs/EFR32MG24/Source/startup_efr32mg24.o
 .ARM.attributes
                0x00000422       0x3a ./gecko_sdk_4.4.1/platform/Device/SiliconLabs/EFR32MG24/Source/system_efr32mg24.o
 .ARM.attributes
                0x0000045c       0x3a ./gecko_sdk_4.4.1/platform/common/src/sl_assert.o
 .ARM.attributes
                0x00000496       0x3a ./gecko_sdk_4.4.1/platform/common/toolchain/src/sl_memory.o
 .ARM.attributes
                0x000004d0       0x3a ./gecko_sdk_4.4.1/platform/driver/debug/src/sl_debug_swo.o
 .ARM.attributes
                0x0000050a       0x3a ./gecko_sdk_4.4.1/platform/driver/i2cspm/src/sl_i2cspm.o
 .ARM.attributes
                0x00000544       0x3a ./gecko_sdk_4.4.1/platform/driver/leddrv/src/sl_led.o
 .ARM.attributes
                0x0000057e       0x3a ./gecko_sdk_4.4.1/platform/driver/leddrv/src/sl_simple_led.o
 .ARM.attributes
                0x000005b8       0x3a ./gecko_sdk_4.4.1/platform/emdrv/dmadrv/src/dmadrv.o
 .ARM.attributes
                0x000005f2       0x3a ./gecko_sdk_4.4.1/platform/emlib/src/em_cmu.o
 .ARM.attributes
                0x0000062c       0x3a ./gecko_sdk_4.4.1/platform/emlib/src/em_core.o
 .ARM.attributes
                0x00000666       0x3a ./gecko_sdk_4.4.1/platform/emlib/src/em_emu.o
 .ARM.attributes
                0x000006a0       0x3a ./gecko_sdk_4.4.1/platform/emlib/src/em_eusart.o
 .ARM.attributes
                0x000006da       0x3a ./gecko_sdk_4.4.1/platform/emlib/src/em_gpio.o
 .ARM.attributes
                0x00000714       0x3a ./gecko_sdk_4.4.1/platform/emlib/src/em_i2c.o
 .ARM.attributes
                0x0000074e       0x3a ./gecko_sdk_4.4.1/platform/emlib/src/em_ldma.o
 .ARM.attributes
                0x00000788       0x3a ./gecko_sdk_4.4.1/platform/emlib/src/em_usart.o
 .ARM.attributes
                0x000007c2       0x3a ./gecko_sdk_4.4.1/platform/peripheral/src/peripheral_sysrtc.o
 .ARM.attributes
                0x000007fc       0x3a ./gecko_sdk_4.4.1/platform/service/device_init/src/sl_device_init_dcdc_s2.o
 .ARM.attributes
                0x00000836       0x3a ./gecko_sdk_4.4.1/platform/service/device_init/src/sl_device_init_emu_s2.o
 .ARM.attributes
                0x00000870       0x3a ./gecko_sdk_4.4.1/platform/service/device_init/src/sl_device_init_hfxo_s2.o
 .ARM.attributes
                0x000008aa       0x3a ./gecko_sdk_4.4.1/platform/service/device_init/src/sl_device_init_lfxo_s2.o
 .ARM.attributes
                0x000008e4       0x3a ./gecko_sdk_4.4.1/platform/service/device_init/src/sl_device_init_nvic.o
 .ARM.attributes
                0x0000091e       0x3a ./gecko_sdk_4.4.1/platform/service/iostream/src/sl_iostream.o
 .ARM.attributes
                0x00000958       0x3a ./gecko_sdk_4.4.1/platform/service/iostream/src/sl_iostream_eusart.o
 .ARM.attributes
                0x00000992       0x3a ./gecko_sdk_4.4.1/platform/service/iostream/src/sl_iostream_retarget_stdio.o
 .ARM.attributes
                0x000009cc       0x3a ./gecko_sdk_4.4.1/platform/service/iostream/src/sl_iostream_stdlib_config.o
 .ARM.attributes
                0x00000a06       0x3a ./gecko_sdk_4.4.1/platform/service/iostream/src/sl_iostream_uart.o
 .ARM.attributes
                0x00000a40       0x3a ./gecko_sdk_4.4.1/platform/service/sleeptimer/src/sl_sleeptimer.o
 .ARM.attributes
                0x00000a7a       0x3a ./gecko_sdk_4.4.1/platform/service/sleeptimer/src/sl_sleeptimer_hal_sysrtc.o
 .ARM.attributes
                0x00000ab4       0x3a ./gecko_sdk_4.4.1/platform/service/system/src/sl_system_init.o
 .ARM.attributes
                0x00000aee       0x3a ./gecko_sdk_4.4.1/platform/service/system/src/sl_system_process_action.o
 .ARM.attributes
                0x00000b28       0x3a ./gecko_sdk_4.4.1/platform/service/udelay/src/sl_udelay.o
 .ARM.attributes