Archive member included to satisfy reference by file (symbol)

c:/siliconlabs/simplicitystudio/v5/developer/toolchains/gnu_arm/12.2.rel1_2023.7/bin/../lib/gcc/arm-none-eabi/12.2.1/thumb/v8-m.main+fp/hard\libgcc.a(_aeabi_ldivmod.o)
                              ./gecko_sdk_4.4.1/platform/emlib/src/em_eusart.o (__aeabi_ldivmod)
c:/siliconlabs/simplicitystudio/v5/developer/toolchains/gnu_arm/12.2.rel1_2023.7/bin/../lib/gcc/arm-none-eabi/12.2.1/thumb/v8-m.main+fp/hard\libgcc.a(_aeabi_uldivmod.o)
                              ./gecko_sdk_4.4.1/platform/emlib/src/em_eusart.o (__aeabi_uldivmod)
c:/siliconlabs/simplicitystudio/v5/developer/toolchains/gnu_arm/12.2.rel1_2023.7/bin/../lib/gcc/arm-none-eabi/12.2.1/thumb/v8-m.main+fp/hard\libgcc.a(_udivmoddi4.o)
                              c:/siliconlabs/simplicitystudio/v5/developer/toolchains/gnu_arm/12.2.rel1_2023.7/bin/../lib/gcc/arm-none-eabi/12.2.1/thumb/v8-m.main+fp/hard\libgcc.a(_aeabi_ldivmod.o) (__udivmoddi4)
c:/siliconlabs/simplicitystudio/v5/developer/toolchains/gnu_arm/12.2.rel1_2023.7/bin/../lib/gcc/arm-none-eabi/12.2.1/thumb/v8-m.main+fp/hard\libgcc.a(_dvmd_tls.o)
                              c:/siliconlabs/simplicitystudio/v5/developer/toolchains/gnu_arm/12.2.rel1_2023.7/bin/../lib/gcc/arm-none-eabi/12.2.1/thumb/v8-m.main+fp/hard\libgcc.a(_aeabi_ldivmod.o) (__aeabi_ldiv0)
c:/siliconlabs/simplicitystudio/v5/developer/toolchains/gnu_arm/12.2.rel1_2023.7/bin/../lib/gcc/arm-none-eabi/12.2.1/thumb/v8-m.main+fp/hard\libc_nano.a(libc_a-exit.o)
                              c:/siliconlabs/simplicitystudio/v5/developer/toolchains/gnu_arm/12.2.rel1_2023.7/bin/../lib/gcc/arm-none-eabi/12.2.1/thumb/v8-m.main+fp/hard/crt0.o (exit)
c:/siliconlabs/simplicitystudio/v5/developer/toolchains/gnu_arm/12.2.rel1_2023.7/bin/../lib/gcc/arm-none-eabi/12.2.1/thumb/v8-m.main+fp/hard\libc_nano.a(libc_a-ctype_.o)
                              ./gecko_sdk_4.4.1/platform/common/src/sl_string.o (_ctype_)
c:/siliconlabs/simplicitystudio/v5/developer/toolchains/gnu_arm/12.2.rel1_2023.7/bin/../lib/gcc/arm-none-eabi/12.2.1/thumb/v8-m.main+fp/hard\libc_nano.a(libc_a-findfp.o)
                              c:/siliconlabs/simplicitystudio/v5/developer/toolchains/gnu_arm/12.2.rel1_2023.7/bin/../lib/gcc/arm-none-eabi/12.2.1/thumb/v8-m.main+fp/hard\libc_nano.a(libc_a-exit.o) (__stdio_exit_handler)
c:/siliconlabs/simplicitystudio/v5/developer/toolchains/gnu_arm/12.2.rel1_2023.7/bin/../lib/gcc/arm-none-eabi/12.2.1/thumb/v8-m.main+fp/hard\libc_nano.a(libc_a-fwalk.o)
                              c:/siliconlabs/simplicitystudio/v5/developer/toolchains/gnu_arm/12.2.rel1_2023.7/bin/../lib/gcc/arm-none-eabi/12.2.1/thumb/v8-m.main+fp/hard\libc_nano.a(libc_a-findfp.o) (_fwalk_sglue)
c:/siliconlabs/simplicitystudio/v5/developer/toolchains/gnu_arm/12.2.rel1_2023.7/bin/../lib/gcc/arm-none-eabi/12.2.1/thumb/v8-m.main+fp/hard\libc_nano.a(libc_a-printf.o)
                              ./app.o (printf)
c:/siliconlabs/simplicitystudio/v5/developer/toolchains/gnu_arm/12.2.rel1_2023.7/bin/../lib/gcc/arm-none-eabi/12.2.1/thumb/v8-m.main+fp/hard\libc_nano.a(libc_a-putchar.o)
                              ./app.o (putchar)
c:/siliconlabs/simplicitystudio/v5/developer/toolchains/gnu_arm/12.2.rel1_2023.7/bin/../lib/gcc/arm-none-eabi/12.2.1/thumb/v8-m.main+fp/hard\libc_nano.a(libc_a-puts.o)
                              ./app.o (puts)
c:/siliconlabs/simplicitystudio/v5/developer/toolchains/gnu_arm/12.2.rel1_2023.7/bin/../lib/gcc/arm-none-eabi/12.2.1/thumb/v8-m.main+fp/hard\libc_nano.a(libc_a-setvbuf.o)
                              ./gecko_sdk_4.4.1/platform/service/iostream/src/sl_iostream_stdlib_config.o (setvbuf)
c:/siliconlabs/simplicitystudio/v5/developer/toolchains/gnu_arm/12.2.rel1_2023.7/bin/../lib/gcc/arm-none-eabi/12.2.1/thumb/v8-m.main+fp/hard\libc_nano.a(libc_a-stdio.o)
                              c:/siliconlabs/simplicitystudio/v5/developer/toolchains/gnu_arm/12.2.rel1_2023.7/bin/../lib/gcc/arm-none-eabi/12.2.1/thumb/v8-m.main+fp/hard\libc_nano.a(libc_a-findfp.o) (__sread)
c:/siliconlabs/simplicitystudio/v5/developer/toolchains/gnu_arm/12.2.rel1_2023.7/bin/../lib/gcc/arm-none-eabi/12.2.1/thumb/v8-m.main+fp/hard\libc_nano.a(libc_a-vprintf.o)
                              ./gecko_sdk_4.4.1/platform/service/iostream/src/sl_iostream.o (vprintf)
c:/siliconlabs/simplicitystudio/v5/developer/toolchains/gnu_arm/12.2.rel1_2023.7/bin/../lib/gcc/arm-none-eabi/12.2.1/thumb/v8-m.main+fp/hard\libc_nano.a(libc_a-wbuf.o)
                              c:/siliconlabs/simplicitystudio/v5/developer/toolchains/gnu_arm/12.2.rel1_2023.7/bin/../lib/gcc/arm-none-eabi/12.2.1/thumb/v8-m.main+fp/hard\libc_nano.a(libc_a-puts.o) (__swbuf_r)
c:/siliconlabs/simplicitystudio/v5/developer/toolchains/gnu_arm/12.2.rel1_2023.7/bin/../lib/gcc/arm-none-eabi/12.2.1/thumb/v8-m.main+fp/hard\libc_nano.a(libc_a-wsetup.o)
[...]
Memory Configuration

Name             Origin             Length             Attributes
FLASH            0x08000000         0x0017e000         xr
RAM              0x20000000         0x00040000         xrw
*default*        0x00000000         0xffffffff

Linker script and memory map

LOAD c:/siliconlabs/simplicitystudio/v5/developer/toolchains/gnu_arm/12.2.rel1_2023.7/bin/../lib/gcc/arm-none-eabi/12.2.1/thumb/v8-m.main+fp/hard/crti.o
LOAD c:/siliconlabs/simplicitystudio/v5/developer/toolchains/gnu_arm/12.2.rel1_2023.7/bin/../lib/gcc/arm-none-eabi/12.2.1/thumb/v8-m.main+fp/hard/crtbegin.o
LOAD c:/siliconlabs/simplicitystudio/v5/developer/toolchains/gnu_arm/12.2.rel1_2023.7/bin/../lib/gcc/arm-none-eabi/12.2.1/thumb/v8-m.main+fp/hard/crt0.o
START GROUP
LOAD ./app.o
LOAD ./as.o
LOAD ./main.o
LOAD ./mpl.o
LOAD ./si.o
LOAD ./autogen/sl_board_default_init.o
LOAD ./autogen/sl_device_init_clocks.o
LOAD ./autogen/sl_event_handler.o
LOAD ./autogen/sl_i2cspm_init.o
LOAD ./autogen/sl_iostream_handles.o
LOAD ./autogen/sl_iostream_init_eusart_instances.o
LOAD ./autogen/sl_simple_led_instances.o
LOAD ./gecko_sdk_4.4.1/hardware/board/src/sl_board_control_gpio.o
LOAD ./gecko_sdk_4.4.1/hardware/board/src/sl_board_init.o
LOAD ./gecko_sdk_4.4.1/hardware/driver/configuration_over_swo/src/sl_cos.o
LOAD ./gecko_sdk_4.4.1/hardware/driver/mx25_flash_shutdown/src/sl_mx25_flash_shutdown_usart/sl_mx25_flash_shutdown.o
LOAD ./gecko_sdk_4.4.1/platform/Device/SiliconLabs/EFR32MG24/Source/startup_efr32mg24.o
LOAD ./gecko_sdk_4.4.1/platform/Device/SiliconLabs/EFR32MG24/Source/system_efr32mg24.o
LOAD ./gecko_sdk_4.4.1/platform/common/src/sl_assert.o
LOAD ./gecko_sdk_4.4.1/platform/common/src/sl_slist.o
LOAD ./gecko_sdk_4.4.1/platform/common/src/sl_string.o
LOAD ./gecko_sdk_4.4.1/platform/common/src/sl_syscalls.o
LOAD ./gecko_sdk_4.4.1/platform/common/toolchain/src/sl_memory.o
LOAD ./gecko_sdk_4.4.1/platform/driver/debug/src/sl_debug_swo.o
LOAD ./gecko_sdk_4.4.1/platform/driver/i2cspm/src/sl_i2cspm.o
LOAD ./gecko_sdk_4.4.1/platform/driver/leddrv/src/sl_led.o
LOAD ./gecko_sdk_4.4.1/platform/driver/leddrv/src/sl_simple_led.o
LOAD ./gecko_sdk_4.4.1/platform/emdrv/dmadrv/src/dmadrv.o
LOAD ./gecko_sdk_4.4.1/platform/emlib/src/em_burtc.o
LOAD ./gecko_sdk_4.4.1/platform/emlib/src/em_cmu.o
LOAD ./gecko_sdk_4.4.1/platform/emlib/src/em_core.o
LOAD ./gecko_sdk_4.4.1/platform/emlib/src/em_emu.o
LOAD ./gecko_sdk_4.4.1/platform/emlib/src/em_eusart.o
LOAD ./gecko_sdk_4.4.1/platform/emlib/src/em_gpio.o
LOAD ./gecko_sdk_4.4.1/platform/emlib/src/em_i2c.o
LOAD ./gecko_sdk_4.4.1/platform/emlib/src/em_ldma.o
LOAD ./gecko_sdk_4.4.1/platform/emlib/src/em_msc.o
LOAD ./gecko_sdk_4.4.1/platform/emlib/src/em_prs.o
LOAD ./gecko_sdk_4.4.1/platform/emlib/src/em_system.o
LOAD ./gecko_sdk_4.4.1/platform/emlib/src/em_timer.o
LOAD ./gecko_sdk_4.4.1/platform/emlib/src/em_usart.o
LOAD ./gecko_sdk_4.4.1/platform/peripheral/src/peripheral_sysrtc.o
LOAD ./gecko_sdk_4.4.1/platform/service/device_init/src/sl_device_init_dcdc_s2.o
LOAD ./gecko_sdk_4.4.1/platform/service/device_init/src/sl_device_init_emu_s2.o
LOAD ./gecko_sdk_4.4.1/platform/service/device_init/src/sl_device_init_hfxo_s2.o
LOAD ./gecko_sdk_4.4.1/platform/service/device_init/src/sl_device_init_lfxo_s2.o
LOAD ./gecko_sdk_4.4.1/platform/service/device_init/src/sl_device_init_nvic.o
LOAD ./gecko_sdk_4.4.1/platform/service/iostream/src/sl_iostream.o
LOAD ./gecko_sdk_4.4.1/platform/service/iostream/src/sl_iostream_eusart.o
LOAD ./gecko_sdk_4.4.1/platform/service/iostream/src/sl_iostream_retarget_stdio.o
LOAD ./gecko_sdk_4.4.1/platform/service/iostream/src/sl_iostream_stdlib_config.o
LOAD ./gecko_sdk_4.4.1/platform/service/iostream/src/sl_iostream_uart.o
LOAD ./gecko_sdk_4.4.1/platform/service/sleeptimer/src/sl_sleeptimer.o
LOAD ./gecko_sdk_4.4.1/platform/service/sleeptimer/src/sl_sleeptimer_hal_burtc.o
LOAD ./gecko_sdk_4.4.1/platform/service/sleeptimer/src/sl_sleeptimer_hal_sysrtc.o
LOAD ./gecko_sdk_4.4.1/platform/service/sleeptimer/src/sl_sleeptimer_hal_timer.o
LOAD ./gecko_sdk_4.4.1/platform/service/system/src/sl_system_init.o
LOAD ./gecko_sdk_4.4.1/platform/service/system/src/sl_system_process_action.o
LOAD ./gecko_sdk_4.4.1/platform/service/udelay/src/sl_udelay.o
LOAD ./gecko_sdk_4.4.1/platform/service/udelay/src/sl_udelay_armv6m_gcc.o
LOAD c:/siliconlabs/simplicitystudio/v5/developer/toolchains/gnu_arm/12.2.rel1_2023.7/bin/../lib/gcc/arm-none-eabi/12.2.1/thumb/v8-m.main+fp/hard\libgcc.a
LOAD c:/siliconlabs/simplicitystudio/v5/developer/toolchains/gnu_arm/12.2.rel1_2023.7/bin/../lib/gcc/arm-none-eabi/12.2.1/thumb/v8-m.main+fp/hard\libc_nano.a
LOAD c:/siliconlabs/simplicitystudio/v5/developer/toolchains/gnu_arm/12.2.rel1_2023.7/bin/../lib/gcc/arm-none-eabi/12.2.1/thumb/v8-m.main+fp/hard\libm.a
LOAD c:/siliconlabs/simplicitystudio/v5/developer/toolchains/gnu_arm/12.2.rel1_2023.7/bin/../lib/gcc/arm-none-eabi/12.2.1/thumb/v8-m.main+fp/hard\libnosys.a
END GROUP
START GROUP
LOAD c:/siliconlabs/simplicitystudio/v5/developer/toolchains/gnu_arm/12.2.rel1_2023.7/bin/../lib/gcc/arm-none-eabi/12.2.1/thumb/v8-m.main+fp/hard\libgcc.a
LOAD c:/siliconlabs/simplicitystudio/v5/developer/toolchains/gnu_arm/12.2.rel1_2023.7/bin/../lib/gcc/arm-none-eabi/12.2.1/thumb/v8-m.main+fp/hard\libc_nano.a
LOAD c:/siliconlabs/simplicitystudio/v5/developer/toolchains/gnu_arm/12.2.rel1_2023.7/bin/../lib/gcc/arm-none-eabi/12.2.1/thumb/v8-m.main+fp/hard\libnosys.a
END GROUP
START GROUP
LOAD c:/siliconlabs/simplicitystudio/v5/developer/toolchains/gnu_arm/12.2.rel1_2023.7/bin/../lib/gcc/arm-none-eabi/12.2.1/thumb/v8-m.main+fp/hard\libgcc.a
LOAD c:/siliconlabs/simplicitystudio/v5/developer/toolchains/gnu_arm/12.2.rel1_2023.7/bin/../lib/gcc/arm-none-eabi/12.2.1/thumb/v8-m.main+fp/hard\libg_nano.a
LOAD c:/siliconlabs/simplicitystudio/v5/developer/toolchains/gnu_arm/12.2.rel1_2023.7/bin/../lib/gcc/arm-none-eabi/12.2.1/thumb/v8-m.main+fp/hard\libc_nano.a
END GROUP
START GROUP
LOAD c:/siliconlabs/simplicitystudio/v5/developer/toolchains/gnu_arm/12.2.rel1_2023.7/bin/../lib/gcc/arm-none-eabi/12.2.1/thumb/v8-m.main+fp/hard\libgcc.a
LOAD c:/siliconlabs/simplicitystudio/v5/developer/toolchains/gnu_arm/12.2.rel1_2023.7/bin/../lib/gcc/arm-none-eabi/12.2.1/thumb/v8-m.main+fp/hard\libc_nano.a
END GROUP
LOAD c:/siliconlabs/simplicitystudio/v5/developer/toolchains/gnu_arm/12.2.rel1_2023.7/bin/../lib/gcc/arm-none-eabi/12.2.1/thumb/v8-m.main+fp/hard/crtend.o
LOAD c:/siliconlabs/simplicitystudio/v5/developer/toolchains/gnu_arm/12.2.rel1_2023.7/bin/../lib/gcc/arm-none-eabi/12.2.1/thumb/v8-m.main+fp/hard/crtn.o

.text           0x08000000     0x691c
                0x08000000                linker_vectors_begin = .
 *(.vectors)
 .vectors       0x08000000      0x170 ./gecko_sdk_4.4.1/platform/Device/SiliconLabs/EFR32MG24/Source/startup_efr32mg24.o
                0x08000000                __Vectors
                0x08000170                linker_vectors_end = .
                0x08000170                __Vectors_End = .
                0x08000170                __Vectors_Size = (__Vectors_End - __Vectors)
                0x08000170                linker_code_begin = .
 *(SORT_BY_ALIGNMENT(.text*))
 .text          0x08000170        0x8 ./gecko_sdk_4.4.1/platform/service/udelay/src/sl_udelay_armv6m_gcc.o
                0x08000170                sli_delay_loop
 .text.deregister_tm_clones
                0x08000178       0x1c c:/siliconlabs/simplicitystudio/v5/developer/toolchains/gnu_arm/12.2.rel1_2023.7/bin/../lib/gcc/arm-none-eabi/12.2.1/thumb/v8-m.main+fp/hard/crtbegin.o
 .text.register_tm_clones
                0x08000194       0x28 c:/siliconlabs/simplicitystudio/v5/developer/toolchains/gnu_arm/12.2.rel1_2023.7/bin/../lib/gcc/arm-none-eabi/12.2.1/thumb/v8-m.main+fp/hard/crtbegin.o
 .text.__do_global_dtors_aux
                0x080001bc       0x28 c:/siliconlabs/simplicitystudio/v5/developer/toolchains/gnu_arm/12.2.rel1_2023.7/bin/../lib/gcc/arm-none-eabi/12.2.1/thumb/v8-m.main+fp/hard/crtbegin.o
 .text.frame_dummy
                0x080001e4       0x24 c:/siliconlabs/simplicitystudio/v5/developer/toolchains/gnu_arm/12.2.rel1_2023.7/bin/../lib/gcc/arm-none-eabi/12.2.1/thumb/v8-m.main+fp/hard/crtbegin.o
 .text          0x08000208       0x7c c:/siliconlabs/simplicitystudio/v5/developer/toolchains/gnu_arm/12.2.rel1_2023.7/bin/../lib/gcc/arm-none-eabi/12.2.1/thumb/v8-m.main+fp/hard/crt0.o
                0x08000208                _stack_init
                0x08000210                _start
                0x08000210                _mainCRTStartup
 .text.app_init
                0x08000284       0xb4 ./app.o
                0x08000284                app_init
 .text.AS7331_ChangeMode
                0x08000338       0xc8 ./as.o
                0x08000338                AS7331_ChangeMode
 .text.as_dev_id
                0x08000400       0x7c ./as.o
                0x08000400                as_dev_id
 .text.as_init  0x0800047c      0x124 ./as.o
                0x0800047c                as_init
 .text.mpl_dev_id
                0x080005a0       0x74 ./mpl.o
                0x080005a0                mpl_dev_id
 .text.timer_callback
                0x08000614        0xc ./si.o
 .text.decode_temp
                0x08000620       0x54 ./si.o
                0x08000620                decode_temp
 .text.SI7021_measure.constprop.0
                0x08000674       0xc8 ./si.o
 .text.initialise_temp_limits
                0x0800073c       0x28 ./si.o
                0x0800073c                initialise_temp_limits
 .text.si_dev_id
                0x08000764       0x78 ./si.o
                0x08000764                si_dev_id
 .text.si_init  0x080007dc       0x2c ./si.o
                0x080007dc                si_init
 .text.sl_device_init_clocks
                0x08000808       0xac ./autogen/sl_device_init_clocks.o
                0x08000808                sl_device_init_clocks
 .text.sl_i2cspm_init_instances
                0x080008b4       0x18 ./autogen/sl_i2cspm_init.o
                0x080008b4                sl_i2cspm_init_instances
 .text.sl_iostream_eusart_init_vcom
                0x080008cc       0xc4 ./autogen/sl_iostream_init_eusart_instances.o
                0x080008cc                sl_iostream_eusart_init_vcom
 .text.EUSART0_RX_IRQHandler
                0x08000990        0xc ./autogen/sl_iostream_init_eusart_instances.o
                0x08000990                EUSART0_RX_IRQHandler
 .text.sl_simple_led_init_instances
                0x0800099c       0x1c ./autogen/sl_simple_led_instances.o
                0x0800099c                sl_simple_led_init_instances
 .text.sl_board_enable_sensor
                0x080009b8       0x60 ./gecko_sdk_4.4.1/hardware/board/src/sl_board_control_gpio.o
                0x080009b8                sl_board_enable_sensor
 .text.cs_high  0x08000a18       0x10 ./gecko_sdk_4.4.1/hardware/driver/mx25_flash_shutdown/src/sl_mx25_flash_shutdown_usart/sl_mx25_flash_shutdown.o
 .text.cs_low   0x08000a28       0x10 ./gecko_sdk_4.4.1/hardware/driver/mx25_flash_shutdown/src/sl_mx25_flash_shutdown_usart/sl_mx25_flash_shutdown.o
 .text.sl_mx25_flash_shutdown
                0x08000a38      0x118 ./gecko_sdk_4.4.1/hardware/driver/mx25_flash_shutdown/src/sl_mx25_flash_shutdown_usart/sl_mx25_flash_shutdown.o
                0x08000a38                sl_mx25_flash_shutdown
 .text.CopyRamFuncs
                0x08000b50       0x1c ./gecko_sdk_4.4.1/platform/Device/SiliconLabs/EFR32MG24/Source/startup_efr32mg24.o
                0x08000b50                CopyRamFuncs
 .text.Reset_Handler
                0x08000b6c       0x64 ./gecko_sdk_4.4.1/platform/Device/SiliconLabs/EFR32MG24/Source/startup_efr32mg24.o
                0x08000b6c                Reset_Handler
 .text.SystemInit
                0x08000bd0       0x68 ./gecko_sdk_4.4.1/platform/Device/SiliconLabs/EFR32MG24/Source/system_efr32mg24.o
                0x08000bd0                SystemInit
 .text.SystemHFRCODPLLClockGet
                0x08000c38        0xc ./gecko_sdk_4.4.1/platform/Device/SiliconLabs/EFR32MG24/Source/system_efr32mg24.o
                0x08000c38                SystemHFRCODPLLClockGet
 .text.SystemSYSCLKGet
                0x08000c44       0x34 ./gecko_sdk_4.4.1/platform/Device/SiliconLabs/EFR32MG24/Source/system_efr32mg24.o
                0x08000c44                SystemSYSCLKGet
 .text.SystemHCLKGet
                0x08000c78       0x24 ./gecko_sdk_4.4.1/platform/Device/SiliconLabs/EFR32MG24/Source/system_efr32mg24.o
                0x08000c78                SystemHCLKGet
 .text.SystemMaxCoreClockGet
                0x08000c9c        0x8 ./gecko_sdk_4.4.1/platform/Device/SiliconLabs/EFR32MG24/Source/system_efr32mg24.o
                0x08000c9c                SystemMaxCoreClockGet
 .text.SystemHFXOClockGet
                0x08000ca4        0xc ./gecko_sdk_4.4.1/platform/Device/SiliconLabs/EFR32MG24/Source/system_efr32mg24.o
                0x08000ca4                SystemHFXOClockGet
 .text.SystemHFXOClockSet
                0x08000cb0       0x20 ./gecko_sdk_4.4.1/platform/Device/SiliconLabs/EFR32MG24/Source/system_efr32mg24.o
                0x08000cb0                SystemHFXOClockSet
 .text.SystemFSRCOClockGet
                0x08000cd0        0x8 ./gecko_sdk_4.4.1/platform/Device/SiliconLabs/EFR32MG24/Source/system_efr32mg24.o
                0x08000cd0                SystemFSRCOClockGet
 .text.SystemHFRCOEM23ClockGet
                0x08000cd8       0x84 ./gecko_sdk_4.4.1/platform/Device/SiliconLabs/EFR32MG24/Source/system_efr32mg24.o
                0x08000cd8                SystemHFRCOEM23ClockGet
 .text.SystemLFXOClockGet
                0x08000d5c        0xc ./gecko_sdk_4.4.1/platform/Device/SiliconLabs/EFR32MG24/Source/system_efr32mg24.o
                0x08000d5c                SystemLFXOClockGet
 .text._sbrk    0x08000d68       0x20 ./gecko_sdk_4.4.1/platform/common/toolchain/src/sl_memory.o
                0x08000d68                _sbrk
 .text.sl_debug_swo_init
                0x08000d88      0x114 ./gecko_sdk_4.4.1/platform/driver/debug/src/sl_debug_swo.o
                0x08000d88                sl_debug_swo_init
 .text.sl_debug_swo_write_u8
                0x08000e9c       0x44 ./gecko_sdk_4.4.1/platform/driver/debug/src/sl_debug_swo.o
                0x08000e9c                sl_debug_swo_write_u8
 .text.I2CSPM_Init
                0x08000ee0      0x158 ./gecko_sdk_4.4.1/platform/driver/i2cspm/src/sl_i2cspm.o
                0x08000ee0                I2CSPM_Init
 .text.I2CSPM_Transfer
                0x08001038       0x20 ./gecko_sdk_4.4.1/platform/driver/i2cspm/src/sl_i2cspm.o
                0x08001038                I2CSPM_Transfer
 .text.GPIO_PinOutClear
                0x08001058       0x3c ./gecko_sdk_4.4.1/platform/driver/leddrv/src/sl_simple_led.o
 .text.GPIO_PinOutSet
                0x08001094       0x3c ./gecko_sdk_4.4.1/platform/driver/leddrv/src/sl_simple_led.o
 .text.sl_simple_led_toggle
                0x080010d0       0x3c ./gecko_sdk_4.4.1/platform/driver/leddrv/src/sl_simple_led.o
                0x080010d0                sl_simple_led_toggle
 .text.sl_simple_led_get_state
                0x0800110c       0x4c ./gecko_sdk_4.4.1/platform/driver/leddrv/src/sl_simple_led.o
                0x0800110c                sl_simple_led_get_state
 .text.StartTransfer
                0x08001158      0x17c ./gecko_sdk_4.4.1/platform/emdrv/dmadrv/src/dmadrv.o
 .text.DMADRV_AllocateChannel
                0x080012d4       0x60 ./gecko_sdk_4.4.1/platform/emdrv/dmadrv/src/dmadrv.o
                0x080012d4                DMADRV_AllocateChannel
 .text.DMADRV_DeInit
                0x08001334       0x44 ./gecko_sdk_4.4.1/platform/emdrv/dmadrv/src/dmadrv.o
                0x08001334                DMADRV_DeInit
 .text.DMADRV_FreeChannel
                0x08001378       0x4c ./gecko_sdk_4.4.1/platform/emdrv/dmadrv/src/dmadrv.o
                0x08001378                DMADRV_FreeChannel
 .text.DMADRV_Init
                0x080013c4       0x68 ./gecko_sdk_4.4.1/platform/emdrv/dmadrv/src/dmadrv.o
                0x080013c4                DMADRV_Init
 .text.DMADRV_PauseTransfer
                0x0800142c       0x40 ./gecko_sdk_4.4.1/platform/emdrv/dmadrv/src/dmadrv.o
                0x0800142c                DMADRV_PauseTransfer
 .text.DMADRV_ResumeTransfer
                0x0800146c       0x40 ./gecko_sdk_4.4.1/platform/emdrv/dmadrv/src/dmadrv.o
                0x0800146c                DMADRV_ResumeTransfer
 .text.DMADRV_StopTransfer
                0x080014ac       0x40 ./gecko_sdk_4.4.1/platform/emdrv/dmadrv/src/dmadrv.o
                0x080014ac                DMADRV_StopTransfer
 .text.DMADRV_TransferCompletePending
                0x080014ec       0x50 ./gecko_sdk_4.4.1/platform/emdrv/dmadrv/src/dmadrv.o
                0x080014ec                DMADRV_TransferCompletePending
 .text.DMADRV_TransferDone
                0x0800153c       0x44 ./gecko_sdk_4.4.1/platform/emdrv/dmadrv/src/dmadrv.o
                0x0800153c                DMADRV_TransferDone
 .text.LDMA_IRQHandler
                0x08001580       0x74 ./gecko_sdk_4.4.1/platform/emdrv/dmadrv/src/dmadrv.o
                0x08001580                LDMA_IRQHandler
 .text.EMU_VScaleGet
                0x080015f4       0x18 ./gecko_sdk_4.4.1/platform/emlib/src/em_cmu.o
 .text.traceClkGet
                0x0800160c       0x54 ./gecko_sdk_4.4.1/platform/emlib/src/em_cmu.o
 .text.em01GrpaClkGet
                0x08001660       0x74 ./gecko_sdk_4.4.1/platform/emlib/src/em_cmu.o
 .text.em01GrpcClkGet
                0x080016d4       0x70 ./gecko_sdk_4.4.1/platform/emlib/src/em_cmu.o
 .text.iadcClkGet
                0x08001744       0x60 ./gecko_sdk_4.4.1/platform/emlib/src/em_cmu.o
 .text.eusart0ClkGet
                0x080017a4       0x74 ./gecko_sdk_4.4.1/platform/emlib/src/em_cmu.o
 .text.em23GrpaClkGet
                0x08001818       0x48 ./gecko_sdk_4.4.1/platform/emlib/src/em_cmu.o
 .text.vdac0ClkGet
                0x08001860       0x70 ./gecko_sdk_4.4.1/platform/emlib/src/em_cmu.o
 .text.vdac1ClkGet
                0x080018d0       0x70 ./gecko_sdk_4.4.1/platform/emlib/src/em_cmu.o
 .text.pcnt0ClkGet
                0x08001940       0x4c ./gecko_sdk_4.4.1/platform/emlib/src/em_cmu.o
 .text.wdog0ClkGet
                0x0800198c       0x64 ./gecko_sdk_4.4.1/platform/emlib/src/em_cmu.o
 .text.wdog1ClkGet
                0x080019f0       0x64 ./gecko_sdk_4.4.1/platform/emlib/src/em_cmu.o
 .text.sysrtcClkGet
                0x08001a54       0x48 ./gecko_sdk_4.4.1/platform/emlib/src/em_cmu.o
 .text.em4GrpaClkGet
                0x08001a9c       0x48 ./gecko_sdk_4.4.1/platform/emlib/src/em_cmu.o
 .text.CMU_ClockDivGet
                0x08001ae4       0x78 ./gecko_sdk_4.4.1/platform/emlib/src/em_cmu.o
                0x08001ae4                CMU_ClockDivGet
 .text.flashWaitStateControl
                0x08001b5c       0x58 ./gecko_sdk_4.4.1/platform/emlib/src/em_cmu.o
 .text.CMU_ClockEnable
                0x08001bb4       0x50 ./gecko_sdk_4.4.1/platform/emlib/src/em_cmu.o
                0x08001bb4                CMU_ClockEnable
 .text.CMU_ClockFreqGet
                0x08001c04      0x204 ./gecko_sdk_4.4.1/platform/emlib/src/em_cmu.o
                0x08001c04                CMU_ClockFreqGet
 .text.rhclkPrescOptimize
                0x08001e08       0x20 ./gecko_sdk_4.4.1/platform/emlib/src/em_cmu.o
 .text.CMU_ClockSelectGet
                0x08001e28      0x22c ./gecko_sdk_4.4.1/platform/emlib/src/em_cmu.o
                0x08001e28                CMU_ClockSelectGet
 .text.sli_em_cmu_HFXOSetForceEnable
                0x08002054       0x1c ./gecko_sdk_4.4.1/platform/emlib/src/em_cmu.o
                0x08002054                sli_em_cmu_HFXOSetForceEnable
 .text.CMU_HFXOInit
                0x08002070      0x224 ./gecko_sdk_4.4.1/platform/emlib/src/em_cmu.o
                0x08002070                CMU_HFXOInit
 .text.CMU_HFXOCTuneDeltaGet
                0x08002294        0xc ./gecko_sdk_4.4.1/platform/emlib/src/em_cmu.o
                0x08002294                CMU_HFXOCTuneDeltaGet
 .text.CMU_LFXOInit
                0x080022a0       0xc4 ./gecko_sdk_4.4.1/platform/emlib/src/em_cmu.o
                0x080022a0                CMU_LFXOInit
 .text.CMU_LFXOPrecisionSet
                0x08002364        0xc ./gecko_sdk_4.4.1/platform/emlib/src/em_cmu.o
                0x08002364                CMU_LFXOPrecisionSet
 .text.CMU_HFXOPrecisionSet
                0x08002370        0xc ./gecko_sdk_4.4.1/platform/emlib/src/em_cmu.o
                0x08002370                CMU_HFXOPrecisionSet
 .text.CMU_ClockDivSet
                0x0800237c      0x12c ./gecko_sdk_4.4.1/platform/emlib/src/em_cmu.o
                0x0800237c                CMU_ClockDivSet
 .text.sli_em_cmu_SYSCLKInitPreClockSelect
                0x080024a8       0x20 ./gecko_sdk_4.4.1/platform/emlib/src/em_cmu.o
                0x080024a8                sli_em_cmu_SYSCLKInitPreClockSelect
 .text.pclkDivOptimize
                0x080024c8       0x24 ./gecko_sdk_4.4.1/platform/emlib/src/em_cmu.o
 .text.EMU_DCDCSync
                0x080024ec       0x10 ./gecko_sdk_4.4.1/platform/emlib/src/em_emu.o
 .text.EMU_EM4Init
                0x080024fc       0x14 ./gecko_sdk_4.4.1/platform/emlib/src/em_emu.o
                0x080024fc                EMU_EM4Init
 .text.EMU_VScaleEM01
                0x08002510       0xa8 ./gecko_sdk_4.4.1/platform/emlib/src/em_emu.o
                0x08002510                EMU_VScaleEM01
 .text.EMU_VScaleEM01ByClock
                0x080025b8       0x30 ./gecko_sdk_4.4.1/platform/emlib/src/em_emu.o
                0x080025b8                EMU_VScaleEM01ByClock
 .text.EMU_DCDCModeSet
                0x080025e8       0xac ./gecko_sdk_4.4.1/platform/emlib/src/em_emu.o
                0x080025e8                EMU_DCDCModeSet
 .text.EMU_DCDCInit
                0x08002694       0x70 ./gecko_sdk_4.4.1/platform/emlib/src/em_emu.o
                0x08002694                EMU_DCDCInit
 .text.EMU_DCDCSetPFMXModePeakCurrent
                0x08002704       0x6c ./gecko_sdk_4.4.1/platform/emlib/src/em_emu.o
                0x08002704                EMU_DCDCSetPFMXModePeakCurrent
 .text.EUSART_Reset
                0x08002770       0x54 ./gecko_sdk_4.4.1/platform/emlib/src/em_eusart.o
                0x08002770                EUSART_Reset
 .text.EUSART_Enable
                0x080027c4       0x6c ./gecko_sdk_4.4.1/platform/emlib/src/em_eusart.o
                0x080027c4                EUSART_Enable
 .text.EUSART_BaudrateSet
                0x08002830      0x1cc ./gecko_sdk_4.4.1/platform/emlib/src/em_eusart.o
                0x08002830                EUSART_BaudrateSet
 .text.EUSART_AsyncInitCommon
                0x080029fc      0x23c ./gecko_sdk_4.4.1/platform/emlib/src/em_eusart.o
 .text.EUSART_UartInitHf
                0x08002c38       0x5c ./gecko_sdk_4.4.1/platform/emlib/src/em_eusart.o
                0x08002c38                EUSART_UartInitHf
 .text.EUSART_UartInitLf
                0x08002c94       0xb8 ./gecko_sdk_4.4.1/platform/emlib/src/em_eusart.o
                0x08002c94                EUSART_UartInitLf
 .text.GPIO_PinOutSet
                0x08002d4c       0x3c ./gecko_sdk_4.4.1/platform/emlib/src/em_gpio.o
 .text.GPIO_PinOutClear
                0x08002d88       0x3c ./gecko_sdk_4.4.1/platform/emlib/src/em_gpio.o
 .text.GPIO_PinModeSet
                0x08002dc4       0x94 ./gecko_sdk_4.4.1/platform/emlib/src/em_gpio.o
                0x08002dc4                GPIO_PinModeSet
 .text.I2C_BusFreqSet
                0x08002e58      0x108 ./gecko_sdk_4.4.1/platform/emlib/src/em_i2c.o
                0x08002e58                I2C_BusFreqSet
 .text.I2C_Enable
                0x08002f60       0x38 ./gecko_sdk_4.4.1/platform/emlib/src/em_i2c.o
                0x08002f60                I2C_Enable
 .text.I2C_Init
                0x08002f98       0x64 ./gecko_sdk_4.4.1/platform/emlib/src/em_i2c.o
                0x08002f98                I2C_Init
 .text.I2C_Transfer
                0x08002ffc      0x224 ./gecko_sdk_4.4.1/platform/emlib/src/em_i2c.o
                0x08002ffc                I2C_Transfer
 .text.I2C_TransferInit
                0x08003220       0xbc ./gecko_sdk_4.4.1/platform/emlib/src/em_i2c.o
                0x08003220                I2C_TransferInit
 .text.LDMA_DeInit
                0x080032dc       0x3c ./gecko_sdk_4.4.1/platform/emlib/src/em_ldma.o
                0x080032dc                LDMA_DeInit
 .text.LDMA_EnableChannelRequest
                0x08003318       0x40 ./gecko_sdk_4.4.1/platform/emlib/src/em_ldma.o
                0x08003318                LDMA_EnableChannelRequest
 .text.LDMA_Init
                0x08003358       0x94 ./gecko_sdk_4.4.1/platform/emlib/src/em_ldma.o
                0x08003358                LDMA_Init
 .text.LDMA_StartTransfer
                0x080033ec      0x104 ./gecko_sdk_4.4.1/platform/emlib/src/em_ldma.o
                0x080033ec                LDMA_StartTransfer
 .text.LDMA_StopTransfer
                0x080034f0       0x38 ./gecko_sdk_4.4.1/platform/emlib/src/em_ldma.o
                0x080034f0                LDMA_StopTransfer
 .text.LDMA_TransferDone
                0x08003528       0x44 ./gecko_sdk_4.4.1/platform/emlib/src/em_ldma.o
                0x08003528                LDMA_TransferDone
 .text.USART_BaudrateSyncSet
                0x0800356c       0x48 ./gecko_sdk_4.4.1/platform/emlib/src/em_usart.o
                0x0800356c                USART_BaudrateSyncSet
 .text.USART_Reset
                0x080035b4       0x58 ./gecko_sdk_4.4.1/platform/emlib/src/em_usart.o
                0x080035b4                USART_Reset
 .text.USART_InitSync
                0x0800360c       0xb0 ./gecko_sdk_4.4.1/platform/emlib/src/em_usart.o
                0x0800360c                USART_InitSync
 .text.sl_hal_sysrtc_wait_sync
                0x080036bc       0x14 ./gecko_sdk_4.4.1/platform/peripheral/src/peripheral_sysrtc.o
                0x080036bc                sl_hal_sysrtc_wait_sync
 .text.sl_hal_sysrtc_wait_ready
                0x080036d0       0x1c ./gecko_sdk_4.4.1/platform/peripheral/src/peripheral_sysrtc.o
                0x080036d0                sl_hal_sysrtc_wait_ready
 .text.sl_hal_sysrtc_stop
                0x080036ec       0x14 ./gecko_sdk_4.4.1/platform/peripheral/src/peripheral_sysrtc.o
                0x080036ec                sl_hal_sysrtc_stop
 .text.sl_hal_sysrtc_enable
                0x08003700       0x18 ./gecko_sdk_4.4.1/platform/peripheral/src/peripheral_sysrtc.o
                0x08003700                sl_hal_sysrtc_enable
 .text.sl_hal_sysrtc_disable
                0x08003718       0x1c ./gecko_sdk_4.4.1/platform/peripheral/src/peripheral_sysrtc.o
                0x08003718                sl_hal_sysrtc_disable
 .text.sl_hal_sysrtc_init
                0x08003734       0x20 ./gecko_sdk_4.4.1/platform/peripheral/src/peripheral_sysrtc.o
                0x08003734                sl_hal_sysrtc_init
 .text.sl_hal_sysrtc_init_group
                0x08003754       0x48 ./gecko_sdk_4.4.1/platform/peripheral/src/peripheral_sysrtc.o
                0x08003754                sl_hal_sysrtc_init_group
 .text.sl_hal_sysrtc_enable_group_interrupts
                0x0800379c       0x1c ./gecko_sdk_4.4.1/platform/peripheral/src/peripheral_sysrtc.o
                0x0800379c                sl_hal_sysrtc_enable_group_interrupts
 .text.sl_hal_sysrtc_disable_group_interrupts
                0x080037b8       0x1c ./gecko_sdk_4.4.1/platform/peripheral/src/peripheral_sysrtc.o
                0x080037b8                sl_hal_sysrtc_disable_group_interrupts
 .text.sl_hal_sysrtc_clear_group_interrupts
                0x080037d4       0x1c ./gecko_sdk_4.4.1/platform/peripheral/src/peripheral_sysrtc.o
                0x080037d4                sl_hal_sysrtc_clear_group_interrupts
 .text.sl_hal_sysrtc_get_group_interrupts
                0x080037f0       0x20 ./gecko_sdk_4.4.1/platform/peripheral/src/peripheral_sysrtc.o
                0x080037f0                sl_hal_sysrtc_get_group_interrupts
 .text.sl_hal_sysrtc_get_group_compare_channel_value
                0x08003810       0x30 ./gecko_sdk_4.4.1/platform/peripheral/src/peripheral_sysrtc.o
                0x08003810                sl_hal_sysrtc_get_group_compare_channel_value
 .text.sl_hal_sysrtc_set_group_compare_channel_value
                0x08003840       0x28 ./gecko_sdk_4.4.1/platform/peripheral/src/peripheral_sysrtc.o
                0x08003840                sl_hal_sysrtc_set_group_compare_channel_value
 .text.sl_device_init_dcdc
                0x08003868       0x2c ./gecko_sdk_4.4.1/platform/service/device_init/src/sl_device_init_dcdc_s2.o
                0x08003868                sl_device_init_dcdc
 .text.sl_device_init_emu
                0x08003894       0x24 ./gecko_sdk_4.4.1/platform/service/device_init/src/sl_device_init_emu_s2.o
                0x08003894                sl_device_init_emu
 .text.sl_device_init_hfxo
                0x080038b8       0x70 ./gecko_sdk_4.4.1/platform/service/device_init/src/sl_device_init_hfxo_s2.o
                0x080038b8                sl_device_init_hfxo
 .text.sl_device_init_lfxo
                0x08003928       0x2c ./gecko_sdk_4.4.1/platform/service/device_init/src/sl_device_init_lfxo_s2.o
                0x08003928                sl_device_init_lfxo
 .text.sl_device_init_nvic
                0x08003954       0x3c ./gecko_sdk_4.4.1/platform/service/device_init/src/sl_device_init_nvic.o
                0x08003954                sl_device_init_nvic
 .text.sl_iostream_set_default
                0x08003990       0x18 ./gecko_sdk_4.4.1/platform/service/iostream/src/sl_iostream.o
                0x08003990                sl_iostream_set_default
 .text.sl_iostream_get_default
                0x080039a8       0x18 ./gecko_sdk_4.4.1/platform/service/iostream/src/sl_iostream.o
                0x080039a8                sl_iostream_get_default
 .text.sl_iostream_eusart_init
                0x080039c0      0x228 ./gecko_sdk_4.4.1/platform/service/iostream/src/sl_iostream_eusart.o
                0x080039c0                sl_iostream_eusart_init
 .text._write   0x08003be8       0x20 ./gecko_sdk_4.4.1/platform/service/iostream/src/sl_iostream_retarget_stdio.o
                0x08003be8                _write
 .text.sl_iostream_stdlib_disable_buffering
                0x08003c08       0x14 ./gecko_sdk_4.4.1/platform/service/iostream/src/sl_iostream_stdlib_config.o
                0x08003c08                sl_iostream_stdlib_disable_buffering
 .text.get_write_ptr
                0x08003c1c       0x40 ./gecko_sdk_4.4.1/platform/service/iostream/src/sl_iostream_uart.o
 .text.dma_irq_handler
                0x08003c5c       0x74 ./gecko_sdk_4.4.1/platform/service/iostream/src/sl_iostream_uart.o
 .text.uart_read
                0x08003cd0      0x1f4 ./gecko_sdk_4.4.1/platform/service/iostream/src/sl_iostream_uart.o
 .text.uart_deinit
                0x08003ec4       0x98 ./gecko_sdk_4.4.1/platform/service/iostream/src/sl_iostream_uart.o
 .text.uart_write
                0x08003f5c       0xc0 ./gecko_sdk_4.4.1/platform/service/iostream/src/sl_iostream_uart.o
 .text.sli_iostream_uart_context_init
                0x0800401c       0xf8 ./gecko_sdk_4.4.1/platform/service/iostream/src/sl_iostream_uart.o
                0x0800401c                sli_iostream_uart_context_init
 .text.delta_list_insert_timer
                0x08004114       0x40 ./gecko_sdk_4.4.1/platform/service/sleeptimer/src/sl_sleeptimer.o
 .text.update_delta_list
                0x08004154       0x34 ./gecko_sdk_4.4.1/platform/service/sleeptimer/src/sl_sleeptimer.o
 .text.set_comparator_for_next_timer
                0x08004188       0x5c ./gecko_sdk_4.4.1/platform/service/sleeptimer/src/sl_sleeptimer.o
 .text.create_timer
                0x080041e4       0x88 ./gecko_sdk_4.4.1/platform/service/sleeptimer/src/sl_sleeptimer.o
 .text.delta_list_remove_timer
                0x0800426c       0x38 ./gecko_sdk_4.4.1/platform/service/sleeptimer/src/sl_sleeptimer.o
 .text.sl_sleeptimer_init
                0x080042a4       0x74 ./gecko_sdk_4.4.1/platform/service/sleeptimer/src/sl_sleeptimer.o
                0x080042a4                sl_sleeptimer_init
 .text.sl_sleeptimer_is_timer_running
                0x08004318       0x3c ./gecko_sdk_4.4.1/platform/service/sleeptimer/src/sl_sleeptimer.o
                0x08004318                sl_sleeptimer_is_timer_running
 .text.sl_sleeptimer_ms_to_tick
                0x08004354       0x24 ./gecko_sdk_4.4.1/platform/service/sleeptimer/src/sl_sleeptimer.o
                0x08004354                sl_sleeptimer_ms_to_tick
 .text.sl_sleeptimer_delay_millisecond
                0x08004378       0x38 ./gecko_sdk_4.4.1/platform/service/sleeptimer/src/sl_sleeptimer.o
                0x08004378                sl_sleeptimer_delay_millisecond
 .text.process_timer_irq
                0x080043b0      0x150 ./gecko_sdk_4.4.1/platform/service/sleeptimer/src/sl_sleeptimer.o
                0x080043b0                process_timer_irq
 .text.sleeptimer_hal_init_timer
                0x08004500       0x64 ./gecko_sdk_4.4.1/platform/service/sleeptimer/src/sl_sleeptimer_hal_sysrtc.o
                0x08004500                sleeptimer_hal_init_timer
 .text.sleeptimer_hal_get_counter
                0x08004564       0x10 ./gecko_sdk_4.4.1/platform/service/sleeptimer/src/sl_sleeptimer_hal_sysrtc.o
                0x08004564                sleeptimer_hal_get_counter
 .text.sleeptimer_hal_set_compare
                0x08004574       0x70 ./gecko_sdk_4.4.1/platform/service/sleeptimer/src/sl_sleeptimer_hal_sysrtc.o
                0x08004574                sleeptimer_hal_set_compare
 .text.sleeptimer_hal_disable_int
                0x080045e4       0x2c ./gecko_sdk_4.4.1/platform/service/sleeptimer/src/sl_sleeptimer_hal_sysrtc.o
                0x080045e4                sleeptimer_hal_disable_int
 .text.sleeptimer_hal_set_int
                0x08004610       0x10 ./gecko_sdk_4.4.1/platform/service/sleeptimer/src/sl_sleeptimer_hal_sysrtc.o
                0x08004610                sleeptimer_hal_set_int
 .text.sl_udelay_wait
                0x08004620       0x58 ./gecko_sdk_4.4.1/platform/service/udelay/src/sl_udelay.o
                0x08004620                sl_udelay_wait
 .text          0x08004678       0x30 c:/siliconlabs/simplicitystudio/v5/developer/toolchains/gnu_arm/12.2.rel1_2023.7/bin/../lib/gcc/arm-none-eabi/12.2.1/thumb/v8-m.main+fp/hard\libgcc.a(_aeabi_uldivmod.o)
                0x08004678                __aeabi_uldivmod
 .text.__udivmoddi4
                0x080046a8      0x2ec c:/siliconlabs/simplicitystudio/v5/developer/toolchains/gnu_arm/12.2.rel1_2023.7/bin/../lib/gcc/arm-none-eabi/12.2.1/thumb/v8-m.main+fp/hard\libgcc.a(_udivmoddi4.o)
                0x080046a8                __udivmoddi4
 .text          0x08004994        0x4 c:/siliconlabs/simplicitystudio/v5/developer/toolchains/gnu_arm/12.2.rel1_2023.7/bin/../lib/gcc/arm-none-eabi/12.2.1/thumb/v8-m.main+fp/hard\libgcc.a(_dvmd_tls.o)
                0x08004994                __aeabi_idiv0
                0x08004994                __aeabi_ldiv0
 .text.exit     0x08004998       0x24 c:/siliconlabs/simplicitystudio/v5/developer/toolchains/gnu_arm/12.2.rel1_2023.7/bin/../lib/gcc/arm-none-eabi/12.2.1/thumb/v8-m.main+fp/hard\libc_nano.a(libc_a-exit.o)
                0x08004998                exit
 .text.std      0x080049bc       0x6c c:/siliconlabs/simplicitystudio/v5/developer/toolchains/gnu_arm/12.2.rel1_2023.7/bin/../lib/gcc/arm-none-eabi/12.2.1/thumb/v8-m.main+fp/hard\libc_nano.a(libc_a-findfp.o)
 .text.stdio_exit_handler
                0x08004a28       0x18 c:/siliconlabs/simplicitystudio/v5/developer/toolchains/gnu_arm/12.2.rel1_2023.7/bin/../lib/gcc/arm-none-eabi/12.2.1/thumb/v8-m.main+fp/hard\libc_nano.a(libc_a-findfp.o)
 .text.cleanup_stdio
                0x08004a40       0x40 c:/siliconlabs/simplicitystudio/v5/developer/toolchains/gnu_arm/12.2.rel1_2023.7/bin/../lib/gcc/arm-none-eabi/12.2.1/thumb/v8-m.main+fp/hard\libc_nano.a(libc_a-findfp.o)
 .text.global_stdio_init.part.0
                0x08004a80       0x3c c:/siliconlabs/simplicitystudio/v5/developer/toolchains/gnu_arm/12.2.rel1_2023.7/bin/../lib/gcc/arm-none-eabi/12.2.1/thumb/v8-m.main+fp/hard\libc_nano.a(libc_a-findfp.o)
 .text.__sfp_lock_acquire
                0x08004abc        0xc c:/siliconlabs/simplicitystudio/v5/developer/toolchains/gnu_arm/12.2.rel1_2023.7/bin/../lib/gcc/arm-none-eabi/12.2.1/thumb/v8-m.main+fp/hard\libc_nano.a(libc_a-findfp.o)
                0x08004abc                __sfp_lock_acquire
 .text.__sfp_lock_release
                0x08004ac8        0xc c:/siliconlabs/simplicitystudio/v5/developer/toolchains/gnu_arm/12.2.rel1_2023.7/bin/../lib/gcc/arm-none-eabi/12.2.1/thumb/v8-m.main+fp/hard\libc_nano.a(libc_a-findfp.o)
                0x08004ac8                __sfp_lock_release
 .text.__sinit  0x08004ad4       0x30 c:/siliconlabs/simplicitystudio/v5/developer/toolchains/gnu_arm/12.2.rel1_2023.7/bin/../lib/gcc/arm-none-eabi/12.2.1/thumb/v8-m.main+fp/hard\libc_nano.a(libc_a-findfp.o)
                0x08004ad4                __sinit
 .text.printf   0x08004b04       0x24 c:/siliconlabs/simplicitystudio/v5/developer/toolchains/gnu_arm/12.2.rel1_2023.7/bin/../lib/gcc/arm-none-eabi/12.2.1/thumb/v8-m.main+fp/hard\libc_nano.a(libc_a-printf.o)
                0x08004b04                iprintf
                0x08004b04                printf
 .text.putchar  0x08004b28       0x10 c:/siliconlabs/simplicitystudio/v5/developer/toolchains/gnu_arm/12.2.rel1_2023.7/bin/../lib/gcc/arm-none-eabi/12.2.1/thumb/v8-m.main+fp/hard\libc_nano.a(libc_a-putchar.o)
                0x08004b28                putchar
 .text.puts     0x08004b38       0x10 c:/siliconlabs/simplicitystudio/v5/developer/toolchains/gnu_arm/12.2.rel1_2023.7/bin/../lib/gcc/arm-none-eabi/12.2.1/thumb/v8-m.main+fp/hard\libc_nano.a(libc_a-puts.o)
                0x08004b38                puts
 .text.setvbuf  0x08004b48      0x168 c:/siliconlabs/simplicitystudio/v5/developer/toolchains/gnu_arm/12.2.rel1_2023.7/bin/../lib/gcc/arm-none-eabi/12.2.1/thumb/v8-m.main+fp/hard\libc_nano.a(libc_a-setvbuf.o)
                0x08004b48                setvbuf
 .text.__swsetup_r
                0x08004cb0       0xac c:/siliconlabs/simplicitystudio/v5/developer/toolchains/gnu_arm/12.2.rel1_2023.7/bin/../lib/gcc/arm-none-eabi/12.2.1/thumb/v8-m.main+fp/hard\libc_nano.a(libc_a-wsetup.o)
                0x08004cb0                __swsetup_r
 .text._close_r
                0x08004d5c       0x20 c:/siliconlabs/simplicitystudio/v5/developer/toolchains/gnu_arm/12.2.rel1_2023.7/bin/../lib/gcc/arm-none-eabi/12.2.1/thumb/v8-m.main+fp/hard\libc_nano.a(libc_a-closer.o)
                0x08004d5c                _close_r
 .text._lseek_r
                0x08004d7c       0x24 c:/siliconlabs/simplicitystudio/v5/developer/toolchains/gnu_arm/12.2.rel1_2023.7/bin/../lib/gcc/arm-none-eabi/12.2.1/thumb/v8-m.main+fp/hard\libc_nano.a(libc_a-lseekr.o)
                0x08004d7c                _lseek_r
 .text._read_r  0x08004da0       0x24 c:/siliconlabs/simplicitystudio/v5/developer/toolchains/gnu_arm/12.2.rel1_2023.7/bin/../lib/gcc/arm-none-eabi/12.2.1/thumb/v8-m.main+fp/hard\libc_nano.a(libc_a-readr.o)
                0x08004da0                _read_r
 .text._write_r
                0x08004dc4       0x24 c:/siliconlabs/simplicitystudio/v5/developer/toolchains/gnu_arm/12.2.rel1_2023.7/bin/../lib/gcc/arm-none-eabi/12.2.1/thumb/v8-m.main+fp/hard\libc_nano.a(libc_a-writer.o)
                0x08004dc4                _write_r
 .text.__libc_init_array
                0x08004de8       0x48 c:/siliconlabs/simplicitystudio/v5/developer/toolchains/gnu_arm/12.2.rel1_2023.7/bin/../lib/gcc/arm-none-eabi/12.2.1/thumb/v8-m.main+fp/hard\libc_nano.a(libc_a-init.o)
                0x08004de8                __libc_init_array
 .text._free_r  0x08004e30       0x94 c:/siliconlabs/simplicitystudio/v5/developer/toolchains/gnu_arm/12.2.rel1_2023.7/bin/../lib/gcc/arm-none-eabi/12.2.1/thumb/v8-m.main+fp/hard\libc_nano.a(libc_a-freer.o)
                0x08004e30                _free_r
 .text.malloc   0x08004ec4       0x10 c:/siliconlabs/simplicitystudio/v5/developer/toolchains/gnu_arm/12.2.rel1_2023.7/bin/../lib/gcc/arm-none-eabi/12.2.1/thumb/v8-m.main+fp/hard\libc_nano.a(libc_a-malloc.o)
                0x08004ec4                malloc
 .text.sbrk_aligned
                0x08004ed4       0x44 c:/siliconlabs/simplicitystudio/v5/developer/toolchains/gnu_arm/12.2.rel1_2023.7/bin/../lib/gcc/arm-none-eabi/12.2.1/thumb/v8-m.main+fp/hard\libc_nano.a(libc_a-mallocr.o)
 .text._malloc_r
                0x08004f18       0xf0 c:/siliconlabs/simplicitystudio/v5/developer/toolchains/gnu_arm/12.2.rel1_2023.7/bin/../lib/gcc/arm-none-eabi/12.2.1/thumb/v8-m.main+fp/hard\libc_nano.a(libc_a-mallocr.o)
                0x08004f18                _malloc_r
 .text.__malloc_lock
                0x08005008        0xc c:/siliconlabs/simplicitystudio/v5/developer/toolchains/gnu_arm/12.2.rel1_2023.7/bin/../lib/gcc/arm-none-eabi/12.2.1/thumb/v8-m.main+fp/hard\libc_nano.a(libc_a-mlock.o)
                0x08005008                __malloc_lock
 .text.__malloc_unlock
                0x08005014        0xc c:/siliconlabs/simplicitystudio/v5/developer/toolchains/gnu_arm/12.2.rel1_2023.7/bin/../lib/gcc/arm-none-eabi/12.2.1/thumb/v8-m.main+fp/hard\libc_nano.a(libc_a-mlock.o)
                0x08005014                __malloc_unlock
 .text._vfprintf_r
                0x08005020      0x230 c:/siliconlabs/simplicitystudio/v5/developer/toolchains/gnu_arm/12.2.rel1_2023.7/bin/../lib/gcc/arm-none-eabi/12.2.1/thumb/v8-m.main+fp/hard\libc_nano.a(libc_a-nano-vfprintf.o)
                0x08005020                _vfprintf_r
                0x08005020                _vfiprintf_r
 .text._printf_i
                0x08005250      0x258 c:/siliconlabs/simplicitystudio/v5/developer/toolchains/gnu_arm/12.2.rel1_2023.7/bin/../lib/gcc/arm-none-eabi/12.2.1/thumb/v8-m.main+fp/hard\libc_nano.a(libc_a-nano-vfprintf_i.o)
                0x08005250                _printf_i
 .text._fstat_r
                0x080054a8       0x24 c:/siliconlabs/simplicitystudio/v5/developer/toolchains/gnu_arm/12.2.rel1_2023.7/bin/../lib/gcc/arm-none-eabi/12.2.1/thumb/v8-m.main+fp/hard\libc_nano.a(libc_a-fstatr.o)
                0x080054a8                _fstat_r
 .text._isatty_r
                0x080054cc       0x20 c:/siliconlabs/simplicitystudio/v5/developer/toolchains/gnu_arm/12.2.rel1_2023.7/bin/../lib/gcc/arm-none-eabi/12.2.1/thumb/v8-m.main+fp/hard\libc_nano.a(libc_a-isattyr.o)
                0x080054cc                _isatty_r
 .text._sbrk_r  0x080054ec       0x20 c:/siliconlabs/simplicitystudio/v5/developer/toolchains/gnu_arm/12.2.rel1_2023.7/bin/../lib/gcc/arm-none-eabi/12.2.1/thumb/v8-m.main+fp/hard\libc_nano.a(libc_a-sbrkr.o)
                0x080054ec                _sbrk_r
 .text.app_process_action
                0x0800550c        0x2 ./app.o
                0x0800550c                app_process_action
 .text.startup.main
                0x0800550e       0x14 ./main.o
                0x0800550e                main
 .text.mpl_init
                0x08005522        0x2 ./mpl.o
                0x08005522                mpl_init
 .text.decode_rh
                0x08005524       0x16 ./si.o
                0x08005524                decode_rh
 .text.sl_board_default_init
                0x0800553a        0x4 ./autogen/sl_board_default_init.o
                0x0800553a                sl_board_default_init
 .text.sl_platform_init
                0x0800553e       0x26 ./autogen/sl_event_handler.o
                0x0800553e                sl_platform_init
 .text.sl_driver_init
                0x08005564       0x16 ./autogen/sl_event_handler.o
                0x08005564                sl_driver_init
 .text.sl_service_init
                0x0800557a       0x16 ./autogen/sl_event_handler.o
                0x0800557a                sl_service_init
 .text.sl_stack_init
                0x08005590        0x2 ./autogen/sl_event_handler.o
                0x08005590                sl_stack_init
 .text.sl_internal_app_init
                0x08005592        0x2 ./autogen/sl_event_handler.o
                0x08005592                sl_internal_app_init
 .text.sl_platform_process_action
                0x08005594        0x2 ./autogen/sl_event_handler.o
                0x08005594                sl_platform_process_action
 .text.sl_service_process_action
                0x08005596        0x2 ./autogen/sl_event_handler.o
                0x08005596                sl_service_process_action
 .text.sl_stack_process_action
                0x08005598        0x2 ./autogen/sl_event_handler.o
                0x08005598                sl_stack_process_action
 .text.sl_internal_app_process_action
                0x0800559a        0x2 ./autogen/sl_event_handler.o
                0x0800559a                sl_internal_app_process_action
 .text.sl_iostream_eusart_init_instances
                0x0800559c        0x4 ./autogen/sl_iostream_init_eusart_instances.o
                0x0800559c                sl_iostream_eusart_init_instances
 .text.EUSART0_TX_IRQHandler
                0x080055a0        0x4 ./autogen/sl_iostream_init_eusart_instances.o
                0x080055a0                EUSART0_TX_IRQHandler
 .text.sl_board_enable_vcom
                0x080055a4       0x12 ./gecko_sdk_4.4.1/hardware/board/src/sl_board_control_gpio.o
                0x080055a4                sl_board_enable_vcom
 .text.sl_board_configure_vcom
                0x080055b6        0x4 ./gecko_sdk_4.4.1/hardware/board/src/sl_board_control_gpio.o
                0x080055b6                sl_board_configure_vcom
 .text.sl_board_disable_vcom
                0x080055ba       0x12 ./gecko_sdk_4.4.1/hardware/board/src/sl_board_control_gpio.o
                0x080055ba                sl_board_disable_vcom
 .text.sl_board_init
                0x080055cc       0x1c ./gecko_sdk_4.4.1/hardware/board/src/sl_board_init.o
                0x080055cc                sl_board_init
 .text.sl_board_preinit
                0x080055e8        0x8 ./gecko_sdk_4.4.1/hardware/board/src/sl_board_init.o
                0x080055e8                sl_board_preinit
 .text.sli_cos_swo_itm_8_write.constprop.0.isra.0
                0x080055f0       0x78 ./gecko_sdk_4.4.1/hardware/driver/configuration_over_swo/src/sl_cos.o
 .text.sl_cos_send_config
                0x08005668       0x12 ./gecko_sdk_4.4.1/hardware/driver/configuration_over_swo/src/sl_cos.o
                0x08005668                sl_cos_send_config
 .text.sl_cos_config_vcom
                0x0800567a       0x1e ./gecko_sdk_4.4.1/hardware/driver/configuration_over_swo/src/sl_cos.o
                0x0800567a                sl_cos_config_vcom
 .text.Default_Handler
                0x08005698        0x2 ./gecko_sdk_4.4.1/platform/Device/SiliconLabs/EFR32MG24/Source/startup_efr32mg24.o
                0x08005698                ULFRCO_IRQHandler
                0x08005698                AHB2AHB1_IRQHandler
                0x08005698                SW2_IRQHandler
                0x08005698                TIMER2_IRQHandler
                0x08005698                DebugMon_Handler
                0x08005698                USART0_TX_IRQHandler
                0x08005698                IADC_IRQHandler
                0x08005698                I2C0_IRQHandler
                0x08005698                LFXO_IRQHandler
                0x08005698                HardFault_Handler
                0x08005698                SMU_SECURE_IRQHandler
                0x08005698                SysTick_Handler
                0x08005698                SYSRTC_SEQ_IRQHandler
                0x08005698                EMUEFP_IRQHandler
                0x08005698                PendSV_Handler
                0x08005698                NMI_Handler
                0x08005698                SYNTH_IRQHandler
                0x08005698                HOSTMAILBOX_IRQHandler
                0x08005698                HFXO0_IRQHandler
                0x08005698                I2C1_IRQHandler
                0x08005698                WDOG0_IRQHandler
                0x08005698                TIMER3_IRQHandler
                0x08005698                SYSCFG_IRQHandler
                0x08005698                RFECA1_IRQHandler
                0x08005698                EMUDG_IRQHandler
                0x08005698                MSC_IRQHandler
                0x08005698                DPLL0_IRQHandler
                0x08005698                UsageFault_Handler
                0x08005698                WDOG1_IRQHandler
                0x08005698                M33CTI1_IRQHandler
                0x08005698                TIMER4_IRQHandler
                0x08005698                GPIO_EVEN_IRQHandler
                0x08005698                VDAC0_IRQHandler
                0x08005698                SEMBTX_IRQHandler
                0x08005698                SW0_IRQHandler
                0x08005698                TIMER0_IRQHandler
                0x08005698                MVP_IRQHandler
                0x08005698                LETIMER0_IRQHandler
                0x08005698                EUSART1_RX_IRQHandler
                0x08005698                TIMER1_IRQHandler
                0x08005698                HFRCO0_IRQHandler
                0x08005698                SecureFault_Handler
                0x08005698                BUFC_IRQHandler
                0x08005698                DCDC_IRQHandler
                0x08005698                MODEM_IRQHandler
                0x08005698                Default_Handler
                0x08005698                RAC_SEQ_IRQHandler
                0x08005698                FRC_PRI_IRQHandler
                0x08005698                EMU_IRQHandler
                0x08005698                SW3_IRQHandler
                0x08005698                KERNEL0_IRQHandler
                0x08005698                FRC_IRQHandler
                0x08005698                PCNT0_IRQHandler
                0x08005698                KERNEL1_IRQHandler
                0x08005698                AGC_IRQHandler
                0x08005698                EUSART1_TX_IRQHandler
                0x08005698                KEYSCAN_IRQHandler
                0x08005698                sl_app_properties
                0x08005698                HFRCOEM23_IRQHandler
                0x08005698                BURTC_IRQHandler
                0x08005698                SEMBRX_IRQHandler
                0x08005698                RFECA0_IRQHandler
                0x08005698                LFRCO_IRQHandler
                0x08005698                VDAC1_IRQHandler
                0x08005698                ACMP0_IRQHandler
                0x08005698                USART0_RX_IRQHandler
                0x08005698                MemManage_Handler
                0x08005698                AHB2AHB0_IRQHandler
                0x08005698                SVC_Handler
                0x08005698                SMU_S_PRIVILEGED_IRQHandler
                0x08005698                SW1_IRQHandler
                0x08005698                CMU_IRQHandler
                0x08005698                RAC_RSM_IRQHandler
                0x08005698                SETAMPERHOST_IRQHandler
                0x08005698                GPIO_ODD_IRQHandler
                0x08005698                AES_IRQHandler
                0x08005698                M33CTI0_IRQHandler
                0x08005698                ICACHE0_IRQHandler
                0x08005698                SMU_NS_PRIVILEGED_IRQHandler
                0x08005698                FPUEXH_IRQHandler
                0x08005698                PROTIMER_IRQHandler
                0x08005698                ACMP1_IRQHandler
                0x08005698                BusFault_Handler
                0x08005698                MPAHBRAM_IRQHandler
 .text.FlashToRamCopy
                0x0800569a       0x16 ./gecko_sdk_4.4.1/platform/Device/SiliconLabs/EFR32MG24/Source/system_efr32mg24.o
                0x0800569a                FlashToRamCopy
 .text.SystemCLKIN0Get
                0x080056b0        0x4 ./gecko_sdk_4.4.1/platform/Device/SiliconLabs/EFR32MG24/Source/system_efr32mg24.o
                0x080056b0                SystemCLKIN0Get
 .text.SystemLFRCOClockGet
                0x080056b4        0x6 ./gecko_sdk_4.4.1/platform/Device/SiliconLabs/EFR32MG24/Source/system_efr32mg24.o
                0x080056b4                SystemLFRCOClockGet
 .text.SystemULFRCOClockGet
                0x080056ba        0x6 ./gecko_sdk_4.4.1/platform/Device/SiliconLabs/EFR32MG24/Source/system_efr32mg24.o
                0x080056ba                SystemULFRCOClockGet
 .text.assertEFM
                0x080056c0        0x2 ./gecko_sdk_4.4.1/platform/common/src/sl_assert.o
                0x080056c0                assertEFM
 .text.sl_debug_swo_enable_itm
                0x080056c2       0x16 ./gecko_sdk_4.4.1/platform/driver/debug/src/sl_debug_swo.o
                0x080056c2                sl_debug_swo_enable_itm
 .text.sl_debug_swo_disable_itm
                0x080056d8       0x18 ./gecko_sdk_4.4.1/platform/driver/debug/src/sl_debug_swo.o
                0x080056d8                sl_debug_swo_disable_itm
 .text.sl_led_init
                0x080056f0        0x6 ./gecko_sdk_4.4.1/platform/driver/leddrv/src/sl_led.o
                0x080056f0                sl_led_init
 .text.sl_simple_led_init
                0x080056f6       0x22 ./gecko_sdk_4.4.1/platform/driver/leddrv/src/sl_simple_led.o
                0x080056f6                sl_simple_led_init
 .text.sl_simple_led_turn_on
                0x08005718       0x12 ./gecko_sdk_4.4.1/platform/driver/leddrv/src/sl_simple_led.o
                0x08005718                sl_simple_led_turn_on
 .text.sl_simple_led_turn_off
                0x0800572a       0x12 ./gecko_sdk_4.4.1/platform/driver/leddrv/src/sl_simple_led.o
                0x0800572a                sl_simple_led_turn_off
 .text.DMADRV_PeripheralMemory
                0x0800573c       0x34 ./gecko_sdk_4.4.1/platform/emdrv/dmadrv/src/dmadrv.o
                0x0800573c                DMADRV_PeripheralMemory
 .text.BUS_RegMaskedWrite
                0x08005770       0x1e ./gecko_sdk_4.4.1/platform/emlib/src/em_cmu.o
 .text.waitStateMax
                0x0800578e       0x10 ./gecko_sdk_4.4.1/platform/emlib/src/em_cmu.o
 .text.CMU_UpdateWaitStates
                0x0800579e        0xc ./gecko_sdk_4.4.1/platform/emlib/src/em_cmu.o
                0x0800579e                CMU_UpdateWaitStates
 .text.pclkDivMax
                0x080057aa        0xa ./gecko_sdk_4.4.1/platform/emlib/src/em_cmu.o
 .text.sli_em_cmu_SYSCLKInitPostClockSelect
                0x080057b4       0x2a ./gecko_sdk_4.4.1/platform/emlib/src/em_cmu.o
                0x080057b4                sli_em_cmu_SYSCLKInitPostClockSelect
 .text.CORE_EnterCritical
                0x080057de        0x8 ./gecko_sdk_4.4.1/platform/emlib/src/em_core.o
                0x080057de                CORE_EnterCritical
 .text.CORE_ExitCritical
                0x080057e6        0x6 ./gecko_sdk_4.4.1/platform/emlib/src/em_core.o
                0x080057e6                CORE_ExitCritical
 .text.CORE_EnterAtomic
                0x080057ec        0xc ./gecko_sdk_4.4.1/platform/emlib/src/em_core.o
                0x080057ec                CORE_EnterAtomic
 .text.CORE_ExitAtomic
                0x080057f8        0x6 ./gecko_sdk_4.4.1/platform/emlib/src/em_core.o
                0x080057f8                CORE_ExitAtomic
 .text.EMU_EFPEM01VScale
                0x080057fe        0x2 ./gecko_sdk_4.4.1/platform/emlib/src/em_emu.o
                0x080057fe                EMU_EFPEM01VScale
 .text.EMU_DCDCUpdatedHook
                0x08005800        0x2 ./gecko_sdk_4.4.1/platform/emlib/src/em_emu.o
                0x08005800                EMU_DCDCUpdatedHook
 .text.eusart_sync
                0x08005802        0x8 ./gecko_sdk_4.4.1/platform/emlib/src/em_eusart.o
 .text.EUSART_Disable
                0x0800580a       0x34 ./gecko_sdk_4.4.1/platform/emlib/src/em_eusart.o
 .text.EUSART_Tx
                0x0800583e        0xa ./gecko_sdk_4.4.1/platform/emlib/src/em_eusart.o
                0x0800583e                EUSART_Tx
 .text.BUS_RegMaskedWrite
                0x08005848       0x1e ./gecko_sdk_4.4.1/platform/emlib/src/em_gpio.o
 .text.GPIO_DbgLocationSet
                0x08005866        0x2 ./gecko_sdk_4.4.1/platform/emlib/src/em_gpio.o
                0x08005866                GPIO_DbgLocationSet
 .text.USART_SpiTransfer
                0x08005868       0x14 ./gecko_sdk_4.4.1/platform/emlib/src/em_usart.o
                0x08005868                USART_SpiTransfer
 .text.sl_iostream_write
                0x0800587c       0x22 ./gecko_sdk_4.4.1/platform/service/iostream/src/sl_iostream.o
                0x0800587c                sl_iostream_write
 .text.sl_iostream_read
                0x0800589e       0x30 ./gecko_sdk_4.4.1/platform/service/iostream/src/sl_iostream.o
                0x0800589e                sl_iostream_read
 .text.eusart_deinit
                0x080058ce       0x70 ./gecko_sdk_4.4.1/platform/service/iostream/src/sl_iostream_eusart.o
 .text.eusart_set_next_byte_detect
                0x0800593e       0x30 ./gecko_sdk_4.4.1/platform/service/iostream/src/sl_iostream_eusart.o
 .text.eusart_tx
                0x0800596e        0xc ./gecko_sdk_4.4.1/platform/service/iostream/src/sl_iostream_eusart.o
 .text.sl_iostream_eusart_irq_handler
                0x0800597a       0x72 ./gecko_sdk_4.4.1/platform/service/iostream/src/sl_iostream_eusart.o
                0x0800597a                sl_iostream_eusart_irq_handler
 .text._close   0x080059ec        0x4 ./gecko_sdk_4.4.1/platform/service/iostream/src/sl_iostream_retarget_stdio.o
                0x080059ec                _close
 .text._exit    0x080059f0        0x2 ./gecko_sdk_4.4.1/platform/service/iostream/src/sl_iostream_retarget_stdio.o
                0x080059f0                _exit
 .text._fstat   0x080059f2        0xa ./gecko_sdk_4.4.1/platform/service/iostream/src/sl_iostream_retarget_stdio.o
                0x080059f2                _fstat
 .text._isatty  0x080059fc        0x4 ./gecko_sdk_4.4.1/platform/service/iostream/src/sl_iostream_retarget_stdio.o
                0x080059fc                _isatty
 .text._lseek   0x08005a00        0x4 ./gecko_sdk_4.4.1/platform/service/iostream/src/sl_iostream_retarget_stdio.o
                0x08005a00                _lseek
 .text._read    0x08005a04       0x1c ./gecko_sdk_4.4.1/platform/service/iostream/src/sl_iostream_retarget_stdio.o
                0x08005a04                _read
 .text.set_auto_cr_lf
                0x08005a20        0x6 ./gecko_sdk_4.4.1/platform/service/iostream/src/sl_iostream_uart.o
 .text.get_auto_cr_lf
                0x08005a26        0x6 ./gecko_sdk_4.4.1/platform/service/iostream/src/sl_iostream_uart.o
 .text.delay_callback
                0x08005a2c        0x6 ./gecko_sdk_4.4.1/platform/service/sleeptimer/src/sl_sleeptimer.o
 .text.sl_sleeptimer_start_timer
                0x08005a32       0x48 ./gecko_sdk_4.4.1/platform/service/sleeptimer/src/sl_sleeptimer.o
                0x08005a32                sl_sleeptimer_start_timer
 .text.sl_sleeptimer_start_periodic_timer
                0x08005a7a       0x4a ./gecko_sdk_4.4.1/platform/service/sleeptimer/src/sl_sleeptimer.o
                0x08005a7a                sl_sleeptimer_start_periodic_timer
 .text.sleeptimer_hal_get_compare
                0x08005ac4        0x8 ./gecko_sdk_4.4.1/platform/service/sleeptimer/src/sl_sleeptimer_hal_sysrtc.o
                0x08005ac4                sleeptimer_hal_get_compare
 .text.sleeptimer_hal_enable_int
                0x08005acc       0x12 ./gecko_sdk_4.4.1/platform/service/sleeptimer/src/sl_sleeptimer_hal_sysrtc.o
                0x08005acc                sleeptimer_hal_enable_int
 .text.SYSRTC_APP_IRQHandler
                0x08005ade       0x34 ./gecko_sdk_4.4.1/platform/service/sleeptimer/src/sl_sleeptimer_hal_sysrtc.o
                0x08005ade                SYSRTC_APP_IRQHandler
 .text.sleeptimer_hal_get_timer_frequency
                0x08005b12        0x6 ./gecko_sdk_4.4.1/platform/service/sleeptimer/src/sl_sleeptimer_hal_sysrtc.o
                0x08005b12                sleeptimer_hal_get_timer_frequency
 .text.sl_system_init
                0x08005b18       0x1a ./gecko_sdk_4.4.1/platform/service/system/src/sl_system_init.o
                0x08005b18                sl_system_init
 .text.sl_system_process_action
                0x08005b32       0x16 ./gecko_sdk_4.4.1/platform/service/system/src/sl_system_process_action.o
                0x08005b32                sl_system_process_action
 .text._fwalk_sglue
                0x08005b48       0x3c c:/siliconlabs/simplicitystudio/v5/developer/toolchains/gnu_arm/12.2.rel1_2023.7/bin/../lib/gcc/arm-none-eabi/12.2.1/thumb/v8-m.main+fp/hard\libc_nano.a(libc_a-fwalk.o)
                0x08005b48                _fwalk_sglue
 .text._puts_r  0x08005b84       0xaa c:/siliconlabs/simplicitystudio/v5/developer/toolchains/gnu_arm/12.2.rel1_2023.7/bin/../lib/gcc/arm-none-eabi/12.2.1/thumb/v8-m.main+fp/hard\libc_nano.a(libc_a-puts.o)
                0x08005b84                _puts_r
 .text.__sread  0x08005c2e       0x22 c:/siliconlabs/simplicitystudio/v5/developer/toolchains/gnu_arm/12.2.rel1_2023.7/bin/../lib/gcc/arm-none-eabi/12.2.1/thumb/v8-m.main+fp/hard\libc_nano.a(libc_a-stdio.o)
                0x08005c2e                __sread
 .text.__swrite
                0x08005c50       0x38 c:/siliconlabs/simplicitystudio/v5/developer/toolchains/gnu_arm/12.2.rel1_2023.7/bin/../lib/gcc/arm-none-eabi/12.2.1/thumb/v8-m.main+fp/hard\libc_nano.a(libc_a-stdio.o)
                0x08005c50                __swrite
 .text.__sseek  0x08005c88       0x24 c:/siliconlabs/simplicitystudio/v5/developer/toolchains/gnu_arm/12.2.rel1_2023.7/bin/../lib/gcc/arm-none-eabi/12.2.1/thumb/v8-m.main+fp/hard\libc_nano.a(libc_a-stdio.o)
                0x08005c88                __sseek
 .text.__sclose
                0x08005cac        0x8 c:/siliconlabs/simplicitystudio/v5/developer/toolchains/gnu_arm/12.2.rel1_2023.7/bin/../lib/gcc/arm-none-eabi/12.2.1/thumb/v8-m.main+fp/hard\libc_nano.a(libc_a-stdio.o)
                0x08005cac                __sclose
 .text.__swbuf_r
                0x08005cb4       0x7c c:/siliconlabs/simplicitystudio/v5/developer/toolchains/gnu_arm/12.2.rel1_2023.7/bin/../lib/gcc/arm-none-eabi/12.2.1/thumb/v8-m.main+fp/hard\libc_nano.a(libc_a-wbuf.o)
                0x08005cb4                __swbuf_r
 .text.memset   0x08005d30       0x10 c:/siliconlabs/simplicitystudio/v5/developer/toolchains/gnu_arm/12.2.rel1_2023.7/bin/../lib/gcc/arm-none-eabi/12.2.1/thumb/v8-m.main+fp/hard\libc_nano.a(libc_a-memset.o)
                0x08005d30                memset
 .text.__retarget_lock_init_recursive
                0x08005d40        0x2 c:/siliconlabs/simplicitystudio/v5/developer/toolchains/gnu_arm/12.2.rel1_2023.7/bin/../lib/gcc/arm-none-eabi/12.2.1/thumb/v8-m.main+fp/hard\libc_nano.a(libc_a-lock.o)
                0x08005d40                __retarget_lock_init_recursive
 .text.__retarget_lock_acquire_recursive
                0x08005d42        0x2 c:/siliconlabs/simplicitystudio/v5/developer/toolchains/gnu_arm/12.2.rel1_2023.7/bin/../lib/gcc/arm-none-eabi/12.2.1/thumb/v8-m.main+fp/hard\libc_nano.a(libc_a-lock.o)
                0x08005d42                __retarget_lock_acquire_recursive
 .text.__retarget_lock_release_recursive
                0x08005d44        0x2 c:/siliconlabs/simplicitystudio/v5/developer/toolchains/gnu_arm/12.2.rel1_2023.7/bin/../lib/gcc/arm-none-eabi/12.2.1/thumb/v8-m.main+fp/hard\libc_nano.a(libc_a-lock.o)
                0x08005d44                __retarget_lock_release_recursive
 .text.memcpy   0x08005d46       0x1a c:/siliconlabs/simplicitystudio/v5/developer/toolchains/gnu_arm/12.2.rel1_2023.7/bin/../lib/gcc/arm-none-eabi/12.2.1/thumb/v8-m.main+fp/hard\libc_nano.a(libc_a-memcpy-stub.o)
                0x08005d46                memcpy
 .text.__sfputc_r
                0x08005d60       0x2e c:/siliconlabs/simplicitystudio/v5/developer/toolchains/gnu_arm/12.2.rel1_2023.7/bin/../lib/gcc/arm-none-eabi/12.2.1/thumb/v8-m.main+fp/hard\libc_nano.a(libc_a-nano-vfprintf.o)
 .text.__sfputs_r
                0x08005d8e       0x24 c:/siliconlabs/simplicitystudio/v5/developer/toolchains/gnu_arm/12.2.rel1_2023.7/bin/../lib/gcc/arm-none-eabi/12.2.1/thumb/v8-m.main+fp/hard\libc_nano.a(libc_a-nano-vfprintf.o)
                0x08005d8e                __sfputs_r
 .text._printf_common
                0x08005db2       0xe4 c:/siliconlabs/simplicitystudio/v5/developer/toolchains/gnu_arm/12.2.rel1_2023.7/bin/../lib/gcc/arm-none-eabi/12.2.1/thumb/v8-m.main+fp/hard\libc_nano.a(libc_a-nano-vfprintf_i.o)
                0x08005db2                _printf_common
 .text.__sflush_r
                0x08005e96      0x106 c:/siliconlabs/simplicitystudio/v5/developer/toolchains/gnu_arm/12.2.rel1_2023.7/bin/../lib/gcc/arm-none-eabi/12.2.1/thumb/v8-m.main+fp/hard\libc_nano.a(libc_a-fflush.o)
                0x08005e96                __sflush_r
 .text._fflush_r
                0x08005f9c       0x50 c:/siliconlabs/simplicitystudio/v5/developer/toolchains/gnu_arm/12.2.rel1_2023.7/bin/../lib/gcc/arm-none-eabi/12.2.1/thumb/v8-m.main+fp/hard\libc_nano.a(libc_a-fflush.o)
                0x08005f9c                _fflush_r
 .text.__swhatbuf_r
                0x08005fec       0x4a c:/siliconlabs/simplicitystudio/v5/developer/toolchains/gnu_arm/12.2.rel1_2023.7/bin/../lib/gcc/arm-none-eabi/12.2.1/thumb/v8-m.main+fp/hard\libc_nano.a(libc_a-makebuf.o)
                0x08005fec                __swhatbuf_r
 .text.__smakebuf_r
                0x08006036       0x78 c:/siliconlabs/simplicitystudio/v5/developer/toolchains/gnu_arm/12.2.rel1_2023.7/bin/../lib/gcc/arm-none-eabi/12.2.1/thumb/v8-m.main+fp/hard\libc_nano.a(libc_a-makebuf.o)
                0x08006036                __smakebuf_r
 .text._putc_r  0x080060ae       0x68 c:/siliconlabs/simplicitystudio/v5/developer/toolchains/gnu_arm/12.2.rel1_2023.7/bin/../lib/gcc/arm-none-eabi/12.2.1/thumb/v8-m.main+fp/hard\libc_nano.a(libc_a-putc.o)
                0x080060ae                _putc_r
 .text.memchr   0x08006116       0x1c c:/siliconlabs/simplicitystudio/v5/developer/toolchains/gnu_arm/12.2.rel1_2023.7/bin/../lib/gcc/arm-none-eabi/12.2.1/thumb/v8-m.main+fp/hard\libc_nano.a(libc_a-memchr-stub.o)
                0x08006116                memchr
                0x08006140                . = ALIGN (0x20)
 *fill*         0x08006132        0xe 
                0x08006140                linker_code_end = .
 *(.init)
 .init          0x08006140        0x4 c:/siliconlabs/simplicitystudio/v5/developer/toolchains/gnu_arm/12.2.rel1_2023.7/bin/../lib/gcc/arm-none-eabi/12.2.1/thumb/v8-m.main+fp/hard/crti.o
                0x08006140                _init
 .init          0x08006144        0x8 c:/siliconlabs/simplicitystudio/v5/developer/toolchains/gnu_arm/12.2.rel1_2023.7/bin/../lib/gcc/arm-none-eabi/12.2.1/thumb/v8-m.main+fp/hard/crtn.o
 *(.fini)
 .fini          0x0800614c        0x4 c:/siliconlabs/simplicitystudio/v5/developer/toolchains/gnu_arm/12.2.rel1_2023.7/bin/../lib/gcc/arm-none-eabi/12.2.1/thumb/v8-m.main+fp/hard/crti.o
                0x0800614c                _fini
 .fini          0x08006150        0x8 c:/siliconlabs/simplicitystudio/v5/developer/toolchains/gnu_arm/12.2.rel1_2023.7/bin/../lib/gcc/arm-none-eabi/12.2.1/thumb/v8-m.main+fp/hard/crtn.o
 *crtbegin.o(.ctors)
 *crtbegin?.o(.ctors)
 *(EXCLUDE_FILE(*crtend.o *crtend?.o) .ctors)
 *(SORT_BY_NAME(.ctors.*))
 *(.ctors)
 *crtbegin.o(.dtors)
 *crtbegin?.o(.dtors)
 *(EXCLUDE_FILE(*crtend.o *crtend?.o) .dtors)
 *(SORT_BY_NAME(.dtors.*))
 *(.dtors)
                0x08006158                __code_classification_validator_start__ = .
                0x08006178                . = (. + 0x20)
 *fill*         0x08006158       0x20 
 *(code_classification_validator)
                0x08006180                . = ALIGN (0x20)
 *fill*         0x08006178        0x8 
                0x08006180                __code_classification_validator_end__ = .
 *(.rodata*)
 .rodata.app_init.str1.1
                0x08006180      0x12e ./app.o
                                0x130 (size before relaxing)
 .rodata.AS7331_ChangeMode.str1.1
                0x080062ae        0x8 ./as.o
 .rodata.as_dev_id.str1.1
                0x080062b6       0x21 ./as.o
 .rodata.as_init.str1.1
                0x080062d7      0x106 ./as.o
 .rodata.mpl_dev_id.str1.1
                0x080063dd       0x13 ./mpl.o
                                 0x2d (size before relaxing)
 .rodata.SI7021_measure.constprop.0.str1.1
                0x080063f0        0x8 ./si.o
 .rodata.si_dev_id.str1.1
                0x080063f8        0x7 ./si.o
                                 0x21 (size before relaxing)
 .rodata.sl_iostream_eusart_init_vcom.str1.1
                0x080063ff       0x2f ./autogen/sl_iostream_init_eusart_instances.o
 *fill*         0x0800642e        0x2 
 .rodata        0x08006430       0x20 ./autogen/sl_iostream_init_eusart_instances.o
 .rodata.sl_led_led1
                0x08006450       0x18 ./autogen/sl_simple_led_instances.o
                0x08006450                sl_led_led1
 .rodata.sl_led_led0
                0x08006468       0x18 ./autogen/sl_simple_led_instances.o
                0x08006468                sl_led_led0
 .rodata.sl_board_enable_sensor.str1.1
                0x08006480       0x3e ./gecko_sdk_4.4.1/hardware/board/src/sl_board_control_gpio.o
 *fill*         0x080064be        0x2 
 .rodata        0x080064c0       0x1c ./gecko_sdk_4.4.1/hardware/driver/mx25_flash_shutdown/src/sl_mx25_flash_shutdown_usart/sl_mx25_flash_shutdown.o
 .rodata.I2CSPM_Init.str1.1
                0x080064dc       0xa1 ./gecko_sdk_4.4.1/platform/driver/i2cspm/src/sl_i2cspm.o
 *fill*         0x0800657d        0x1 
 .rodata.CSWTCH.10
                0x0800657e        0x8 ./gecko_sdk_4.4.1/platform/driver/i2cspm/src/sl_i2cspm.o
 .rodata.GPIO_PinOutClear.str1.1
                0x08006586       0x67 ./gecko_sdk_4.4.1/platform/driver/leddrv/src/sl_simple_led.o
 .rodata.CSWTCH.18
                0x08006586        0x8 ./gecko_sdk_4.4.1/platform/driver/leddrv/src/sl_simple_led.o
 .rodata        0x0800658e        0x4 ./gecko_sdk_4.4.1/platform/emdrv/dmadrv/src/dmadrv.o
 .rodata.HFRCODPLLDevinfoGet.str1.1
                0x08006592       0x2f ./gecko_sdk_4.4.1/platform/emlib/src/em_cmu.o
 .rodata.EMU_VScaleEM01.str1.1
                0x080065c1       0x2f ./gecko_sdk_4.4.1/platform/emlib/src/em_emu.o
 .rodata.EUSART_Enable.str1.1
                0x080065f0       0x32 ./gecko_sdk_4.4.1/platform/emlib/src/em_eusart.o
 .rodata.GPIO_PinOutSet.str1.1
                0x08006622       0x67 ./gecko_sdk_4.4.1/platform/emlib/src/em_gpio.o
 .rodata.GPIO_ExtIntConfig.str1.1
                0x08006622       0x30 ./gecko_sdk_4.4.1/platform/emlib/src/em_gpio.o
 .rodata.CSWTCH.31
                0x08006652        0x8 ./gecko_sdk_4.4.1/platform/emlib/src/em_gpio.o
 .rodata.I2C_BusFreqGet.str1.1
                0x0800665a       0x2f ./gecko_sdk_4.4.1/platform/emlib/src/em_i2c.o
 .rodata.i2cNSum
                0x08006689        0x4 ./gecko_sdk_4.4.1/platform/emlib/src/em_i2c.o
 .rodata.LDMA_EnableChannelRequest.str1.1
                0x0800668d       0x96 ./gecko_sdk_4.4.1/platform/emlib/src/em_ldma.o
 .rodata.USART_BaudrateAsyncSet.str1.1
                0x08006723       0x31 ./gecko_sdk_4.4.1/platform/emlib/src/em_usart.o
 .rodata.sl_hal_sysrtc_init_group.str1.1
                0x08006754       0x3f ./gecko_sdk_4.4.1/platform/peripheral/src/peripheral_sysrtc.o
 .rodata        0x08006793        0x7 ./gecko_sdk_4.4.1/platform/service/device_init/src/sl_device_init_dcdc_s2.o
 *fill*         0x0800679a        0x2 
 .rodata        0x0800679c       0x28 ./gecko_sdk_4.4.1/platform/service/device_init/src/sl_device_init_hfxo_s2.o
 .rodata        0x080067c4       0x14 ./gecko_sdk_4.4.1/platform/service/device_init/src/sl_device_init_lfxo_s2.o
 .rodata._write.str1.1
                0x080067d8       0x4e ./gecko_sdk_4.4.1/platform/service/iostream/src/sl_iostream_retarget_stdio.o
 .rodata.get_write_ptr.str1.1
                0x08006826       0x44 ./gecko_sdk_4.4.1/platform/service/iostream/src/sl_iostream_uart.o
 .rodata.process_timer_irq.str1.1
                0x0800686a       0x43 ./gecko_sdk_4.4.1/platform/service/sleeptimer/src/sl_sleeptimer.o
 .rodata.sl_udelay_wait.str1.1
                0x080068ad       0x3b ./gecko_sdk_4.4.1/platform/service/udelay/src/sl_udelay.o
 .rodata._vfprintf_r.str1.1
                0x080068e8       0x11 c:/siliconlabs/simplicitystudio/v5/developer/toolchains/gnu_arm/12.2.rel1_2023.7/bin/../lib/gcc/arm-none-eabi/12.2.1/thumb/v8-m.main+fp/hard\libc_nano.a(libc_a-nano-vfprintf.o)
 .rodata._printf_i.str1.1
                0x080068f9       0x22 c:/siliconlabs/simplicitystudio/v5/developer/toolchains/gnu_arm/12.2.rel1_2023.7/bin/../lib/gcc/arm-none-eabi/12.2.1/thumb/v8-m.main+fp/hard\libc_nano.a(libc_a-nano-vfprintf_i.o)
 *(.eh_frame*)
 *fill*         0x0800691b        0x1 
 .eh_frame      0x0800691c        0x0 c:/siliconlabs/simplicitystudio/v5/developer/toolchains/gnu_arm/12.2.rel1_2023.7/bin/../lib/gcc/arm-none-eabi/12.2.1/thumb/v8-m.main+fp/hard/crtbegin.o

.glue_7         0x0800691c        0x0
 .glue_7        0x0800691c        0x0 linker stubs

.glue_7t        0x0800691c        0x0
 .glue_7t       0x0800691c        0x0 linker stubs

.vfp11_veneer   0x0800691c        0x0
 .vfp11_veneer  0x0800691c        0x0 linker stubs

.v4_bx          0x0800691c        0x0
 .v4_bx         0x0800691c        0x0 linker stubs

.iplt           0x0800691c        0x0
 .iplt          0x0800691c        0x0 c:/siliconlabs/simplicitystudio/v5/developer/toolchains/gnu_arm/12.2.rel1_2023.7/bin/../lib/gcc/arm-none-eabi/12.2.1/thumb/v8-m.main+fp/hard/crtbegin.o

.ARM.extab
 *(.ARM.extab* .gnu.linkonce.armextab.*)
                0x0800691c                __exidx_start = .

.ARM.exidx      0x0800691c        0x8
 *(.ARM.exidx* .gnu.linkonce.armexidx.*)
 .ARM.exidx     0x0800691c        0x8 c:/siliconlabs/simplicitystudio/v5/developer/toolchains/gnu_arm/12.2.rel1_2023.7/bin/../lib/gcc/arm-none-eabi/12.2.1/thumb/v8-m.main+fp/hard/crt0.o
                                 0x10 (size before relaxing)
 .ARM.exidx.text.__udivmoddi4
                0x08006924        0x0 c:/siliconlabs/simplicitystudio/v5/developer/toolchains/gnu_arm/12.2.rel1_2023.7/bin/../lib/gcc/arm-none-eabi/12.2.1/thumb/v8-m.main+fp/hard\libgcc.a(_udivmoddi4.o)
                                  0x8 (size before relaxing)
                0x08006924                __exidx_end = .

.rel.dyn        0x08006924        0x0
 .rel.iplt      0x08006924        0x0 c:/siliconlabs/simplicitystudio/v5/developer/toolchains/gnu_arm/12.2.rel1_2023.7/bin/../lib/gcc/arm-none-eabi/12.2.1/thumb/v8-m.main+fp/hard/crtbegin.o

.copy.table     0x08006924        0xc
                0x08006924                . = ALIGN (0x4)
                0x08006924                __copy_table_start__ = .
                0x08006924        0x4 LONG 0x8006930 __etext
                0x08006928        0x4 LONG 0x20001000 __data_start__
                0x0800692c        0x4 LONG 0x27 ((__data_end__ - __data_start__) / 0x4)
                0x08006930                __copy_table_end__ = .

.zero.table     0x08006930        0x0
                0x08006930                . = ALIGN (0x4)
                0x08006930                __zero_table_start__ = .
                0x08006930                __zero_table_end__ = .
                0x08006930                __etext = .
                0x20000000                . = ORIGIN (RAM)

.stack          0x20000000     0x1000
                0x20000000                __StackLimit = .
 *(.stack*)
 .stack         0x20000000     0x1000 ./gecko_sdk_4.4.1/platform/common/toolchain/src/sl_memory.o
                0x20001000                . = ALIGN (0x4)
                0x20001000                __StackTop = .
                0x20001000                PROVIDE (__stack = __StackTop)

.noinit
 *(.noinit*)

.data           0x20001000       0x9c load address 0x08006930
                0x20001000                . = ALIGN (0x4)
                0x20001000                __data_start__ = .
 *(vtable)
 *(SORT_BY_ALIGNMENT(.data*))
 .data.init_sensor
                0x20001000       0x14 ./autogen/sl_i2cspm_init.o
                0x20001000                init_sensor
 .data.sl_i2cspm_sensor
                0x20001014        0x4 ./autogen/sl_i2cspm_init.o
                0x20001014                sl_i2cspm_sensor
 .data.SystemCoreClock
                0x20001018        0x4 ./gecko_sdk_4.4.1/platform/Device/SiliconLabs/EFR32MG24/Source/system_efr32mg24.o
                0x20001018                SystemCoreClock
 .data.SystemHFRCODPLLClock
                0x2000101c        0x4 ./gecko_sdk_4.4.1/platform/Device/SiliconLabs/EFR32MG24/Source/system_efr32mg24.o
 .data.SystemLFXOClock
                0x20001020        0x4 ./gecko_sdk_4.4.1/platform/Device/SiliconLabs/EFR32MG24/Source/system_efr32mg24.o
 .data.SystemHFXOClock
                0x20001024        0x4 ./gecko_sdk_4.4.1/platform/Device/SiliconLabs/EFR32MG24/Source/system_efr32mg24.o
 .data.heap_end.0
                0x20001028        0x4 ./gecko_sdk_4.4.1/platform/common/toolchain/src/sl_memory.o
 .data.__sglue  0x2000102c        0xc c:/siliconlabs/simplicitystudio/v5/developer/toolchains/gnu_arm/12.2.rel1_2023.7/bin/../lib/gcc/arm-none-eabi/12.2.1/thumb/v8-m.main+fp/hard\libc_nano.a(libc_a-findfp.o)
                0x2000102c                __sglue
 .data._impure_ptr
                0x20001038        0x4 c:/siliconlabs/simplicitystudio/v5/developer/toolchains/gnu_arm/12.2.rel1_2023.7/bin/../lib/gcc/arm-none-eabi/12.2.1/thumb/v8-m.main+fp/hard\libc_nano.a(libc_a-impure.o)
                0x20001038                _impure_ptr
 .data._impure_data
                0x2000103c       0x4c c:/siliconlabs/simplicitystudio/v5/developer/toolchains/gnu_arm/12.2.rel1_2023.7/bin/../lib/gcc/arm-none-eabi/12.2.1/thumb/v8-m.main+fp/hard\libc_nano.a(libc_a-impure.o)
                0x2000103c                _impure_data
 .data.hfxo_precision
                0x20001088        0x2 ./gecko_sdk_4.4.1/platform/emlib/src/em_cmu.o
 .data.lfxo_precision
                0x2000108a        0x2 ./gecko_sdk_4.4.1/platform/emlib/src/em_cmu.o
 .data.simple_led1_context
                0x2000108c        0x3 ./autogen/sl_simple_led_instances.o
                0x2000108c                simple_led1_context
 .data.simple_led0_context
                0x2000108f        0x3 ./autogen/sl_simple_led_instances.o
                0x2000108f                simple_led0_context
 .data.ctuneDelta
                0x20001092        0x1 ./gecko_sdk_4.4.1/platform/emlib/src/em_cmu.o
 .data.cc_disabled
                0x20001093        0x1 ./gecko_sdk_4.4.1/platform/service/sleeptimer/src/sl_sleeptimer_hal_sysrtc.o
                0x20001094                . = ALIGN (0x4)
                [!provide]                PROVIDE (__ram_func_section_start = .)
 *(.ram)
                [!provide]                PROVIDE (__ram_func_section_end = .)
                0x20001094                . = ALIGN (0x4)
                0x20001094                PROVIDE (__preinit_array_start = .)
 *(.preinit_array)
                0x20001094                PROVIDE (__preinit_array_end = .)
                0x20001094                . = ALIGN (0x4)
                0x20001094                PROVIDE (__init_array_start = .)
 *(SORT_BY_NAME(.init_array.*))
 *(.init_array)
 .init_array    0x20001094        0x4 c:/siliconlabs/simplicitystudio/v5/developer/toolchains/gnu_arm/12.2.rel1_2023.7/bin/../lib/gcc/arm-none-eabi/12.2.1/thumb/v8-m.main+fp/hard/crtbegin.o
                0x20001098                PROVIDE (__init_array_end = .)
                0x20001098                . = ALIGN (0x4)
                [!provide]                PROVIDE (__fini_array_start = .)
 *(SORT_BY_NAME(.fini_array.*))
 *(.fini_array)
 .fini_array    0x20001098        0x4 c:/siliconlabs/simplicitystudio/v5/developer/toolchains/gnu_arm/12.2.rel1_2023.7/bin/../lib/gcc/arm-none-eabi/12.2.1/thumb/v8-m.main+fp/hard/crtbegin.o
                [!provide]                PROVIDE (__fini_array_end = .)
                0x2000109c                . = ALIGN (0x4)
                0x2000109c                __data_end__ = .

.tm_clone_table
                0x2000109c        0x0 load address 0x080069cc
 .tm_clone_table
                0x2000109c        0x0 c:/siliconlabs/simplicitystudio/v5/developer/toolchains/gnu_arm/12.2.rel1_2023.7/bin/../lib/gcc/arm-none-eabi/12.2.1/thumb/v8-m.main+fp/hard/crtbegin.o
 .tm_clone_table
                0x2000109c        0x0 c:/siliconlabs/simplicitystudio/v5/developer/toolchains/gnu_arm/12.2.rel1_2023.7/bin/../lib/gcc/arm-none-eabi/12.2.1/thumb/v8-m.main+fp/hard/crtend.o

.igot.plt       0x2000109c        0x0 load address 0x080069cc
 .igot.plt      0x2000109c        0x0 c:/siliconlabs/simplicitystudio/v5/developer/toolchains/gnu_arm/12.2.rel1_2023.7/bin/../lib/gcc/arm-none-eabi/12.2.1/thumb/v8-m.main+fp/hard/crtbegin.o

.bss            0x2000109c      0x3e8 load address 0x080069cc
                0x2000109c                . = ALIGN (0x4)
                0x2000109c                __bss_start__ = .
 *(SORT_BY_ALIGNMENT(.bss*))
 .bss.object.0  0x2000109c       0x18 c:/siliconlabs/simplicitystudio/v5/developer/toolchains/gnu_arm/12.2.rel1_2023.7/bin/../lib/gcc/arm-none-eabi/12.2.1/thumb/v8-m.main+fp/hard/crtbegin.o
 .bss.delay_timer
                0x200010b4       0x20 ./si.o
 .bss.low_limit
                0x200010d4        0x4 ./si.o
 .bss.high_limit
                0x200010d8        0x4 ./si.o
 .bss.start_temperature
                0x200010dc        0x4 ./si.o
 .bss.relative_humidity
                0x200010e0        0x4 ./si.o
 .bss.context_vcom
                0x200010e4       0x64 ./autogen/sl_iostream_init_eusart_instances.o
 .bss.sl_iostream_vcom
                0x20001148       0x18 ./autogen/sl_iostream_init_eusart_instances.o
 .bss.dmaXfer   0x20001160      0x100 ./gecko_sdk_4.4.1/platform/emdrv/dmadrv/src/dmadrv.o
 .bss.chTable   0x20001260       0x80 ./gecko_sdk_4.4.1/platform/emdrv/dmadrv/src/dmadrv.o
 .bss.i2cTransfer
                0x200012e0       0x18 ./gecko_sdk_4.4.1/platform/emlib/src/em_i2c.o
 .bss.sli_iostream_default
                0x200012f8        0x4 ./gecko_sdk_4.4.1/platform/service/iostream/src/sl_iostream.o
 .bss.max_millisecond_conversion
                0x200012fc        0x4 ./gecko_sdk_4.4.1/platform/service/sleeptimer/src/sl_sleeptimer.o
 .bss.last_delta_update_count
                0x20001300        0x4 ./gecko_sdk_4.4.1/platform/service/sleeptimer/src/sl_sleeptimer.o
 .bss.timer_head
                0x20001304        0x4 ./gecko_sdk_4.4.1/platform/service/sleeptimer/src/sl_sleeptimer.o
 .bss.timer_frequency
                0x20001308        0x4 ./gecko_sdk_4.4.1/platform/service/sleeptimer/src/sl_sleeptimer.o
 .bss.__sf      0x2000130c      0x138 c:/siliconlabs/simplicitystudio/v5/developer/toolchains/gnu_arm/12.2.rel1_2023.7/bin/../lib/gcc/arm-none-eabi/12.2.1/thumb/v8-m.main+fp/hard\libc_nano.a(libc_a-findfp.o)
                0x2000130c                __sf
 .bss.__stdio_exit_handler
                0x20001444        0x4 c:/siliconlabs/simplicitystudio/v5/developer/toolchains/gnu_arm/12.2.rel1_2023.7/bin/../lib/gcc/arm-none-eabi/12.2.1/thumb/v8-m.main+fp/hard\libc_nano.a(libc_a-findfp.o)
                0x20001444                __stdio_exit_handler
 .bss.errno     0x20001448        0x4 c:/siliconlabs/simplicitystudio/v5/developer/toolchains/gnu_arm/12.2.rel1_2023.7/bin/../lib/gcc/arm-none-eabi/12.2.1/thumb/v8-m.main+fp/hard\libc_nano.a(libc_a-reent.o)
                0x20001448                errno
 .bss.__malloc_sbrk_start
                0x2000144c        0x4 c:/siliconlabs/simplicitystudio/v5/developer/toolchains/gnu_arm/12.2.rel1_2023.7/bin/../lib/gcc/arm-none-eabi/12.2.1/thumb/v8-m.main+fp/hard\libc_nano.a(libc_a-mallocr.o)
                0x2000144c                __malloc_sbrk_start
 .bss.__malloc_free_list
                0x20001450        0x4 c:/siliconlabs/simplicitystudio/v5/developer/toolchains/gnu_arm/12.2.rel1_2023.7/bin/../lib/gcc/arm-none-eabi/12.2.1/thumb/v8-m.main+fp/hard\libc_nano.a(libc_a-mallocr.o)
                0x20001450                __malloc_free_list
 .bss.overflow_counter
                0x20001454        0x2 ./gecko_sdk_4.4.1/platform/service/sleeptimer/src/sl_sleeptimer.o
 .bss.completed.1
                0x20001456        0x1 c:/siliconlabs/simplicitystudio/v5/developer/toolchains/gnu_arm/12.2.rel1_2023.7/bin/../lib/gcc/arm-none-eabi/12.2.1/thumb/v8-m.main+fp/hard/crtbegin.o
 .bss.read_sensor_data
                0x20001457        0x1 ./si.o
 .bss.rx_buffer_vcom
                0x20001458       0x20 ./autogen/sl_iostream_init_eusart_instances.o
 .bss.initialized
                0x20001478        0x1 ./gecko_sdk_4.4.1/platform/emdrv/dmadrv/src/dmadrv.o
 .bss.vScaleEM01Config
                0x20001479        0x1 ./gecko_sdk_4.4.1/platform/emlib/src/em_emu.o
 .bss.dali_rx_nb_packets
                0x2000147a        0x2 ./gecko_sdk_4.4.1/platform/emlib/src/em_eusart.o
 .bss.dali_tx_nb_packets
                0x2000147c        0x2 ./gecko_sdk_4.4.1/platform/emlib/src/em_eusart.o
 .bss.sleep_on_isr_exit
                0x2000147e        0x1 ./gecko_sdk_4.4.1/platform/service/sleeptimer/src/sl_sleeptimer.o
 .bss.next_timer_to_expire_is_power_manager
                0x2000147f        0x1 ./gecko_sdk_4.4.1/platform/service/sleeptimer/src/sl_sleeptimer.o
 .bss.is_sleeptimer_initialized
                0x20001480        0x1 ./gecko_sdk_4.4.1/platform/service/sleeptimer/src/sl_sleeptimer.o
 .bss.__lock___malloc_recursive_mutex
                0x20001481        0x1 c:/siliconlabs/simplicitystudio/v5/developer/toolchains/gnu_arm/12.2.rel1_2023.7/bin/../lib/gcc/arm-none-eabi/12.2.1/thumb/v8-m.main+fp/hard\libc_nano.a(libc_a-lock.o)
                0x20001481                __lock___malloc_recursive_mutex
 .bss.__lock___sfp_recursive_mutex
                0x20001482        0x1 c:/siliconlabs/simplicitystudio/v5/developer/toolchains/gnu_arm/12.2.rel1_2023.7/bin/../lib/gcc/arm-none-eabi/12.2.1/thumb/v8-m.main+fp/hard\libc_nano.a(libc_a-lock.o)
                0x20001482                __lock___sfp_recursive_mutex
 *(COMMON)
                0x20001484                . = ALIGN (0x4)
 *fill*         0x20001483        0x1 
                0x20001484                __bss_end__ = .
                0x20001484                __ramfuncs_start__ = .
                0x20001484                __vma_ramfuncs_start__ = .
                0x080069cc                __lma_ramfuncs_start__ = (__etext + SIZEOF (.data))
                0x00000000                __text_application_ram_offset__ = (. - __vma_ramfuncs_start__)

text_application_ram
                0x20001484        0x0 load address 0x080069cc
                0x20001484                . = ALIGN (0x4)
                0x20001484                __text_application_ram_start__ = .
 *(text_application_ram)
                0x20001484                . = ALIGN (0x4)
                0x20001484                __text_application_ram_end__ = .
                0x20001484                . = ALIGN (0x4)
                0x20001484                __vma_ramfuncs_end__ = .
                0x080069cc                __lma_ramfuncs_end__ = ((__lma_ramfuncs_start__ + __text_application_ram_offset__) + SIZEOF (text_application_ram))
                0x20001484                __ramfuncs_end__ = .

.heap           0x20001488      0x800
                0x20001488                __HeapBase = .
                0x20001488                __end__ = .
                0x20001488                end = __end__
                0x20001488                _end = __end__
 *(.heap*)
 .heap          0x20001488      0x800 ./gecko_sdk_4.4.1/platform/common/toolchain/src/sl_memory.o
                0x20040000                __HeapLimit = (ORIGIN (RAM) + LENGTH (RAM))
                0x0003eb78                __heap_size = (__HeapLimit - __HeapBase)
                0x20040000                __ram_end__ = 0x20040000
                0x0817e000                __main_flash_end__ = 0x817e000

.internal_storage
 *(.internal_storage*)

.nvm
 *(.simee*)
                0x0817e000                linker_nvm_end = __main_flash_end__
                0x0817e000                linker_nvm_begin = (linker_nvm_end - SIZEOF (.nvm))
                0x00000000                linker_nvm_size = SIZEOF (.nvm)
                0x0817e000                linker_storage_end = linker_nvm_begin
                0x0817e000                __nvm3Base = linker_nvm_begin
                0x0817e000                linker_storage_begin = (linker_storage_end - SIZEOF (.internal_storage))
                0x00000000                linker_storage_size = SIZEOF (.internal_storage)
                0x00000001                ASSERT ((linker_storage_begin >= (__etext + SIZEOF (.data))), FLASH memory overflowed !)
                0x0817e000                app_flash_end = 0x817e000
                0x00000001                ASSERT (((linker_nvm_begin + SIZEOF (.nvm)) <= app_flash_end), NVM3 is excessing the flash size !)
OUTPUT(LPHR_Software.axf elf32-littlearm)
LOAD linker stubs

.ARM.attributes
                0x00000000       0x36
 .ARM.attributes
                0x00000000       0x26 c:/siliconlabs/simplicitystudio/v5/developer/toolchains/gnu_arm/12.2.rel1_2023.7/bin/../lib/gcc/arm-none-eabi/12.2.1/thumb/v8-m.main+fp/hard/crti.o
 .ARM.attributes
                0x00000026       0x38 c:/siliconlabs/simplicitystudio/v5/developer/toolchains/gnu_arm/12.2.rel1_2023.7/bin/../lib/gcc/arm-none-eabi/12.2.1/thumb/v8-m.main+fp/hard/crtbegin.o
 .ARM.attributes
                0x0000005e       0x24 c:/siliconlabs/simplicitystudio/v5/developer/toolchains/gnu_arm/12.2.rel1_2023.7/bin/../lib/gcc/arm-none-eabi/12.2.1/thumb/v8-m.main+fp/hard/crt0.o
 .ARM.attributes
                0x00000082       0x3a ./app.o
 .ARM.attributes
                0x000000bc       0x3a ./as.o
 .ARM.attributes
                0x000000f6       0x3a ./main.o
 .ARM.attributes
                0x00000130       0x3a ./mpl.o
 .ARM.attributes
                0x0000016a       0x3a ./si.o
 .ARM.attributes
                0x000001a4       0x3a ./autogen/sl_board_default_init.o
 .ARM.attributes
                0x000001de       0x3a ./autogen/sl_device_init_clocks.o
 .ARM.attributes
                0x00000218       0x3a ./autogen/sl_event_handler.o
 .ARM.attributes
                0x00000252       0x3a ./autogen/sl_i2cspm_init.o
 .ARM.attributes
                0x0000028c       0x3a ./autogen/sl_iostream_init_eusart_instances.o
 .ARM.attributes
                0x000002c6       0x3a ./autogen/sl_simple_led_instances.o
 .ARM.attributes
                0x00000300       0x3a ./gecko_sdk_4.4.1/hardware/board/src/sl_board_control_gpio.o
 .ARM.attributes
                0x0000033a       0x3a ./gecko_sdk_4.4.1/hardware/board/src/sl_board_init.o
 .ARM.attributes
                0x00000374       0x3a ./gecko_sdk_4.4.1/hardware/driver/configuration_over_swo/src/sl_cos.o
 .ARM.attributes
                0x000003ae       0x3a ./gecko_sdk_4.4.1/hardware/driver/mx25_flash_shutdown/src/sl_mx25_flash_shutdown_usart/sl_mx25_flash_shutdown.o
 .ARM.attributes
                0x000003e8       0x3a ./gecko_sdk_4.4.1/platform/Device/SiliconLabs/EFR32MG24/Source/startup_efr32mg24.o
 .ARM.attributes
                0x00000422       0x3a ./gecko_sdk_4.4.1/platform/Device/SiliconLabs/EFR32MG24/Source/system_efr32mg24.o
 .ARM.attributes
                0x0000045c       0x3a ./gecko_sdk_4.4.1/platform/common/src/sl_assert.o
 .ARM.attributes
                0x00000496       0x3a ./gecko_sdk_4.4.1/platform/common/toolchain/src/sl_memory.o
 .ARM.attributes
                0x000004d0       0x3a ./gecko_sdk_4.4.1/platform/driver/debug/src/sl_debug_swo.o
 .ARM.attributes
                0x0000050a       0x3a ./gecko_sdk_4.4.1/platform/driver/i2cspm/src/sl_i2cspm.o
 .ARM.attributes
                0x00000544       0x3a ./gecko_sdk_4.4.1/platform/driver/leddrv/src/sl_led.o
 .ARM.attributes
                0x0000057e       0x3a ./gecko_sdk_4.4.1/platform/driver/leddrv/src/sl_simple_led.o
 .ARM.attributes
                0x000005b8       0x3a ./gecko_sdk_4.4.1/platform/emdrv/dmadrv/src/dmadrv.o
 .ARM.attributes
                0x000005f2       0x3a ./gecko_sdk_4.4.1/platform/emlib/src/em_cmu.o
 .ARM.attributes
                0x0000062c       0x3a ./gecko_sdk_4.4.1/platform/emlib/src/em_core.o
 .ARM.attributes
                0x00000666       0x3a ./gecko_sdk_4.4.1/platform/emlib/src/em_emu.o
 .ARM.attributes
                0x000006a0       0x3a ./gecko_sdk_4.4.1/platform/emlib/src/em_eusart.o
 .ARM.attributes
                0x000006da       0x3a ./gecko_sdk_4.4.1/platform/emlib/src/em_gpio.o
 .ARM.attributes
                0x00000714       0x3a ./gecko_sdk_4.4.1/platform/emlib/src/em_i2c.o
 .ARM.attributes
                0x0000074e       0x3a ./gecko_sdk_4.4.1/platform/emlib/src/em_ldma.o
 .ARM.attributes
                0x00000788       0x3a ./gecko_sdk_4.4.1/platform/emlib/src/em_usart.o
 .ARM.attributes
                0x000007c2       0x3a ./gecko_sdk_4.4.1/platform/peripheral/src/peripheral_sysrtc.o
 .ARM.attributes
                0x000007fc       0x3a ./gecko_sdk_4.4.1/platform/service/device_init/src/sl_device_init_dcdc_s2.o
 .ARM.attributes
                0x00000836       0x3a ./gecko_sdk_4.4.1/platform/service/device_init/src/sl_device_init_emu_s2.o
 .ARM.attributes
                0x00000870       0x3a ./gecko_sdk_4.4.1/platform/service/device_init/src/sl_device_init_hfxo_s2.o
 .ARM.attributes
                0x000008aa       0x3a ./gecko_sdk_4.4.1/platform/service/device_init/src/sl_device_init_lfxo_s2.o
 .ARM.attributes
                0x000008e4       0x3a ./gecko_sdk_4.4.1/platform/service/device_init/src/sl_device_init_nvic.o
 .ARM.attributes
                0x0000091e       0x3a ./gecko_sdk_4.4.1/platform/service/iostream/src/sl_iostream.o
 .ARM.attributes
                0x00000958       0x3a ./gecko_sdk_4.4.1/platform/service/iostream/src/sl_iostream_eusart.o
 .ARM.attributes
                0x00000992       0x3a ./gecko_sdk_4.4.1/platform/service/iostream/src/sl_iostream_retarget_stdio.o
 .ARM.attributes
                0x000009cc       0x3a ./gecko_sdk_4.4.1/platform/service/iostream/src/sl_iostream_stdlib_config.o
 .ARM.attributes
                0x00000a06       0x3a ./gecko_sdk_4.4.1/platform/service/iostream/src/sl_iostream_uart.o