Archive member included to satisfy reference by file (symbol)

c:/siliconlabs/simplicitystudio/v5/developer/toolchains/gnu_arm/12.2.rel1_2023.7/bin/../lib/gcc/arm-none-eabi/12.2.1/thumb/v8-m.main+fp/hard\libgcc.a(_arm_muldf3.o)
                              ./as.o (__aeabi_dmul)
c:/siliconlabs/simplicitystudio/v5/developer/toolchains/gnu_arm/12.2.rel1_2023.7/bin/../lib/gcc/arm-none-eabi/12.2.1/thumb/v8-m.main+fp/hard\libgcc.a(_arm_addsubdf3.o)
                              ./as.o (__aeabi_dsub)
c:/siliconlabs/simplicitystudio/v5/developer/toolchains/gnu_arm/12.2.rel1_2023.7/bin/../lib/gcc/arm-none-eabi/12.2.1/thumb/v8-m.main+fp/hard\libgcc.a(_arm_truncdfsf2.o)
                              ./as.o (__aeabi_d2f)
c:/siliconlabs/simplicitystudio/v5/developer/toolchains/gnu_arm/12.2.rel1_2023.7/bin/../lib/gcc/arm-none-eabi/12.2.1/thumb/v8-m.main+fp/hard\libgcc.a(_aeabi_ldivmod.o)
                              ./gecko_sdk_4.4.1/platform/emlib/src/em_eusart.o (__aeabi_ldivmod)
c:/siliconlabs/simplicitystudio/v5/developer/toolchains/gnu_arm/12.2.rel1_2023.7/bin/../lib/gcc/arm-none-eabi/12.2.1/thumb/v8-m.main+fp/hard\libgcc.a(_aeabi_uldivmod.o)
                              ./gecko_sdk_4.4.1/platform/emlib/src/em_eusart.o (__aeabi_uldivmod)
c:/siliconlabs/simplicitystudio/v5/developer/toolchains/gnu_arm/12.2.rel1_2023.7/bin/../lib/gcc/arm-none-eabi/12.2.1/thumb/v8-m.main+fp/hard\libgcc.a(_udivmoddi4.o)
                              c:/siliconlabs/simplicitystudio/v5/developer/toolchains/gnu_arm/12.2.rel1_2023.7/bin/../lib/gcc/arm-none-eabi/12.2.1/thumb/v8-m.main+fp/hard\libgcc.a(_aeabi_ldivmod.o) (__udivmoddi4)
c:/siliconlabs/simplicitystudio/v5/developer/toolchains/gnu_arm/12.2.rel1_2023.7/bin/../lib/gcc/arm-none-eabi/12.2.1/thumb/v8-m.main+fp/hard\libgcc.a(_dvmd_tls.o)
                              c:/siliconlabs/simplicitystudio/v5/developer/toolchains/gnu_arm/12.2.rel1_2023.7/bin/../lib/gcc/arm-none-eabi/12.2.1/thumb/v8-m.main+fp/hard\libgcc.a(_aeabi_ldivmod.o) (__aeabi_ldiv0)
c:/siliconlabs/simplicitystudio/v5/developer/toolchains/gnu_arm/12.2.rel1_2023.7/bin/../lib/gcc/arm-none-eabi/12.2.1/thumb/v8-m.main+fp/hard\libc_nano.a(libc_a-exit.o)
                              c:/siliconlabs/simplicitystudio/v5/developer/toolchains/gnu_arm/12.2.rel1_2023.7/bin/../lib/gcc/arm-none-eabi/12.2.1/thumb/v8-m.main+fp/hard/crt0.o (exit)
c:/siliconlabs/simplicitystudio/v5/developer/toolchains/gnu_arm/12.2.rel1_2023.7/bin/../lib/gcc/arm-none-eabi/12.2.1/thumb/v8-m.main+fp/hard\libc_nano.a(libc_a-ctype_.o)
                              ./gecko_sdk_4.4.1/platform/common/src/sl_string.o (_ctype_)
c:/siliconlabs/simplicitystudio/v5/developer/toolchains/gnu_arm/12.2.rel1_2023.7/bin/../lib/gcc/arm-none-eabi/12.2.1/thumb/v8-m.main+fp/hard\libc_nano.a(libc_a-nano-vfprintf_float.o)
                              (_printf_float)
c:/siliconlabs/simplicitystudio/v5/developer/toolchains/gnu_arm/12.2.rel1_2023.7/bin/../lib/gcc/arm-none-eabi/12.2.1/thumb/v8-m.main+fp/hard\libc_nano.a(libc_a-nano-vfprintf_i.o)
                              c:/siliconlabs/simplicitystudio/v5/developer/toolchains/gnu_arm/12.2.rel1_2023.7/bin/../lib/gcc/arm-none-eabi/12.2.1/thumb/v8-m.main+fp/hard\libc_nano.a(libc_a-nano-vfprintf_float.o) (_printf_common)
c:/siliconlabs/simplicitystudio/v5/developer/toolchains/gnu_arm/12.2.rel1_2023.7/bin/../lib/gcc/arm-none-eabi/12.2.1/thumb/v8-m.main+fp/hard\libc_nano.a(libc_a-findfp.o)
                              c:/siliconlabs/simplicitystudio/v5/developer/toolchains/gnu_arm/12.2.rel1_2023.7/bin/../lib/gcc/arm-none-eabi/12.2.1/thumb/v8-m.main+fp/hard\libc_nano.a(libc_a-exit.o) (__stdio_exit_handler)
c:/siliconlabs/simplicitystudio/v5/developer/toolchains/gnu_arm/12.2.rel1_2023.7/bin/../lib/gcc/arm-none-eabi/12.2.1/thumb/v8-m.main+fp/hard\libc_nano.a(libc_a-fwalk.o)
                              c:/siliconlabs/simplicitystudio/v5/developer/toolchains/gnu_arm/12.2.rel1_2023.7/bin/../lib/gcc/arm-none-eabi/12.2.1/thumb/v8-m.main+fp/hard\libc_nano.a(libc_a-findfp.o) (_fwalk_sglue)
c:/siliconlabs/simplicitystudio/v5/developer/toolchains/gnu_arm/12.2.rel1_2023.7/bin/../lib/gcc/arm-none-eabi/12.2.1/thumb/v8-m.main+fp/hard\libc_nano.a(libc_a-printf.o)
                              ./app.o (printf)
c:/siliconlabs/simplicitystudio/v5/developer/toolchains/gnu_arm/12.2.rel1_2023.7/bin/../lib/gcc/arm-none-eabi/12.2.1/thumb/v8-m.main+fp/hard\libc_nano.a(libc_a-putchar.o)
                              ./app.o (putchar)
c:/siliconlabs/simplicitystudio/v5/developer/toolchains/gnu_arm/12.2.rel1_2023.7/bin/../lib/gcc/arm-none-eabi/12.2.1/thumb/v8-m.main+fp/hard\libc_nano.a(libc_a-puts.o)
                              ./app.o (puts)
c:/siliconlabs/simplicitystudio/v5/developer/toolchains/gnu_arm/12.2.rel1_2023.7/bin/../lib/gcc/arm-none-eabi/12.2.1/thumb/v8-m.main+fp/hard\libc_nano.a(libc_a-setvbuf.o)
                              ./gecko_sdk_4.4.1/platform/service/iostream/src/sl_iostream_stdlib_config.o (setvbuf)
[...]
Memory Configuration

Name             Origin             Length             Attributes
FLASH            0x08000000         0x0017e000         xr
RAM              0x20000000         0x00040000         xrw
*default*        0x00000000         0xffffffff

Linker script and memory map

LOAD c:/siliconlabs/simplicitystudio/v5/developer/toolchains/gnu_arm/12.2.rel1_2023.7/bin/../lib/gcc/arm-none-eabi/12.2.1/thumb/v8-m.main+fp/hard/crti.o
LOAD c:/siliconlabs/simplicitystudio/v5/developer/toolchains/gnu_arm/12.2.rel1_2023.7/bin/../lib/gcc/arm-none-eabi/12.2.1/thumb/v8-m.main+fp/hard/crtbegin.o
LOAD c:/siliconlabs/simplicitystudio/v5/developer/toolchains/gnu_arm/12.2.rel1_2023.7/bin/../lib/gcc/arm-none-eabi/12.2.1/thumb/v8-m.main+fp/hard/crt0.o
START GROUP
LOAD ./app.o
LOAD ./as.o
LOAD ./main.o
LOAD ./mpl.o
LOAD ./si.o
LOAD ./autogen/sl_board_default_init.o
LOAD ./autogen/sl_device_init_clocks.o
LOAD ./autogen/sl_event_handler.o
LOAD ./autogen/sl_i2cspm_init.o
LOAD ./autogen/sl_iostream_handles.o
LOAD ./autogen/sl_iostream_init_eusart_instances.o
LOAD ./autogen/sl_simple_led_instances.o
LOAD ./gecko_sdk_4.4.1/hardware/board/src/sl_board_control_gpio.o
LOAD ./gecko_sdk_4.4.1/hardware/board/src/sl_board_init.o
LOAD ./gecko_sdk_4.4.1/hardware/driver/configuration_over_swo/src/sl_cos.o
LOAD ./gecko_sdk_4.4.1/hardware/driver/mx25_flash_shutdown/src/sl_mx25_flash_shutdown_usart/sl_mx25_flash_shutdown.o
LOAD ./gecko_sdk_4.4.1/platform/Device/SiliconLabs/EFR32MG24/Source/startup_efr32mg24.o
LOAD ./gecko_sdk_4.4.1/platform/Device/SiliconLabs/EFR32MG24/Source/system_efr32mg24.o
LOAD ./gecko_sdk_4.4.1/platform/common/src/sl_assert.o
LOAD ./gecko_sdk_4.4.1/platform/common/src/sl_slist.o
LOAD ./gecko_sdk_4.4.1/platform/common/src/sl_string.o
LOAD ./gecko_sdk_4.4.1/platform/common/src/sl_syscalls.o
LOAD ./gecko_sdk_4.4.1/platform/common/toolchain/src/sl_memory.o
LOAD ./gecko_sdk_4.4.1/platform/driver/debug/src/sl_debug_swo.o
LOAD ./gecko_sdk_4.4.1/platform/driver/i2cspm/src/sl_i2cspm.o
LOAD ./gecko_sdk_4.4.1/platform/driver/leddrv/src/sl_led.o
LOAD ./gecko_sdk_4.4.1/platform/driver/leddrv/src/sl_simple_led.o
LOAD ./gecko_sdk_4.4.1/platform/emdrv/dmadrv/src/dmadrv.o
LOAD ./gecko_sdk_4.4.1/platform/emlib/src/em_burtc.o
LOAD ./gecko_sdk_4.4.1/platform/emlib/src/em_cmu.o
LOAD ./gecko_sdk_4.4.1/platform/emlib/src/em_core.o
LOAD ./gecko_sdk_4.4.1/platform/emlib/src/em_emu.o
LOAD ./gecko_sdk_4.4.1/platform/emlib/src/em_eusart.o
LOAD ./gecko_sdk_4.4.1/platform/emlib/src/em_gpio.o
LOAD ./gecko_sdk_4.4.1/platform/emlib/src/em_i2c.o
LOAD ./gecko_sdk_4.4.1/platform/emlib/src/em_ldma.o
LOAD ./gecko_sdk_4.4.1/platform/emlib/src/em_msc.o
LOAD ./gecko_sdk_4.4.1/platform/emlib/src/em_prs.o
LOAD ./gecko_sdk_4.4.1/platform/emlib/src/em_system.o
LOAD ./gecko_sdk_4.4.1/platform/emlib/src/em_timer.o
LOAD ./gecko_sdk_4.4.1/platform/emlib/src/em_usart.o
LOAD ./gecko_sdk_4.4.1/platform/peripheral/src/peripheral_sysrtc.o
LOAD ./gecko_sdk_4.4.1/platform/service/device_init/src/sl_device_init_dcdc_s2.o
LOAD ./gecko_sdk_4.4.1/platform/service/device_init/src/sl_device_init_emu_s2.o
LOAD ./gecko_sdk_4.4.1/platform/service/device_init/src/sl_device_init_hfxo_s2.o
LOAD ./gecko_sdk_4.4.1/platform/service/device_init/src/sl_device_init_lfxo_s2.o
LOAD ./gecko_sdk_4.4.1/platform/service/device_init/src/sl_device_init_nvic.o
LOAD ./gecko_sdk_4.4.1/platform/service/iostream/src/sl_iostream.o
LOAD ./gecko_sdk_4.4.1/platform/service/iostream/src/sl_iostream_eusart.o
LOAD ./gecko_sdk_4.4.1/platform/service/iostream/src/sl_iostream_retarget_stdio.o
LOAD ./gecko_sdk_4.4.1/platform/service/iostream/src/sl_iostream_stdlib_config.o
LOAD ./gecko_sdk_4.4.1/platform/service/iostream/src/sl_iostream_uart.o
LOAD ./gecko_sdk_4.4.1/platform/service/sleeptimer/src/sl_sleeptimer.o
LOAD ./gecko_sdk_4.4.1/platform/service/sleeptimer/src/sl_sleeptimer_hal_burtc.o
LOAD ./gecko_sdk_4.4.1/platform/service/sleeptimer/src/sl_sleeptimer_hal_sysrtc.o
LOAD ./gecko_sdk_4.4.1/platform/service/sleeptimer/src/sl_sleeptimer_hal_timer.o
LOAD ./gecko_sdk_4.4.1/platform/service/system/src/sl_system_init.o
LOAD ./gecko_sdk_4.4.1/platform/service/system/src/sl_system_process_action.o
LOAD ./gecko_sdk_4.4.1/platform/service/udelay/src/sl_udelay.o
LOAD ./gecko_sdk_4.4.1/platform/service/udelay/src/sl_udelay_armv6m_gcc.o
LOAD c:/siliconlabs/simplicitystudio/v5/developer/toolchains/gnu_arm/12.2.rel1_2023.7/bin/../lib/gcc/arm-none-eabi/12.2.1/thumb/v8-m.main+fp/hard\libgcc.a
LOAD c:/siliconlabs/simplicitystudio/v5/developer/toolchains/gnu_arm/12.2.rel1_2023.7/bin/../lib/gcc/arm-none-eabi/12.2.1/thumb/v8-m.main+fp/hard\libc_nano.a
LOAD c:/siliconlabs/simplicitystudio/v5/developer/toolchains/gnu_arm/12.2.rel1_2023.7/bin/../lib/gcc/arm-none-eabi/12.2.1/thumb/v8-m.main+fp/hard\libm.a
LOAD c:/siliconlabs/simplicitystudio/v5/developer/toolchains/gnu_arm/12.2.rel1_2023.7/bin/../lib/gcc/arm-none-eabi/12.2.1/thumb/v8-m.main+fp/hard\libnosys.a
END GROUP
START GROUP
LOAD c:/siliconlabs/simplicitystudio/v5/developer/toolchains/gnu_arm/12.2.rel1_2023.7/bin/../lib/gcc/arm-none-eabi/12.2.1/thumb/v8-m.main+fp/hard\libgcc.a
LOAD c:/siliconlabs/simplicitystudio/v5/developer/toolchains/gnu_arm/12.2.rel1_2023.7/bin/../lib/gcc/arm-none-eabi/12.2.1/thumb/v8-m.main+fp/hard\libc_nano.a
LOAD c:/siliconlabs/simplicitystudio/v5/developer/toolchains/gnu_arm/12.2.rel1_2023.7/bin/../lib/gcc/arm-none-eabi/12.2.1/thumb/v8-m.main+fp/hard\libnosys.a
END GROUP
START GROUP
LOAD c:/siliconlabs/simplicitystudio/v5/developer/toolchains/gnu_arm/12.2.rel1_2023.7/bin/../lib/gcc/arm-none-eabi/12.2.1/thumb/v8-m.main+fp/hard\libgcc.a
LOAD c:/siliconlabs/simplicitystudio/v5/developer/toolchains/gnu_arm/12.2.rel1_2023.7/bin/../lib/gcc/arm-none-eabi/12.2.1/thumb/v8-m.main+fp/hard\libg_nano.a
LOAD c:/siliconlabs/simplicitystudio/v5/developer/toolchains/gnu_arm/12.2.rel1_2023.7/bin/../lib/gcc/arm-none-eabi/12.2.1/thumb/v8-m.main+fp/hard\libc_nano.a
END GROUP
START GROUP
LOAD c:/siliconlabs/simplicitystudio/v5/developer/toolchains/gnu_arm/12.2.rel1_2023.7/bin/../lib/gcc/arm-none-eabi/12.2.1/thumb/v8-m.main+fp/hard\libgcc.a
LOAD c:/siliconlabs/simplicitystudio/v5/developer/toolchains/gnu_arm/12.2.rel1_2023.7/bin/../lib/gcc/arm-none-eabi/12.2.1/thumb/v8-m.main+fp/hard\libc_nano.a
END GROUP
LOAD c:/siliconlabs/simplicitystudio/v5/developer/toolchains/gnu_arm/12.2.rel1_2023.7/bin/../lib/gcc/arm-none-eabi/12.2.1/thumb/v8-m.main+fp/hard/crtend.o
LOAD c:/siliconlabs/simplicitystudio/v5/developer/toolchains/gnu_arm/12.2.rel1_2023.7/bin/../lib/gcc/arm-none-eabi/12.2.1/thumb/v8-m.main+fp/hard/crtn.o

.text           0x08000000     0x9528
                0x08000000                linker_vectors_begin = .
 *(.vectors)
 .vectors       0x08000000      0x170 ./gecko_sdk_4.4.1/platform/Device/SiliconLabs/EFR32MG24/Source/startup_efr32mg24.o
                0x08000000                __Vectors
                0x08000170                linker_vectors_end = .
                0x08000170                __Vectors_End = .
                0x08000170                __Vectors_Size = (__Vectors_End - __Vectors)
                0x08000170                linker_code_begin = .
 *(SORT_BY_ALIGNMENT(.text*))
 .text          0x08000170        0x8 ./gecko_sdk_4.4.1/platform/service/udelay/src/sl_udelay_armv6m_gcc.o
                0x08000170                sli_delay_loop
 .text.AS7331_GetTemperature
                0x08000178       0x78 ./as.o
                0x08000178                AS7331_GetTemperature
 .text._dtoa_r  0x080001f0      0xc54 c:/siliconlabs/simplicitystudio/v5/developer/toolchains/gnu_arm/12.2.rel1_2023.7/bin/../lib/gcc/arm-none-eabi/12.2.1/thumb/v8-m.main+fp/hard\libc_nano.a(libc_a-dtoa.o)
                0x080001f0                _dtoa_r
 .text.deregister_tm_clones
                0x08000e44       0x1c c:/siliconlabs/simplicitystudio/v5/developer/toolchains/gnu_arm/12.2.rel1_2023.7/bin/../lib/gcc/arm-none-eabi/12.2.1/thumb/v8-m.main+fp/hard/crtbegin.o
 .text.register_tm_clones
                0x08000e60       0x28 c:/siliconlabs/simplicitystudio/v5/developer/toolchains/gnu_arm/12.2.rel1_2023.7/bin/../lib/gcc/arm-none-eabi/12.2.1/thumb/v8-m.main+fp/hard/crtbegin.o
 .text.__do_global_dtors_aux
                0x08000e88       0x28 c:/siliconlabs/simplicitystudio/v5/developer/toolchains/gnu_arm/12.2.rel1_2023.7/bin/../lib/gcc/arm-none-eabi/12.2.1/thumb/v8-m.main+fp/hard/crtbegin.o
 .text.frame_dummy
                0x08000eb0       0x24 c:/siliconlabs/simplicitystudio/v5/developer/toolchains/gnu_arm/12.2.rel1_2023.7/bin/../lib/gcc/arm-none-eabi/12.2.1/thumb/v8-m.main+fp/hard/crtbegin.o
 .text          0x08000ed4       0x7c c:/siliconlabs/simplicitystudio/v5/developer/toolchains/gnu_arm/12.2.rel1_2023.7/bin/../lib/gcc/arm-none-eabi/12.2.1/thumb/v8-m.main+fp/hard/crt0.o
                0x08000ed4                _stack_init
                0x08000edc                _start
                0x08000edc                _mainCRTStartup
 .text.app_init
                0x08000f50       0xb4 ./app.o
                0x08000f50                app_init
 .text.AS7331_transaction.constprop.0
                0x08001004       0x50 ./as.o
 .text.flush_buffers
                0x08001054       0x24 ./as.o
                0x08001054                flush_buffers
 .text.AS7331_ChangeMode
                0x08001078       0x88 ./as.o
                0x08001078                AS7331_ChangeMode
 .text.AS7331_StartCMDTransfer
                0x08001100       0x60 ./as.o
                0x08001100                AS7331_StartCMDTransfer
 .text.AS7331_GetFSR
                0x08001160       0x58 ./as.o
                0x08001160                AS7331_GetFSR
 .text.AS7331_GetUV
                0x080011b8      0x108 ./as.o
                0x080011b8                AS7331_GetUV
 .text.as_dev_id
                0x080012c0       0x68 ./as.o
                0x080012c0                as_dev_id
 .text.as_init  0x08001328       0xf4 ./as.o
                0x08001328                as_init
 .text.as_process_action
                0x0800141c       0x50 ./as.o
                0x0800141c                as_process_action
 .text.mpl_dev_id
                0x0800146c       0x74 ./mpl.o
                0x0800146c                mpl_dev_id
 .text.timer_callback
                0x080014e0        0xc ./si.o
 .text.decode_temp
                0x080014ec       0x54 ./si.o
                0x080014ec                decode_temp
 .text.SI7021_measure.constprop.0
                0x08001540       0xc8 ./si.o
 .text.initialise_temp_limits
                0x08001608       0x28 ./si.o
                0x08001608                initialise_temp_limits
 .text.si_dev_id
                0x08001630       0x78 ./si.o
                0x08001630                si_dev_id
 .text.si_init  0x080016a8       0x2c ./si.o
                0x080016a8                si_init
 .text.sl_device_init_clocks
                0x080016d4       0xac ./autogen/sl_device_init_clocks.o
                0x080016d4                sl_device_init_clocks
 .text.sl_i2cspm_init_instances
                0x08001780       0x18 ./autogen/sl_i2cspm_init.o
                0x08001780                sl_i2cspm_init_instances
 .text.sl_iostream_eusart_init_vcom
                0x08001798       0xc4 ./autogen/sl_iostream_init_eusart_instances.o
                0x08001798                sl_iostream_eusart_init_vcom
 .text.EUSART0_RX_IRQHandler
                0x0800185c        0xc ./autogen/sl_iostream_init_eusart_instances.o
                0x0800185c                EUSART0_RX_IRQHandler
 .text.sl_simple_led_init_instances
                0x08001868       0x1c ./autogen/sl_simple_led_instances.o
                0x08001868                sl_simple_led_init_instances
 .text.sl_board_enable_sensor
                0x08001884       0x60 ./gecko_sdk_4.4.1/hardware/board/src/sl_board_control_gpio.o
                0x08001884                sl_board_enable_sensor
 .text.cs_high  0x080018e4       0x10 ./gecko_sdk_4.4.1/hardware/driver/mx25_flash_shutdown/src/sl_mx25_flash_shutdown_usart/sl_mx25_flash_shutdown.o
 .text.cs_low   0x080018f4       0x10 ./gecko_sdk_4.4.1/hardware/driver/mx25_flash_shutdown/src/sl_mx25_flash_shutdown_usart/sl_mx25_flash_shutdown.o
 .text.sl_mx25_flash_shutdown
                0x08001904      0x118 ./gecko_sdk_4.4.1/hardware/driver/mx25_flash_shutdown/src/sl_mx25_flash_shutdown_usart/sl_mx25_flash_shutdown.o
                0x08001904                sl_mx25_flash_shutdown
 .text.CopyRamFuncs
                0x08001a1c       0x1c ./gecko_sdk_4.4.1/platform/Device/SiliconLabs/EFR32MG24/Source/startup_efr32mg24.o
                0x08001a1c                CopyRamFuncs
 .text.Reset_Handler
                0x08001a38       0x64 ./gecko_sdk_4.4.1/platform/Device/SiliconLabs/EFR32MG24/Source/startup_efr32mg24.o
                0x08001a38                Reset_Handler
 .text.SystemInit
                0x08001a9c       0x68 ./gecko_sdk_4.4.1/platform/Device/SiliconLabs/EFR32MG24/Source/system_efr32mg24.o
                0x08001a9c                SystemInit
 .text.SystemHFRCODPLLClockGet
                0x08001b04        0xc ./gecko_sdk_4.4.1/platform/Device/SiliconLabs/EFR32MG24/Source/system_efr32mg24.o
                0x08001b04                SystemHFRCODPLLClockGet
 .text.SystemSYSCLKGet
                0x08001b10       0x34 ./gecko_sdk_4.4.1/platform/Device/SiliconLabs/EFR32MG24/Source/system_efr32mg24.o
                0x08001b10                SystemSYSCLKGet
 .text.SystemHCLKGet
                0x08001b44       0x24 ./gecko_sdk_4.4.1/platform/Device/SiliconLabs/EFR32MG24/Source/system_efr32mg24.o
                0x08001b44                SystemHCLKGet
 .text.SystemMaxCoreClockGet
                0x08001b68        0x8 ./gecko_sdk_4.4.1/platform/Device/SiliconLabs/EFR32MG24/Source/system_efr32mg24.o
                0x08001b68                SystemMaxCoreClockGet
 .text.SystemHFXOClockGet
                0x08001b70        0xc ./gecko_sdk_4.4.1/platform/Device/SiliconLabs/EFR32MG24/Source/system_efr32mg24.o
                0x08001b70                SystemHFXOClockGet
 .text.SystemHFXOClockSet
                0x08001b7c       0x20 ./gecko_sdk_4.4.1/platform/Device/SiliconLabs/EFR32MG24/Source/system_efr32mg24.o
                0x08001b7c                SystemHFXOClockSet
 .text.SystemFSRCOClockGet
                0x08001b9c        0x8 ./gecko_sdk_4.4.1/platform/Device/SiliconLabs/EFR32MG24/Source/system_efr32mg24.o
                0x08001b9c                SystemFSRCOClockGet
 .text.SystemHFRCOEM23ClockGet
                0x08001ba4       0x84 ./gecko_sdk_4.4.1/platform/Device/SiliconLabs/EFR32MG24/Source/system_efr32mg24.o
                0x08001ba4                SystemHFRCOEM23ClockGet
 .text.SystemLFXOClockGet
                0x08001c28        0xc ./gecko_sdk_4.4.1/platform/Device/SiliconLabs/EFR32MG24/Source/system_efr32mg24.o
                0x08001c28                SystemLFXOClockGet
 .text._sbrk    0x08001c34       0x20 ./gecko_sdk_4.4.1/platform/common/toolchain/src/sl_memory.o
                0x08001c34                _sbrk
 .text.sl_debug_swo_init
                0x08001c54      0x114 ./gecko_sdk_4.4.1/platform/driver/debug/src/sl_debug_swo.o
                0x08001c54                sl_debug_swo_init
 .text.sl_debug_swo_write_u8
                0x08001d68       0x44 ./gecko_sdk_4.4.1/platform/driver/debug/src/sl_debug_swo.o
                0x08001d68                sl_debug_swo_write_u8
 .text.I2CSPM_Init
                0x08001dac      0x158 ./gecko_sdk_4.4.1/platform/driver/i2cspm/src/sl_i2cspm.o
                0x08001dac                I2CSPM_Init
 .text.I2CSPM_Transfer
                0x08001f04       0x20 ./gecko_sdk_4.4.1/platform/driver/i2cspm/src/sl_i2cspm.o
                0x08001f04                I2CSPM_Transfer
 .text.GPIO_PinOutClear
                0x08001f24       0x3c ./gecko_sdk_4.4.1/platform/driver/leddrv/src/sl_simple_led.o
 .text.GPIO_PinOutSet
                0x08001f60       0x3c ./gecko_sdk_4.4.1/platform/driver/leddrv/src/sl_simple_led.o
 .text.sl_simple_led_toggle
                0x08001f9c       0x3c ./gecko_sdk_4.4.1/platform/driver/leddrv/src/sl_simple_led.o
                0x08001f9c                sl_simple_led_toggle
 .text.sl_simple_led_get_state
                0x08001fd8       0x4c ./gecko_sdk_4.4.1/platform/driver/leddrv/src/sl_simple_led.o
                0x08001fd8                sl_simple_led_get_state
 .text.StartTransfer
                0x08002024      0x17c ./gecko_sdk_4.4.1/platform/emdrv/dmadrv/src/dmadrv.o
 .text.DMADRV_AllocateChannel
                0x080021a0       0x60 ./gecko_sdk_4.4.1/platform/emdrv/dmadrv/src/dmadrv.o
                0x080021a0                DMADRV_AllocateChannel
 .text.DMADRV_DeInit
                0x08002200       0x44 ./gecko_sdk_4.4.1/platform/emdrv/dmadrv/src/dmadrv.o
                0x08002200                DMADRV_DeInit
 .text.DMADRV_FreeChannel
                0x08002244       0x4c ./gecko_sdk_4.4.1/platform/emdrv/dmadrv/src/dmadrv.o
                0x08002244                DMADRV_FreeChannel
 .text.DMADRV_Init
                0x08002290       0x68 ./gecko_sdk_4.4.1/platform/emdrv/dmadrv/src/dmadrv.o
                0x08002290                DMADRV_Init
 .text.DMADRV_PauseTransfer
                0x080022f8       0x40 ./gecko_sdk_4.4.1/platform/emdrv/dmadrv/src/dmadrv.o
                0x080022f8                DMADRV_PauseTransfer
 .text.DMADRV_ResumeTransfer
                0x08002338       0x40 ./gecko_sdk_4.4.1/platform/emdrv/dmadrv/src/dmadrv.o
                0x08002338                DMADRV_ResumeTransfer
 .text.DMADRV_StopTransfer
                0x08002378       0x40 ./gecko_sdk_4.4.1/platform/emdrv/dmadrv/src/dmadrv.o
                0x08002378                DMADRV_StopTransfer
 .text.DMADRV_TransferCompletePending
                0x080023b8       0x50 ./gecko_sdk_4.4.1/platform/emdrv/dmadrv/src/dmadrv.o
                0x080023b8                DMADRV_TransferCompletePending
 .text.DMADRV_TransferDone
                0x08002408       0x44 ./gecko_sdk_4.4.1/platform/emdrv/dmadrv/src/dmadrv.o
                0x08002408                DMADRV_TransferDone
 .text.LDMA_IRQHandler
                0x0800244c       0x74 ./gecko_sdk_4.4.1/platform/emdrv/dmadrv/src/dmadrv.o
                0x0800244c                LDMA_IRQHandler
 .text.EMU_VScaleGet
                0x080024c0       0x18 ./gecko_sdk_4.4.1/platform/emlib/src/em_cmu.o
 .text.traceClkGet
                0x080024d8       0x54 ./gecko_sdk_4.4.1/platform/emlib/src/em_cmu.o
 .text.em01GrpaClkGet
                0x0800252c       0x74 ./gecko_sdk_4.4.1/platform/emlib/src/em_cmu.o
 .text.em01GrpcClkGet
                0x080025a0       0x70 ./gecko_sdk_4.4.1/platform/emlib/src/em_cmu.o
 .text.iadcClkGet
                0x08002610       0x60 ./gecko_sdk_4.4.1/platform/emlib/src/em_cmu.o
 .text.eusart0ClkGet
                0x08002670       0x74 ./gecko_sdk_4.4.1/platform/emlib/src/em_cmu.o
 .text.em23GrpaClkGet
                0x080026e4       0x48 ./gecko_sdk_4.4.1/platform/emlib/src/em_cmu.o
 .text.vdac0ClkGet
                0x0800272c       0x70 ./gecko_sdk_4.4.1/platform/emlib/src/em_cmu.o
 .text.vdac1ClkGet
                0x0800279c       0x70 ./gecko_sdk_4.4.1/platform/emlib/src/em_cmu.o
 .text.pcnt0ClkGet
                0x0800280c       0x4c ./gecko_sdk_4.4.1/platform/emlib/src/em_cmu.o
 .text.wdog0ClkGet
                0x08002858       0x64 ./gecko_sdk_4.4.1/platform/emlib/src/em_cmu.o
 .text.wdog1ClkGet
                0x080028bc       0x64 ./gecko_sdk_4.4.1/platform/emlib/src/em_cmu.o
 .text.sysrtcClkGet
                0x08002920       0x48 ./gecko_sdk_4.4.1/platform/emlib/src/em_cmu.o
 .text.em4GrpaClkGet
                0x08002968       0x48 ./gecko_sdk_4.4.1/platform/emlib/src/em_cmu.o
 .text.CMU_ClockDivGet
                0x080029b0       0x78 ./gecko_sdk_4.4.1/platform/emlib/src/em_cmu.o
                0x080029b0                CMU_ClockDivGet
 .text.flashWaitStateControl
                0x08002a28       0x58 ./gecko_sdk_4.4.1/platform/emlib/src/em_cmu.o
 .text.CMU_ClockEnable
                0x08002a80       0x50 ./gecko_sdk_4.4.1/platform/emlib/src/em_cmu.o
                0x08002a80                CMU_ClockEnable
 .text.CMU_ClockFreqGet
                0x08002ad0      0x204 ./gecko_sdk_4.4.1/platform/emlib/src/em_cmu.o
                0x08002ad0                CMU_ClockFreqGet
 .text.rhclkPrescOptimize
                0x08002cd4       0x20 ./gecko_sdk_4.4.1/platform/emlib/src/em_cmu.o
 .text.CMU_ClockSelectGet
                0x08002cf4      0x22c ./gecko_sdk_4.4.1/platform/emlib/src/em_cmu.o
                0x08002cf4                CMU_ClockSelectGet
 .text.sli_em_cmu_HFXOSetForceEnable
                0x08002f20       0x1c ./gecko_sdk_4.4.1/platform/emlib/src/em_cmu.o
                0x08002f20                sli_em_cmu_HFXOSetForceEnable
 .text.CMU_HFXOInit
                0x08002f3c      0x224 ./gecko_sdk_4.4.1/platform/emlib/src/em_cmu.o
                0x08002f3c                CMU_HFXOInit
 .text.CMU_HFXOCTuneDeltaGet
                0x08003160        0xc ./gecko_sdk_4.4.1/platform/emlib/src/em_cmu.o
                0x08003160                CMU_HFXOCTuneDeltaGet
 .text.CMU_LFXOInit
                0x0800316c       0xc4 ./gecko_sdk_4.4.1/platform/emlib/src/em_cmu.o
                0x0800316c                CMU_LFXOInit
 .text.CMU_LFXOPrecisionSet
                0x08003230        0xc ./gecko_sdk_4.4.1/platform/emlib/src/em_cmu.o
                0x08003230                CMU_LFXOPrecisionSet
 .text.CMU_HFXOPrecisionSet
                0x0800323c        0xc ./gecko_sdk_4.4.1/platform/emlib/src/em_cmu.o
                0x0800323c                CMU_HFXOPrecisionSet
 .text.CMU_ClockDivSet
                0x08003248      0x12c ./gecko_sdk_4.4.1/platform/emlib/src/em_cmu.o
                0x08003248                CMU_ClockDivSet
 .text.sli_em_cmu_SYSCLKInitPreClockSelect
                0x08003374       0x20 ./gecko_sdk_4.4.1/platform/emlib/src/em_cmu.o
                0x08003374                sli_em_cmu_SYSCLKInitPreClockSelect
 .text.pclkDivOptimize
                0x08003394       0x24 ./gecko_sdk_4.4.1/platform/emlib/src/em_cmu.o
 .text.EMU_DCDCSync
                0x080033b8       0x10 ./gecko_sdk_4.4.1/platform/emlib/src/em_emu.o
 .text.EMU_EM4Init
                0x080033c8       0x14 ./gecko_sdk_4.4.1/platform/emlib/src/em_emu.o
                0x080033c8                EMU_EM4Init
 .text.EMU_VScaleEM01
                0x080033dc       0xa8 ./gecko_sdk_4.4.1/platform/emlib/src/em_emu.o
                0x080033dc                EMU_VScaleEM01
 .text.EMU_VScaleEM01ByClock
                0x08003484       0x30 ./gecko_sdk_4.4.1/platform/emlib/src/em_emu.o
                0x08003484                EMU_VScaleEM01ByClock
 .text.EMU_DCDCModeSet
                0x080034b4       0xac ./gecko_sdk_4.4.1/platform/emlib/src/em_emu.o
                0x080034b4                EMU_DCDCModeSet
 .text.EMU_DCDCInit
                0x08003560       0x70 ./gecko_sdk_4.4.1/platform/emlib/src/em_emu.o
                0x08003560                EMU_DCDCInit
 .text.EMU_DCDCSetPFMXModePeakCurrent
                0x080035d0       0x6c ./gecko_sdk_4.4.1/platform/emlib/src/em_emu.o
                0x080035d0                EMU_DCDCSetPFMXModePeakCurrent
 .text.EUSART_Reset
                0x0800363c       0x54 ./gecko_sdk_4.4.1/platform/emlib/src/em_eusart.o
                0x0800363c                EUSART_Reset
 .text.EUSART_Enable
                0x08003690       0x6c ./gecko_sdk_4.4.1/platform/emlib/src/em_eusart.o
                0x08003690                EUSART_Enable
 .text.EUSART_BaudrateSet
                0x080036fc      0x1cc ./gecko_sdk_4.4.1/platform/emlib/src/em_eusart.o
                0x080036fc                EUSART_BaudrateSet
 .text.EUSART_AsyncInitCommon
                0x080038c8      0x23c ./gecko_sdk_4.4.1/platform/emlib/src/em_eusart.o
 .text.EUSART_UartInitHf
                0x08003b04       0x5c ./gecko_sdk_4.4.1/platform/emlib/src/em_eusart.o
                0x08003b04                EUSART_UartInitHf
 .text.EUSART_UartInitLf
                0x08003b60       0xb8 ./gecko_sdk_4.4.1/platform/emlib/src/em_eusart.o
                0x08003b60                EUSART_UartInitLf
 .text.GPIO_PinOutSet
                0x08003c18       0x3c ./gecko_sdk_4.4.1/platform/emlib/src/em_gpio.o
 .text.GPIO_PinOutClear
                0x08003c54       0x3c ./gecko_sdk_4.4.1/platform/emlib/src/em_gpio.o
 .text.GPIO_PinModeSet
                0x08003c90       0x94 ./gecko_sdk_4.4.1/platform/emlib/src/em_gpio.o
                0x08003c90                GPIO_PinModeSet
 .text.I2C_BusFreqSet
                0x08003d24      0x108 ./gecko_sdk_4.4.1/platform/emlib/src/em_i2c.o
                0x08003d24                I2C_BusFreqSet
 .text.I2C_Enable
                0x08003e2c       0x38 ./gecko_sdk_4.4.1/platform/emlib/src/em_i2c.o
                0x08003e2c                I2C_Enable
 .text.I2C_Init
                0x08003e64       0x64 ./gecko_sdk_4.4.1/platform/emlib/src/em_i2c.o
                0x08003e64                I2C_Init
 .text.I2C_Transfer
                0x08003ec8      0x224 ./gecko_sdk_4.4.1/platform/emlib/src/em_i2c.o
                0x08003ec8                I2C_Transfer
 .text.I2C_TransferInit
                0x080040ec       0xbc ./gecko_sdk_4.4.1/platform/emlib/src/em_i2c.o
                0x080040ec                I2C_TransferInit
 .text.LDMA_DeInit
                0x080041a8       0x3c ./gecko_sdk_4.4.1/platform/emlib/src/em_ldma.o
                0x080041a8                LDMA_DeInit
 .text.LDMA_EnableChannelRequest
                0x080041e4       0x40 ./gecko_sdk_4.4.1/platform/emlib/src/em_ldma.o
                0x080041e4                LDMA_EnableChannelRequest
 .text.LDMA_Init
                0x08004224       0x94 ./gecko_sdk_4.4.1/platform/emlib/src/em_ldma.o
                0x08004224                LDMA_Init
 .text.LDMA_StartTransfer
                0x080042b8      0x104 ./gecko_sdk_4.4.1/platform/emlib/src/em_ldma.o
                0x080042b8                LDMA_StartTransfer
 .text.LDMA_StopTransfer
                0x080043bc       0x38 ./gecko_sdk_4.4.1/platform/emlib/src/em_ldma.o
                0x080043bc                LDMA_StopTransfer
 .text.LDMA_TransferDone
                0x080043f4       0x44 ./gecko_sdk_4.4.1/platform/emlib/src/em_ldma.o
                0x080043f4                LDMA_TransferDone
 .text.USART_BaudrateSyncSet
                0x08004438       0x48 ./gecko_sdk_4.4.1/platform/emlib/src/em_usart.o
                0x08004438                USART_BaudrateSyncSet
 .text.USART_Reset
                0x08004480       0x58 ./gecko_sdk_4.4.1/platform/emlib/src/em_usart.o
                0x08004480                USART_Reset
 .text.USART_InitSync
                0x080044d8       0xb0 ./gecko_sdk_4.4.1/platform/emlib/src/em_usart.o
                0x080044d8                USART_InitSync
 .text.sl_hal_sysrtc_wait_sync
                0x08004588       0x14 ./gecko_sdk_4.4.1/platform/peripheral/src/peripheral_sysrtc.o
                0x08004588                sl_hal_sysrtc_wait_sync
 .text.sl_hal_sysrtc_wait_ready
                0x0800459c       0x1c ./gecko_sdk_4.4.1/platform/peripheral/src/peripheral_sysrtc.o
                0x0800459c                sl_hal_sysrtc_wait_ready
 .text.sl_hal_sysrtc_stop
                0x080045b8       0x14 ./gecko_sdk_4.4.1/platform/peripheral/src/peripheral_sysrtc.o
                0x080045b8                sl_hal_sysrtc_stop
 .text.sl_hal_sysrtc_enable
                0x080045cc       0x18 ./gecko_sdk_4.4.1/platform/peripheral/src/peripheral_sysrtc.o
                0x080045cc                sl_hal_sysrtc_enable
 .text.sl_hal_sysrtc_disable
                0x080045e4       0x1c ./gecko_sdk_4.4.1/platform/peripheral/src/peripheral_sysrtc.o
                0x080045e4                sl_hal_sysrtc_disable
 .text.sl_hal_sysrtc_init
                0x08004600       0x20 ./gecko_sdk_4.4.1/platform/peripheral/src/peripheral_sysrtc.o
                0x08004600                sl_hal_sysrtc_init
 .text.sl_hal_sysrtc_init_group
                0x08004620       0x48 ./gecko_sdk_4.4.1/platform/peripheral/src/peripheral_sysrtc.o
                0x08004620                sl_hal_sysrtc_init_group
 .text.sl_hal_sysrtc_enable_group_interrupts
                0x08004668       0x1c ./gecko_sdk_4.4.1/platform/peripheral/src/peripheral_sysrtc.o
                0x08004668                sl_hal_sysrtc_enable_group_interrupts
 .text.sl_hal_sysrtc_disable_group_interrupts
                0x08004684       0x1c ./gecko_sdk_4.4.1/platform/peripheral/src/peripheral_sysrtc.o
                0x08004684                sl_hal_sysrtc_disable_group_interrupts
 .text.sl_hal_sysrtc_clear_group_interrupts
                0x080046a0       0x1c ./gecko_sdk_4.4.1/platform/peripheral/src/peripheral_sysrtc.o
                0x080046a0                sl_hal_sysrtc_clear_group_interrupts
 .text.sl_hal_sysrtc_get_group_interrupts
                0x080046bc       0x20 ./gecko_sdk_4.4.1/platform/peripheral/src/peripheral_sysrtc.o
                0x080046bc                sl_hal_sysrtc_get_group_interrupts
 .text.sl_hal_sysrtc_get_group_compare_channel_value
                0x080046dc       0x30 ./gecko_sdk_4.4.1/platform/peripheral/src/peripheral_sysrtc.o
                0x080046dc                sl_hal_sysrtc_get_group_compare_channel_value
 .text.sl_hal_sysrtc_set_group_compare_channel_value
                0x0800470c       0x28 ./gecko_sdk_4.4.1/platform/peripheral/src/peripheral_sysrtc.o
                0x0800470c                sl_hal_sysrtc_set_group_compare_channel_value
 .text.sl_device_init_dcdc
                0x08004734       0x2c ./gecko_sdk_4.4.1/platform/service/device_init/src/sl_device_init_dcdc_s2.o
                0x08004734                sl_device_init_dcdc
 .text.sl_device_init_emu
                0x08004760       0x24 ./gecko_sdk_4.4.1/platform/service/device_init/src/sl_device_init_emu_s2.o
                0x08004760                sl_device_init_emu
 .text.sl_device_init_hfxo
                0x08004784       0x70 ./gecko_sdk_4.4.1/platform/service/device_init/src/sl_device_init_hfxo_s2.o
                0x08004784                sl_device_init_hfxo
 .text.sl_device_init_lfxo
                0x080047f4       0x2c ./gecko_sdk_4.4.1/platform/service/device_init/src/sl_device_init_lfxo_s2.o
                0x080047f4                sl_device_init_lfxo
 .text.sl_device_init_nvic
                0x08004820       0x3c ./gecko_sdk_4.4.1/platform/service/device_init/src/sl_device_init_nvic.o
                0x08004820                sl_device_init_nvic
 .text.sl_iostream_set_default
                0x0800485c       0x18 ./gecko_sdk_4.4.1/platform/service/iostream/src/sl_iostream.o
                0x0800485c                sl_iostream_set_default
 .text.sl_iostream_get_default
                0x08004874       0x18 ./gecko_sdk_4.4.1/platform/service/iostream/src/sl_iostream.o
                0x08004874                sl_iostream_get_default
 .text.sl_iostream_eusart_init
                0x0800488c      0x228 ./gecko_sdk_4.4.1/platform/service/iostream/src/sl_iostream_eusart.o
                0x0800488c                sl_iostream_eusart_init
 .text._write   0x08004ab4       0x20 ./gecko_sdk_4.4.1/platform/service/iostream/src/sl_iostream_retarget_stdio.o
                0x08004ab4                _write
 .text.sl_iostream_stdlib_disable_buffering
                0x08004ad4       0x14 ./gecko_sdk_4.4.1/platform/service/iostream/src/sl_iostream_stdlib_config.o
                0x08004ad4                sl_iostream_stdlib_disable_buffering
 .text.get_write_ptr
                0x08004ae8       0x40 ./gecko_sdk_4.4.1/platform/service/iostream/src/sl_iostream_uart.o
 .text.dma_irq_handler
                0x08004b28       0x74 ./gecko_sdk_4.4.1/platform/service/iostream/src/sl_iostream_uart.o
 .text.uart_read
                0x08004b9c      0x1f4 ./gecko_sdk_4.4.1/platform/service/iostream/src/sl_iostream_uart.o
 .text.uart_deinit
                0x08004d90       0x98 ./gecko_sdk_4.4.1/platform/service/iostream/src/sl_iostream_uart.o
 .text.uart_write
                0x08004e28       0xc0 ./gecko_sdk_4.4.1/platform/service/iostream/src/sl_iostream_uart.o
 .text.sli_iostream_uart_context_init
                0x08004ee8       0xf8 ./gecko_sdk_4.4.1/platform/service/iostream/src/sl_iostream_uart.o
                0x08004ee8                sli_iostream_uart_context_init
 .text.delta_list_insert_timer
                0x08004fe0       0x40 ./gecko_sdk_4.4.1/platform/service/sleeptimer/src/sl_sleeptimer.o
 .text.update_delta_list
                0x08005020       0x34 ./gecko_sdk_4.4.1/platform/service/sleeptimer/src/sl_sleeptimer.o
 .text.set_comparator_for_next_timer
                0x08005054       0x5c ./gecko_sdk_4.4.1/platform/service/sleeptimer/src/sl_sleeptimer.o
 .text.create_timer
                0x080050b0       0x88 ./gecko_sdk_4.4.1/platform/service/sleeptimer/src/sl_sleeptimer.o
 .text.delta_list_remove_timer
                0x08005138       0x38 ./gecko_sdk_4.4.1/platform/service/sleeptimer/src/sl_sleeptimer.o
 .text.sl_sleeptimer_init
                0x08005170       0x74 ./gecko_sdk_4.4.1/platform/service/sleeptimer/src/sl_sleeptimer.o
                0x08005170                sl_sleeptimer_init
 .text.sl_sleeptimer_is_timer_running
                0x080051e4       0x3c ./gecko_sdk_4.4.1/platform/service/sleeptimer/src/sl_sleeptimer.o
                0x080051e4                sl_sleeptimer_is_timer_running
 .text.sl_sleeptimer_ms_to_tick
                0x08005220       0x24 ./gecko_sdk_4.4.1/platform/service/sleeptimer/src/sl_sleeptimer.o
                0x08005220                sl_sleeptimer_ms_to_tick
 .text.sl_sleeptimer_delay_millisecond
                0x08005244       0x38 ./gecko_sdk_4.4.1/platform/service/sleeptimer/src/sl_sleeptimer.o
                0x08005244                sl_sleeptimer_delay_millisecond
 .text.process_timer_irq
                0x0800527c      0x150 ./gecko_sdk_4.4.1/platform/service/sleeptimer/src/sl_sleeptimer.o
                0x0800527c                process_timer_irq
 .text.sleeptimer_hal_init_timer
                0x080053cc       0x64 ./gecko_sdk_4.4.1/platform/service/sleeptimer/src/sl_sleeptimer_hal_sysrtc.o
                0x080053cc                sleeptimer_hal_init_timer
 .text.sleeptimer_hal_get_counter
                0x08005430       0x10 ./gecko_sdk_4.4.1/platform/service/sleeptimer/src/sl_sleeptimer_hal_sysrtc.o
                0x08005430                sleeptimer_hal_get_counter
 .text.sleeptimer_hal_set_compare
                0x08005440       0x70 ./gecko_sdk_4.4.1/platform/service/sleeptimer/src/sl_sleeptimer_hal_sysrtc.o
                0x08005440                sleeptimer_hal_set_compare
 .text.sleeptimer_hal_disable_int
                0x080054b0       0x2c ./gecko_sdk_4.4.1/platform/service/sleeptimer/src/sl_sleeptimer_hal_sysrtc.o
                0x080054b0                sleeptimer_hal_disable_int
 .text.sleeptimer_hal_set_int
                0x080054dc       0x10 ./gecko_sdk_4.4.1/platform/service/sleeptimer/src/sl_sleeptimer_hal_sysrtc.o
                0x080054dc                sleeptimer_hal_set_int
 .text.sl_udelay_wait
                0x080054ec       0x58 ./gecko_sdk_4.4.1/platform/service/udelay/src/sl_udelay.o
                0x080054ec                sl_udelay_wait
 .text          0x08005544      0x378 c:/siliconlabs/simplicitystudio/v5/developer/toolchains/gnu_arm/12.2.rel1_2023.7/bin/../lib/gcc/arm-none-eabi/12.2.1/thumb/v8-m.main+fp/hard\libgcc.a(_arm_addsubdf3.o)
                0x08005544                __aeabi_drsub
                0x0800554c                __aeabi_dsub
                0x0800554c                __subdf3
                0x08005550                __aeabi_dadd
                0x08005550                __adddf3
                0x080057c8                __floatunsidf
                0x080057c8                __aeabi_ui2d
                0x080057e8                __floatsidf
                0x080057e8                __aeabi_i2d
                0x0800580c                __aeabi_f2d
                0x0800580c                __extendsfdf2
                0x08005850                __floatundidf
                0x08005850                __aeabi_ul2d
                0x08005860                __floatdidf
                0x08005860                __aeabi_l2d
 .text          0x080058bc       0xa0 c:/siliconlabs/simplicitystudio/v5/developer/toolchains/gnu_arm/12.2.rel1_2023.7/bin/../lib/gcc/arm-none-eabi/12.2.1/thumb/v8-m.main+fp/hard\libgcc.a(_arm_truncdfsf2.o)
                0x080058bc                __truncdfsf2
                0x080058bc                __aeabi_d2f
 .text          0x0800595c       0x30 c:/siliconlabs/simplicitystudio/v5/developer/toolchains/gnu_arm/12.2.rel1_2023.7/bin/../lib/gcc/arm-none-eabi/12.2.1/thumb/v8-m.main+fp/hard\libgcc.a(_aeabi_uldivmod.o)
                0x0800595c                __aeabi_uldivmod
 .text.__udivmoddi4
                0x0800598c      0x2ec c:/siliconlabs/simplicitystudio/v5/developer/toolchains/gnu_arm/12.2.rel1_2023.7/bin/../lib/gcc/arm-none-eabi/12.2.1/thumb/v8-m.main+fp/hard\libgcc.a(_udivmoddi4.o)
                0x0800598c                __udivmoddi4
 .text          0x08005c78        0x4 c:/siliconlabs/simplicitystudio/v5/developer/toolchains/gnu_arm/12.2.rel1_2023.7/bin/../lib/gcc/arm-none-eabi/12.2.1/thumb/v8-m.main+fp/hard\libgcc.a(_dvmd_tls.o)
                0x08005c78                __aeabi_idiv0
                0x08005c78                __aeabi_ldiv0
 .text.exit     0x08005c7c       0x24 c:/siliconlabs/simplicitystudio/v5/developer/toolchains/gnu_arm/12.2.rel1_2023.7/bin/../lib/gcc/arm-none-eabi/12.2.1/thumb/v8-m.main+fp/hard\libc_nano.a(libc_a-exit.o)
                0x08005c7c                exit
 .text._printf_float
                0x08005ca0      0x468 c:/siliconlabs/simplicitystudio/v5/developer/toolchains/gnu_arm/12.2.rel1_2023.7/bin/../lib/gcc/arm-none-eabi/12.2.1/thumb/v8-m.main+fp/hard\libc_nano.a(libc_a-nano-vfprintf_float.o)
                0x08005ca0                _printf_float
 .text._printf_i
                0x08006108      0x258 c:/siliconlabs/simplicitystudio/v5/developer/toolchains/gnu_arm/12.2.rel1_2023.7/bin/../lib/gcc/arm-none-eabi/12.2.1/thumb/v8-m.main+fp/hard\libc_nano.a(libc_a-nano-vfprintf_i.o)
                0x08006108                _printf_i
 .text.std      0x08006360       0x6c c:/siliconlabs/simplicitystudio/v5/developer/toolchains/gnu_arm/12.2.rel1_2023.7/bin/../lib/gcc/arm-none-eabi/12.2.1/thumb/v8-m.main+fp/hard\libc_nano.a(libc_a-findfp.o)
 .text.stdio_exit_handler
                0x080063cc       0x18 c:/siliconlabs/simplicitystudio/v5/developer/toolchains/gnu_arm/12.2.rel1_2023.7/bin/../lib/gcc/arm-none-eabi/12.2.1/thumb/v8-m.main+fp/hard\libc_nano.a(libc_a-findfp.o)
 .text.cleanup_stdio
                0x080063e4       0x40 c:/siliconlabs/simplicitystudio/v5/developer/toolchains/gnu_arm/12.2.rel1_2023.7/bin/../lib/gcc/arm-none-eabi/12.2.1/thumb/v8-m.main+fp/hard\libc_nano.a(libc_a-findfp.o)
 .text.global_stdio_init.part.0
                0x08006424       0x3c c:/siliconlabs/simplicitystudio/v5/developer/toolchains/gnu_arm/12.2.rel1_2023.7/bin/../lib/gcc/arm-none-eabi/12.2.1/thumb/v8-m.main+fp/hard\libc_nano.a(libc_a-findfp.o)
 .text.__sfp_lock_acquire
                0x08006460        0xc c:/siliconlabs/simplicitystudio/v5/developer/toolchains/gnu_arm/12.2.rel1_2023.7/bin/../lib/gcc/arm-none-eabi/12.2.1/thumb/v8-m.main+fp/hard\libc_nano.a(libc_a-findfp.o)
                0x08006460                __sfp_lock_acquire
 .text.__sfp_lock_release
                0x0800646c        0xc c:/siliconlabs/simplicitystudio/v5/developer/toolchains/gnu_arm/12.2.rel1_2023.7/bin/../lib/gcc/arm-none-eabi/12.2.1/thumb/v8-m.main+fp/hard\libc_nano.a(libc_a-findfp.o)
                0x0800646c                __sfp_lock_release
 .text.__sinit  0x08006478       0x30 c:/siliconlabs/simplicitystudio/v5/developer/toolchains/gnu_arm/12.2.rel1_2023.7/bin/../lib/gcc/arm-none-eabi/12.2.1/thumb/v8-m.main+fp/hard\libc_nano.a(libc_a-findfp.o)
                0x08006478                __sinit
 .text.printf   0x080064a8       0x24 c:/siliconlabs/simplicitystudio/v5/developer/toolchains/gnu_arm/12.2.rel1_2023.7/bin/../lib/gcc/arm-none-eabi/12.2.1/thumb/v8-m.main+fp/hard\libc_nano.a(libc_a-printf.o)
                0x080064a8                iprintf
                0x080064a8                printf
 .text.putchar  0x080064cc       0x10 c:/siliconlabs/simplicitystudio/v5/developer/toolchains/gnu_arm/12.2.rel1_2023.7/bin/../lib/gcc/arm-none-eabi/12.2.1/thumb/v8-m.main+fp/hard\libc_nano.a(libc_a-putchar.o)
                0x080064cc                putchar
 .text.puts     0x080064dc       0x10 c:/siliconlabs/simplicitystudio/v5/developer/toolchains/gnu_arm/12.2.rel1_2023.7/bin/../lib/gcc/arm-none-eabi/12.2.1/thumb/v8-m.main+fp/hard\libc_nano.a(libc_a-puts.o)
                0x080064dc                puts
 .text.setvbuf  0x080064ec      0x168 c:/siliconlabs/simplicitystudio/v5/developer/toolchains/gnu_arm/12.2.rel1_2023.7/bin/../lib/gcc/arm-none-eabi/12.2.1/thumb/v8-m.main+fp/hard\libc_nano.a(libc_a-setvbuf.o)
                0x080064ec                setvbuf
 .text.__swsetup_r
                0x08006654       0xac c:/siliconlabs/simplicitystudio/v5/developer/toolchains/gnu_arm/12.2.rel1_2023.7/bin/../lib/gcc/arm-none-eabi/12.2.1/thumb/v8-m.main+fp/hard\libc_nano.a(libc_a-wsetup.o)
                0x08006654                __swsetup_r
 .text._localeconv_r
                0x08006700        0x8 c:/siliconlabs/simplicitystudio/v5/developer/toolchains/gnu_arm/12.2.rel1_2023.7/bin/../lib/gcc/arm-none-eabi/12.2.1/thumb/v8-m.main+fp/hard\libc_nano.a(libc_a-localeconv.o)
                0x08006700                _localeconv_r
 .text._close_r
                0x08006708       0x20 c:/siliconlabs/simplicitystudio/v5/developer/toolchains/gnu_arm/12.2.rel1_2023.7/bin/../lib/gcc/arm-none-eabi/12.2.1/thumb/v8-m.main+fp/hard\libc_nano.a(libc_a-closer.o)
                0x08006708                _close_r
 .text._lseek_r
                0x08006728       0x24 c:/siliconlabs/simplicitystudio/v5/developer/toolchains/gnu_arm/12.2.rel1_2023.7/bin/../lib/gcc/arm-none-eabi/12.2.1/thumb/v8-m.main+fp/hard\libc_nano.a(libc_a-lseekr.o)
                0x08006728                _lseek_r
 .text._read_r  0x0800674c       0x24 c:/siliconlabs/simplicitystudio/v5/developer/toolchains/gnu_arm/12.2.rel1_2023.7/bin/../lib/gcc/arm-none-eabi/12.2.1/thumb/v8-m.main+fp/hard\libc_nano.a(libc_a-readr.o)
                0x0800674c                _read_r
 .text._write_r
                0x08006770       0x24 c:/siliconlabs/simplicitystudio/v5/developer/toolchains/gnu_arm/12.2.rel1_2023.7/bin/../lib/gcc/arm-none-eabi/12.2.1/thumb/v8-m.main+fp/hard\libc_nano.a(libc_a-writer.o)
                0x08006770                _write_r
 .text.__libc_init_array
                0x08006794       0x48 c:/siliconlabs/simplicitystudio/v5/developer/toolchains/gnu_arm/12.2.rel1_2023.7/bin/../lib/gcc/arm-none-eabi/12.2.1/thumb/v8-m.main+fp/hard\libc_nano.a(libc_a-init.o)
                0x08006794                __libc_init_array
 .text._free_r  0x080067dc       0x94 c:/siliconlabs/simplicitystudio/v5/developer/toolchains/gnu_arm/12.2.rel1_2023.7/bin/../lib/gcc/arm-none-eabi/12.2.1/thumb/v8-m.main+fp/hard\libc_nano.a(libc_a-freer.o)
                0x080067dc                _free_r
 .text.malloc   0x08006870       0x10 c:/siliconlabs/simplicitystudio/v5/developer/toolchains/gnu_arm/12.2.rel1_2023.7/bin/../lib/gcc/arm-none-eabi/12.2.1/thumb/v8-m.main+fp/hard\libc_nano.a(libc_a-malloc.o)
                0x08006870                malloc
 .text.sbrk_aligned
                0x08006880       0x44 c:/siliconlabs/simplicitystudio/v5/developer/toolchains/gnu_arm/12.2.rel1_2023.7/bin/../lib/gcc/arm-none-eabi/12.2.1/thumb/v8-m.main+fp/hard\libc_nano.a(libc_a-mallocr.o)
 .text._malloc_r
                0x080068c4       0xf0 c:/siliconlabs/simplicitystudio/v5/developer/toolchains/gnu_arm/12.2.rel1_2023.7/bin/../lib/gcc/arm-none-eabi/12.2.1/thumb/v8-m.main+fp/hard\libc_nano.a(libc_a-mallocr.o)
                0x080068c4                _malloc_r
 .text.__malloc_lock
                0x080069b4        0xc c:/siliconlabs/simplicitystudio/v5/developer/toolchains/gnu_arm/12.2.rel1_2023.7/bin/../lib/gcc/arm-none-eabi/12.2.1/thumb/v8-m.main+fp/hard\libc_nano.a(libc_a-mlock.o)
                0x080069b4                __malloc_lock
 .text.__malloc_unlock
                0x080069c0        0xc c:/siliconlabs/simplicitystudio/v5/developer/toolchains/gnu_arm/12.2.rel1_2023.7/bin/../lib/gcc/arm-none-eabi/12.2.1/thumb/v8-m.main+fp/hard\libc_nano.a(libc_a-mlock.o)
                0x080069c0                __malloc_unlock
 .text._Balloc  0x080069cc       0x80 c:/siliconlabs/simplicitystudio/v5/developer/toolchains/gnu_arm/12.2.rel1_2023.7/bin/../lib/gcc/arm-none-eabi/12.2.1/thumb/v8-m.main+fp/hard\libc_nano.a(libc_a-mprec.o)
                0x080069cc                _Balloc
 .text._Bfree   0x08006a4c       0x44 c:/siliconlabs/simplicitystudio/v5/developer/toolchains/gnu_arm/12.2.rel1_2023.7/bin/../lib/gcc/arm-none-eabi/12.2.1/thumb/v8-m.main+fp/hard\libc_nano.a(libc_a-mprec.o)
                0x08006a4c                _Bfree
 .text.__multadd
                0x08006a90       0x90 c:/siliconlabs/simplicitystudio/v5/developer/toolchains/gnu_arm/12.2.rel1_2023.7/bin/../lib/gcc/arm-none-eabi/12.2.1/thumb/v8-m.main+fp/hard\libc_nano.a(libc_a-mprec.o)
                0x08006a90                __multadd
 .text.__i2b    0x08006b20       0x2c c:/siliconlabs/simplicitystudio/v5/developer/toolchains/gnu_arm/12.2.rel1_2023.7/bin/../lib/gcc/arm-none-eabi/12.2.1/thumb/v8-m.main+fp/hard\libc_nano.a(libc_a-mprec.o)
                0x08006b20                __i2b
 .text.__multiply
                0x08006b4c      0x154 c:/siliconlabs/simplicitystudio/v5/developer/toolchains/gnu_arm/12.2.rel1_2023.7/bin/../lib/gcc/arm-none-eabi/12.2.1/thumb/v8-m.main+fp/hard\libc_nano.a(libc_a-mprec.o)
                0x08006b4c                __multiply
 .text.__pow5mult
                0x08006ca0       0xb4 c:/siliconlabs/simplicitystudio/v5/developer/toolchains/gnu_arm/12.2.rel1_2023.7/bin/../lib/gcc/arm-none-eabi/12.2.1/thumb/v8-m.main+fp/hard\libc_nano.a(libc_a-mprec.o)
                0x08006ca0                __pow5mult
 .text.__lshift
                0x08006d54       0xd8 c:/siliconlabs/simplicitystudio/v5/developer/toolchains/gnu_arm/12.2.rel1_2023.7/bin/../lib/gcc/arm-none-eabi/12.2.1/thumb/v8-m.main+fp/hard\libc_nano.a(libc_a-mprec.o)
                0x08006d54                __lshift
 .text.__mdiff  0x08006e2c      0x130 c:/siliconlabs/simplicitystudio/v5/developer/toolchains/gnu_arm/12.2.rel1_2023.7/bin/../lib/gcc/arm-none-eabi/12.2.1/thumb/v8-m.main+fp/hard\libc_nano.a(libc_a-mprec.o)
                0x08006e2c                __mdiff
 .text.__d2b    0x08006f5c       0xb0 c:/siliconlabs/simplicitystudio/v5/developer/toolchains/gnu_arm/12.2.rel1_2023.7/bin/../lib/gcc/arm-none-eabi/12.2.1/thumb/v8-m.main+fp/hard\libc_nano.a(libc_a-mprec.o)
                0x08006f5c                __d2b
 .text._vfprintf_r
                0x0800700c      0x230 c:/siliconlabs/simplicitystudio/v5/developer/toolchains/gnu_arm/12.2.rel1_2023.7/bin/../lib/gcc/arm-none-eabi/12.2.1/thumb/v8-m.main+fp/hard\libc_nano.a(libc_a-nano-vfprintf.o)
                0x0800700c                _vfprintf_r
                0x0800700c                _vfiprintf_r
 .text._fstat_r
                0x0800723c       0x24 c:/siliconlabs/simplicitystudio/v5/developer/toolchains/gnu_arm/12.2.rel1_2023.7/bin/../lib/gcc/arm-none-eabi/12.2.1/thumb/v8-m.main+fp/hard\libc_nano.a(libc_a-fstatr.o)
                0x0800723c                _fstat_r
 .text._isatty_r
                0x08007260       0x20 c:/siliconlabs/simplicitystudio/v5/developer/toolchains/gnu_arm/12.2.rel1_2023.7/bin/../lib/gcc/arm-none-eabi/12.2.1/thumb/v8-m.main+fp/hard\libc_nano.a(libc_a-isattyr.o)
                0x08007260                _isatty_r
 .text._sbrk_r  0x08007280       0x20 c:/siliconlabs/simplicitystudio/v5/developer/toolchains/gnu_arm/12.2.rel1_2023.7/bin/../lib/gcc/arm-none-eabi/12.2.1/thumb/v8-m.main+fp/hard\libc_nano.a(libc_a-sbrkr.o)
                0x08007280                _sbrk_r
 .text.__assert_func
                0x080072a0       0x3c c:/siliconlabs/simplicitystudio/v5/developer/toolchains/gnu_arm/12.2.rel1_2023.7/bin/../lib/gcc/arm-none-eabi/12.2.1/thumb/v8-m.main+fp/hard\libc_nano.a(libc_a-assert.o)
                0x080072a0                __assert_func
 .text.fprintf  0x080072dc       0x24 c:/siliconlabs/simplicitystudio/v5/developer/toolchains/gnu_arm/12.2.rel1_2023.7/bin/../lib/gcc/arm-none-eabi/12.2.1/thumb/v8-m.main+fp/hard\libc_nano.a(libc_a-fprintf.o)
                0x080072dc                fiprintf
                0x080072dc                fprintf
 .text.raise    0x08007300       0x10 c:/siliconlabs/simplicitystudio/v5/developer/toolchains/gnu_arm/12.2.rel1_2023.7/bin/../lib/gcc/arm-none-eabi/12.2.1/thumb/v8-m.main+fp/hard\libc_nano.a(libc_a-signal.o)
                0x08007300                raise
 .text._kill_r  0x08007310       0x24 c:/siliconlabs/simplicitystudio/v5/developer/toolchains/gnu_arm/12.2.rel1_2023.7/bin/../lib/gcc/arm-none-eabi/12.2.1/thumb/v8-m.main+fp/hard\libc_nano.a(libc_a-signalr.o)
                0x08007310                _kill_r
 .text          0x08007334      0x424 c:/siliconlabs/simplicitystudio/v5/developer/toolchains/gnu_arm/12.2.rel1_2023.7/bin/../lib/gcc/arm-none-eabi/12.2.1/thumb/v8-m.main+fp/hard\libgcc.a(_arm_muldivdf3.o)
                0x08007334                __aeabi_dmul
                0x08007334                __muldf3
                0x08007588                __divdf3
                0x08007588                __aeabi_ddiv
 .text          0x08007758      0x110 c:/siliconlabs/simplicitystudio/v5/developer/toolchains/gnu_arm/12.2.rel1_2023.7/bin/../lib/gcc/arm-none-eabi/12.2.1/thumb/v8-m.main+fp/hard\libgcc.a(_arm_cmpdf2.o)
                0x08007758                __gtdf2
                0x08007758                __gedf2
                0x08007760                __ltdf2
                0x08007760                __ledf2
                0x08007768                __nedf2
                0x08007768                __eqdf2
                0x08007768                __cmpdf2
                0x080077e4                __aeabi_cdrcmple
                0x080077f4                __aeabi_cdcmpeq
                0x080077f4                __aeabi_cdcmple
                0x08007804                __aeabi_dcmpeq
                0x08007818                __aeabi_dcmplt
                0x0800782c                __aeabi_dcmple
                0x08007840                __aeabi_dcmpge
                0x08007854                __aeabi_dcmpgt
 .text          0x08007868       0x2c c:/siliconlabs/simplicitystudio/v5/developer/toolchains/gnu_arm/12.2.rel1_2023.7/bin/../lib/gcc/arm-none-eabi/12.2.1/thumb/v8-m.main+fp/hard\libgcc.a(_arm_unorddf2.o)
                0x08007868                __unorddf2
                0x08007868                __aeabi_dcmpun
 .text          0x08007894       0x50 c:/siliconlabs/simplicitystudio/v5/developer/toolchains/gnu_arm/12.2.rel1_2023.7/bin/../lib/gcc/arm-none-eabi/12.2.1/thumb/v8-m.main+fp/hard\libgcc.a(_arm_fixdfsi.o)
                0x08007894                __aeabi_d2iz
                0x08007894                __fixdfsi
 .text.app_process_action
                0x080078e4       0x12 ./app.o
                0x080078e4                app_process_action
 .text.startup.main
                0x080078f6       0x14 ./main.o
                0x080078f6                main
 .text.mpl_init
                0x0800790a        0x2 ./mpl.o
                0x0800790a                mpl_init
 .text.decode_rh
                0x0800790c       0x16 ./si.o
                0x0800790c                decode_rh
 .text.sl_board_default_init
                0x08007922        0x4 ./autogen/sl_board_default_init.o
                0x08007922                sl_board_default_init
 .text.sl_platform_init
                0x08007926       0x26 ./autogen/sl_event_handler.o
                0x08007926                sl_platform_init
 .text.sl_driver_init
                0x0800794c       0x16 ./autogen/sl_event_handler.o
                0x0800794c                sl_driver_init
 .text.sl_service_init
                0x08007962       0x16 ./autogen/sl_event_handler.o
                0x08007962                sl_service_init
 .text.sl_stack_init
                0x08007978        0x2 ./autogen/sl_event_handler.o
                0x08007978                sl_stack_init
 .text.sl_internal_app_init
                0x0800797a        0x2 ./autogen/sl_event_handler.o
                0x0800797a                sl_internal_app_init
 .text.sl_platform_process_action
                0x0800797c        0x2 ./autogen/sl_event_handler.o
                0x0800797c                sl_platform_process_action
 .text.sl_service_process_action
                0x0800797e        0x2 ./autogen/sl_event_handler.o
                0x0800797e                sl_service_process_action
 .text.sl_stack_process_action
                0x08007980        0x2 ./autogen/sl_event_handler.o
                0x08007980                sl_stack_process_action
 .text.sl_internal_app_process_action
                0x08007982        0x2 ./autogen/sl_event_handler.o
                0x08007982                sl_internal_app_process_action
 .text.sl_iostream_eusart_init_instances
                0x08007984        0x4 ./autogen/sl_iostream_init_eusart_instances.o
                0x08007984                sl_iostream_eusart_init_instances
 .text.EUSART0_TX_IRQHandler
                0x08007988        0x4 ./autogen/sl_iostream_init_eusart_instances.o
                0x08007988                EUSART0_TX_IRQHandler
 .text.sl_board_enable_vcom
                0x0800798c       0x12 ./gecko_sdk_4.4.1/hardware/board/src/sl_board_control_gpio.o
                0x0800798c                sl_board_enable_vcom
 .text.sl_board_configure_vcom
                0x0800799e        0x4 ./gecko_sdk_4.4.1/hardware/board/src/sl_board_control_gpio.o
                0x0800799e                sl_board_configure_vcom
 .text.sl_board_disable_vcom
                0x080079a2       0x12 ./gecko_sdk_4.4.1/hardware/board/src/sl_board_control_gpio.o
                0x080079a2                sl_board_disable_vcom
 .text.sl_board_init
                0x080079b4       0x1c ./gecko_sdk_4.4.1/hardware/board/src/sl_board_init.o
                0x080079b4                sl_board_init
 .text.sl_board_preinit
                0x080079d0        0x8 ./gecko_sdk_4.4.1/hardware/board/src/sl_board_init.o
                0x080079d0                sl_board_preinit
 .text.sli_cos_swo_itm_8_write.constprop.0.isra.0
                0x080079d8       0x78 ./gecko_sdk_4.4.1/hardware/driver/configuration_over_swo/src/sl_cos.o
 .text.sl_cos_send_config
                0x08007a50       0x12 ./gecko_sdk_4.4.1/hardware/driver/configuration_over_swo/src/sl_cos.o
                0x08007a50                sl_cos_send_config
 .text.sl_cos_config_vcom
                0x08007a62       0x1e ./gecko_sdk_4.4.1/hardware/driver/configuration_over_swo/src/sl_cos.o
                0x08007a62                sl_cos_config_vcom
 .text.Default_Handler
                0x08007a80        0x2 ./gecko_sdk_4.4.1/platform/Device/SiliconLabs/EFR32MG24/Source/startup_efr32mg24.o
                0x08007a80                ULFRCO_IRQHandler
                0x08007a80                AHB2AHB1_IRQHandler
                0x08007a80                SW2_IRQHandler
                0x08007a80                TIMER2_IRQHandler
                0x08007a80                DebugMon_Handler
                0x08007a80                USART0_TX_IRQHandler
                0x08007a80                IADC_IRQHandler
                0x08007a80                I2C0_IRQHandler
                0x08007a80                LFXO_IRQHandler
                0x08007a80                HardFault_Handler
                0x08007a80                SMU_SECURE_IRQHandler
                0x08007a80                SysTick_Handler
                0x08007a80                SYSRTC_SEQ_IRQHandler
                0x08007a80                EMUEFP_IRQHandler
                0x08007a80                PendSV_Handler
                0x08007a80                NMI_Handler
                0x08007a80                SYNTH_IRQHandler
                0x08007a80                HOSTMAILBOX_IRQHandler
                0x08007a80                HFXO0_IRQHandler
                0x08007a80                I2C1_IRQHandler
                0x08007a80                WDOG0_IRQHandler
                0x08007a80                TIMER3_IRQHandler
                0x08007a80                SYSCFG_IRQHandler
                0x08007a80                RFECA1_IRQHandler
                0x08007a80                EMUDG_IRQHandler
                0x08007a80                MSC_IRQHandler
                0x08007a80                DPLL0_IRQHandler
                0x08007a80                UsageFault_Handler
                0x08007a80                WDOG1_IRQHandler
                0x08007a80                M33CTI1_IRQHandler
                0x08007a80                TIMER4_IRQHandler
                0x08007a80                GPIO_EVEN_IRQHandler
                0x08007a80                VDAC0_IRQHandler
                0x08007a80                SEMBTX_IRQHandler
                0x08007a80                SW0_IRQHandler
                0x08007a80                TIMER0_IRQHandler
                0x08007a80                MVP_IRQHandler
                0x08007a80                LETIMER0_IRQHandler
                0x08007a80                EUSART1_RX_IRQHandler
                0x08007a80                TIMER1_IRQHandler
                0x08007a80                HFRCO0_IRQHandler
                0x08007a80                SecureFault_Handler
                0x08007a80                BUFC_IRQHandler
                0x08007a80                DCDC_IRQHandler
                0x08007a80                MODEM_IRQHandler
                0x08007a80                Default_Handler
                0x08007a80                RAC_SEQ_IRQHandler
                0x08007a80                FRC_PRI_IRQHandler
                0x08007a80                EMU_IRQHandler
                0x08007a80                SW3_IRQHandler
                0x08007a80                KERNEL0_IRQHandler
                0x08007a80                FRC_IRQHandler
                0x08007a80                PCNT0_IRQHandler
                0x08007a80                KERNEL1_IRQHandler
                0x08007a80                AGC_IRQHandler
                0x08007a80                EUSART1_TX_IRQHandler
                0x08007a80                KEYSCAN_IRQHandler
                0x08007a80                sl_app_properties
                0x08007a80                HFRCOEM23_IRQHandler
                0x08007a80                BURTC_IRQHandler
                0x08007a80                SEMBRX_IRQHandler
                0x08007a80                RFECA0_IRQHandler
                0x08007a80                LFRCO_IRQHandler
                0x08007a80                VDAC1_IRQHandler
                0x08007a80                ACMP0_IRQHandler
                0x08007a80                USART0_RX_IRQHandler
                0x08007a80                MemManage_Handler
                0x08007a80                AHB2AHB0_IRQHandler
                0x08007a80                SVC_Handler
                0x08007a80                SMU_S_PRIVILEGED_IRQHandler
                0x08007a80                SW1_IRQHandler
                0x08007a80                CMU_IRQHandler
                0x08007a80                RAC_RSM_IRQHandler
                0x08007a80                SETAMPERHOST_IRQHandler
                0x08007a80                GPIO_ODD_IRQHandler
                0x08007a80                AES_IRQHandler
                0x08007a80                M33CTI0_IRQHandler
                0x08007a80                ICACHE0_IRQHandler
                0x08007a80                SMU_NS_PRIVILEGED_IRQHandler
                0x08007a80                FPUEXH_IRQHandler
                0x08007a80                PROTIMER_IRQHandler
                0x08007a80                ACMP1_IRQHandler
                0x08007a80                BusFault_Handler
                0x08007a80                MPAHBRAM_IRQHandler
 .text.FlashToRamCopy
                0x08007a82       0x16 ./gecko_sdk_4.4.1/platform/Device/SiliconLabs/EFR32MG24/Source/system_efr32mg24.o
                0x08007a82                FlashToRamCopy
 .text.SystemCLKIN0Get
                0x08007a98        0x4 ./gecko_sdk_4.4.1/platform/Device/SiliconLabs/EFR32MG24/Source/system_efr32mg24.o
                0x08007a98                SystemCLKIN0Get
 .text.SystemLFRCOClockGet
                0x08007a9c        0x6 ./gecko_sdk_4.4.1/platform/Device/SiliconLabs/EFR32MG24/Source/system_efr32mg24.o
                0x08007a9c                SystemLFRCOClockGet
 .text.SystemULFRCOClockGet
                0x08007aa2        0x6 ./gecko_sdk_4.4.1/platform/Device/SiliconLabs/EFR32MG24/Source/system_efr32mg24.o
                0x08007aa2                SystemULFRCOClockGet
 .text.assertEFM
                0x08007aa8        0x2 ./gecko_sdk_4.4.1/platform/common/src/sl_assert.o
                0x08007aa8                assertEFM
 .text.sl_debug_swo_enable_itm
                0x08007aaa       0x16 ./gecko_sdk_4.4.1/platform/driver/debug/src/sl_debug_swo.o
                0x08007aaa                sl_debug_swo_enable_itm
 .text.sl_debug_swo_disable_itm
                0x08007ac0       0x18 ./gecko_sdk_4.4.1/platform/driver/debug/src/sl_debug_swo.o
                0x08007ac0                sl_debug_swo_disable_itm
 .text.sl_led_init
                0x08007ad8        0x6 ./gecko_sdk_4.4.1/platform/driver/leddrv/src/sl_led.o
                0x08007ad8                sl_led_init
 .text.sl_simple_led_init
                0x08007ade       0x22 ./gecko_sdk_4.4.1/platform/driver/leddrv/src/sl_simple_led.o
                0x08007ade                sl_simple_led_init
 .text.sl_simple_led_turn_on
                0x08007b00       0x12 ./gecko_sdk_4.4.1/platform/driver/leddrv/src/sl_simple_led.o
                0x08007b00                sl_simple_led_turn_on
 .text.sl_simple_led_turn_off
                0x08007b12       0x12 ./gecko_sdk_4.4.1/platform/driver/leddrv/src/sl_simple_led.o
                0x08007b12                sl_simple_led_turn_off
 .text.DMADRV_PeripheralMemory
                0x08007b24       0x34 ./gecko_sdk_4.4.1/platform/emdrv/dmadrv/src/dmadrv.o
                0x08007b24                DMADRV_PeripheralMemory
 .text.BUS_RegMaskedWrite
                0x08007b58       0x1e ./gecko_sdk_4.4.1/platform/emlib/src/em_cmu.o
 .text.waitStateMax
                0x08007b76       0x10 ./gecko_sdk_4.4.1/platform/emlib/src/em_cmu.o
 .text.CMU_UpdateWaitStates
                0x08007b86        0xc ./gecko_sdk_4.4.1/platform/emlib/src/em_cmu.o
                0x08007b86                CMU_UpdateWaitStates
 .text.pclkDivMax
                0x08007b92        0xa ./gecko_sdk_4.4.1/platform/emlib/src/em_cmu.o
 .text.sli_em_cmu_SYSCLKInitPostClockSelect
                0x08007b9c       0x2a ./gecko_sdk_4.4.1/platform/emlib/src/em_cmu.o
                0x08007b9c                sli_em_cmu_SYSCLKInitPostClockSelect
 .text.CORE_EnterCritical
                0x08007bc6        0x8 ./gecko_sdk_4.4.1/platform/emlib/src/em_core.o
                0x08007bc6                CORE_EnterCritical
 .text.CORE_ExitCritical
                0x08007bce        0x6 ./gecko_sdk_4.4.1/platform/emlib/src/em_core.o
                0x08007bce                CORE_ExitCritical
 .text.CORE_EnterAtomic
                0x08007bd4        0xc ./gecko_sdk_4.4.1/platform/emlib/src/em_core.o
                0x08007bd4                CORE_EnterAtomic
 .text.CORE_ExitAtomic
                0x08007be0        0x6 ./gecko_sdk_4.4.1/platform/emlib/src/em_core.o
                0x08007be0                CORE_ExitAtomic
 .text.EMU_EFPEM01VScale
                0x08007be6        0x2 ./gecko_sdk_4.4.1/platform/emlib/src/em_emu.o
                0x08007be6                EMU_EFPEM01VScale
 .text.EMU_DCDCUpdatedHook
                0x08007be8        0x2 ./gecko_sdk_4.4.1/platform/emlib/src/em_emu.o
                0x08007be8                EMU_DCDCUpdatedHook
 .text.eusart_sync
                0x08007bea        0x8 ./gecko_sdk_4.4.1/platform/emlib/src/em_eusart.o
 .text.EUSART_Disable
                0x08007bf2       0x34 ./gecko_sdk_4.4.1/platform/emlib/src/em_eusart.o
 .text.EUSART_Tx
                0x08007c26        0xa ./gecko_sdk_4.4.1/platform/emlib/src/em_eusart.o
                0x08007c26                EUSART_Tx
 .text.BUS_RegMaskedWrite
                0x08007c30       0x1e ./gecko_sdk_4.4.1/platform/emlib/src/em_gpio.o
 .text.GPIO_DbgLocationSet
                0x08007c4e        0x2 ./gecko_sdk_4.4.1/platform/emlib/src/em_gpio.o
                0x08007c4e                GPIO_DbgLocationSet
 .text.USART_SpiTransfer
                0x08007c50       0x14 ./gecko_sdk_4.4.1/platform/emlib/src/em_usart.o
                0x08007c50                USART_SpiTransfer
 .text.sl_iostream_write
                0x08007c64       0x22 ./gecko_sdk_4.4.1/platform/service/iostream/src/sl_iostream.o
                0x08007c64                sl_iostream_write
 .text.sl_iostream_read
                0x08007c86       0x30 ./gecko_sdk_4.4.1/platform/service/iostream/src/sl_iostream.o
                0x08007c86                sl_iostream_read
 .text.eusart_deinit
                0x08007cb6       0x70 ./gecko_sdk_4.4.1/platform/service/iostream/src/sl_iostream_eusart.o
 .text.eusart_set_next_byte_detect
                0x08007d26       0x30 ./gecko_sdk_4.4.1/platform/service/iostream/src/sl_iostream_eusart.o
 .text.eusart_tx
                0x08007d56        0xc ./gecko_sdk_4.4.1/platform/service/iostream/src/sl_iostream_eusart.o
 .text.sl_iostream_eusart_irq_handler
                0x08007d62       0x72 ./gecko_sdk_4.4.1/platform/service/iostream/src/sl_iostream_eusart.o
                0x08007d62                sl_iostream_eusart_irq_handler
 .text._close   0x08007dd4        0x4 ./gecko_sdk_4.4.1/platform/service/iostream/src/sl_iostream_retarget_stdio.o
                0x08007dd4                _close
 .text._exit    0x08007dd8        0x2 ./gecko_sdk_4.4.1/platform/service/iostream/src/sl_iostream_retarget_stdio.o
                0x08007dd8                _exit
 .text._fstat   0x08007dda        0xa ./gecko_sdk_4.4.1/platform/service/iostream/src/sl_iostream_retarget_stdio.o
                0x08007dda                _fstat
 .text._getpid  0x08007de4        0x4 ./gecko_sdk_4.4.1/platform/service/iostream/src/sl_iostream_retarget_stdio.o
                0x08007de4                _getpid
 .text._isatty  0x08007de8        0x4 ./gecko_sdk_4.4.1/platform/service/iostream/src/sl_iostream_retarget_stdio.o
                0x08007de8                _isatty
 .text._kill    0x08007dec        0x6 ./gecko_sdk_4.4.1/platform/service/iostream/src/sl_iostream_retarget_stdio.o
                0x08007dec                _kill
 .text._lseek   0x08007df2        0x4 ./gecko_sdk_4.4.1/platform/service/iostream/src/sl_iostream_retarget_stdio.o
                0x08007df2                _lseek
 .text._read    0x08007df6       0x1c ./gecko_sdk_4.4.1/platform/service/iostream/src/sl_iostream_retarget_stdio.o
                0x08007df6                _read
 .text.set_auto_cr_lf
                0x08007e12        0x6 ./gecko_sdk_4.4.1/platform/service/iostream/src/sl_iostream_uart.o
 .text.get_auto_cr_lf
                0x08007e18        0x6 ./gecko_sdk_4.4.1/platform/service/iostream/src/sl_iostream_uart.o
 .text.delay_callback
                0x08007e1e        0x6 ./gecko_sdk_4.4.1/platform/service/sleeptimer/src/sl_sleeptimer.o
 .text.sl_sleeptimer_start_timer
                0x08007e24       0x48 ./gecko_sdk_4.4.1/platform/service/sleeptimer/src/sl_sleeptimer.o
                0x08007e24                sl_sleeptimer_start_timer
 .text.sl_sleeptimer_start_periodic_timer
                0x08007e6c       0x4a ./gecko_sdk_4.4.1/platform/service/sleeptimer/src/sl_sleeptimer.o
                0x08007e6c                sl_sleeptimer_start_periodic_timer
 .text.sleeptimer_hal_get_compare
                0x08007eb6        0x8 ./gecko_sdk_4.4.1/platform/service/sleeptimer/src/sl_sleeptimer_hal_sysrtc.o
                0x08007eb6                sleeptimer_hal_get_compare
 .text.sleeptimer_hal_enable_int
                0x08007ebe       0x12 ./gecko_sdk_4.4.1/platform/service/sleeptimer/src/sl_sleeptimer_hal_sysrtc.o
                0x08007ebe                sleeptimer_hal_enable_int
 .text.SYSRTC_APP_IRQHandler
                0x08007ed0       0x34 ./gecko_sdk_4.4.1/platform/service/sleeptimer/src/sl_sleeptimer_hal_sysrtc.o
                0x08007ed0                SYSRTC_APP_IRQHandler
 .text.sleeptimer_hal_get_timer_frequency
                0x08007f04        0x6 ./gecko_sdk_4.4.1/platform/service/sleeptimer/src/sl_sleeptimer_hal_sysrtc.o
                0x08007f04                sleeptimer_hal_get_timer_frequency
 .text.sl_system_init
                0x08007f0a       0x1a ./gecko_sdk_4.4.1/platform/service/system/src/sl_system_init.o
                0x08007f0a                sl_system_init
 .text.sl_system_process_action
                0x08007f24       0x16 ./gecko_sdk_4.4.1/platform/service/system/src/sl_system_process_action.o
                0x08007f24                sl_system_process_action
 .text.__cvt    0x08007f3a       0xd0 c:/siliconlabs/simplicitystudio/v5/developer/toolchains/gnu_arm/12.2.rel1_2023.7/bin/../lib/gcc/arm-none-eabi/12.2.1/thumb/v8-m.main+fp/hard\libc_nano.a(libc_a-nano-vfprintf_float.o)
                0x08007f3a                __cvt
 .text.__exponent
                0x0800800a       0x72 c:/siliconlabs/simplicitystudio/v5/developer/toolchains/gnu_arm/12.2.rel1_2023.7/bin/../lib/gcc/arm-none-eabi/12.2.1/thumb/v8-m.main+fp/hard\libc_nano.a(libc_a-nano-vfprintf_float.o)
                0x0800800a                __exponent
 .text._printf_common
                0x0800807c       0xe4 c:/siliconlabs/simplicitystudio/v5/developer/toolchains/gnu_arm/12.2.rel1_2023.7/bin/../lib/gcc/arm-none-eabi/12.2.1/thumb/v8-m.main+fp/hard\libc_nano.a(libc_a-nano-vfprintf_i.o)
                0x0800807c                _printf_common
 .text._fwalk_sglue
                0x08008160       0x3c c:/siliconlabs/simplicitystudio/v5/developer/toolchains/gnu_arm/12.2.rel1_2023.7/bin/../lib/gcc/arm-none-eabi/12.2.1/thumb/v8-m.main+fp/hard\libc_nano.a(libc_a-fwalk.o)
                0x08008160                _fwalk_sglue
 .text._puts_r  0x0800819c       0xaa c:/siliconlabs/simplicitystudio/v5/developer/toolchains/gnu_arm/12.2.rel1_2023.7/bin/../lib/gcc/arm-none-eabi/12.2.1/thumb/v8-m.main+fp/hard\libc_nano.a(libc_a-puts.o)
                0x0800819c                _puts_r
 .text.__sread  0x08008246       0x22 c:/siliconlabs/simplicitystudio/v5/developer/toolchains/gnu_arm/12.2.rel1_2023.7/bin/../lib/gcc/arm-none-eabi/12.2.1/thumb/v8-m.main+fp/hard\libc_nano.a(libc_a-stdio.o)
                0x08008246                __sread
 .text.__swrite
                0x08008268       0x38 c:/siliconlabs/simplicitystudio/v5/developer/toolchains/gnu_arm/12.2.rel1_2023.7/bin/../lib/gcc/arm-none-eabi/12.2.1/thumb/v8-m.main+fp/hard\libc_nano.a(libc_a-stdio.o)
                0x08008268                __swrite
 .text.__sseek  0x080082a0       0x24 c:/siliconlabs/simplicitystudio/v5/developer/toolchains/gnu_arm/12.2.rel1_2023.7/bin/../lib/gcc/arm-none-eabi/12.2.1/thumb/v8-m.main+fp/hard\libc_nano.a(libc_a-stdio.o)
                0x080082a0                __sseek
 .text.__sclose
                0x080082c4        0x8 c:/siliconlabs/simplicitystudio/v5/developer/toolchains/gnu_arm/12.2.rel1_2023.7/bin/../lib/gcc/arm-none-eabi/12.2.1/thumb/v8-m.main+fp/hard\libc_nano.a(libc_a-stdio.o)
                0x080082c4                __sclose
 .text.__swbuf_r
                0x080082cc       0x7c c:/siliconlabs/simplicitystudio/v5/developer/toolchains/gnu_arm/12.2.rel1_2023.7/bin/../lib/gcc/arm-none-eabi/12.2.1/thumb/v8-m.main+fp/hard\libc_nano.a(libc_a-wbuf.o)
                0x080082cc                __swbuf_r
 .text.memset   0x08008348       0x10 c:/siliconlabs/simplicitystudio/v5/developer/toolchains/gnu_arm/12.2.rel1_2023.7/bin/../lib/gcc/arm-none-eabi/12.2.1/thumb/v8-m.main+fp/hard\libc_nano.a(libc_a-memset.o)
                0x08008348                memset
 .text.__retarget_lock_init_recursive
                0x08008358        0x2 c:/siliconlabs/simplicitystudio/v5/developer/toolchains/gnu_arm/12.2.rel1_2023.7/bin/../lib/gcc/arm-none-eabi/12.2.1/thumb/v8-m.main+fp/hard\libc_nano.a(libc_a-lock.o)
                0x08008358                __retarget_lock_init_recursive
 .text.__retarget_lock_acquire_recursive
                0x0800835a        0x2 c:/siliconlabs/simplicitystudio/v5/developer/toolchains/gnu_arm/12.2.rel1_2023.7/bin/../lib/gcc/arm-none-eabi/12.2.1/thumb/v8-m.main+fp/hard\libc_nano.a(libc_a-lock.o)
                0x0800835a                __retarget_lock_acquire_recursive
 .text.__retarget_lock_release_recursive
                0x0800835c        0x2 c:/siliconlabs/simplicitystudio/v5/developer/toolchains/gnu_arm/12.2.rel1_2023.7/bin/../lib/gcc/arm-none-eabi/12.2.1/thumb/v8-m.main+fp/hard\libc_nano.a(libc_a-lock.o)
                0x0800835c                __retarget_lock_release_recursive
 .text.memchr   0x0800835e       0x1c c:/siliconlabs/simplicitystudio/v5/developer/toolchains/gnu_arm/12.2.rel1_2023.7/bin/../lib/gcc/arm-none-eabi/12.2.1/thumb/v8-m.main+fp/hard\libc_nano.a(libc_a-memchr-stub.o)
                0x0800835e                memchr
 .text.memcpy   0x0800837a       0x1a c:/siliconlabs/simplicitystudio/v5/developer/toolchains/gnu_arm/12.2.rel1_2023.7/bin/../lib/gcc/arm-none-eabi/12.2.1/thumb/v8-m.main+fp/hard\libc_nano.a(libc_a-memcpy-stub.o)
                0x0800837a                memcpy
 .text          0x08008394       0x10 c:/siliconlabs/simplicitystudio/v5/developer/toolchains/gnu_arm/12.2.rel1_2023.7/bin/../lib/gcc/arm-none-eabi/12.2.1/thumb/v8-m.main+fp/hard\libc_nano.a(libc_a-strlen.o)
                0x08008394                strlen
 .text.quorem   0x080083a4      0x11a c:/siliconlabs/simplicitystudio/v5/developer/toolchains/gnu_arm/12.2.rel1_2023.7/bin/../lib/gcc/arm-none-eabi/12.2.1/thumb/v8-m.main+fp/hard\libc_nano.a(libc_a-dtoa.o)
 .text.__hi0bits
                0x080084be       0x44 c:/siliconlabs/simplicitystudio/v5/developer/toolchains/gnu_arm/12.2.rel1_2023.7/bin/../lib/gcc/arm-none-eabi/12.2.1/thumb/v8-m.main+fp/hard\libc_nano.a(libc_a-mprec.o)
                0x080084be                __hi0bits
 .text.__lo0bits
                0x08008502       0x5a c:/siliconlabs/simplicitystudio/v5/developer/toolchains/gnu_arm/12.2.rel1_2023.7/bin/../lib/gcc/arm-none-eabi/12.2.1/thumb/v8-m.main+fp/hard\libc_nano.a(libc_a-mprec.o)
                0x08008502                __lo0bits
 .text.__mcmp   0x0800855c       0x36 c:/siliconlabs/simplicitystudio/v5/developer/toolchains/gnu_arm/12.2.rel1_2023.7/bin/../lib/gcc/arm-none-eabi/12.2.1/thumb/v8-m.main+fp/hard\libc_nano.a(libc_a-mprec.o)
                0x0800855c                __mcmp
 .text.__sfputc_r
                0x08008592       0x2e c:/siliconlabs/simplicitystudio/v5/developer/toolchains/gnu_arm/12.2.rel1_2023.7/bin/../lib/gcc/arm-none-eabi/12.2.1/thumb/v8-m.main+fp/hard\libc_nano.a(libc_a-nano-vfprintf.o)
 .text.__sfputs_r
                0x080085c0       0x24 c:/siliconlabs/simplicitystudio/v5/developer/toolchains/gnu_arm/12.2.rel1_2023.7/bin/../lib/gcc/arm-none-eabi/12.2.1/thumb/v8-m.main+fp/hard\libc_nano.a(libc_a-nano-vfprintf.o)
                0x080085c0                __sfputs_r
 .text.__sflush_r
                0x080085e4      0x106 c:/siliconlabs/simplicitystudio/v5/developer/toolchains/gnu_arm/12.2.rel1_2023.7/bin/../lib/gcc/arm-none-eabi/12.2.1/thumb/v8-m.main+fp/hard\libc_nano.a(libc_a-fflush.o)
                0x080085e4                __sflush_r
 .text._fflush_r
                0x080086ea       0x50 c:/siliconlabs/simplicitystudio/v5/developer/toolchains/gnu_arm/12.2.rel1_2023.7/bin/../lib/gcc/arm-none-eabi/12.2.1/thumb/v8-m.main+fp/hard\libc_nano.a(libc_a-fflush.o)
                0x080086ea                _fflush_r
 .text.__swhatbuf_r
                0x0800873a       0x4a c:/siliconlabs/simplicitystudio/v5/developer/toolchains/gnu_arm/12.2.rel1_2023.7/bin/../lib/gcc/arm-none-eabi/12.2.1/thumb/v8-m.main+fp/hard\libc_nano.a(libc_a-makebuf.o)
                0x0800873a                __swhatbuf_r
 .text.__smakebuf_r
                0x08008784       0x78 c:/siliconlabs/simplicitystudio/v5/developer/toolchains/gnu_arm/12.2.rel1_2023.7/bin/../lib/gcc/arm-none-eabi/12.2.1/thumb/v8-m.main+fp/hard\libc_nano.a(libc_a-makebuf.o)
                0x08008784                __smakebuf_r
 .text._putc_r  0x080087fc       0x68 c:/siliconlabs/simplicitystudio/v5/developer/toolchains/gnu_arm/12.2.rel1_2023.7/bin/../lib/gcc/arm-none-eabi/12.2.1/thumb/v8-m.main+fp/hard\libc_nano.a(libc_a-putc.o)
                0x080087fc                _putc_r
 .text._calloc_r
                0x08008864       0x28 c:/siliconlabs/simplicitystudio/v5/developer/toolchains/gnu_arm/12.2.rel1_2023.7/bin/../lib/gcc/arm-none-eabi/12.2.1/thumb/v8-m.main+fp/hard\libc_nano.a(libc_a-callocr.o)
                0x08008864                _calloc_r
 .text.__ascii_mbtowc
                0x0800888c       0x24 c:/siliconlabs/simplicitystudio/v5/developer/toolchains/gnu_arm/12.2.rel1_2023.7/bin/../lib/gcc/arm-none-eabi/12.2.1/thumb/v8-m.main+fp/hard\libc_nano.a(libc_a-mbtowc_r.o)
                0x0800888c                __ascii_mbtowc
 .text.__ascii_wctomb
                0x080088b0       0x1a c:/siliconlabs/simplicitystudio/v5/developer/toolchains/gnu_arm/12.2.rel1_2023.7/bin/../lib/gcc/arm-none-eabi/12.2.1/thumb/v8-m.main+fp/hard\libc_nano.a(libc_a-wctomb_r.o)
                0x080088b0                __ascii_wctomb
 .text.abort    0x080088ca        0xe c:/siliconlabs/simplicitystudio/v5/developer/toolchains/gnu_arm/12.2.rel1_2023.7/bin/../lib/gcc/arm-none-eabi/12.2.1/thumb/v8-m.main+fp/hard\libc_nano.a(libc_a-abort.o)
                0x080088ca                abort
 .text._raise_r
                0x080088d8       0x50 c:/siliconlabs/simplicitystudio/v5/developer/toolchains/gnu_arm/12.2.rel1_2023.7/bin/../lib/gcc/arm-none-eabi/12.2.1/thumb/v8-m.main+fp/hard\libc_nano.a(libc_a-signal.o)
                0x080088d8                _raise_r
 .text._getpid_r
                0x08008928        0x4 c:/siliconlabs/simplicitystudio/v5/developer/toolchains/gnu_arm/12.2.rel1_2023.7/bin/../lib/gcc/arm-none-eabi/12.2.1/thumb/v8-m.main+fp/hard\libc_nano.a(libc_a-signalr.o)
                0x08008928                _getpid_r
                0x08008940                . = ALIGN (0x20)
 *fill*         0x0800892c       0x14 
                0x08008940                linker_code_end = .
 *(.init)
 .init          0x08008940        0x4 c:/siliconlabs/simplicitystudio/v5/developer/toolchains/gnu_arm/12.2.rel1_2023.7/bin/../lib/gcc/arm-none-eabi/12.2.1/thumb/v8-m.main+fp/hard/crti.o
                0x08008940                _init
 .init          0x08008944        0x8 c:/siliconlabs/simplicitystudio/v5/developer/toolchains/gnu_arm/12.2.rel1_2023.7/bin/../lib/gcc/arm-none-eabi/12.2.1/thumb/v8-m.main+fp/hard/crtn.o
 *(.fini)
 .fini          0x0800894c        0x4 c:/siliconlabs/simplicitystudio/v5/developer/toolchains/gnu_arm/12.2.rel1_2023.7/bin/../lib/gcc/arm-none-eabi/12.2.1/thumb/v8-m.main+fp/hard/crti.o
                0x0800894c                _fini
 .fini          0x08008950        0x8 c:/siliconlabs/simplicitystudio/v5/developer/toolchains/gnu_arm/12.2.rel1_2023.7/bin/../lib/gcc/arm-none-eabi/12.2.1/thumb/v8-m.main+fp/hard/crtn.o
 *crtbegin.o(.ctors)
 *crtbegin?.o(.ctors)
 *(EXCLUDE_FILE(*crtend.o *crtend?.o) .ctors)
 *(SORT_BY_NAME(.ctors.*))
 *(.ctors)
 *crtbegin.o(.dtors)
 *crtbegin?.o(.dtors)
 *(EXCLUDE_FILE(*crtend.o *crtend?.o) .dtors)
 *(SORT_BY_NAME(.dtors.*))
 *(.dtors)
                0x08008958                __code_classification_validator_start__ = .
                0x08008978                . = (. + 0x20)
 *fill*         0x08008958       0x20 
 *(code_classification_validator)
                0x08008980                . = ALIGN (0x20)
 *fill*         0x08008978        0x8 
                0x08008980                __code_classification_validator_end__ = .
 *(.rodata*)
 .rodata.app_init.str1.1
                0x08008980      0x12e ./app.o
                                0x130 (size before relaxing)
 .rodata.AS7331_ChangeMode.str1.1
                0x08008aae        0x8 ./as.o
 .rodata.as_dev_id.str1.1
                0x08008ab6       0x21 ./as.o
 .rodata.as_init.str1.1
                0x08008ad7      0x106 ./as.o
 .rodata.as_process_action.str1.1
                0x08008bdd       0x39 ./as.o
 *fill*         0x08008c16        0x2 
 .rodata.uvc_fsr
                0x08008c18       0x30 ./as.o
                0x08008c18                uvc_fsr
 .rodata.uvb_fsr
                0x08008c48       0x30 ./as.o
                0x08008c48                uvb_fsr
 .rodata.uva_fsr
                0x08008c78       0x30 ./as.o
                0x08008c78                uva_fsr
 .rodata.mpl_dev_id.str1.1
                0x08008ca8       0x13 ./mpl.o
                                 0x2d (size before relaxing)
 .rodata.SI7021_measure.constprop.0.str1.1
                0x08008cbb        0x8 ./si.o
 .rodata.si_dev_id.str1.1
                0x08008cc3        0x7 ./si.o
                                 0x21 (size before relaxing)
 .rodata.sl_iostream_eusart_init_vcom.str1.1
                0x08008cca       0x2f ./autogen/sl_iostream_init_eusart_instances.o
 *fill*         0x08008cf9        0x3 
 .rodata        0x08008cfc       0x20 ./autogen/sl_iostream_init_eusart_instances.o
 .rodata.sl_led_led1
                0x08008d1c       0x18 ./autogen/sl_simple_led_instances.o
                0x08008d1c                sl_led_led1
 .rodata.sl_led_led0
                0x08008d34       0x18 ./autogen/sl_simple_led_instances.o
                0x08008d34                sl_led_led0
 .rodata.sl_board_enable_sensor.str1.1
                0x08008d4c       0x3e ./gecko_sdk_4.4.1/hardware/board/src/sl_board_control_gpio.o
 *fill*         0x08008d8a        0x2 
 .rodata        0x08008d8c       0x1c ./gecko_sdk_4.4.1/hardware/driver/mx25_flash_shutdown/src/sl_mx25_flash_shutdown_usart/sl_mx25_flash_shutdown.o
 .rodata.I2CSPM_Init.str1.1
                0x08008da8       0xa1 ./gecko_sdk_4.4.1/platform/driver/i2cspm/src/sl_i2cspm.o
 *fill*         0x08008e49        0x1 
 .rodata.CSWTCH.10
                0x08008e4a        0x8 ./gecko_sdk_4.4.1/platform/driver/i2cspm/src/sl_i2cspm.o
 .rodata.GPIO_PinOutClear.str1.1
                0x08008e52       0x67 ./gecko_sdk_4.4.1/platform/driver/leddrv/src/sl_simple_led.o
 .rodata.CSWTCH.18
                0x08008e52        0x8 ./gecko_sdk_4.4.1/platform/driver/leddrv/src/sl_simple_led.o
 .rodata        0x08008e5a        0x4 ./gecko_sdk_4.4.1/platform/emdrv/dmadrv/src/dmadrv.o
 .rodata.HFRCODPLLDevinfoGet.str1.1
                0x08008e5e       0x2f ./gecko_sdk_4.4.1/platform/emlib/src/em_cmu.o
 .rodata.EMU_VScaleEM01.str1.1
                0x08008e8d       0x2f ./gecko_sdk_4.4.1/platform/emlib/src/em_emu.o
 .rodata.EUSART_Enable.str1.1
                0x08008ebc       0x32 ./gecko_sdk_4.4.1/platform/emlib/src/em_eusart.o
 .rodata.GPIO_PinOutSet.str1.1
                0x08008eee       0x67 ./gecko_sdk_4.4.1/platform/emlib/src/em_gpio.o
 .rodata.GPIO_ExtIntConfig.str1.1
                0x08008eee       0x30 ./gecko_sdk_4.4.1/platform/emlib/src/em_gpio.o
 .rodata.CSWTCH.31
                0x08008f1e        0x8 ./gecko_sdk_4.4.1/platform/emlib/src/em_gpio.o
 .rodata.I2C_BusFreqGet.str1.1
                0x08008f26       0x2f ./gecko_sdk_4.4.1/platform/emlib/src/em_i2c.o
 .rodata.i2cNSum
                0x08008f55        0x4 ./gecko_sdk_4.4.1/platform/emlib/src/em_i2c.o
 .rodata.LDMA_EnableChannelRequest.str1.1
                0x08008f59       0x96 ./gecko_sdk_4.4.1/platform/emlib/src/em_ldma.o
 .rodata.USART_BaudrateAsyncSet.str1.1
                0x08008fef       0x31 ./gecko_sdk_4.4.1/platform/emlib/src/em_usart.o
 .rodata.sl_hal_sysrtc_init_group.str1.1
                0x08009020       0x3f ./gecko_sdk_4.4.1/platform/peripheral/src/peripheral_sysrtc.o
 .rodata        0x0800905f        0x7 ./gecko_sdk_4.4.1/platform/service/device_init/src/sl_device_init_dcdc_s2.o
 *fill*         0x08009066        0x2 
 .rodata        0x08009068       0x28 ./gecko_sdk_4.4.1/platform/service/device_init/src/sl_device_init_hfxo_s2.o
 .rodata        0x08009090       0x14 ./gecko_sdk_4.4.1/platform/service/device_init/src/sl_device_init_lfxo_s2.o
 .rodata._write.str1.1
                0x080090a4       0x4e ./gecko_sdk_4.4.1/platform/service/iostream/src/sl_iostream_retarget_stdio.o
 .rodata.get_write_ptr.str1.1
                0x080090f2       0x44 ./gecko_sdk_4.4.1/platform/service/iostream/src/sl_iostream_uart.o
 .rodata.process_timer_irq.str1.1
                0x08009136       0x43 ./gecko_sdk_4.4.1/platform/service/sleeptimer/src/sl_sleeptimer.o
 .rodata.sl_udelay_wait.str1.1
                0x08009179       0x3b ./gecko_sdk_4.4.1/platform/service/udelay/src/sl_udelay.o
 .rodata._ctype_
                0x080091b4      0x101 c:/siliconlabs/simplicitystudio/v5/developer/toolchains/gnu_arm/12.2.rel1_2023.7/bin/../lib/gcc/arm-none-eabi/12.2.1/thumb/v8-m.main+fp/hard\libc_nano.a(libc_a-ctype_.o)
                0x080091b4                _ctype_
 .rodata._printf_float.str1.1
                0x080092b5       0x12 c:/siliconlabs/simplicitystudio/v5/developer/toolchains/gnu_arm/12.2.rel1_2023.7/bin/../lib/gcc/arm-none-eabi/12.2.1/thumb/v8-m.main+fp/hard\libc_nano.a(libc_a-nano-vfprintf_float.o)
 .rodata._printf_i.str1.1
                0x080092c7       0x22 c:/siliconlabs/simplicitystudio/v5/developer/toolchains/gnu_arm/12.2.rel1_2023.7/bin/../lib/gcc/arm-none-eabi/12.2.1/thumb/v8-m.main+fp/hard\libc_nano.a(libc_a-nano-vfprintf_i.o)
 .rodata._dtoa_r.str1.1
                0x080092e9       0x8e c:/siliconlabs/simplicitystudio/v5/developer/toolchains/gnu_arm/12.2.rel1_2023.7/bin/../lib/gcc/arm-none-eabi/12.2.1/thumb/v8-m.main+fp/hard\libc_nano.a(libc_a-dtoa.o)
                                 0x90 (size before relaxing)
 .rodata._Balloc.str1.1
                0x08009377       0x5a c:/siliconlabs/simplicitystudio/v5/developer/toolchains/gnu_arm/12.2.rel1_2023.7/bin/../lib/gcc/arm-none-eabi/12.2.1/thumb/v8-m.main+fp/hard\libc_nano.a(libc_a-mprec.o)
                                 0x71 (size before relaxing)
 .rodata.__multadd.str1.1
                0x080093d1       0x11 c:/siliconlabs/simplicitystudio/v5/developer/toolchains/gnu_arm/12.2.rel1_2023.7/bin/../lib/gcc/arm-none-eabi/12.2.1/thumb/v8-m.main+fp/hard\libc_nano.a(libc_a-mprec.o)
 *fill*         0x080093d1        0x3 
 .rodata.p05.0  0x080093d4        0xc c:/siliconlabs/simplicitystudio/v5/developer/toolchains/gnu_arm/12.2.rel1_2023.7/bin/../lib/gcc/arm-none-eabi/12.2.1/thumb/v8-m.main+fp/hard\libc_nano.a(libc_a-mprec.o)
 .rodata.__mprec_bigtens
                0x080093e0       0x28 c:/siliconlabs/simplicitystudio/v5/developer/toolchains/gnu_arm/12.2.rel1_2023.7/bin/../lib/gcc/arm-none-eabi/12.2.1/thumb/v8-m.main+fp/hard\libc_nano.a(libc_a-mprec.o)
                0x080093e0                __mprec_bigtens
 .rodata.__mprec_tens
                0x08009408       0xc8 c:/siliconlabs/simplicitystudio/v5/developer/toolchains/gnu_arm/12.2.rel1_2023.7/bin/../lib/gcc/arm-none-eabi/12.2.1/thumb/v8-m.main+fp/hard\libc_nano.a(libc_a-mprec.o)
                0x08009408                __mprec_tens
 .rodata._vfprintf_r.str1.1
                0x080094d0       0x11 c:/siliconlabs/simplicitystudio/v5/developer/toolchains/gnu_arm/12.2.rel1_2023.7/bin/../lib/gcc/arm-none-eabi/12.2.1/thumb/v8-m.main+fp/hard\libc_nano.a(libc_a-nano-vfprintf.o)
 .rodata._setlocale_r.str1.1
                0x080094e1        0x8 c:/siliconlabs/simplicitystudio/v5/developer/toolchains/gnu_arm/12.2.rel1_2023.7/bin/../lib/gcc/arm-none-eabi/12.2.1/thumb/v8-m.main+fp/hard\libc_nano.a(libc_a-locale.o)
                                  0x9 (size before relaxing)
 .rodata.str1.1
                0x080094e9        0x2 c:/siliconlabs/simplicitystudio/v5/developer/toolchains/gnu_arm/12.2.rel1_2023.7/bin/../lib/gcc/arm-none-eabi/12.2.1/thumb/v8-m.main+fp/hard\libc_nano.a(libc_a-locale.o)
 .rodata.__assert_func.str1.1
                0x080094eb       0x3c c:/siliconlabs/simplicitystudio/v5/developer/toolchains/gnu_arm/12.2.rel1_2023.7/bin/../lib/gcc/arm-none-eabi/12.2.1/thumb/v8-m.main+fp/hard\libc_nano.a(libc_a-assert.o)
                                 0x3d (size before relaxing)
 *(.eh_frame*)
 *fill*         0x08009527        0x1 
 .eh_frame      0x08009528        0x0 c:/siliconlabs/simplicitystudio/v5/developer/toolchains/gnu_arm/12.2.rel1_2023.7/bin/../lib/gcc/arm-none-eabi/12.2.1/thumb/v8-m.main+fp/hard/crtbegin.o

.glue_7         0x08009528        0x0
 .glue_7        0x08009528        0x0 linker stubs

.glue_7t        0x08009528        0x0
 .glue_7t       0x08009528        0x0 linker stubs

.vfp11_veneer   0x08009528        0x0
 .vfp11_veneer  0x08009528        0x0 linker stubs

.v4_bx          0x08009528        0x0
 .v4_bx         0x08009528        0x0 linker stubs

.iplt           0x08009528        0x0
 .iplt          0x08009528        0x0 c:/siliconlabs/simplicitystudio/v5/developer/toolchains/gnu_arm/12.2.rel1_2023.7/bin/../lib/gcc/arm-none-eabi/12.2.1/thumb/v8-m.main+fp/hard/crtbegin.o

.ARM.extab
 *(.ARM.extab* .gnu.linkonce.armextab.*)
                0x08009528                __exidx_start = .

.ARM.exidx      0x08009528        0x8
 *(.ARM.exidx* .gnu.linkonce.armexidx.*)
 .ARM.exidx     0x08009528        0x8 c:/siliconlabs/simplicitystudio/v5/developer/toolchains/gnu_arm/12.2.rel1_2023.7/bin/../lib/gcc/arm-none-eabi/12.2.1/thumb/v8-m.main+fp/hard/crt0.o
                                 0x10 (size before relaxing)
 .ARM.exidx.text.__udivmoddi4
                0x08009530        0x0 c:/siliconlabs/simplicitystudio/v5/developer/toolchains/gnu_arm/12.2.rel1_2023.7/bin/../lib/gcc/arm-none-eabi/12.2.1/thumb/v8-m.main+fp/hard\libgcc.a(_udivmoddi4.o)
                                  0x8 (size before relaxing)
                0x08009530                __exidx_end = .

.rel.dyn        0x08009530        0x0
 .rel.iplt      0x08009530        0x0 c:/siliconlabs/simplicitystudio/v5/developer/toolchains/gnu_arm/12.2.rel1_2023.7/bin/../lib/gcc/arm-none-eabi/12.2.1/thumb/v8-m.main+fp/hard/crtbegin.o

.copy.table     0x08009530        0xc
                0x08009530                . = ALIGN (0x4)
                0x08009530                __copy_table_start__ = .
                0x08009530        0x4 LONG 0x800953c __etext
                0x08009534        0x4 LONG 0x20001000 __data_start__
                0x08009538        0x4 LONG 0x82 ((__data_end__ - __data_start__) / 0x4)
                0x0800953c                __copy_table_end__ = .

.zero.table     0x0800953c        0x0
                0x0800953c                . = ALIGN (0x4)
                0x0800953c                __zero_table_start__ = .
                0x0800953c                __zero_table_end__ = .
                0x0800953c                __etext = .
                0x20000000                . = ORIGIN (RAM)

.stack          0x20000000     0x1000
                0x20000000                __StackLimit = .
 *(.stack*)
 .stack         0x20000000     0x1000 ./gecko_sdk_4.4.1/platform/common/toolchain/src/sl_memory.o
                0x20001000                . = ALIGN (0x4)
                0x20001000                __StackTop = .
                0x20001000                PROVIDE (__stack = __StackTop)

.noinit
 *(.noinit*)

.data           0x20001000      0x208 load address 0x0800953c
                0x20001000                . = ALIGN (0x4)
                0x20001000                __data_start__ = .
 *(vtable)
 *(SORT_BY_ALIGNMENT(.data*))
 .data.init_sensor
                0x20001000       0x14 ./autogen/sl_i2cspm_init.o
                0x20001000                init_sensor
 .data.sl_i2cspm_sensor
                0x20001014        0x4 ./autogen/sl_i2cspm_init.o
                0x20001014                sl_i2cspm_sensor
 .data.SystemCoreClock
                0x20001018        0x4 ./gecko_sdk_4.4.1/platform/Device/SiliconLabs/EFR32MG24/Source/system_efr32mg24.o
                0x20001018                SystemCoreClock
 .data.SystemHFRCODPLLClock
                0x2000101c        0x4 ./gecko_sdk_4.4.1/platform/Device/SiliconLabs/EFR32MG24/Source/system_efr32mg24.o
 .data.SystemLFXOClock
                0x20001020        0x4 ./gecko_sdk_4.4.1/platform/Device/SiliconLabs/EFR32MG24/Source/system_efr32mg24.o
 .data.SystemHFXOClock
                0x20001024        0x4 ./gecko_sdk_4.4.1/platform/Device/SiliconLabs/EFR32MG24/Source/system_efr32mg24.o
 .data.heap_end.0
                0x20001028        0x4 ./gecko_sdk_4.4.1/platform/common/toolchain/src/sl_memory.o
 .data.__sglue  0x2000102c        0xc c:/siliconlabs/simplicitystudio/v5/developer/toolchains/gnu_arm/12.2.rel1_2023.7/bin/../lib/gcc/arm-none-eabi/12.2.1/thumb/v8-m.main+fp/hard\libc_nano.a(libc_a-findfp.o)
                0x2000102c                __sglue
 .data._impure_ptr
                0x20001038        0x4 c:/siliconlabs/simplicitystudio/v5/developer/toolchains/gnu_arm/12.2.rel1_2023.7/bin/../lib/gcc/arm-none-eabi/12.2.1/thumb/v8-m.main+fp/hard\libc_nano.a(libc_a-impure.o)
                0x20001038                _impure_ptr
 .data._impure_data
                0x2000103c       0x4c c:/siliconlabs/simplicitystudio/v5/developer/toolchains/gnu_arm/12.2.rel1_2023.7/bin/../lib/gcc/arm-none-eabi/12.2.1/thumb/v8-m.main+fp/hard\libc_nano.a(libc_a-impure.o)
                0x2000103c                _impure_data
 .data.__global_locale
                0x20001088      0x16c c:/siliconlabs/simplicitystudio/v5/developer/toolchains/gnu_arm/12.2.rel1_2023.7/bin/../lib/gcc/arm-none-eabi/12.2.1/thumb/v8-m.main+fp/hard\libc_nano.a(libc_a-locale.o)
                0x20001088                __global_locale
 .data.hfxo_precision
                0x200011f4        0x2 ./gecko_sdk_4.4.1/platform/emlib/src/em_cmu.o
 .data.lfxo_precision
                0x200011f6        0x2 ./gecko_sdk_4.4.1/platform/emlib/src/em_cmu.o
 .data.simple_led1_context
                0x200011f8        0x3 ./autogen/sl_simple_led_instances.o