Archive member included to satisfy reference by file (symbol)

c:/siliconlabs/simplicitystudio/v5/developer/toolchains/gnu_arm/12.2.rel1_2023.7/bin/../lib/gcc/arm-none-eabi/12.2.1/thumb/v8-m.main+fp/hard\libgcc.a(_arm_muldf3.o)
                              ./as.o (__aeabi_dmul)
c:/siliconlabs/simplicitystudio/v5/developer/toolchains/gnu_arm/12.2.rel1_2023.7/bin/../lib/gcc/arm-none-eabi/12.2.1/thumb/v8-m.main+fp/hard\libgcc.a(_arm_addsubdf3.o)
                              ./as.o (__aeabi_dsub)
c:/siliconlabs/simplicitystudio/v5/developer/toolchains/gnu_arm/12.2.rel1_2023.7/bin/../lib/gcc/arm-none-eabi/12.2.1/thumb/v8-m.main+fp/hard\libgcc.a(_arm_truncdfsf2.o)
                              ./as.o (__aeabi_d2f)
c:/siliconlabs/simplicitystudio/v5/developer/toolchains/gnu_arm/12.2.rel1_2023.7/bin/../lib/gcc/arm-none-eabi/12.2.1/thumb/v8-m.main+fp/hard\libgcc.a(_aeabi_ldivmod.o)
                              ./gecko_sdk_4.4.1/platform/emlib/src/em_eusart.o (__aeabi_ldivmod)
c:/siliconlabs/simplicitystudio/v5/developer/toolchains/gnu_arm/12.2.rel1_2023.7/bin/../lib/gcc/arm-none-eabi/12.2.1/thumb/v8-m.main+fp/hard\libgcc.a(_aeabi_uldivmod.o)
                              ./gecko_sdk_4.4.1/platform/emlib/src/em_eusart.o (__aeabi_uldivmod)
c:/siliconlabs/simplicitystudio/v5/developer/toolchains/gnu_arm/12.2.rel1_2023.7/bin/../lib/gcc/arm-none-eabi/12.2.1/thumb/v8-m.main+fp/hard\libgcc.a(_udivmoddi4.o)
                              c:/siliconlabs/simplicitystudio/v5/developer/toolchains/gnu_arm/12.2.rel1_2023.7/bin/../lib/gcc/arm-none-eabi/12.2.1/thumb/v8-m.main+fp/hard\libgcc.a(_aeabi_ldivmod.o) (__udivmoddi4)
c:/siliconlabs/simplicitystudio/v5/developer/toolchains/gnu_arm/12.2.rel1_2023.7/bin/../lib/gcc/arm-none-eabi/12.2.1/thumb/v8-m.main+fp/hard\libgcc.a(_dvmd_tls.o)
                              c:/siliconlabs/simplicitystudio/v5/developer/toolchains/gnu_arm/12.2.rel1_2023.7/bin/../lib/gcc/arm-none-eabi/12.2.1/thumb/v8-m.main+fp/hard\libgcc.a(_aeabi_ldivmod.o) (__aeabi_ldiv0)
c:/siliconlabs/simplicitystudio/v5/developer/toolchains/gnu_arm/12.2.rel1_2023.7/bin/../lib/gcc/arm-none-eabi/12.2.1/thumb/v8-m.main+fp/hard\libc_nano.a(libc_a-exit.o)
                              c:/siliconlabs/simplicitystudio/v5/developer/toolchains/gnu_arm/12.2.rel1_2023.7/bin/../lib/gcc/arm-none-eabi/12.2.1/thumb/v8-m.main+fp/hard/crt0.o (exit)
c:/siliconlabs/simplicitystudio/v5/developer/toolchains/gnu_arm/12.2.rel1_2023.7/bin/../lib/gcc/arm-none-eabi/12.2.1/thumb/v8-m.main+fp/hard\libc_nano.a(libc_a-ctype_.o)
                              ./gecko_sdk_4.4.1/platform/common/src/sl_string.o (_ctype_)
c:/siliconlabs/simplicitystudio/v5/developer/toolchains/gnu_arm/12.2.rel1_2023.7/bin/../lib/gcc/arm-none-eabi/12.2.1/thumb/v8-m.main+fp/hard\libc_nano.a(libc_a-nano-vfprintf_float.o)
                              (_printf_float)
c:/siliconlabs/simplicitystudio/v5/developer/toolchains/gnu_arm/12.2.rel1_2023.7/bin/../lib/gcc/arm-none-eabi/12.2.1/thumb/v8-m.main+fp/hard\libc_nano.a(libc_a-nano-vfprintf_i.o)
                              c:/siliconlabs/simplicitystudio/v5/developer/toolchains/gnu_arm/12.2.rel1_2023.7/bin/../lib/gcc/arm-none-eabi/12.2.1/thumb/v8-m.main+fp/hard\libc_nano.a(libc_a-nano-vfprintf_float.o) (_printf_common)
c:/siliconlabs/simplicitystudio/v5/developer/toolchains/gnu_arm/12.2.rel1_2023.7/bin/../lib/gcc/arm-none-eabi/12.2.1/thumb/v8-m.main+fp/hard\libc_nano.a(libc_a-findfp.o)
                              c:/siliconlabs/simplicitystudio/v5/developer/toolchains/gnu_arm/12.2.rel1_2023.7/bin/../lib/gcc/arm-none-eabi/12.2.1/thumb/v8-m.main+fp/hard\libc_nano.a(libc_a-exit.o) (__stdio_exit_handler)
c:/siliconlabs/simplicitystudio/v5/developer/toolchains/gnu_arm/12.2.rel1_2023.7/bin/../lib/gcc/arm-none-eabi/12.2.1/thumb/v8-m.main+fp/hard\libc_nano.a(libc_a-fwalk.o)
                              c:/siliconlabs/simplicitystudio/v5/developer/toolchains/gnu_arm/12.2.rel1_2023.7/bin/../lib/gcc/arm-none-eabi/12.2.1/thumb/v8-m.main+fp/hard\libc_nano.a(libc_a-findfp.o) (_fwalk_sglue)
c:/siliconlabs/simplicitystudio/v5/developer/toolchains/gnu_arm/12.2.rel1_2023.7/bin/../lib/gcc/arm-none-eabi/12.2.1/thumb/v8-m.main+fp/hard\libc_nano.a(libc_a-printf.o)
                              ./app.o (printf)
c:/siliconlabs/simplicitystudio/v5/developer/toolchains/gnu_arm/12.2.rel1_2023.7/bin/../lib/gcc/arm-none-eabi/12.2.1/thumb/v8-m.main+fp/hard\libc_nano.a(libc_a-putchar.o)
                              ./app.o (putchar)
c:/siliconlabs/simplicitystudio/v5/developer/toolchains/gnu_arm/12.2.rel1_2023.7/bin/../lib/gcc/arm-none-eabi/12.2.1/thumb/v8-m.main+fp/hard\libc_nano.a(libc_a-puts.o)
                              ./app.o (puts)
c:/siliconlabs/simplicitystudio/v5/developer/toolchains/gnu_arm/12.2.rel1_2023.7/bin/../lib/gcc/arm-none-eabi/12.2.1/thumb/v8-m.main+fp/hard\libc_nano.a(libc_a-setvbuf.o)
                              ./gecko_sdk_4.4.1/platform/service/iostream/src/sl_iostream_stdlib_config.o (setvbuf)
[...]
Memory Configuration

Name             Origin             Length             Attributes
FLASH            0x08000000         0x0017e000         xr
RAM              0x20000000         0x00040000         xrw
*default*        0x00000000         0xffffffff

Linker script and memory map

LOAD c:/siliconlabs/simplicitystudio/v5/developer/toolchains/gnu_arm/12.2.rel1_2023.7/bin/../lib/gcc/arm-none-eabi/12.2.1/thumb/v8-m.main+fp/hard/crti.o
LOAD c:/siliconlabs/simplicitystudio/v5/developer/toolchains/gnu_arm/12.2.rel1_2023.7/bin/../lib/gcc/arm-none-eabi/12.2.1/thumb/v8-m.main+fp/hard/crtbegin.o
LOAD c:/siliconlabs/simplicitystudio/v5/developer/toolchains/gnu_arm/12.2.rel1_2023.7/bin/../lib/gcc/arm-none-eabi/12.2.1/thumb/v8-m.main+fp/hard/crt0.o
START GROUP
LOAD ./app.o
LOAD ./as.o
LOAD ./main.o
LOAD ./mpl.o
LOAD ./si.o
LOAD ./autogen/sl_board_default_init.o
LOAD ./autogen/sl_device_init_clocks.o
LOAD ./autogen/sl_event_handler.o
LOAD ./autogen/sl_i2cspm_init.o
LOAD ./autogen/sl_iostream_handles.o
LOAD ./autogen/sl_iostream_init_eusart_instances.o
LOAD ./autogen/sl_simple_led_instances.o
LOAD ./gecko_sdk_4.4.1/hardware/board/src/sl_board_control_gpio.o
LOAD ./gecko_sdk_4.4.1/hardware/board/src/sl_board_init.o
LOAD ./gecko_sdk_4.4.1/hardware/driver/configuration_over_swo/src/sl_cos.o
LOAD ./gecko_sdk_4.4.1/hardware/driver/mx25_flash_shutdown/src/sl_mx25_flash_shutdown_usart/sl_mx25_flash_shutdown.o
LOAD ./gecko_sdk_4.4.1/platform/Device/SiliconLabs/EFR32MG24/Source/startup_efr32mg24.o
LOAD ./gecko_sdk_4.4.1/platform/Device/SiliconLabs/EFR32MG24/Source/system_efr32mg24.o
LOAD ./gecko_sdk_4.4.1/platform/common/src/sl_assert.o
LOAD ./gecko_sdk_4.4.1/platform/common/src/sl_slist.o
LOAD ./gecko_sdk_4.4.1/platform/common/src/sl_string.o
LOAD ./gecko_sdk_4.4.1/platform/common/src/sl_syscalls.o
LOAD ./gecko_sdk_4.4.1/platform/common/toolchain/src/sl_memory.o
LOAD ./gecko_sdk_4.4.1/platform/driver/debug/src/sl_debug_swo.o
LOAD ./gecko_sdk_4.4.1/platform/driver/i2cspm/src/sl_i2cspm.o
LOAD ./gecko_sdk_4.4.1/platform/driver/leddrv/src/sl_led.o
LOAD ./gecko_sdk_4.4.1/platform/driver/leddrv/src/sl_simple_led.o
LOAD ./gecko_sdk_4.4.1/platform/emdrv/dmadrv/src/dmadrv.o
LOAD ./gecko_sdk_4.4.1/platform/emlib/src/em_burtc.o
LOAD ./gecko_sdk_4.4.1/platform/emlib/src/em_cmu.o
LOAD ./gecko_sdk_4.4.1/platform/emlib/src/em_core.o
LOAD ./gecko_sdk_4.4.1/platform/emlib/src/em_emu.o
LOAD ./gecko_sdk_4.4.1/platform/emlib/src/em_eusart.o
LOAD ./gecko_sdk_4.4.1/platform/emlib/src/em_gpio.o
LOAD ./gecko_sdk_4.4.1/platform/emlib/src/em_i2c.o
LOAD ./gecko_sdk_4.4.1/platform/emlib/src/em_ldma.o
LOAD ./gecko_sdk_4.4.1/platform/emlib/src/em_msc.o
LOAD ./gecko_sdk_4.4.1/platform/emlib/src/em_prs.o
LOAD ./gecko_sdk_4.4.1/platform/emlib/src/em_system.o
LOAD ./gecko_sdk_4.4.1/platform/emlib/src/em_timer.o
LOAD ./gecko_sdk_4.4.1/platform/emlib/src/em_usart.o
LOAD ./gecko_sdk_4.4.1/platform/peripheral/src/peripheral_sysrtc.o
LOAD ./gecko_sdk_4.4.1/platform/service/device_init/src/sl_device_init_dcdc_s2.o
LOAD ./gecko_sdk_4.4.1/platform/service/device_init/src/sl_device_init_emu_s2.o
LOAD ./gecko_sdk_4.4.1/platform/service/device_init/src/sl_device_init_hfxo_s2.o
LOAD ./gecko_sdk_4.4.1/platform/service/device_init/src/sl_device_init_lfxo_s2.o
LOAD ./gecko_sdk_4.4.1/platform/service/device_init/src/sl_device_init_nvic.o
LOAD ./gecko_sdk_4.4.1/platform/service/iostream/src/sl_iostream.o
LOAD ./gecko_sdk_4.4.1/platform/service/iostream/src/sl_iostream_eusart.o
LOAD ./gecko_sdk_4.4.1/platform/service/iostream/src/sl_iostream_retarget_stdio.o
LOAD ./gecko_sdk_4.4.1/platform/service/iostream/src/sl_iostream_stdlib_config.o
LOAD ./gecko_sdk_4.4.1/platform/service/iostream/src/sl_iostream_uart.o
LOAD ./gecko_sdk_4.4.1/platform/service/sleeptimer/src/sl_sleeptimer.o
LOAD ./gecko_sdk_4.4.1/platform/service/sleeptimer/src/sl_sleeptimer_hal_burtc.o
LOAD ./gecko_sdk_4.4.1/platform/service/sleeptimer/src/sl_sleeptimer_hal_sysrtc.o
LOAD ./gecko_sdk_4.4.1/platform/service/sleeptimer/src/sl_sleeptimer_hal_timer.o
LOAD ./gecko_sdk_4.4.1/platform/service/system/src/sl_system_init.o
LOAD ./gecko_sdk_4.4.1/platform/service/system/src/sl_system_process_action.o
LOAD ./gecko_sdk_4.4.1/platform/service/udelay/src/sl_udelay.o
LOAD ./gecko_sdk_4.4.1/platform/service/udelay/src/sl_udelay_armv6m_gcc.o
LOAD c:/siliconlabs/simplicitystudio/v5/developer/toolchains/gnu_arm/12.2.rel1_2023.7/bin/../lib/gcc/arm-none-eabi/12.2.1/thumb/v8-m.main+fp/hard\libgcc.a
LOAD c:/siliconlabs/simplicitystudio/v5/developer/toolchains/gnu_arm/12.2.rel1_2023.7/bin/../lib/gcc/arm-none-eabi/12.2.1/thumb/v8-m.main+fp/hard\libc_nano.a
LOAD c:/siliconlabs/simplicitystudio/v5/developer/toolchains/gnu_arm/12.2.rel1_2023.7/bin/../lib/gcc/arm-none-eabi/12.2.1/thumb/v8-m.main+fp/hard\libm.a
LOAD c:/siliconlabs/simplicitystudio/v5/developer/toolchains/gnu_arm/12.2.rel1_2023.7/bin/../lib/gcc/arm-none-eabi/12.2.1/thumb/v8-m.main+fp/hard\libnosys.a
END GROUP
START GROUP
LOAD c:/siliconlabs/simplicitystudio/v5/developer/toolchains/gnu_arm/12.2.rel1_2023.7/bin/../lib/gcc/arm-none-eabi/12.2.1/thumb/v8-m.main+fp/hard\libgcc.a
LOAD c:/siliconlabs/simplicitystudio/v5/developer/toolchains/gnu_arm/12.2.rel1_2023.7/bin/../lib/gcc/arm-none-eabi/12.2.1/thumb/v8-m.main+fp/hard\libc_nano.a
LOAD c:/siliconlabs/simplicitystudio/v5/developer/toolchains/gnu_arm/12.2.rel1_2023.7/bin/../lib/gcc/arm-none-eabi/12.2.1/thumb/v8-m.main+fp/hard\libnosys.a
END GROUP
START GROUP
LOAD c:/siliconlabs/simplicitystudio/v5/developer/toolchains/gnu_arm/12.2.rel1_2023.7/bin/../lib/gcc/arm-none-eabi/12.2.1/thumb/v8-m.main+fp/hard\libgcc.a
LOAD c:/siliconlabs/simplicitystudio/v5/developer/toolchains/gnu_arm/12.2.rel1_2023.7/bin/../lib/gcc/arm-none-eabi/12.2.1/thumb/v8-m.main+fp/hard\libg_nano.a
LOAD c:/siliconlabs/simplicitystudio/v5/developer/toolchains/gnu_arm/12.2.rel1_2023.7/bin/../lib/gcc/arm-none-eabi/12.2.1/thumb/v8-m.main+fp/hard\libc_nano.a
END GROUP
START GROUP
LOAD c:/siliconlabs/simplicitystudio/v5/developer/toolchains/gnu_arm/12.2.rel1_2023.7/bin/../lib/gcc/arm-none-eabi/12.2.1/thumb/v8-m.main+fp/hard\libgcc.a
LOAD c:/siliconlabs/simplicitystudio/v5/developer/toolchains/gnu_arm/12.2.rel1_2023.7/bin/../lib/gcc/arm-none-eabi/12.2.1/thumb/v8-m.main+fp/hard\libc_nano.a
END GROUP
LOAD c:/siliconlabs/simplicitystudio/v5/developer/toolchains/gnu_arm/12.2.rel1_2023.7/bin/../lib/gcc/arm-none-eabi/12.2.1/thumb/v8-m.main+fp/hard/crtend.o
LOAD c:/siliconlabs/simplicitystudio/v5/developer/toolchains/gnu_arm/12.2.rel1_2023.7/bin/../lib/gcc/arm-none-eabi/12.2.1/thumb/v8-m.main+fp/hard/crtn.o

.text           0x08000000     0x9a00
                0x08000000                linker_vectors_begin = .
 *(.vectors)
 .vectors       0x08000000      0x170 ./gecko_sdk_4.4.1/platform/Device/SiliconLabs/EFR32MG24/Source/startup_efr32mg24.o
                0x08000000                __Vectors
                0x08000170                linker_vectors_end = .
                0x08000170                __Vectors_End = .
                0x08000170                __Vectors_Size = (__Vectors_End - __Vectors)
                0x08000170                linker_code_begin = .
 *(SORT_BY_ALIGNMENT(.text*))
 .text          0x08000170        0x8 ./gecko_sdk_4.4.1/platform/service/udelay/src/sl_udelay_armv6m_gcc.o
                0x08000170                sli_delay_loop
 .text.AS7331_GetTemperature
                0x08000178       0x80 ./as.o
                0x08000178                AS7331_GetTemperature
 .text._dtoa_r  0x080001f8      0xc54 c:/siliconlabs/simplicitystudio/v5/developer/toolchains/gnu_arm/12.2.rel1_2023.7/bin/../lib/gcc/arm-none-eabi/12.2.1/thumb/v8-m.main+fp/hard\libc_nano.a(libc_a-dtoa.o)
                0x080001f8                _dtoa_r
 .text.deregister_tm_clones
                0x08000e4c       0x1c c:/siliconlabs/simplicitystudio/v5/developer/toolchains/gnu_arm/12.2.rel1_2023.7/bin/../lib/gcc/arm-none-eabi/12.2.1/thumb/v8-m.main+fp/hard/crtbegin.o
 .text.register_tm_clones
                0x08000e68       0x28 c:/siliconlabs/simplicitystudio/v5/developer/toolchains/gnu_arm/12.2.rel1_2023.7/bin/../lib/gcc/arm-none-eabi/12.2.1/thumb/v8-m.main+fp/hard/crtbegin.o
 .text.__do_global_dtors_aux
                0x08000e90       0x28 c:/siliconlabs/simplicitystudio/v5/developer/toolchains/gnu_arm/12.2.rel1_2023.7/bin/../lib/gcc/arm-none-eabi/12.2.1/thumb/v8-m.main+fp/hard/crtbegin.o
 .text.frame_dummy
                0x08000eb8       0x24 c:/siliconlabs/simplicitystudio/v5/developer/toolchains/gnu_arm/12.2.rel1_2023.7/bin/../lib/gcc/arm-none-eabi/12.2.1/thumb/v8-m.main+fp/hard/crtbegin.o
 .text          0x08000edc       0x7c c:/siliconlabs/simplicitystudio/v5/developer/toolchains/gnu_arm/12.2.rel1_2023.7/bin/../lib/gcc/arm-none-eabi/12.2.1/thumb/v8-m.main+fp/hard/crt0.o
                0x08000edc                _stack_init
                0x08000ee4                _start
                0x08000ee4                _mainCRTStartup
 .text.app_init
                0x08000f58       0xb4 ./app.o
                0x08000f58                app_init
 .text.app_process_action
                0x0800100c       0x30 ./app.o
                0x0800100c                app_process_action
 .text.as_flush_buffers
                0x0800103c       0x24 ./as.o
 .text.AS7331_transaction.constprop.0
                0x08001060       0x50 ./as.o
 .text.AS7331_ChangeMode
                0x080010b0       0x78 ./as.o
                0x080010b0                AS7331_ChangeMode
 .text.AS7331_StartCMDTransfer
                0x08001128       0x64 ./as.o
                0x08001128                AS7331_StartCMDTransfer
 .text.AS7331_GetFSR
                0x0800118c       0x58 ./as.o
                0x0800118c                AS7331_GetFSR
 .text.AS7331_GetUV
                0x080011e4      0x150 ./as.o
                0x080011e4                AS7331_GetUV
 .text.as_dev_id
                0x08001334       0x68 ./as.o
                0x08001334                as_dev_id
 .text.as_init  0x0800139c       0xf4 ./as.o
                0x0800139c                as_init
 .text.as_report
                0x08001490       0x90 ./as.o
                0x08001490                as_report
 .text.mpl_flush_buffers
                0x08001520       0x24 ./mpl.o
                0x08001520                mpl_flush_buffers
 .text.MPL3115A2_GetPressure
                0x08001544       0xb8 ./mpl.o
                0x08001544                MPL3115A2_GetPressure
 .text.MPL3115A2_GetTemperature
                0x080015fc       0xa4 ./mpl.o
                0x080015fc                MPL3115A2_GetTemperature
 .text.mpl_dev_id
                0x080016a0       0x84 ./mpl.o
                0x080016a0                mpl_dev_id
 .text.mpl_init
                0x08001724       0xc4 ./mpl.o
                0x08001724                mpl_init
 .text.mpl_report
                0x080017e8       0x50 ./mpl.o
                0x080017e8                mpl_report
 .text.timer_callback
                0x08001838        0xc ./si.o
 .text.decode_temp
                0x08001844       0x54 ./si.o
                0x08001844                decode_temp
 .text.SI7021_measure.constprop.0
                0x08001898       0xc8 ./si.o
 .text.initialise_temp_limits
                0x08001960       0x28 ./si.o
                0x08001960                initialise_temp_limits
 .text.si_dev_id
                0x08001988       0x78 ./si.o
                0x08001988                si_dev_id
 .text.si_init  0x08001a00       0x2c ./si.o
                0x08001a00                si_init
 .text.si_report
                0x08001a2c       0x40 ./si.o
                0x08001a2c                si_report
 .text.si_process_action
                0x08001a6c       0x1c ./si.o
                0x08001a6c                si_process_action
 .text.sl_device_init_clocks
                0x08001a88       0xac ./autogen/sl_device_init_clocks.o
                0x08001a88                sl_device_init_clocks
 .text.sl_i2cspm_init_instances
                0x08001b34       0x18 ./autogen/sl_i2cspm_init.o
                0x08001b34                sl_i2cspm_init_instances
 .text.sl_iostream_eusart_init_vcom
                0x08001b4c       0xc4 ./autogen/sl_iostream_init_eusart_instances.o
                0x08001b4c                sl_iostream_eusart_init_vcom
 .text.EUSART0_RX_IRQHandler
                0x08001c10        0xc ./autogen/sl_iostream_init_eusart_instances.o
                0x08001c10                EUSART0_RX_IRQHandler
 .text.sl_simple_led_init_instances
                0x08001c1c       0x1c ./autogen/sl_simple_led_instances.o
                0x08001c1c                sl_simple_led_init_instances
 .text.sl_board_enable_sensor
                0x08001c38       0x60 ./gecko_sdk_4.4.1/hardware/board/src/sl_board_control_gpio.o
                0x08001c38                sl_board_enable_sensor
 .text.cs_high  0x08001c98       0x10 ./gecko_sdk_4.4.1/hardware/driver/mx25_flash_shutdown/src/sl_mx25_flash_shutdown_usart/sl_mx25_flash_shutdown.o
 .text.cs_low   0x08001ca8       0x10 ./gecko_sdk_4.4.1/hardware/driver/mx25_flash_shutdown/src/sl_mx25_flash_shutdown_usart/sl_mx25_flash_shutdown.o
 .text.sl_mx25_flash_shutdown
                0x08001cb8      0x118 ./gecko_sdk_4.4.1/hardware/driver/mx25_flash_shutdown/src/sl_mx25_flash_shutdown_usart/sl_mx25_flash_shutdown.o
                0x08001cb8                sl_mx25_flash_shutdown
 .text.CopyRamFuncs
                0x08001dd0       0x1c ./gecko_sdk_4.4.1/platform/Device/SiliconLabs/EFR32MG24/Source/startup_efr32mg24.o
                0x08001dd0                CopyRamFuncs
 .text.Reset_Handler
                0x08001dec       0x64 ./gecko_sdk_4.4.1/platform/Device/SiliconLabs/EFR32MG24/Source/startup_efr32mg24.o
                0x08001dec                Reset_Handler
 .text.SystemInit
                0x08001e50       0x68 ./gecko_sdk_4.4.1/platform/Device/SiliconLabs/EFR32MG24/Source/system_efr32mg24.o
                0x08001e50                SystemInit
 .text.SystemHFRCODPLLClockGet
                0x08001eb8        0xc ./gecko_sdk_4.4.1/platform/Device/SiliconLabs/EFR32MG24/Source/system_efr32mg24.o
                0x08001eb8                SystemHFRCODPLLClockGet
 .text.SystemSYSCLKGet
                0x08001ec4       0x34 ./gecko_sdk_4.4.1/platform/Device/SiliconLabs/EFR32MG24/Source/system_efr32mg24.o
                0x08001ec4                SystemSYSCLKGet
 .text.SystemHCLKGet
                0x08001ef8       0x24 ./gecko_sdk_4.4.1/platform/Device/SiliconLabs/EFR32MG24/Source/system_efr32mg24.o
                0x08001ef8                SystemHCLKGet
 .text.SystemMaxCoreClockGet
                0x08001f1c        0x8 ./gecko_sdk_4.4.1/platform/Device/SiliconLabs/EFR32MG24/Source/system_efr32mg24.o
                0x08001f1c                SystemMaxCoreClockGet
 .text.SystemHFXOClockGet
                0x08001f24        0xc ./gecko_sdk_4.4.1/platform/Device/SiliconLabs/EFR32MG24/Source/system_efr32mg24.o
                0x08001f24                SystemHFXOClockGet
 .text.SystemHFXOClockSet
                0x08001f30       0x20 ./gecko_sdk_4.4.1/platform/Device/SiliconLabs/EFR32MG24/Source/system_efr32mg24.o
                0x08001f30                SystemHFXOClockSet
 .text.SystemFSRCOClockGet
                0x08001f50        0x8 ./gecko_sdk_4.4.1/platform/Device/SiliconLabs/EFR32MG24/Source/system_efr32mg24.o
                0x08001f50                SystemFSRCOClockGet
 .text.SystemHFRCOEM23ClockGet
                0x08001f58       0x84 ./gecko_sdk_4.4.1/platform/Device/SiliconLabs/EFR32MG24/Source/system_efr32mg24.o
                0x08001f58                SystemHFRCOEM23ClockGet
 .text.SystemLFXOClockGet
                0x08001fdc        0xc ./gecko_sdk_4.4.1/platform/Device/SiliconLabs/EFR32MG24/Source/system_efr32mg24.o
                0x08001fdc                SystemLFXOClockGet
 .text._sbrk    0x08001fe8       0x20 ./gecko_sdk_4.4.1/platform/common/toolchain/src/sl_memory.o
                0x08001fe8                _sbrk
 .text.sl_debug_swo_init
                0x08002008      0x114 ./gecko_sdk_4.4.1/platform/driver/debug/src/sl_debug_swo.o
                0x08002008                sl_debug_swo_init
 .text.sl_debug_swo_write_u8
                0x0800211c       0x44 ./gecko_sdk_4.4.1/platform/driver/debug/src/sl_debug_swo.o
                0x0800211c                sl_debug_swo_write_u8
 .text.I2CSPM_Init
                0x08002160      0x158 ./gecko_sdk_4.4.1/platform/driver/i2cspm/src/sl_i2cspm.o
                0x08002160                I2CSPM_Init
 .text.I2CSPM_Transfer
                0x080022b8       0x20 ./gecko_sdk_4.4.1/platform/driver/i2cspm/src/sl_i2cspm.o
                0x080022b8                I2CSPM_Transfer
 .text.GPIO_PinOutClear
                0x080022d8       0x3c ./gecko_sdk_4.4.1/platform/driver/leddrv/src/sl_simple_led.o
 .text.GPIO_PinOutSet
                0x08002314       0x3c ./gecko_sdk_4.4.1/platform/driver/leddrv/src/sl_simple_led.o
 .text.sl_simple_led_toggle
                0x08002350       0x3c ./gecko_sdk_4.4.1/platform/driver/leddrv/src/sl_simple_led.o
                0x08002350                sl_simple_led_toggle
 .text.sl_simple_led_get_state
                0x0800238c       0x4c ./gecko_sdk_4.4.1/platform/driver/leddrv/src/sl_simple_led.o
                0x0800238c                sl_simple_led_get_state
 .text.StartTransfer
                0x080023d8      0x17c ./gecko_sdk_4.4.1/platform/emdrv/dmadrv/src/dmadrv.o
 .text.DMADRV_AllocateChannel
                0x08002554       0x60 ./gecko_sdk_4.4.1/platform/emdrv/dmadrv/src/dmadrv.o
                0x08002554                DMADRV_AllocateChannel
 .text.DMADRV_DeInit
                0x080025b4       0x44 ./gecko_sdk_4.4.1/platform/emdrv/dmadrv/src/dmadrv.o
                0x080025b4                DMADRV_DeInit
 .text.DMADRV_FreeChannel
                0x080025f8       0x4c ./gecko_sdk_4.4.1/platform/emdrv/dmadrv/src/dmadrv.o
                0x080025f8                DMADRV_FreeChannel
 .text.DMADRV_Init
                0x08002644       0x68 ./gecko_sdk_4.4.1/platform/emdrv/dmadrv/src/dmadrv.o
                0x08002644                DMADRV_Init
 .text.DMADRV_PauseTransfer
                0x080026ac       0x40 ./gecko_sdk_4.4.1/platform/emdrv/dmadrv/src/dmadrv.o
                0x080026ac                DMADRV_PauseTransfer
 .text.DMADRV_ResumeTransfer
                0x080026ec       0x40 ./gecko_sdk_4.4.1/platform/emdrv/dmadrv/src/dmadrv.o
                0x080026ec                DMADRV_ResumeTransfer
 .text.DMADRV_StopTransfer
                0x0800272c       0x40 ./gecko_sdk_4.4.1/platform/emdrv/dmadrv/src/dmadrv.o
                0x0800272c                DMADRV_StopTransfer
 .text.DMADRV_TransferCompletePending
                0x0800276c       0x50 ./gecko_sdk_4.4.1/platform/emdrv/dmadrv/src/dmadrv.o
                0x0800276c                DMADRV_TransferCompletePending
 .text.DMADRV_TransferDone
                0x080027bc       0x44 ./gecko_sdk_4.4.1/platform/emdrv/dmadrv/src/dmadrv.o
                0x080027bc                DMADRV_TransferDone
 .text.LDMA_IRQHandler
                0x08002800       0x74 ./gecko_sdk_4.4.1/platform/emdrv/dmadrv/src/dmadrv.o
                0x08002800                LDMA_IRQHandler
 .text.EMU_VScaleGet
                0x08002874       0x18 ./gecko_sdk_4.4.1/platform/emlib/src/em_cmu.o
 .text.traceClkGet
                0x0800288c       0x54 ./gecko_sdk_4.4.1/platform/emlib/src/em_cmu.o
 .text.em01GrpaClkGet
                0x080028e0       0x74 ./gecko_sdk_4.4.1/platform/emlib/src/em_cmu.o
 .text.em01GrpcClkGet
                0x08002954       0x70 ./gecko_sdk_4.4.1/platform/emlib/src/em_cmu.o
 .text.iadcClkGet
                0x080029c4       0x60 ./gecko_sdk_4.4.1/platform/emlib/src/em_cmu.o
 .text.eusart0ClkGet
                0x08002a24       0x74 ./gecko_sdk_4.4.1/platform/emlib/src/em_cmu.o
 .text.em23GrpaClkGet
                0x08002a98       0x48 ./gecko_sdk_4.4.1/platform/emlib/src/em_cmu.o
 .text.vdac0ClkGet
                0x08002ae0       0x70 ./gecko_sdk_4.4.1/platform/emlib/src/em_cmu.o
 .text.vdac1ClkGet
                0x08002b50       0x70 ./gecko_sdk_4.4.1/platform/emlib/src/em_cmu.o
 .text.pcnt0ClkGet
                0x08002bc0       0x4c ./gecko_sdk_4.4.1/platform/emlib/src/em_cmu.o
 .text.wdog0ClkGet
                0x08002c0c       0x64 ./gecko_sdk_4.4.1/platform/emlib/src/em_cmu.o
 .text.wdog1ClkGet
                0x08002c70       0x64 ./gecko_sdk_4.4.1/platform/emlib/src/em_cmu.o
 .text.sysrtcClkGet
                0x08002cd4       0x48 ./gecko_sdk_4.4.1/platform/emlib/src/em_cmu.o
 .text.em4GrpaClkGet
                0x08002d1c       0x48 ./gecko_sdk_4.4.1/platform/emlib/src/em_cmu.o
 .text.CMU_ClockDivGet
                0x08002d64       0x78 ./gecko_sdk_4.4.1/platform/emlib/src/em_cmu.o
                0x08002d64                CMU_ClockDivGet
 .text.flashWaitStateControl
                0x08002ddc       0x58 ./gecko_sdk_4.4.1/platform/emlib/src/em_cmu.o
 .text.CMU_ClockEnable
                0x08002e34       0x50 ./gecko_sdk_4.4.1/platform/emlib/src/em_cmu.o
                0x08002e34                CMU_ClockEnable
 .text.CMU_ClockFreqGet
                0x08002e84      0x204 ./gecko_sdk_4.4.1/platform/emlib/src/em_cmu.o
                0x08002e84                CMU_ClockFreqGet
 .text.rhclkPrescOptimize
                0x08003088       0x20 ./gecko_sdk_4.4.1/platform/emlib/src/em_cmu.o
 .text.CMU_ClockSelectGet
                0x080030a8      0x22c ./gecko_sdk_4.4.1/platform/emlib/src/em_cmu.o
                0x080030a8                CMU_ClockSelectGet
 .text.sli_em_cmu_HFXOSetForceEnable
                0x080032d4       0x1c ./gecko_sdk_4.4.1/platform/emlib/src/em_cmu.o
                0x080032d4                sli_em_cmu_HFXOSetForceEnable
 .text.CMU_HFXOInit
                0x080032f0      0x224 ./gecko_sdk_4.4.1/platform/emlib/src/em_cmu.o
                0x080032f0                CMU_HFXOInit
 .text.CMU_HFXOCTuneDeltaGet
                0x08003514        0xc ./gecko_sdk_4.4.1/platform/emlib/src/em_cmu.o
                0x08003514                CMU_HFXOCTuneDeltaGet
 .text.CMU_LFXOInit
                0x08003520       0xc4 ./gecko_sdk_4.4.1/platform/emlib/src/em_cmu.o
                0x08003520                CMU_LFXOInit
 .text.CMU_LFXOPrecisionSet
                0x080035e4        0xc ./gecko_sdk_4.4.1/platform/emlib/src/em_cmu.o
                0x080035e4                CMU_LFXOPrecisionSet
 .text.CMU_HFXOPrecisionSet
                0x080035f0        0xc ./gecko_sdk_4.4.1/platform/emlib/src/em_cmu.o
                0x080035f0                CMU_HFXOPrecisionSet
 .text.CMU_ClockDivSet
                0x080035fc      0x12c ./gecko_sdk_4.4.1/platform/emlib/src/em_cmu.o
                0x080035fc                CMU_ClockDivSet
 .text.sli_em_cmu_SYSCLKInitPreClockSelect
                0x08003728       0x20 ./gecko_sdk_4.4.1/platform/emlib/src/em_cmu.o
                0x08003728                sli_em_cmu_SYSCLKInitPreClockSelect
 .text.pclkDivOptimize
                0x08003748       0x24 ./gecko_sdk_4.4.1/platform/emlib/src/em_cmu.o
 .text.EMU_DCDCSync
                0x0800376c       0x10 ./gecko_sdk_4.4.1/platform/emlib/src/em_emu.o
 .text.EMU_EM4Init
                0x0800377c       0x14 ./gecko_sdk_4.4.1/platform/emlib/src/em_emu.o
                0x0800377c                EMU_EM4Init
 .text.EMU_VScaleEM01
                0x08003790       0xa8 ./gecko_sdk_4.4.1/platform/emlib/src/em_emu.o
                0x08003790                EMU_VScaleEM01
 .text.EMU_VScaleEM01ByClock
                0x08003838       0x30 ./gecko_sdk_4.4.1/platform/emlib/src/em_emu.o
                0x08003838                EMU_VScaleEM01ByClock
 .text.EMU_DCDCModeSet
                0x08003868       0xac ./gecko_sdk_4.4.1/platform/emlib/src/em_emu.o
                0x08003868                EMU_DCDCModeSet
 .text.EMU_DCDCInit
                0x08003914       0x70 ./gecko_sdk_4.4.1/platform/emlib/src/em_emu.o
                0x08003914                EMU_DCDCInit
 .text.EMU_DCDCSetPFMXModePeakCurrent
                0x08003984       0x6c ./gecko_sdk_4.4.1/platform/emlib/src/em_emu.o
                0x08003984                EMU_DCDCSetPFMXModePeakCurrent
 .text.EUSART_Reset
                0x080039f0       0x54 ./gecko_sdk_4.4.1/platform/emlib/src/em_eusart.o
                0x080039f0                EUSART_Reset
 .text.EUSART_Enable
                0x08003a44       0x6c ./gecko_sdk_4.4.1/platform/emlib/src/em_eusart.o
                0x08003a44                EUSART_Enable
 .text.EUSART_BaudrateSet
                0x08003ab0      0x1cc ./gecko_sdk_4.4.1/platform/emlib/src/em_eusart.o
                0x08003ab0                EUSART_BaudrateSet
 .text.EUSART_AsyncInitCommon
                0x08003c7c      0x23c ./gecko_sdk_4.4.1/platform/emlib/src/em_eusart.o
 .text.EUSART_UartInitHf
                0x08003eb8       0x5c ./gecko_sdk_4.4.1/platform/emlib/src/em_eusart.o
                0x08003eb8                EUSART_UartInitHf
 .text.EUSART_UartInitLf
                0x08003f14       0xb8 ./gecko_sdk_4.4.1/platform/emlib/src/em_eusart.o
                0x08003f14                EUSART_UartInitLf
 .text.GPIO_PinOutSet
                0x08003fcc       0x3c ./gecko_sdk_4.4.1/platform/emlib/src/em_gpio.o
 .text.GPIO_PinOutClear
                0x08004008       0x3c ./gecko_sdk_4.4.1/platform/emlib/src/em_gpio.o
 .text.GPIO_PinModeSet
                0x08004044       0x94 ./gecko_sdk_4.4.1/platform/emlib/src/em_gpio.o
                0x08004044                GPIO_PinModeSet
 .text.I2C_BusFreqSet
                0x080040d8      0x108 ./gecko_sdk_4.4.1/platform/emlib/src/em_i2c.o
                0x080040d8                I2C_BusFreqSet
 .text.I2C_Enable
                0x080041e0       0x38 ./gecko_sdk_4.4.1/platform/emlib/src/em_i2c.o
                0x080041e0                I2C_Enable
 .text.I2C_Init
                0x08004218       0x64 ./gecko_sdk_4.4.1/platform/emlib/src/em_i2c.o
                0x08004218                I2C_Init
 .text.I2C_Transfer
                0x0800427c      0x224 ./gecko_sdk_4.4.1/platform/emlib/src/em_i2c.o
                0x0800427c                I2C_Transfer
 .text.I2C_TransferInit
                0x080044a0       0xbc ./gecko_sdk_4.4.1/platform/emlib/src/em_i2c.o
                0x080044a0                I2C_TransferInit
 .text.LDMA_DeInit
                0x0800455c       0x3c ./gecko_sdk_4.4.1/platform/emlib/src/em_ldma.o
                0x0800455c                LDMA_DeInit
 .text.LDMA_EnableChannelRequest
                0x08004598       0x40 ./gecko_sdk_4.4.1/platform/emlib/src/em_ldma.o
                0x08004598                LDMA_EnableChannelRequest
 .text.LDMA_Init
                0x080045d8       0x94 ./gecko_sdk_4.4.1/platform/emlib/src/em_ldma.o
                0x080045d8                LDMA_Init
 .text.LDMA_StartTransfer
                0x0800466c      0x104 ./gecko_sdk_4.4.1/platform/emlib/src/em_ldma.o
                0x0800466c                LDMA_StartTransfer
 .text.LDMA_StopTransfer
                0x08004770       0x38 ./gecko_sdk_4.4.1/platform/emlib/src/em_ldma.o
                0x08004770                LDMA_StopTransfer
 .text.LDMA_TransferDone
                0x080047a8       0x44 ./gecko_sdk_4.4.1/platform/emlib/src/em_ldma.o
                0x080047a8                LDMA_TransferDone
 .text.USART_BaudrateSyncSet
                0x080047ec       0x48 ./gecko_sdk_4.4.1/platform/emlib/src/em_usart.o
                0x080047ec                USART_BaudrateSyncSet
 .text.USART_Reset
                0x08004834       0x58 ./gecko_sdk_4.4.1/platform/emlib/src/em_usart.o
                0x08004834                USART_Reset
 .text.USART_InitSync
                0x0800488c       0xb0 ./gecko_sdk_4.4.1/platform/emlib/src/em_usart.o
                0x0800488c                USART_InitSync
 .text.sl_hal_sysrtc_wait_sync
                0x0800493c       0x14 ./gecko_sdk_4.4.1/platform/peripheral/src/peripheral_sysrtc.o
                0x0800493c                sl_hal_sysrtc_wait_sync
 .text.sl_hal_sysrtc_wait_ready
                0x08004950       0x1c ./gecko_sdk_4.4.1/platform/peripheral/src/peripheral_sysrtc.o
                0x08004950                sl_hal_sysrtc_wait_ready
 .text.sl_hal_sysrtc_stop
                0x0800496c       0x14 ./gecko_sdk_4.4.1/platform/peripheral/src/peripheral_sysrtc.o
                0x0800496c                sl_hal_sysrtc_stop
 .text.sl_hal_sysrtc_enable
                0x08004980       0x18 ./gecko_sdk_4.4.1/platform/peripheral/src/peripheral_sysrtc.o
                0x08004980                sl_hal_sysrtc_enable
 .text.sl_hal_sysrtc_disable
                0x08004998       0x1c ./gecko_sdk_4.4.1/platform/peripheral/src/peripheral_sysrtc.o
                0x08004998                sl_hal_sysrtc_disable
 .text.sl_hal_sysrtc_init
                0x080049b4       0x20 ./gecko_sdk_4.4.1/platform/peripheral/src/peripheral_sysrtc.o
                0x080049b4                sl_hal_sysrtc_init
 .text.sl_hal_sysrtc_init_group
                0x080049d4       0x48 ./gecko_sdk_4.4.1/platform/peripheral/src/peripheral_sysrtc.o
                0x080049d4                sl_hal_sysrtc_init_group
 .text.sl_hal_sysrtc_enable_group_interrupts
                0x08004a1c       0x1c ./gecko_sdk_4.4.1/platform/peripheral/src/peripheral_sysrtc.o
                0x08004a1c                sl_hal_sysrtc_enable_group_interrupts
 .text.sl_hal_sysrtc_disable_group_interrupts
                0x08004a38       0x1c ./gecko_sdk_4.4.1/platform/peripheral/src/peripheral_sysrtc.o
                0x08004a38                sl_hal_sysrtc_disable_group_interrupts
 .text.sl_hal_sysrtc_clear_group_interrupts
                0x08004a54       0x1c ./gecko_sdk_4.4.1/platform/peripheral/src/peripheral_sysrtc.o
                0x08004a54                sl_hal_sysrtc_clear_group_interrupts
 .text.sl_hal_sysrtc_get_group_interrupts
                0x08004a70       0x20 ./gecko_sdk_4.4.1/platform/peripheral/src/peripheral_sysrtc.o
                0x08004a70                sl_hal_sysrtc_get_group_interrupts
 .text.sl_hal_sysrtc_get_group_compare_channel_value
                0x08004a90       0x30 ./gecko_sdk_4.4.1/platform/peripheral/src/peripheral_sysrtc.o
                0x08004a90                sl_hal_sysrtc_get_group_compare_channel_value
 .text.sl_hal_sysrtc_set_group_compare_channel_value
                0x08004ac0       0x28 ./gecko_sdk_4.4.1/platform/peripheral/src/peripheral_sysrtc.o
                0x08004ac0                sl_hal_sysrtc_set_group_compare_channel_value
 .text.sl_device_init_dcdc
                0x08004ae8       0x2c ./gecko_sdk_4.4.1/platform/service/device_init/src/sl_device_init_dcdc_s2.o
                0x08004ae8                sl_device_init_dcdc
 .text.sl_device_init_emu
                0x08004b14       0x24 ./gecko_sdk_4.4.1/platform/service/device_init/src/sl_device_init_emu_s2.o
                0x08004b14                sl_device_init_emu
 .text.sl_device_init_hfxo
                0x08004b38       0x70 ./gecko_sdk_4.4.1/platform/service/device_init/src/sl_device_init_hfxo_s2.o
                0x08004b38                sl_device_init_hfxo
 .text.sl_device_init_lfxo
                0x08004ba8       0x2c ./gecko_sdk_4.4.1/platform/service/device_init/src/sl_device_init_lfxo_s2.o
                0x08004ba8                sl_device_init_lfxo
 .text.sl_device_init_nvic
                0x08004bd4       0x3c ./gecko_sdk_4.4.1/platform/service/device_init/src/sl_device_init_nvic.o
                0x08004bd4                sl_device_init_nvic
 .text.sl_iostream_set_default
                0x08004c10       0x18 ./gecko_sdk_4.4.1/platform/service/iostream/src/sl_iostream.o
                0x08004c10                sl_iostream_set_default
 .text.sl_iostream_get_default
                0x08004c28       0x18 ./gecko_sdk_4.4.1/platform/service/iostream/src/sl_iostream.o
                0x08004c28                sl_iostream_get_default
 .text.sl_iostream_eusart_init
                0x08004c40      0x228 ./gecko_sdk_4.4.1/platform/service/iostream/src/sl_iostream_eusart.o
                0x08004c40                sl_iostream_eusart_init
 .text._write   0x08004e68       0x20 ./gecko_sdk_4.4.1/platform/service/iostream/src/sl_iostream_retarget_stdio.o
                0x08004e68                _write
 .text.sl_iostream_stdlib_disable_buffering
                0x08004e88       0x14 ./gecko_sdk_4.4.1/platform/service/iostream/src/sl_iostream_stdlib_config.o
                0x08004e88                sl_iostream_stdlib_disable_buffering
 .text.get_write_ptr
                0x08004e9c       0x40 ./gecko_sdk_4.4.1/platform/service/iostream/src/sl_iostream_uart.o
 .text.dma_irq_handler
                0x08004edc       0x74 ./gecko_sdk_4.4.1/platform/service/iostream/src/sl_iostream_uart.o
 .text.uart_read
                0x08004f50      0x1f4 ./gecko_sdk_4.4.1/platform/service/iostream/src/sl_iostream_uart.o
 .text.uart_deinit
                0x08005144       0x98 ./gecko_sdk_4.4.1/platform/service/iostream/src/sl_iostream_uart.o
 .text.uart_write
                0x080051dc       0xc0 ./gecko_sdk_4.4.1/platform/service/iostream/src/sl_iostream_uart.o
 .text.sli_iostream_uart_context_init
                0x0800529c       0xf8 ./gecko_sdk_4.4.1/platform/service/iostream/src/sl_iostream_uart.o
                0x0800529c                sli_iostream_uart_context_init
 .text.delta_list_insert_timer
                0x08005394       0x40 ./gecko_sdk_4.4.1/platform/service/sleeptimer/src/sl_sleeptimer.o
 .text.update_delta_list
                0x080053d4       0x34 ./gecko_sdk_4.4.1/platform/service/sleeptimer/src/sl_sleeptimer.o
 .text.set_comparator_for_next_timer
                0x08005408       0x5c ./gecko_sdk_4.4.1/platform/service/sleeptimer/src/sl_sleeptimer.o
 .text.create_timer
                0x08005464       0x88 ./gecko_sdk_4.4.1/platform/service/sleeptimer/src/sl_sleeptimer.o
 .text.delta_list_remove_timer
                0x080054ec       0x38 ./gecko_sdk_4.4.1/platform/service/sleeptimer/src/sl_sleeptimer.o
 .text.sl_sleeptimer_init
                0x08005524       0x74 ./gecko_sdk_4.4.1/platform/service/sleeptimer/src/sl_sleeptimer.o
                0x08005524                sl_sleeptimer_init
 .text.sl_sleeptimer_is_timer_running
                0x08005598       0x3c ./gecko_sdk_4.4.1/platform/service/sleeptimer/src/sl_sleeptimer.o
                0x08005598                sl_sleeptimer_is_timer_running
 .text.sl_sleeptimer_ms_to_tick
                0x080055d4       0x24 ./gecko_sdk_4.4.1/platform/service/sleeptimer/src/sl_sleeptimer.o
                0x080055d4                sl_sleeptimer_ms_to_tick
 .text.sl_sleeptimer_delay_millisecond
                0x080055f8       0x38 ./gecko_sdk_4.4.1/platform/service/sleeptimer/src/sl_sleeptimer.o
                0x080055f8                sl_sleeptimer_delay_millisecond
 .text.process_timer_irq
                0x08005630      0x150 ./gecko_sdk_4.4.1/platform/service/sleeptimer/src/sl_sleeptimer.o
                0x08005630                process_timer_irq
 .text.sleeptimer_hal_init_timer
                0x08005780       0x64 ./gecko_sdk_4.4.1/platform/service/sleeptimer/src/sl_sleeptimer_hal_sysrtc.o
                0x08005780                sleeptimer_hal_init_timer
 .text.sleeptimer_hal_get_counter
                0x080057e4       0x10 ./gecko_sdk_4.4.1/platform/service/sleeptimer/src/sl_sleeptimer_hal_sysrtc.o
                0x080057e4                sleeptimer_hal_get_counter
 .text.sleeptimer_hal_set_compare
                0x080057f4       0x70 ./gecko_sdk_4.4.1/platform/service/sleeptimer/src/sl_sleeptimer_hal_sysrtc.o
                0x080057f4                sleeptimer_hal_set_compare
 .text.sleeptimer_hal_disable_int
                0x08005864       0x2c ./gecko_sdk_4.4.1/platform/service/sleeptimer/src/sl_sleeptimer_hal_sysrtc.o
                0x08005864                sleeptimer_hal_disable_int
 .text.sleeptimer_hal_set_int
                0x08005890       0x10 ./gecko_sdk_4.4.1/platform/service/sleeptimer/src/sl_sleeptimer_hal_sysrtc.o
                0x08005890                sleeptimer_hal_set_int
 .text.sl_udelay_wait
                0x080058a0       0x58 ./gecko_sdk_4.4.1/platform/service/udelay/src/sl_udelay.o
                0x080058a0                sl_udelay_wait
 .text          0x080058f8      0x378 c:/siliconlabs/simplicitystudio/v5/developer/toolchains/gnu_arm/12.2.rel1_2023.7/bin/../lib/gcc/arm-none-eabi/12.2.1/thumb/v8-m.main+fp/hard\libgcc.a(_arm_addsubdf3.o)
                0x080058f8                __aeabi_drsub
                0x08005900                __aeabi_dsub
                0x08005900                __subdf3
                0x08005904                __aeabi_dadd
                0x08005904                __adddf3
                0x08005b7c                __floatunsidf
                0x08005b7c                __aeabi_ui2d
                0x08005b9c                __floatsidf
                0x08005b9c                __aeabi_i2d
                0x08005bc0                __aeabi_f2d
                0x08005bc0                __extendsfdf2
                0x08005c04                __floatundidf
                0x08005c04                __aeabi_ul2d
                0x08005c14                __floatdidf
                0x08005c14                __aeabi_l2d
 .text          0x08005c70       0xa0 c:/siliconlabs/simplicitystudio/v5/developer/toolchains/gnu_arm/12.2.rel1_2023.7/bin/../lib/gcc/arm-none-eabi/12.2.1/thumb/v8-m.main+fp/hard\libgcc.a(_arm_truncdfsf2.o)
                0x08005c70                __truncdfsf2
                0x08005c70                __aeabi_d2f
 .text          0x08005d10       0x30 c:/siliconlabs/simplicitystudio/v5/developer/toolchains/gnu_arm/12.2.rel1_2023.7/bin/../lib/gcc/arm-none-eabi/12.2.1/thumb/v8-m.main+fp/hard\libgcc.a(_aeabi_uldivmod.o)
                0x08005d10                __aeabi_uldivmod
 .text.__udivmoddi4
                0x08005d40      0x2ec c:/siliconlabs/simplicitystudio/v5/developer/toolchains/gnu_arm/12.2.rel1_2023.7/bin/../lib/gcc/arm-none-eabi/12.2.1/thumb/v8-m.main+fp/hard\libgcc.a(_udivmoddi4.o)
                0x08005d40                __udivmoddi4
 .text          0x0800602c        0x4 c:/siliconlabs/simplicitystudio/v5/developer/toolchains/gnu_arm/12.2.rel1_2023.7/bin/../lib/gcc/arm-none-eabi/12.2.1/thumb/v8-m.main+fp/hard\libgcc.a(_dvmd_tls.o)
                0x0800602c                __aeabi_idiv0
                0x0800602c                __aeabi_ldiv0
 .text.exit     0x08006030       0x24 c:/siliconlabs/simplicitystudio/v5/developer/toolchains/gnu_arm/12.2.rel1_2023.7/bin/../lib/gcc/arm-none-eabi/12.2.1/thumb/v8-m.main+fp/hard\libc_nano.a(libc_a-exit.o)
                0x08006030                exit
 .text._printf_float
                0x08006054      0x468 c:/siliconlabs/simplicitystudio/v5/developer/toolchains/gnu_arm/12.2.rel1_2023.7/bin/../lib/gcc/arm-none-eabi/12.2.1/thumb/v8-m.main+fp/hard\libc_nano.a(libc_a-nano-vfprintf_float.o)
                0x08006054                _printf_float
 .text._printf_i
                0x080064bc      0x258 c:/siliconlabs/simplicitystudio/v5/developer/toolchains/gnu_arm/12.2.rel1_2023.7/bin/../lib/gcc/arm-none-eabi/12.2.1/thumb/v8-m.main+fp/hard\libc_nano.a(libc_a-nano-vfprintf_i.o)
                0x080064bc                _printf_i
 .text.std      0x08006714       0x6c c:/siliconlabs/simplicitystudio/v5/developer/toolchains/gnu_arm/12.2.rel1_2023.7/bin/../lib/gcc/arm-none-eabi/12.2.1/thumb/v8-m.main+fp/hard\libc_nano.a(libc_a-findfp.o)
 .text.stdio_exit_handler
                0x08006780       0x18 c:/siliconlabs/simplicitystudio/v5/developer/toolchains/gnu_arm/12.2.rel1_2023.7/bin/../lib/gcc/arm-none-eabi/12.2.1/thumb/v8-m.main+fp/hard\libc_nano.a(libc_a-findfp.o)
 .text.cleanup_stdio
                0x08006798       0x40 c:/siliconlabs/simplicitystudio/v5/developer/toolchains/gnu_arm/12.2.rel1_2023.7/bin/../lib/gcc/arm-none-eabi/12.2.1/thumb/v8-m.main+fp/hard\libc_nano.a(libc_a-findfp.o)
 .text.global_stdio_init.part.0
                0x080067d8       0x3c c:/siliconlabs/simplicitystudio/v5/developer/toolchains/gnu_arm/12.2.rel1_2023.7/bin/../lib/gcc/arm-none-eabi/12.2.1/thumb/v8-m.main+fp/hard\libc_nano.a(libc_a-findfp.o)
 .text.__sfp_lock_acquire
                0x08006814        0xc c:/siliconlabs/simplicitystudio/v5/developer/toolchains/gnu_arm/12.2.rel1_2023.7/bin/../lib/gcc/arm-none-eabi/12.2.1/thumb/v8-m.main+fp/hard\libc_nano.a(libc_a-findfp.o)
                0x08006814                __sfp_lock_acquire
 .text.__sfp_lock_release
                0x08006820        0xc c:/siliconlabs/simplicitystudio/v5/developer/toolchains/gnu_arm/12.2.rel1_2023.7/bin/../lib/gcc/arm-none-eabi/12.2.1/thumb/v8-m.main+fp/hard\libc_nano.a(libc_a-findfp.o)
                0x08006820                __sfp_lock_release
 .text.__sinit  0x0800682c       0x30 c:/siliconlabs/simplicitystudio/v5/developer/toolchains/gnu_arm/12.2.rel1_2023.7/bin/../lib/gcc/arm-none-eabi/12.2.1/thumb/v8-m.main+fp/hard\libc_nano.a(libc_a-findfp.o)
                0x0800682c                __sinit
 .text.printf   0x0800685c       0x24 c:/siliconlabs/simplicitystudio/v5/developer/toolchains/gnu_arm/12.2.rel1_2023.7/bin/../lib/gcc/arm-none-eabi/12.2.1/thumb/v8-m.main+fp/hard\libc_nano.a(libc_a-printf.o)
                0x0800685c                iprintf
                0x0800685c                printf
 .text.putchar  0x08006880       0x10 c:/siliconlabs/simplicitystudio/v5/developer/toolchains/gnu_arm/12.2.rel1_2023.7/bin/../lib/gcc/arm-none-eabi/12.2.1/thumb/v8-m.main+fp/hard\libc_nano.a(libc_a-putchar.o)
                0x08006880                putchar
 .text.puts     0x08006890       0x10 c:/siliconlabs/simplicitystudio/v5/developer/toolchains/gnu_arm/12.2.rel1_2023.7/bin/../lib/gcc/arm-none-eabi/12.2.1/thumb/v8-m.main+fp/hard\libc_nano.a(libc_a-puts.o)
                0x08006890                puts
 .text.setvbuf  0x080068a0      0x168 c:/siliconlabs/simplicitystudio/v5/developer/toolchains/gnu_arm/12.2.rel1_2023.7/bin/../lib/gcc/arm-none-eabi/12.2.1/thumb/v8-m.main+fp/hard\libc_nano.a(libc_a-setvbuf.o)
                0x080068a0                setvbuf
 .text.__swsetup_r
                0x08006a08       0xac c:/siliconlabs/simplicitystudio/v5/developer/toolchains/gnu_arm/12.2.rel1_2023.7/bin/../lib/gcc/arm-none-eabi/12.2.1/thumb/v8-m.main+fp/hard\libc_nano.a(libc_a-wsetup.o)
                0x08006a08                __swsetup_r
 .text._localeconv_r
                0x08006ab4        0x8 c:/siliconlabs/simplicitystudio/v5/developer/toolchains/gnu_arm/12.2.rel1_2023.7/bin/../lib/gcc/arm-none-eabi/12.2.1/thumb/v8-m.main+fp/hard\libc_nano.a(libc_a-localeconv.o)
                0x08006ab4                _localeconv_r
 .text._close_r
                0x08006abc       0x20 c:/siliconlabs/simplicitystudio/v5/developer/toolchains/gnu_arm/12.2.rel1_2023.7/bin/../lib/gcc/arm-none-eabi/12.2.1/thumb/v8-m.main+fp/hard\libc_nano.a(libc_a-closer.o)
                0x08006abc                _close_r
 .text._lseek_r
                0x08006adc       0x24 c:/siliconlabs/simplicitystudio/v5/developer/toolchains/gnu_arm/12.2.rel1_2023.7/bin/../lib/gcc/arm-none-eabi/12.2.1/thumb/v8-m.main+fp/hard\libc_nano.a(libc_a-lseekr.o)
                0x08006adc                _lseek_r
 .text._read_r  0x08006b00       0x24 c:/siliconlabs/simplicitystudio/v5/developer/toolchains/gnu_arm/12.2.rel1_2023.7/bin/../lib/gcc/arm-none-eabi/12.2.1/thumb/v8-m.main+fp/hard\libc_nano.a(libc_a-readr.o)
                0x08006b00                _read_r
 .text._write_r
                0x08006b24       0x24 c:/siliconlabs/simplicitystudio/v5/developer/toolchains/gnu_arm/12.2.rel1_2023.7/bin/../lib/gcc/arm-none-eabi/12.2.1/thumb/v8-m.main+fp/hard\libc_nano.a(libc_a-writer.o)
                0x08006b24                _write_r
 .text.__libc_init_array
                0x08006b48       0x48 c:/siliconlabs/simplicitystudio/v5/developer/toolchains/gnu_arm/12.2.rel1_2023.7/bin/../lib/gcc/arm-none-eabi/12.2.1/thumb/v8-m.main+fp/hard\libc_nano.a(libc_a-init.o)
                0x08006b48                __libc_init_array
 .text._free_r  0x08006b90       0x94 c:/siliconlabs/simplicitystudio/v5/developer/toolchains/gnu_arm/12.2.rel1_2023.7/bin/../lib/gcc/arm-none-eabi/12.2.1/thumb/v8-m.main+fp/hard\libc_nano.a(libc_a-freer.o)
                0x08006b90                _free_r
 .text.malloc   0x08006c24       0x10 c:/siliconlabs/simplicitystudio/v5/developer/toolchains/gnu_arm/12.2.rel1_2023.7/bin/../lib/gcc/arm-none-eabi/12.2.1/thumb/v8-m.main+fp/hard\libc_nano.a(libc_a-malloc.o)
                0x08006c24                malloc
 .text.sbrk_aligned
                0x08006c34       0x44 c:/siliconlabs/simplicitystudio/v5/developer/toolchains/gnu_arm/12.2.rel1_2023.7/bin/../lib/gcc/arm-none-eabi/12.2.1/thumb/v8-m.main+fp/hard\libc_nano.a(libc_a-mallocr.o)
 .text._malloc_r
                0x08006c78       0xf0 c:/siliconlabs/simplicitystudio/v5/developer/toolchains/gnu_arm/12.2.rel1_2023.7/bin/../lib/gcc/arm-none-eabi/12.2.1/thumb/v8-m.main+fp/hard\libc_nano.a(libc_a-mallocr.o)
                0x08006c78                _malloc_r
 .text.__malloc_lock
                0x08006d68        0xc c:/siliconlabs/simplicitystudio/v5/developer/toolchains/gnu_arm/12.2.rel1_2023.7/bin/../lib/gcc/arm-none-eabi/12.2.1/thumb/v8-m.main+fp/hard\libc_nano.a(libc_a-mlock.o)
                0x08006d68                __malloc_lock
 .text.__malloc_unlock
                0x08006d74        0xc c:/siliconlabs/simplicitystudio/v5/developer/toolchains/gnu_arm/12.2.rel1_2023.7/bin/../lib/gcc/arm-none-eabi/12.2.1/thumb/v8-m.main+fp/hard\libc_nano.a(libc_a-mlock.o)
                0x08006d74                __malloc_unlock
 .text._Balloc  0x08006d80       0x80 c:/siliconlabs/simplicitystudio/v5/developer/toolchains/gnu_arm/12.2.rel1_2023.7/bin/../lib/gcc/arm-none-eabi/12.2.1/thumb/v8-m.main+fp/hard\libc_nano.a(libc_a-mprec.o)
                0x08006d80                _Balloc
 .text._Bfree   0x08006e00       0x44 c:/siliconlabs/simplicitystudio/v5/developer/toolchains/gnu_arm/12.2.rel1_2023.7/bin/../lib/gcc/arm-none-eabi/12.2.1/thumb/v8-m.main+fp/hard\libc_nano.a(libc_a-mprec.o)
                0x08006e00                _Bfree
 .text.__multadd
                0x08006e44       0x90 c:/siliconlabs/simplicitystudio/v5/developer/toolchains/gnu_arm/12.2.rel1_2023.7/bin/../lib/gcc/arm-none-eabi/12.2.1/thumb/v8-m.main+fp/hard\libc_nano.a(libc_a-mprec.o)
                0x08006e44                __multadd
 .text.__i2b    0x08006ed4       0x2c c:/siliconlabs/simplicitystudio/v5/developer/toolchains/gnu_arm/12.2.rel1_2023.7/bin/../lib/gcc/arm-none-eabi/12.2.1/thumb/v8-m.main+fp/hard\libc_nano.a(libc_a-mprec.o)
                0x08006ed4                __i2b
 .text.__multiply
                0x08006f00      0x154 c:/siliconlabs/simplicitystudio/v5/developer/toolchains/gnu_arm/12.2.rel1_2023.7/bin/../lib/gcc/arm-none-eabi/12.2.1/thumb/v8-m.main+fp/hard\libc_nano.a(libc_a-mprec.o)
                0x08006f00                __multiply
 .text.__pow5mult
                0x08007054       0xb4 c:/siliconlabs/simplicitystudio/v5/developer/toolchains/gnu_arm/12.2.rel1_2023.7/bin/../lib/gcc/arm-none-eabi/12.2.1/thumb/v8-m.main+fp/hard\libc_nano.a(libc_a-mprec.o)
                0x08007054                __pow5mult
 .text.__lshift
                0x08007108       0xd8 c:/siliconlabs/simplicitystudio/v5/developer/toolchains/gnu_arm/12.2.rel1_2023.7/bin/../lib/gcc/arm-none-eabi/12.2.1/thumb/v8-m.main+fp/hard\libc_nano.a(libc_a-mprec.o)
                0x08007108                __lshift
 .text.__mdiff  0x080071e0      0x130 c:/siliconlabs/simplicitystudio/v5/developer/toolchains/gnu_arm/12.2.rel1_2023.7/bin/../lib/gcc/arm-none-eabi/12.2.1/thumb/v8-m.main+fp/hard\libc_nano.a(libc_a-mprec.o)
                0x080071e0                __mdiff
 .text.__d2b    0x08007310       0xb0 c:/siliconlabs/simplicitystudio/v5/developer/toolchains/gnu_arm/12.2.rel1_2023.7/bin/../lib/gcc/arm-none-eabi/12.2.1/thumb/v8-m.main+fp/hard\libc_nano.a(libc_a-mprec.o)
                0x08007310                __d2b
 .text._vfprintf_r
                0x080073c0      0x230 c:/siliconlabs/simplicitystudio/v5/developer/toolchains/gnu_arm/12.2.rel1_2023.7/bin/../lib/gcc/arm-none-eabi/12.2.1/thumb/v8-m.main+fp/hard\libc_nano.a(libc_a-nano-vfprintf.o)
                0x080073c0                _vfprintf_r
                0x080073c0                _vfiprintf_r
 .text._fstat_r
                0x080075f0       0x24 c:/siliconlabs/simplicitystudio/v5/developer/toolchains/gnu_arm/12.2.rel1_2023.7/bin/../lib/gcc/arm-none-eabi/12.2.1/thumb/v8-m.main+fp/hard\libc_nano.a(libc_a-fstatr.o)
                0x080075f0                _fstat_r
 .text._isatty_r
                0x08007614       0x20 c:/siliconlabs/simplicitystudio/v5/developer/toolchains/gnu_arm/12.2.rel1_2023.7/bin/../lib/gcc/arm-none-eabi/12.2.1/thumb/v8-m.main+fp/hard\libc_nano.a(libc_a-isattyr.o)
                0x08007614                _isatty_r
 .text._sbrk_r  0x08007634       0x20 c:/siliconlabs/simplicitystudio/v5/developer/toolchains/gnu_arm/12.2.rel1_2023.7/bin/../lib/gcc/arm-none-eabi/12.2.1/thumb/v8-m.main+fp/hard\libc_nano.a(libc_a-sbrkr.o)
                0x08007634                _sbrk_r
 .text.__assert_func
                0x08007654       0x3c c:/siliconlabs/simplicitystudio/v5/developer/toolchains/gnu_arm/12.2.rel1_2023.7/bin/../lib/gcc/arm-none-eabi/12.2.1/thumb/v8-m.main+fp/hard\libc_nano.a(libc_a-assert.o)
                0x08007654                __assert_func
 .text.fprintf  0x08007690       0x24 c:/siliconlabs/simplicitystudio/v5/developer/toolchains/gnu_arm/12.2.rel1_2023.7/bin/../lib/gcc/arm-none-eabi/12.2.1/thumb/v8-m.main+fp/hard\libc_nano.a(libc_a-fprintf.o)
                0x08007690                fiprintf
                0x08007690                fprintf
 .text.raise    0x080076b4       0x10 c:/siliconlabs/simplicitystudio/v5/developer/toolchains/gnu_arm/12.2.rel1_2023.7/bin/../lib/gcc/arm-none-eabi/12.2.1/thumb/v8-m.main+fp/hard\libc_nano.a(libc_a-signal.o)
                0x080076b4                raise
 .text._kill_r  0x080076c4       0x24 c:/siliconlabs/simplicitystudio/v5/developer/toolchains/gnu_arm/12.2.rel1_2023.7/bin/../lib/gcc/arm-none-eabi/12.2.1/thumb/v8-m.main+fp/hard\libc_nano.a(libc_a-signalr.o)
                0x080076c4                _kill_r
 .text          0x080076e8      0x424 c:/siliconlabs/simplicitystudio/v5/developer/toolchains/gnu_arm/12.2.rel1_2023.7/bin/../lib/gcc/arm-none-eabi/12.2.1/thumb/v8-m.main+fp/hard\libgcc.a(_arm_muldivdf3.o)
                0x080076e8                __aeabi_dmul
                0x080076e8                __muldf3
                0x0800793c                __divdf3
                0x0800793c                __aeabi_ddiv
 .text          0x08007b0c      0x110 c:/siliconlabs/simplicitystudio/v5/developer/toolchains/gnu_arm/12.2.rel1_2023.7/bin/../lib/gcc/arm-none-eabi/12.2.1/thumb/v8-m.main+fp/hard\libgcc.a(_arm_cmpdf2.o)
                0x08007b0c                __gtdf2
                0x08007b0c                __gedf2
                0x08007b14                __ltdf2
                0x08007b14                __ledf2
                0x08007b1c                __nedf2
                0x08007b1c                __eqdf2
                0x08007b1c                __cmpdf2
                0x08007b98                __aeabi_cdrcmple
                0x08007ba8                __aeabi_cdcmpeq
                0x08007ba8                __aeabi_cdcmple
                0x08007bb8                __aeabi_dcmpeq
                0x08007bcc                __aeabi_dcmplt
                0x08007be0                __aeabi_dcmple
                0x08007bf4                __aeabi_dcmpge
                0x08007c08                __aeabi_dcmpgt
 .text          0x08007c1c       0x2c c:/siliconlabs/simplicitystudio/v5/developer/toolchains/gnu_arm/12.2.rel1_2023.7/bin/../lib/gcc/arm-none-eabi/12.2.1/thumb/v8-m.main+fp/hard\libgcc.a(_arm_unorddf2.o)
                0x08007c1c                __unorddf2
                0x08007c1c                __aeabi_dcmpun
 .text          0x08007c48       0x50 c:/siliconlabs/simplicitystudio/v5/developer/toolchains/gnu_arm/12.2.rel1_2023.7/bin/../lib/gcc/arm-none-eabi/12.2.1/thumb/v8-m.main+fp/hard\libgcc.a(_arm_fixdfsi.o)
                0x08007c48                __aeabi_d2iz
                0x08007c48                __fixdfsi
 .text.as_process_action
                0x08007c98       0x1c ./as.o
                0x08007c98                as_process_action
 .text.startup.main
                0x08007cb4       0x14 ./main.o
                0x08007cb4                main
 .text.mpl_process_action
                0x08007cc8        0xe ./mpl.o
                0x08007cc8                mpl_process_action
 .text.decode_rh
                0x08007cd6       0x16 ./si.o
                0x08007cd6                decode_rh
 .text.sl_board_default_init
                0x08007cec        0x4 ./autogen/sl_board_default_init.o
                0x08007cec                sl_board_default_init
 .text.sl_platform_init
                0x08007cf0       0x26 ./autogen/sl_event_handler.o
                0x08007cf0                sl_platform_init
 .text.sl_driver_init
                0x08007d16       0x16 ./autogen/sl_event_handler.o
                0x08007d16                sl_driver_init
 .text.sl_service_init
                0x08007d2c       0x16 ./autogen/sl_event_handler.o
                0x08007d2c                sl_service_init
 .text.sl_stack_init
                0x08007d42        0x2 ./autogen/sl_event_handler.o
                0x08007d42                sl_stack_init
 .text.sl_internal_app_init
                0x08007d44        0x2 ./autogen/sl_event_handler.o
                0x08007d44                sl_internal_app_init
 .text.sl_platform_process_action
                0x08007d46        0x2 ./autogen/sl_event_handler.o
                0x08007d46                sl_platform_process_action
 .text.sl_service_process_action
                0x08007d48        0x2 ./autogen/sl_event_handler.o
                0x08007d48                sl_service_process_action
 .text.sl_stack_process_action
                0x08007d4a        0x2 ./autogen/sl_event_handler.o
                0x08007d4a                sl_stack_process_action
 .text.sl_internal_app_process_action
                0x08007d4c        0x2 ./autogen/sl_event_handler.o
                0x08007d4c                sl_internal_app_process_action
 .text.sl_iostream_eusart_init_instances
                0x08007d4e        0x4 ./autogen/sl_iostream_init_eusart_instances.o
                0x08007d4e                sl_iostream_eusart_init_instances
 .text.EUSART0_TX_IRQHandler
                0x08007d52        0x4 ./autogen/sl_iostream_init_eusart_instances.o
                0x08007d52                EUSART0_TX_IRQHandler
 .text.sl_board_enable_vcom
                0x08007d56       0x12 ./gecko_sdk_4.4.1/hardware/board/src/sl_board_control_gpio.o
                0x08007d56                sl_board_enable_vcom
 .text.sl_board_configure_vcom
                0x08007d68        0x4 ./gecko_sdk_4.4.1/hardware/board/src/sl_board_control_gpio.o
                0x08007d68                sl_board_configure_vcom
 .text.sl_board_disable_vcom
                0x08007d6c       0x12 ./gecko_sdk_4.4.1/hardware/board/src/sl_board_control_gpio.o
                0x08007d6c                sl_board_disable_vcom
 .text.sl_board_init
                0x08007d7e       0x1c ./gecko_sdk_4.4.1/hardware/board/src/sl_board_init.o
                0x08007d7e                sl_board_init
 .text.sl_board_preinit
                0x08007d9a        0x8 ./gecko_sdk_4.4.1/hardware/board/src/sl_board_init.o
                0x08007d9a                sl_board_preinit
 .text.sli_cos_swo_itm_8_write.constprop.0.isra.0
                0x08007da2       0x78 ./gecko_sdk_4.4.1/hardware/driver/configuration_over_swo/src/sl_cos.o
 .text.sl_cos_send_config
                0x08007e1a       0x12 ./gecko_sdk_4.4.1/hardware/driver/configuration_over_swo/src/sl_cos.o
                0x08007e1a                sl_cos_send_config
 .text.sl_cos_config_vcom
                0x08007e2c       0x1e ./gecko_sdk_4.4.1/hardware/driver/configuration_over_swo/src/sl_cos.o
                0x08007e2c                sl_cos_config_vcom
 .text.Default_Handler
                0x08007e4a        0x2 ./gecko_sdk_4.4.1/platform/Device/SiliconLabs/EFR32MG24/Source/startup_efr32mg24.o
                0x08007e4a                ULFRCO_IRQHandler
                0x08007e4a                AHB2AHB1_IRQHandler
                0x08007e4a                SW2_IRQHandler
                0x08007e4a                TIMER2_IRQHandler
                0x08007e4a                DebugMon_Handler
                0x08007e4a                USART0_TX_IRQHandler
                0x08007e4a                IADC_IRQHandler
                0x08007e4a                I2C0_IRQHandler
                0x08007e4a                LFXO_IRQHandler
                0x08007e4a                HardFault_Handler
                0x08007e4a                SMU_SECURE_IRQHandler
                0x08007e4a                SysTick_Handler
                0x08007e4a                SYSRTC_SEQ_IRQHandler
                0x08007e4a                EMUEFP_IRQHandler
                0x08007e4a                PendSV_Handler
                0x08007e4a                NMI_Handler
                0x08007e4a                SYNTH_IRQHandler
                0x08007e4a                HOSTMAILBOX_IRQHandler
                0x08007e4a                HFXO0_IRQHandler
                0x08007e4a                I2C1_IRQHandler
                0x08007e4a                WDOG0_IRQHandler
                0x08007e4a                TIMER3_IRQHandler
                0x08007e4a                SYSCFG_IRQHandler
                0x08007e4a                RFECA1_IRQHandler
                0x08007e4a                EMUDG_IRQHandler
                0x08007e4a                MSC_IRQHandler
                0x08007e4a                DPLL0_IRQHandler
                0x08007e4a                UsageFault_Handler
                0x08007e4a                WDOG1_IRQHandler
                0x08007e4a                M33CTI1_IRQHandler
                0x08007e4a                TIMER4_IRQHandler
                0x08007e4a                GPIO_EVEN_IRQHandler
                0x08007e4a                VDAC0_IRQHandler
                0x08007e4a                SEMBTX_IRQHandler
                0x08007e4a                SW0_IRQHandler
                0x08007e4a                TIMER0_IRQHandler
                0x08007e4a                MVP_IRQHandler
                0x08007e4a                LETIMER0_IRQHandler
                0x08007e4a                EUSART1_RX_IRQHandler
                0x08007e4a                TIMER1_IRQHandler
                0x08007e4a                HFRCO0_IRQHandler
                0x08007e4a                SecureFault_Handler
                0x08007e4a                BUFC_IRQHandler
                0x08007e4a                DCDC_IRQHandler
                0x08007e4a                MODEM_IRQHandler
                0x08007e4a                Default_Handler
                0x08007e4a                RAC_SEQ_IRQHandler
                0x08007e4a                FRC_PRI_IRQHandler
                0x08007e4a                EMU_IRQHandler
                0x08007e4a                SW3_IRQHandler
                0x08007e4a                KERNEL0_IRQHandler
                0x08007e4a                FRC_IRQHandler
                0x08007e4a                PCNT0_IRQHandler
                0x08007e4a                KERNEL1_IRQHandler
                0x08007e4a                AGC_IRQHandler
                0x08007e4a                EUSART1_TX_IRQHandler
                0x08007e4a                KEYSCAN_IRQHandler
                0x08007e4a                sl_app_properties
                0x08007e4a                HFRCOEM23_IRQHandler
                0x08007e4a                BURTC_IRQHandler
                0x08007e4a                SEMBRX_IRQHandler
                0x08007e4a                RFECA0_IRQHandler
                0x08007e4a                LFRCO_IRQHandler
                0x08007e4a                VDAC1_IRQHandler
                0x08007e4a                ACMP0_IRQHandler
                0x08007e4a                USART0_RX_IRQHandler
                0x08007e4a                MemManage_Handler
                0x08007e4a                AHB2AHB0_IRQHandler
                0x08007e4a                SVC_Handler
                0x08007e4a                SMU_S_PRIVILEGED_IRQHandler
                0x08007e4a                SW1_IRQHandler
                0x08007e4a                CMU_IRQHandler
                0x08007e4a                RAC_RSM_IRQHandler
                0x08007e4a                SETAMPERHOST_IRQHandler
                0x08007e4a                GPIO_ODD_IRQHandler
                0x08007e4a                AES_IRQHandler
                0x08007e4a                M33CTI0_IRQHandler
                0x08007e4a                ICACHE0_IRQHandler
                0x08007e4a                SMU_NS_PRIVILEGED_IRQHandler
                0x08007e4a                FPUEXH_IRQHandler
                0x08007e4a                PROTIMER_IRQHandler
                0x08007e4a                ACMP1_IRQHandler
                0x08007e4a                BusFault_Handler
                0x08007e4a                MPAHBRAM_IRQHandler
 .text.FlashToRamCopy
                0x08007e4c       0x16 ./gecko_sdk_4.4.1/platform/Device/SiliconLabs/EFR32MG24/Source/system_efr32mg24.o
                0x08007e4c                FlashToRamCopy
 .text.SystemCLKIN0Get
                0x08007e62        0x4 ./gecko_sdk_4.4.1/platform/Device/SiliconLabs/EFR32MG24/Source/system_efr32mg24.o
                0x08007e62                SystemCLKIN0Get
 .text.SystemLFRCOClockGet
                0x08007e66        0x6 ./gecko_sdk_4.4.1/platform/Device/SiliconLabs/EFR32MG24/Source/system_efr32mg24.o
                0x08007e66                SystemLFRCOClockGet
 .text.SystemULFRCOClockGet
                0x08007e6c        0x6 ./gecko_sdk_4.4.1/platform/Device/SiliconLabs/EFR32MG24/Source/system_efr32mg24.o
                0x08007e6c                SystemULFRCOClockGet
 .text.assertEFM
                0x08007e72        0x2 ./gecko_sdk_4.4.1/platform/common/src/sl_assert.o
                0x08007e72                assertEFM
 .text.sl_debug_swo_enable_itm
                0x08007e74       0x16 ./gecko_sdk_4.4.1/platform/driver/debug/src/sl_debug_swo.o
                0x08007e74                sl_debug_swo_enable_itm
 .text.sl_debug_swo_disable_itm
                0x08007e8a       0x18 ./gecko_sdk_4.4.1/platform/driver/debug/src/sl_debug_swo.o
                0x08007e8a                sl_debug_swo_disable_itm
 .text.sl_led_init
                0x08007ea2        0x6 ./gecko_sdk_4.4.1/platform/driver/leddrv/src/sl_led.o
                0x08007ea2                sl_led_init
 .text.sl_simple_led_init
                0x08007ea8       0x22 ./gecko_sdk_4.4.1/platform/driver/leddrv/src/sl_simple_led.o
                0x08007ea8                sl_simple_led_init
 .text.sl_simple_led_turn_on
                0x08007eca       0x12 ./gecko_sdk_4.4.1/platform/driver/leddrv/src/sl_simple_led.o
                0x08007eca                sl_simple_led_turn_on
 .text.sl_simple_led_turn_off
                0x08007edc       0x12 ./gecko_sdk_4.4.1/platform/driver/leddrv/src/sl_simple_led.o
                0x08007edc                sl_simple_led_turn_off
 .text.DMADRV_PeripheralMemory
                0x08007eee       0x34 ./gecko_sdk_4.4.1/platform/emdrv/dmadrv/src/dmadrv.o
                0x08007eee                DMADRV_PeripheralMemory
 .text.BUS_RegMaskedWrite
                0x08007f22       0x1e ./gecko_sdk_4.4.1/platform/emlib/src/em_cmu.o
 .text.waitStateMax
                0x08007f40       0x10 ./gecko_sdk_4.4.1/platform/emlib/src/em_cmu.o
 .text.CMU_UpdateWaitStates
                0x08007f50        0xc ./gecko_sdk_4.4.1/platform/emlib/src/em_cmu.o
                0x08007f50                CMU_UpdateWaitStates
 .text.pclkDivMax
                0x08007f5c        0xa ./gecko_sdk_4.4.1/platform/emlib/src/em_cmu.o
 .text.sli_em_cmu_SYSCLKInitPostClockSelect
                0x08007f66       0x2a ./gecko_sdk_4.4.1/platform/emlib/src/em_cmu.o
                0x08007f66                sli_em_cmu_SYSCLKInitPostClockSelect
 .text.CORE_EnterCritical
                0x08007f90        0x8 ./gecko_sdk_4.4.1/platform/emlib/src/em_core.o
                0x08007f90                CORE_EnterCritical
 .text.CORE_ExitCritical
                0x08007f98        0x6 ./gecko_sdk_4.4.1/platform/emlib/src/em_core.o
                0x08007f98                CORE_ExitCritical
 .text.CORE_EnterAtomic
                0x08007f9e        0xc ./gecko_sdk_4.4.1/platform/emlib/src/em_core.o
                0x08007f9e                CORE_EnterAtomic
 .text.CORE_ExitAtomic
                0x08007faa        0x6 ./gecko_sdk_4.4.1/platform/emlib/src/em_core.o
                0x08007faa                CORE_ExitAtomic
 .text.EMU_EFPEM01VScale
                0x08007fb0        0x2 ./gecko_sdk_4.4.1/platform/emlib/src/em_emu.o
                0x08007fb0                EMU_EFPEM01VScale
 .text.EMU_DCDCUpdatedHook
                0x08007fb2        0x2 ./gecko_sdk_4.4.1/platform/emlib/src/em_emu.o
                0x08007fb2                EMU_DCDCUpdatedHook
 .text.eusart_sync
                0x08007fb4        0x8 ./gecko_sdk_4.4.1/platform/emlib/src/em_eusart.o
 .text.EUSART_Disable
                0x08007fbc       0x34 ./gecko_sdk_4.4.1/platform/emlib/src/em_eusart.o
 .text.EUSART_Tx
                0x08007ff0        0xa ./gecko_sdk_4.4.1/platform/emlib/src/em_eusart.o
                0x08007ff0                EUSART_Tx
 .text.BUS_RegMaskedWrite
                0x08007ffa       0x1e ./gecko_sdk_4.4.1/platform/emlib/src/em_gpio.o
 .text.GPIO_DbgLocationSet
                0x08008018        0x2 ./gecko_sdk_4.4.1/platform/emlib/src/em_gpio.o
                0x08008018                GPIO_DbgLocationSet
 .text.USART_SpiTransfer
                0x0800801a       0x14 ./gecko_sdk_4.4.1/platform/emlib/src/em_usart.o
                0x0800801a                USART_SpiTransfer
 .text.sl_iostream_write
                0x0800802e       0x22 ./gecko_sdk_4.4.1/platform/service/iostream/src/sl_iostream.o
                0x0800802e                sl_iostream_write
 .text.sl_iostream_read
                0x08008050       0x30 ./gecko_sdk_4.4.1/platform/service/iostream/src/sl_iostream.o
                0x08008050                sl_iostream_read
 .text.eusart_deinit
                0x08008080       0x70 ./gecko_sdk_4.4.1/platform/service/iostream/src/sl_iostream_eusart.o
 .text.eusart_set_next_byte_detect
                0x080080f0       0x30 ./gecko_sdk_4.4.1/platform/service/iostream/src/sl_iostream_eusart.o
 .text.eusart_tx
                0x08008120        0xc ./gecko_sdk_4.4.1/platform/service/iostream/src/sl_iostream_eusart.o
 .text.sl_iostream_eusart_irq_handler
                0x0800812c       0x72 ./gecko_sdk_4.4.1/platform/service/iostream/src/sl_iostream_eusart.o
                0x0800812c                sl_iostream_eusart_irq_handler
 .text._close   0x0800819e        0x4 ./gecko_sdk_4.4.1/platform/service/iostream/src/sl_iostream_retarget_stdio.o
                0x0800819e                _close
 .text._exit    0x080081a2        0x2 ./gecko_sdk_4.4.1/platform/service/iostream/src/sl_iostream_retarget_stdio.o
                0x080081a2                _exit
 .text._fstat   0x080081a4        0xa ./gecko_sdk_4.4.1/platform/service/iostream/src/sl_iostream_retarget_stdio.o
                0x080081a4                _fstat
 .text._getpid  0x080081ae        0x4 ./gecko_sdk_4.4.1/platform/service/iostream/src/sl_iostream_retarget_stdio.o
                0x080081ae                _getpid
 .text._isatty  0x080081b2        0x4 ./gecko_sdk_4.4.1/platform/service/iostream/src/sl_iostream_retarget_stdio.o
                0x080081b2                _isatty
 .text._kill    0x080081b6        0x6 ./gecko_sdk_4.4.1/platform/service/iostream/src/sl_iostream_retarget_stdio.o
                0x080081b6                _kill
 .text._lseek   0x080081bc        0x4 ./gecko_sdk_4.4.1/platform/service/iostream/src/sl_iostream_retarget_stdio.o
                0x080081bc                _lseek
 .text._read    0x080081c0       0x1c ./gecko_sdk_4.4.1/platform/service/iostream/src/sl_iostream_retarget_stdio.o
                0x080081c0                _read
 .text.set_auto_cr_lf
                0x080081dc        0x6 ./gecko_sdk_4.4.1/platform/service/iostream/src/sl_iostream_uart.o
 .text.get_auto_cr_lf
                0x080081e2        0x6 ./gecko_sdk_4.4.1/platform/service/iostream/src/sl_iostream_uart.o
 .text.delay_callback
                0x080081e8        0x6 ./gecko_sdk_4.4.1/platform/service/sleeptimer/src/sl_sleeptimer.o
 .text.sl_sleeptimer_start_timer
                0x080081ee       0x48 ./gecko_sdk_4.4.1/platform/service/sleeptimer/src/sl_sleeptimer.o
                0x080081ee                sl_sleeptimer_start_timer
 .text.sl_sleeptimer_start_periodic_timer
                0x08008236       0x4a ./gecko_sdk_4.4.1/platform/service/sleeptimer/src/sl_sleeptimer.o
                0x08008236                sl_sleeptimer_start_periodic_timer
 .text.sleeptimer_hal_get_compare
                0x08008280        0x8 ./gecko_sdk_4.4.1/platform/service/sleeptimer/src/sl_sleeptimer_hal_sysrtc.o
                0x08008280                sleeptimer_hal_get_compare
 .text.sleeptimer_hal_enable_int
                0x08008288       0x12 ./gecko_sdk_4.4.1/platform/service/sleeptimer/src/sl_sleeptimer_hal_sysrtc.o
                0x08008288                sleeptimer_hal_enable_int
 .text.SYSRTC_APP_IRQHandler
                0x0800829a       0x34 ./gecko_sdk_4.4.1/platform/service/sleeptimer/src/sl_sleeptimer_hal_sysrtc.o
                0x0800829a                SYSRTC_APP_IRQHandler
 .text.sleeptimer_hal_get_timer_frequency
                0x080082ce        0x6 ./gecko_sdk_4.4.1/platform/service/sleeptimer/src/sl_sleeptimer_hal_sysrtc.o
                0x080082ce                sleeptimer_hal_get_timer_frequency
 .text.sl_system_init
                0x080082d4       0x1a ./gecko_sdk_4.4.1/platform/service/system/src/sl_system_init.o
                0x080082d4                sl_system_init
 .text.sl_system_process_action
                0x080082ee       0x16 ./gecko_sdk_4.4.1/platform/service/system/src/sl_system_process_action.o
                0x080082ee                sl_system_process_action
 .text.__cvt    0x08008304       0xd0 c:/siliconlabs/simplicitystudio/v5/developer/toolchains/gnu_arm/12.2.rel1_2023.7/bin/../lib/gcc/arm-none-eabi/12.2.1/thumb/v8-m.main+fp/hard\libc_nano.a(libc_a-nano-vfprintf_float.o)
                0x08008304                __cvt
 .text.__exponent
                0x080083d4       0x72 c:/siliconlabs/simplicitystudio/v5/developer/toolchains/gnu_arm/12.2.rel1_2023.7/bin/../lib/gcc/arm-none-eabi/12.2.1/thumb/v8-m.main+fp/hard\libc_nano.a(libc_a-nano-vfprintf_float.o)
                0x080083d4                __exponent
 .text._printf_common
                0x08008446       0xe4 c:/siliconlabs/simplicitystudio/v5/developer/toolchains/gnu_arm/12.2.rel1_2023.7/bin/../lib/gcc/arm-none-eabi/12.2.1/thumb/v8-m.main+fp/hard\libc_nano.a(libc_a-nano-vfprintf_i.o)
                0x08008446                _printf_common
 .text._fwalk_sglue
                0x0800852a       0x3c c:/siliconlabs/simplicitystudio/v5/developer/toolchains/gnu_arm/12.2.rel1_2023.7/bin/../lib/gcc/arm-none-eabi/12.2.1/thumb/v8-m.main+fp/hard\libc_nano.a(libc_a-fwalk.o)
                0x0800852a                _fwalk_sglue
 .text._puts_r  0x08008566       0xaa c:/siliconlabs/simplicitystudio/v5/developer/toolchains/gnu_arm/12.2.rel1_2023.7/bin/../lib/gcc/arm-none-eabi/12.2.1/thumb/v8-m.main+fp/hard\libc_nano.a(libc_a-puts.o)
                0x08008566                _puts_r
 .text.__sread  0x08008610       0x22 c:/siliconlabs/simplicitystudio/v5/developer/toolchains/gnu_arm/12.2.rel1_2023.7/bin/../lib/gcc/arm-none-eabi/12.2.1/thumb/v8-m.main+fp/hard\libc_nano.a(libc_a-stdio.o)
                0x08008610                __sread
 .text.__swrite
                0x08008632       0x38 c:/siliconlabs/simplicitystudio/v5/developer/toolchains/gnu_arm/12.2.rel1_2023.7/bin/../lib/gcc/arm-none-eabi/12.2.1/thumb/v8-m.main+fp/hard\libc_nano.a(libc_a-stdio.o)
                0x08008632                __swrite
 .text.__sseek  0x0800866a       0x24 c:/siliconlabs/simplicitystudio/v5/developer/toolchains/gnu_arm/12.2.rel1_2023.7/bin/../lib/gcc/arm-none-eabi/12.2.1/thumb/v8-m.main+fp/hard\libc_nano.a(libc_a-stdio.o)
                0x0800866a                __sseek
 .text.__sclose
                0x0800868e        0x8 c:/siliconlabs/simplicitystudio/v5/developer/toolchains/gnu_arm/12.2.rel1_2023.7/bin/../lib/gcc/arm-none-eabi/12.2.1/thumb/v8-m.main+fp/hard\libc_nano.a(libc_a-stdio.o)
                0x0800868e                __sclose
 .text.__swbuf_r
                0x08008696       0x7c c:/siliconlabs/simplicitystudio/v5/developer/toolchains/gnu_arm/12.2.rel1_2023.7/bin/../lib/gcc/arm-none-eabi/12.2.1/thumb/v8-m.main+fp/hard\libc_nano.a(libc_a-wbuf.o)
                0x08008696                __swbuf_r
 .text.memset   0x08008712       0x10 c:/siliconlabs/simplicitystudio/v5/developer/toolchains/gnu_arm/12.2.rel1_2023.7/bin/../lib/gcc/arm-none-eabi/12.2.1/thumb/v8-m.main+fp/hard\libc_nano.a(libc_a-memset.o)
                0x08008712                memset
 .text.__retarget_lock_init_recursive
                0x08008722        0x2 c:/siliconlabs/simplicitystudio/v5/developer/toolchains/gnu_arm/12.2.rel1_2023.7/bin/../lib/gcc/arm-none-eabi/12.2.1/thumb/v8-m.main+fp/hard\libc_nano.a(libc_a-lock.o)
                0x08008722                __retarget_lock_init_recursive
 .text.__retarget_lock_acquire_recursive
                0x08008724        0x2 c:/siliconlabs/simplicitystudio/v5/developer/toolchains/gnu_arm/12.2.rel1_2023.7/bin/../lib/gcc/arm-none-eabi/12.2.1/thumb/v8-m.main+fp/hard\libc_nano.a(libc_a-lock.o)
                0x08008724                __retarget_lock_acquire_recursive
 .text.__retarget_lock_release_recursive
                0x08008726        0x2 c:/siliconlabs/simplicitystudio/v5/developer/toolchains/gnu_arm/12.2.rel1_2023.7/bin/../lib/gcc/arm-none-eabi/12.2.1/thumb/v8-m.main+fp/hard\libc_nano.a(libc_a-lock.o)
                0x08008726                __retarget_lock_release_recursive
 .text.memchr   0x08008728       0x1c c:/siliconlabs/simplicitystudio/v5/developer/toolchains/gnu_arm/12.2.rel1_2023.7/bin/../lib/gcc/arm-none-eabi/12.2.1/thumb/v8-m.main+fp/hard\libc_nano.a(libc_a-memchr-stub.o)
                0x08008728                memchr
 .text.memcpy   0x08008744       0x1a c:/siliconlabs/simplicitystudio/v5/developer/toolchains/gnu_arm/12.2.rel1_2023.7/bin/../lib/gcc/arm-none-eabi/12.2.1/thumb/v8-m.main+fp/hard\libc_nano.a(libc_a-memcpy-stub.o)
                0x08008744                memcpy
 .text          0x0800875e       0x10 c:/siliconlabs/simplicitystudio/v5/developer/toolchains/gnu_arm/12.2.rel1_2023.7/bin/../lib/gcc/arm-none-eabi/12.2.1/thumb/v8-m.main+fp/hard\libc_nano.a(libc_a-strlen.o)
                0x0800875e                strlen
 .text.quorem   0x0800876e      0x11a c:/siliconlabs/simplicitystudio/v5/developer/toolchains/gnu_arm/12.2.rel1_2023.7/bin/../lib/gcc/arm-none-eabi/12.2.1/thumb/v8-m.main+fp/hard\libc_nano.a(libc_a-dtoa.o)
 .text.__hi0bits
                0x08008888       0x44 c:/siliconlabs/simplicitystudio/v5/developer/toolchains/gnu_arm/12.2.rel1_2023.7/bin/../lib/gcc/arm-none-eabi/12.2.1/thumb/v8-m.main+fp/hard\libc_nano.a(libc_a-mprec.o)
                0x08008888                __hi0bits
 .text.__lo0bits
                0x080088cc       0x5a c:/siliconlabs/simplicitystudio/v5/developer/toolchains/gnu_arm/12.2.rel1_2023.7/bin/../lib/gcc/arm-none-eabi/12.2.1/thumb/v8-m.main+fp/hard\libc_nano.a(libc_a-mprec.o)
                0x080088cc                __lo0bits
 .text.__mcmp   0x08008926       0x36 c:/siliconlabs/simplicitystudio/v5/developer/toolchains/gnu_arm/12.2.rel1_2023.7/bin/../lib/gcc/arm-none-eabi/12.2.1/thumb/v8-m.main+fp/hard\libc_nano.a(libc_a-mprec.o)
                0x08008926                __mcmp
 .text.__sfputc_r
                0x0800895c       0x2e c:/siliconlabs/simplicitystudio/v5/developer/toolchains/gnu_arm/12.2.rel1_2023.7/bin/../lib/gcc/arm-none-eabi/12.2.1/thumb/v8-m.main+fp/hard\libc_nano.a(libc_a-nano-vfprintf.o)
 .text.__sfputs_r
                0x0800898a       0x24 c:/siliconlabs/simplicitystudio/v5/developer/toolchains/gnu_arm/12.2.rel1_2023.7/bin/../lib/gcc/arm-none-eabi/12.2.1/thumb/v8-m.main+fp/hard\libc_nano.a(libc_a-nano-vfprintf.o)
                0x0800898a                __sfputs_r
 .text.__sflush_r
                0x080089ae      0x106 c:/siliconlabs/simplicitystudio/v5/developer/toolchains/gnu_arm/12.2.rel1_2023.7/bin/../lib/gcc/arm-none-eabi/12.2.1/thumb/v8-m.main+fp/hard\libc_nano.a(libc_a-fflush.o)
                0x080089ae                __sflush_r
 .text._fflush_r
                0x08008ab4       0x50 c:/siliconlabs/simplicitystudio/v5/developer/toolchains/gnu_arm/12.2.rel1_2023.7/bin/../lib/gcc/arm-none-eabi/12.2.1/thumb/v8-m.main+fp/hard\libc_nano.a(libc_a-fflush.o)
                0x08008ab4                _fflush_r
 .text.__swhatbuf_r
                0x08008b04       0x4a c:/siliconlabs/simplicitystudio/v5/developer/toolchains/gnu_arm/12.2.rel1_2023.7/bin/../lib/gcc/arm-none-eabi/12.2.1/thumb/v8-m.main+fp/hard\libc_nano.a(libc_a-makebuf.o)
                0x08008b04                __swhatbuf_r
 .text.__smakebuf_r
                0x08008b4e       0x78 c:/siliconlabs/simplicitystudio/v5/developer/toolchains/gnu_arm/12.2.rel1_2023.7/bin/../lib/gcc/arm-none-eabi/12.2.1/thumb/v8-m.main+fp/hard\libc_nano.a(libc_a-makebuf.o)
                0x08008b4e                __smakebuf_r
 .text._putc_r  0x08008bc6       0x68 c:/siliconlabs/simplicitystudio/v5/developer/toolchains/gnu_arm/12.2.rel1_2023.7/bin/../lib/gcc/arm-none-eabi/12.2.1/thumb/v8-m.main+fp/hard\libc_nano.a(libc_a-putc.o)
                0x08008bc6                _putc_r
 .text._calloc_r
                0x08008c2e       0x28 c:/siliconlabs/simplicitystudio/v5/developer/toolchains/gnu_arm/12.2.rel1_2023.7/bin/../lib/gcc/arm-none-eabi/12.2.1/thumb/v8-m.main+fp/hard\libc_nano.a(libc_a-callocr.o)
                0x08008c2e                _calloc_r
 .text.__ascii_mbtowc
                0x08008c56       0x24 c:/siliconlabs/simplicitystudio/v5/developer/toolchains/gnu_arm/12.2.rel1_2023.7/bin/../lib/gcc/arm-none-eabi/12.2.1/thumb/v8-m.main+fp/hard\libc_nano.a(libc_a-mbtowc_r.o)
                0x08008c56                __ascii_mbtowc
 .text.__ascii_wctomb
                0x08008c7a       0x1a c:/siliconlabs/simplicitystudio/v5/developer/toolchains/gnu_arm/12.2.rel1_2023.7/bin/../lib/gcc/arm-none-eabi/12.2.1/thumb/v8-m.main+fp/hard\libc_nano.a(libc_a-wctomb_r.o)
                0x08008c7a                __ascii_wctomb
 .text.abort    0x08008c94        0xe c:/siliconlabs/simplicitystudio/v5/developer/toolchains/gnu_arm/12.2.rel1_2023.7/bin/../lib/gcc/arm-none-eabi/12.2.1/thumb/v8-m.main+fp/hard\libc_nano.a(libc_a-abort.o)
                0x08008c94                abort
 .text._raise_r
                0x08008ca2       0x50 c:/siliconlabs/simplicitystudio/v5/developer/toolchains/gnu_arm/12.2.rel1_2023.7/bin/../lib/gcc/arm-none-eabi/12.2.1/thumb/v8-m.main+fp/hard\libc_nano.a(libc_a-signal.o)
                0x08008ca2                _raise_r
 .text._getpid_r
                0x08008cf2        0x4 c:/siliconlabs/simplicitystudio/v5/developer/toolchains/gnu_arm/12.2.rel1_2023.7/bin/../lib/gcc/arm-none-eabi/12.2.1/thumb/v8-m.main+fp/hard\libc_nano.a(libc_a-signalr.o)
                0x08008cf2                _getpid_r
                0x08008d00                . = ALIGN (0x20)
 *fill*         0x08008cf6        0xa 
                0x08008d00                linker_code_end = .
 *(.init)
 .init          0x08008d00        0x4 c:/siliconlabs/simplicitystudio/v5/developer/toolchains/gnu_arm/12.2.rel1_2023.7/bin/../lib/gcc/arm-none-eabi/12.2.1/thumb/v8-m.main+fp/hard/crti.o
                0x08008d00                _init
 .init          0x08008d04        0x8 c:/siliconlabs/simplicitystudio/v5/developer/toolchains/gnu_arm/12.2.rel1_2023.7/bin/../lib/gcc/arm-none-eabi/12.2.1/thumb/v8-m.main+fp/hard/crtn.o
 *(.fini)
 .fini          0x08008d0c        0x4 c:/siliconlabs/simplicitystudio/v5/developer/toolchains/gnu_arm/12.2.rel1_2023.7/bin/../lib/gcc/arm-none-eabi/12.2.1/thumb/v8-m.main+fp/hard/crti.o
                0x08008d0c                _fini
 .fini          0x08008d10        0x8 c:/siliconlabs/simplicitystudio/v5/developer/toolchains/gnu_arm/12.2.rel1_2023.7/bin/../lib/gcc/arm-none-eabi/12.2.1/thumb/v8-m.main+fp/hard/crtn.o
 *crtbegin.o(.ctors)
 *crtbegin?.o(.ctors)
 *(EXCLUDE_FILE(*crtend.o *crtend?.o) .ctors)
 *(SORT_BY_NAME(.ctors.*))
 *(.ctors)
 *crtbegin.o(.dtors)
 *crtbegin?.o(.dtors)
 *(EXCLUDE_FILE(*crtend.o *crtend?.o) .dtors)
 *(SORT_BY_NAME(.dtors.*))
 *(.dtors)
                0x08008d18                __code_classification_validator_start__ = .
                0x08008d38                . = (. + 0x20)
 *fill*         0x08008d18       0x20 
 *(code_classification_validator)
                0x08008d40                . = ALIGN (0x20)
 *fill*         0x08008d38        0x8 
                0x08008d40                __code_classification_validator_end__ = .
 *(.rodata*)
 .rodata.app_init.str1.1
                0x08008d40      0x12e ./app.o
                                0x130 (size before relaxing)
 .rodata.AS7331_ChangeMode.str1.1
                0x08008e6e        0x8 ./as.o
 .rodata.as_dev_id.str1.1
                0x08008e76       0x21 ./as.o
 .rodata.as_init.str1.1
                0x08008e97      0x106 ./as.o
 .rodata.as_report.str1.1
                0x08008f9d       0x74 ./as.o
 *fill*         0x08009011        0x3 
 .rodata.uvc_fsr
                0x08009014       0x30 ./as.o
                0x08009014                uvc_fsr
 .rodata.uvb_fsr
                0x08009044       0x30 ./as.o
                0x08009044                uvb_fsr
 .rodata.uva_fsr
                0x08009074       0x30 ./as.o
                0x08009074                uva_fsr
 .rodata.MPL3115A2_GetPressure.str1.1
                0x080090a4        0x9 ./mpl.o
 .rodata.mpl_dev_id.str1.1
                0x080090ad        0xa ./mpl.o
                                 0x24 (size before relaxing)
 .rodata.mpl_init.str1.1
                0x080090b7       0x58 ./mpl.o
 .rodata.mpl_report.str1.1
                0x0800910f       0x40 ./mpl.o
                                 0x4c (size before relaxing)
 .rodata.SI7021_measure.constprop.0.str1.1
                0x0800914f        0x8 ./si.o
 .rodata.si_dev_id.str1.1
                0x08009157        0x7 ./si.o
                                 0x21 (size before relaxing)
 .rodata.si_report.str1.1
                0x0800915e       0x46 ./si.o
                                 0x52 (size before relaxing)
 .rodata.sl_iostream_eusart_init_vcom.str1.1
                0x080091a4       0x2f ./autogen/sl_iostream_init_eusart_instances.o
 *fill*         0x080091d3        0x1 
 .rodata        0x080091d4       0x20 ./autogen/sl_iostream_init_eusart_instances.o
 .rodata.sl_led_led1
                0x080091f4       0x18 ./autogen/sl_simple_led_instances.o
                0x080091f4                sl_led_led1
 .rodata.sl_led_led0
                0x0800920c       0x18 ./autogen/sl_simple_led_instances.o
                0x0800920c                sl_led_led0
 .rodata.sl_board_enable_sensor.str1.1
                0x08009224       0x3e ./gecko_sdk_4.4.1/hardware/board/src/sl_board_control_gpio.o
 *fill*         0x08009262        0x2 
 .rodata        0x08009264       0x1c ./gecko_sdk_4.4.1/hardware/driver/mx25_flash_shutdown/src/sl_mx25_flash_shutdown_usart/sl_mx25_flash_shutdown.o
 .rodata.I2CSPM_Init.str1.1
                0x08009280       0xa1 ./gecko_sdk_4.4.1/platform/driver/i2cspm/src/sl_i2cspm.o
 *fill*         0x08009321        0x1 
 .rodata.CSWTCH.10
                0x08009322        0x8 ./gecko_sdk_4.4.1/platform/driver/i2cspm/src/sl_i2cspm.o
 .rodata.GPIO_PinOutClear.str1.1
                0x0800932a       0x67 ./gecko_sdk_4.4.1/platform/driver/leddrv/src/sl_simple_led.o
 .rodata.CSWTCH.18
                0x0800932a        0x8 ./gecko_sdk_4.4.1/platform/driver/leddrv/src/sl_simple_led.o
 .rodata        0x08009332        0x4 ./gecko_sdk_4.4.1/platform/emdrv/dmadrv/src/dmadrv.o
 .rodata.HFRCODPLLDevinfoGet.str1.1
                0x08009336       0x2f ./gecko_sdk_4.4.1/platform/emlib/src/em_cmu.o
 .rodata.EMU_VScaleEM01.str1.1
                0x08009365       0x2f ./gecko_sdk_4.4.1/platform/emlib/src/em_emu.o
 .rodata.EUSART_Enable.str1.1
                0x08009394       0x32 ./gecko_sdk_4.4.1/platform/emlib/src/em_eusart.o
 .rodata.GPIO_PinOutSet.str1.1
                0x080093c6       0x67 ./gecko_sdk_4.4.1/platform/emlib/src/em_gpio.o
 .rodata.GPIO_ExtIntConfig.str1.1
                0x080093c6       0x30 ./gecko_sdk_4.4.1/platform/emlib/src/em_gpio.o
 .rodata.CSWTCH.31
                0x080093f6        0x8 ./gecko_sdk_4.4.1/platform/emlib/src/em_gpio.o
 .rodata.I2C_BusFreqGet.str1.1
                0x080093fe       0x2f ./gecko_sdk_4.4.1/platform/emlib/src/em_i2c.o
 .rodata.i2cNSum
                0x0800942d        0x4 ./gecko_sdk_4.4.1/platform/emlib/src/em_i2c.o
 .rodata.LDMA_EnableChannelRequest.str1.1
                0x08009431       0x96 ./gecko_sdk_4.4.1/platform/emlib/src/em_ldma.o
 .rodata.USART_BaudrateAsyncSet.str1.1
                0x080094c7       0x31 ./gecko_sdk_4.4.1/platform/emlib/src/em_usart.o
 .rodata.sl_hal_sysrtc_init_group.str1.1
                0x080094f8       0x3f ./gecko_sdk_4.4.1/platform/peripheral/src/peripheral_sysrtc.o
 .rodata        0x08009537        0x7 ./gecko_sdk_4.4.1/platform/service/device_init/src/sl_device_init_dcdc_s2.o
 *fill*         0x0800953e        0x2 
 .rodata        0x08009540       0x28 ./gecko_sdk_4.4.1/platform/service/device_init/src/sl_device_init_hfxo_s2.o
 .rodata        0x08009568       0x14 ./gecko_sdk_4.4.1/platform/service/device_init/src/sl_device_init_lfxo_s2.o
 .rodata._write.str1.1
                0x0800957c       0x4e ./gecko_sdk_4.4.1/platform/service/iostream/src/sl_iostream_retarget_stdio.o
 .rodata.get_write_ptr.str1.1
                0x080095ca       0x44 ./gecko_sdk_4.4.1/platform/service/iostream/src/sl_iostream_uart.o
 .rodata.process_timer_irq.str1.1
                0x0800960e       0x43 ./gecko_sdk_4.4.1/platform/service/sleeptimer/src/sl_sleeptimer.o
 .rodata.sl_udelay_wait.str1.1
                0x08009651       0x3b ./gecko_sdk_4.4.1/platform/service/udelay/src/sl_udelay.o
 .rodata._ctype_
                0x0800968c      0x101 c:/siliconlabs/simplicitystudio/v5/developer/toolchains/gnu_arm/12.2.rel1_2023.7/bin/../lib/gcc/arm-none-eabi/12.2.1/thumb/v8-m.main+fp/hard\libc_nano.a(libc_a-ctype_.o)
                0x0800968c                _ctype_
 .rodata._printf_float.str1.1
                0x0800978d       0x12 c:/siliconlabs/simplicitystudio/v5/developer/toolchains/gnu_arm/12.2.rel1_2023.7/bin/../lib/gcc/arm-none-eabi/12.2.1/thumb/v8-m.main+fp/hard\libc_nano.a(libc_a-nano-vfprintf_float.o)
 .rodata._printf_i.str1.1
                0x0800979f       0x22 c:/siliconlabs/simplicitystudio/v5/developer/toolchains/gnu_arm/12.2.rel1_2023.7/bin/../lib/gcc/arm-none-eabi/12.2.1/thumb/v8-m.main+fp/hard\libc_nano.a(libc_a-nano-vfprintf_i.o)
 .rodata._dtoa_r.str1.1
                0x080097c1       0x8e c:/siliconlabs/simplicitystudio/v5/developer/toolchains/gnu_arm/12.2.rel1_2023.7/bin/../lib/gcc/arm-none-eabi/12.2.1/thumb/v8-m.main+fp/hard\libc_nano.a(libc_a-dtoa.o)
                                 0x90 (size before relaxing)
 .rodata._Balloc.str1.1
                0x0800984f       0x5a c:/siliconlabs/simplicitystudio/v5/developer/toolchains/gnu_arm/12.2.rel1_2023.7/bin/../lib/gcc/arm-none-eabi/12.2.1/thumb/v8-m.main+fp/hard\libc_nano.a(libc_a-mprec.o)
                                 0x71 (size before relaxing)
 .rodata.__multadd.str1.1
                0x080098a9       0x11 c:/siliconlabs/simplicitystudio/v5/developer/toolchains/gnu_arm/12.2.rel1_2023.7/bin/../lib/gcc/arm-none-eabi/12.2.1/thumb/v8-m.main+fp/hard\libc_nano.a(libc_a-mprec.o)
 *fill*         0x080098a9        0x3 
 .rodata.p05.0  0x080098ac        0xc c:/siliconlabs/simplicitystudio/v5/developer/toolchains/gnu_arm/12.2.rel1_2023.7/bin/../lib/gcc/arm-none-eabi/12.2.1/thumb/v8-m.main+fp/hard\libc_nano.a(libc_a-mprec.o)
 .rodata.__mprec_bigtens
                0x080098b8       0x28 c:/siliconlabs/simplicitystudio/v5/developer/toolchains/gnu_arm/12.2.rel1_2023.7/bin/../lib/gcc/arm-none-eabi/12.2.1/thumb/v8-m.main+fp/hard\libc_nano.a(libc_a-mprec.o)
                0x080098b8                __mprec_bigtens
 .rodata.__mprec_tens
                0x080098e0       0xc8 c:/siliconlabs/simplicitystudio/v5/developer/toolchains/gnu_arm/12.2.rel1_2023.7/bin/../lib/gcc/arm-none-eabi/12.2.1/thumb/v8-m.main+fp/hard\libc_nano.a(libc_a-mprec.o)
                0x080098e0                __mprec_tens
 .rodata._vfprintf_r.str1.1
                0x080099a8       0x11 c:/siliconlabs/simplicitystudio/v5/developer/toolchains/gnu_arm/12.2.rel1_2023.7/bin/../lib/gcc/arm-none-eabi/12.2.1/thumb/v8-m.main+fp/hard\libc_nano.a(libc_a-nano-vfprintf.o)
 .rodata._setlocale_r.str1.1
                0x080099b9        0x8 c:/siliconlabs/simplicitystudio/v5/developer/toolchains/gnu_arm/12.2.rel1_2023.7/bin/../lib/gcc/arm-none-eabi/12.2.1/thumb/v8-m.main+fp/hard\libc_nano.a(libc_a-locale.o)
                                  0x9 (size before relaxing)
 .rodata.str1.1
                0x080099c1        0x2 c:/siliconlabs/simplicitystudio/v5/developer/toolchains/gnu_arm/12.2.rel1_2023.7/bin/../lib/gcc/arm-none-eabi/12.2.1/thumb/v8-m.main+fp/hard\libc_nano.a(libc_a-locale.o)
 .rodata.__assert_func.str1.1
                0x080099c3       0x3c c:/siliconlabs/simplicitystudio/v5/developer/toolchains/gnu_arm/12.2.rel1_2023.7/bin/../lib/gcc/arm-none-eabi/12.2.1/thumb/v8-m.main+fp/hard\libc_nano.a(libc_a-assert.o)
                                 0x3d (size before relaxing)
 *(.eh_frame*)
 *fill*         0x080099ff        0x1 
 .eh_frame      0x08009a00        0x0 c:/siliconlabs/simplicitystudio/v5/developer/toolchains/gnu_arm/12.2.rel1_2023.7/bin/../lib/gcc/arm-none-eabi/12.2.1/thumb/v8-m.main+fp/hard/crtbegin.o

.glue_7         0x08009a00        0x0
 .glue_7        0x08009a00        0x0 linker stubs

.glue_7t        0x08009a00        0x0
 .glue_7t       0x08009a00        0x0 linker stubs

.vfp11_veneer   0x08009a00        0x0
 .vfp11_veneer  0x08009a00        0x0 linker stubs

.v4_bx          0x08009a00        0x0
 .v4_bx         0x08009a00        0x0 linker stubs

.iplt           0x08009a00        0x0
 .iplt          0x08009a00        0x0 c:/siliconlabs/simplicitystudio/v5/developer/toolchains/gnu_arm/12.2.rel1_2023.7/bin/../lib/gcc/arm-none-eabi/12.2.1/thumb/v8-m.main+fp/hard/crtbegin.o

.ARM.extab
 *(.ARM.extab* .gnu.linkonce.armextab.*)
                0x08009a00                __exidx_start = .

.ARM.exidx      0x08009a00        0x8
 *(.ARM.exidx* .gnu.linkonce.armexidx.*)
 .ARM.exidx     0x08009a00        0x8 c:/siliconlabs/simplicitystudio/v5/developer/toolchains/gnu_arm/12.2.rel1_2023.7/bin/../lib/gcc/arm-none-eabi/12.2.1/thumb/v8-m.main+fp/hard/crt0.o
                                 0x10 (size before relaxing)
 .ARM.exidx.text.__udivmoddi4
                0x08009a08        0x0 c:/siliconlabs/simplicitystudio/v5/developer/toolchains/gnu_arm/12.2.rel1_2023.7/bin/../lib/gcc/arm-none-eabi/12.2.1/thumb/v8-m.main+fp/hard\libgcc.a(_udivmoddi4.o)
                                  0x8 (size before relaxing)
                0x08009a08                __exidx_end = .

.rel.dyn        0x08009a08        0x0
 .rel.iplt      0x08009a08        0x0 c:/siliconlabs/simplicitystudio/v5/developer/toolchains/gnu_arm/12.2.rel1_2023.7/bin/../lib/gcc/arm-none-eabi/12.2.1/thumb/v8-m.main+fp/hard/crtbegin.o

.copy.table     0x08009a08        0xc
                0x08009a08                . = ALIGN (0x4)
                0x08009a08                __copy_table_start__ = .
                0x08009a08        0x4 LONG 0x8009a14 __etext
                0x08009a0c        0x4 LONG 0x20001000 __data_start__
                0x08009a10        0x4 LONG 0x82 ((__data_end__ - __data_start__) / 0x4)
                0x08009a14                __copy_table_end__ = .

.zero.table     0x08009a14        0x0
                0x08009a14                . = ALIGN (0x4)
                0x08009a14                __zero_table_start__ = .
                0x08009a14                __zero_table_end__ = .
                0x08009a14                __etext = .
                0x20000000                . = ORIGIN (RAM)

.stack          0x20000000     0x1000
                0x20000000                __StackLimit = .
 *(.stack*)
 .stack         0x20000000     0x1000 ./gecko_sdk_4.4.1/platform/common/toolchain/src/sl_memory.o
                0x20001000                . = ALIGN (0x4)
                0x20001000                __StackTop = .
                0x20001000                PROVIDE (__stack = __StackTop)

.noinit
 *(.noinit*)

.data           0x20001000      0x208 load address 0x08009a14
                0x20001000                . = ALIGN (0x4)
                0x20001000                __data_start__ = .
 *(vtable)
 *(SORT_BY_ALIGNMENT(.data*))
 .data.init_sensor
                0x20001000       0x14 ./autogen/sl_i2cspm_init.o
                0x20001000                init_sensor
 .data.sl_i2cspm_sensor
                0x20001014        0x4 ./autogen/sl_i2cspm_init.o
                0x20001014                sl_i2cspm_sensor
 .data.SystemCoreClock
                0x20001018        0x4 ./gecko_sdk_4.4.1/platform/Device/SiliconLabs/EFR32MG24/Source/system_efr32mg24.o
                0x20001018                SystemCoreClock
 .data.SystemHFRCODPLLClock
                0x2000101c        0x4 ./gecko_sdk_4.4.1/platform/Device/SiliconLabs/EFR32MG24/Source/system_efr32mg24.o
 .data.SystemLFXOClock
                0x20001020        0x4 ./gecko_sdk_4.4.1/platform/Device/SiliconLabs/EFR32MG24/Source/system_efr32mg24.o
 .data.SystemHFXOClock
                0x20001024        0x4 ./gecko_sdk_4.4.1/platform/Device/SiliconLabs/EFR32MG24/Source/system_efr32mg24.o
 .data.heap_end.0
                0x20001028        0x4 ./gecko_sdk_4.4.1/platform/common/toolchain/src/sl_memory.o