Archive member included to satisfy reference by file (symbol)

c:/siliconlabs/simplicitystudio/v5/developer/toolchains/gnu_arm/12.2.rel1_2023.7/bin/../lib/gcc/arm-none-eabi/12.2.1/thumb/v8-m.main+fp/hard\libgcc.a(_aeabi_ldivmod.o)
                              ./gecko_sdk_4.4.1/platform/emlib/src/em_eusart.o (__aeabi_ldivmod)
c:/siliconlabs/simplicitystudio/v5/developer/toolchains/gnu_arm/12.2.rel1_2023.7/bin/../lib/gcc/arm-none-eabi/12.2.1/thumb/v8-m.main+fp/hard\libgcc.a(_aeabi_uldivmod.o)
                              ./gecko_sdk_4.4.1/platform/emlib/src/em_eusart.o (__aeabi_uldivmod)
c:/siliconlabs/simplicitystudio/v5/developer/toolchains/gnu_arm/12.2.rel1_2023.7/bin/../lib/gcc/arm-none-eabi/12.2.1/thumb/v8-m.main+fp/hard\libgcc.a(_udivmoddi4.o)
                              c:/siliconlabs/simplicitystudio/v5/developer/toolchains/gnu_arm/12.2.rel1_2023.7/bin/../lib/gcc/arm-none-eabi/12.2.1/thumb/v8-m.main+fp/hard\libgcc.a(_aeabi_ldivmod.o) (__udivmoddi4)
c:/siliconlabs/simplicitystudio/v5/developer/toolchains/gnu_arm/12.2.rel1_2023.7/bin/../lib/gcc/arm-none-eabi/12.2.1/thumb/v8-m.main+fp/hard\libgcc.a(_dvmd_tls.o)
                              c:/siliconlabs/simplicitystudio/v5/developer/toolchains/gnu_arm/12.2.rel1_2023.7/bin/../lib/gcc/arm-none-eabi/12.2.1/thumb/v8-m.main+fp/hard\libgcc.a(_aeabi_ldivmod.o) (__aeabi_ldiv0)
c:/siliconlabs/simplicitystudio/v5/developer/toolchains/gnu_arm/12.2.rel1_2023.7/bin/../lib/gcc/arm-none-eabi/12.2.1/thumb/v8-m.main+fp/hard\libc_nano.a(libc_a-exit.o)
                              c:/siliconlabs/simplicitystudio/v5/developer/toolchains/gnu_arm/12.2.rel1_2023.7/bin/../lib/gcc/arm-none-eabi/12.2.1/thumb/v8-m.main+fp/hard/crt0.o (exit)
c:/siliconlabs/simplicitystudio/v5/developer/toolchains/gnu_arm/12.2.rel1_2023.7/bin/../lib/gcc/arm-none-eabi/12.2.1/thumb/v8-m.main+fp/hard\libc_nano.a(libc_a-ctype_.o)
                              ./gecko_sdk_4.4.1/platform/common/src/sl_string.o (_ctype_)
c:/siliconlabs/simplicitystudio/v5/developer/toolchains/gnu_arm/12.2.rel1_2023.7/bin/../lib/gcc/arm-none-eabi/12.2.1/thumb/v8-m.main+fp/hard\libc_nano.a(libc_a-findfp.o)
                              c:/siliconlabs/simplicitystudio/v5/developer/toolchains/gnu_arm/12.2.rel1_2023.7/bin/../lib/gcc/arm-none-eabi/12.2.1/thumb/v8-m.main+fp/hard\libc_nano.a(libc_a-exit.o) (__stdio_exit_handler)
c:/siliconlabs/simplicitystudio/v5/developer/toolchains/gnu_arm/12.2.rel1_2023.7/bin/../lib/gcc/arm-none-eabi/12.2.1/thumb/v8-m.main+fp/hard\libc_nano.a(libc_a-fwalk.o)
                              c:/siliconlabs/simplicitystudio/v5/developer/toolchains/gnu_arm/12.2.rel1_2023.7/bin/../lib/gcc/arm-none-eabi/12.2.1/thumb/v8-m.main+fp/hard\libc_nano.a(libc_a-findfp.o) (_fwalk_sglue)
c:/siliconlabs/simplicitystudio/v5/developer/toolchains/gnu_arm/12.2.rel1_2023.7/bin/../lib/gcc/arm-none-eabi/12.2.1/thumb/v8-m.main+fp/hard\libc_nano.a(libc_a-printf.o)
                              ./as.o (printf)
c:/siliconlabs/simplicitystudio/v5/developer/toolchains/gnu_arm/12.2.rel1_2023.7/bin/../lib/gcc/arm-none-eabi/12.2.1/thumb/v8-m.main+fp/hard\libc_nano.a(libc_a-puts.o)
                              ./app.o (puts)
c:/siliconlabs/simplicitystudio/v5/developer/toolchains/gnu_arm/12.2.rel1_2023.7/bin/../lib/gcc/arm-none-eabi/12.2.1/thumb/v8-m.main+fp/hard\libc_nano.a(libc_a-setvbuf.o)
                              ./gecko_sdk_4.4.1/platform/service/iostream/src/sl_iostream_stdlib_config.o (setvbuf)
c:/siliconlabs/simplicitystudio/v5/developer/toolchains/gnu_arm/12.2.rel1_2023.7/bin/../lib/gcc/arm-none-eabi/12.2.1/thumb/v8-m.main+fp/hard\libc_nano.a(libc_a-stdio.o)
                              c:/siliconlabs/simplicitystudio/v5/developer/toolchains/gnu_arm/12.2.rel1_2023.7/bin/../lib/gcc/arm-none-eabi/12.2.1/thumb/v8-m.main+fp/hard\libc_nano.a(libc_a-findfp.o) (__sread)
c:/siliconlabs/simplicitystudio/v5/developer/toolchains/gnu_arm/12.2.rel1_2023.7/bin/../lib/gcc/arm-none-eabi/12.2.1/thumb/v8-m.main+fp/hard\libc_nano.a(libc_a-vprintf.o)
                              ./gecko_sdk_4.4.1/platform/service/iostream/src/sl_iostream.o (vprintf)
c:/siliconlabs/simplicitystudio/v5/developer/toolchains/gnu_arm/12.2.rel1_2023.7/bin/../lib/gcc/arm-none-eabi/12.2.1/thumb/v8-m.main+fp/hard\libc_nano.a(libc_a-wbuf.o)
                              c:/siliconlabs/simplicitystudio/v5/developer/toolchains/gnu_arm/12.2.rel1_2023.7/bin/../lib/gcc/arm-none-eabi/12.2.1/thumb/v8-m.main+fp/hard\libc_nano.a(libc_a-puts.o) (__swbuf_r)
c:/siliconlabs/simplicitystudio/v5/developer/toolchains/gnu_arm/12.2.rel1_2023.7/bin/../lib/gcc/arm-none-eabi/12.2.1/thumb/v8-m.main+fp/hard\libc_nano.a(libc_a-wsetup.o)
                              c:/siliconlabs/simplicitystudio/v5/developer/toolchains/gnu_arm/12.2.rel1_2023.7/bin/../lib/gcc/arm-none-eabi/12.2.1/thumb/v8-m.main+fp/hard\libc_nano.a(libc_a-puts.o) (__swsetup_r)
[...]
Memory Configuration

Name             Origin             Length             Attributes
FLASH            0x08000000         0x0017e000         xr
RAM              0x20000000         0x00040000         xrw
*default*        0x00000000         0xffffffff

Linker script and memory map

LOAD c:/siliconlabs/simplicitystudio/v5/developer/toolchains/gnu_arm/12.2.rel1_2023.7/bin/../lib/gcc/arm-none-eabi/12.2.1/thumb/v8-m.main+fp/hard/crti.o
LOAD c:/siliconlabs/simplicitystudio/v5/developer/toolchains/gnu_arm/12.2.rel1_2023.7/bin/../lib/gcc/arm-none-eabi/12.2.1/thumb/v8-m.main+fp/hard/crtbegin.o
LOAD c:/siliconlabs/simplicitystudio/v5/developer/toolchains/gnu_arm/12.2.rel1_2023.7/bin/../lib/gcc/arm-none-eabi/12.2.1/thumb/v8-m.main+fp/hard/crt0.o
START GROUP
LOAD ./app.o
LOAD ./as.o
LOAD ./main.o
LOAD ./mpl.o
LOAD ./si.o
LOAD ./autogen/sl_board_default_init.o
LOAD ./autogen/sl_device_init_clocks.o
LOAD ./autogen/sl_event_handler.o
LOAD ./autogen/sl_i2cspm_init.o
LOAD ./autogen/sl_iostream_handles.o
LOAD ./autogen/sl_iostream_init_eusart_instances.o
LOAD ./autogen/sl_simple_led_instances.o
LOAD ./gecko_sdk_4.4.1/hardware/board/src/sl_board_control_gpio.o
LOAD ./gecko_sdk_4.4.1/hardware/board/src/sl_board_init.o
LOAD ./gecko_sdk_4.4.1/hardware/driver/configuration_over_swo/src/sl_cos.o
LOAD ./gecko_sdk_4.4.1/hardware/driver/mx25_flash_shutdown/src/sl_mx25_flash_shutdown_usart/sl_mx25_flash_shutdown.o
LOAD ./gecko_sdk_4.4.1/platform/Device/SiliconLabs/EFR32MG24/Source/startup_efr32mg24.o
LOAD ./gecko_sdk_4.4.1/platform/Device/SiliconLabs/EFR32MG24/Source/system_efr32mg24.o
LOAD ./gecko_sdk_4.4.1/platform/common/src/sl_assert.o
LOAD ./gecko_sdk_4.4.1/platform/common/src/sl_slist.o
LOAD ./gecko_sdk_4.4.1/platform/common/src/sl_string.o
LOAD ./gecko_sdk_4.4.1/platform/common/src/sl_syscalls.o
LOAD ./gecko_sdk_4.4.1/platform/common/toolchain/src/sl_memory.o
LOAD ./gecko_sdk_4.4.1/platform/driver/debug/src/sl_debug_swo.o
LOAD ./gecko_sdk_4.4.1/platform/driver/i2cspm/src/sl_i2cspm.o
LOAD ./gecko_sdk_4.4.1/platform/driver/leddrv/src/sl_led.o
LOAD ./gecko_sdk_4.4.1/platform/driver/leddrv/src/sl_simple_led.o
LOAD ./gecko_sdk_4.4.1/platform/emdrv/dmadrv/src/dmadrv.o
LOAD ./gecko_sdk_4.4.1/platform/emlib/src/em_burtc.o
LOAD ./gecko_sdk_4.4.1/platform/emlib/src/em_cmu.o
LOAD ./gecko_sdk_4.4.1/platform/emlib/src/em_core.o
LOAD ./gecko_sdk_4.4.1/platform/emlib/src/em_emu.o
LOAD ./gecko_sdk_4.4.1/platform/emlib/src/em_eusart.o
LOAD ./gecko_sdk_4.4.1/platform/emlib/src/em_gpio.o
LOAD ./gecko_sdk_4.4.1/platform/emlib/src/em_i2c.o
LOAD ./gecko_sdk_4.4.1/platform/emlib/src/em_ldma.o
LOAD ./gecko_sdk_4.4.1/platform/emlib/src/em_msc.o
LOAD ./gecko_sdk_4.4.1/platform/emlib/src/em_prs.o
LOAD ./gecko_sdk_4.4.1/platform/emlib/src/em_system.o
LOAD ./gecko_sdk_4.4.1/platform/emlib/src/em_timer.o
LOAD ./gecko_sdk_4.4.1/platform/emlib/src/em_usart.o
LOAD ./gecko_sdk_4.4.1/platform/peripheral/src/peripheral_sysrtc.o
LOAD ./gecko_sdk_4.4.1/platform/service/device_init/src/sl_device_init_dcdc_s2.o
LOAD ./gecko_sdk_4.4.1/platform/service/device_init/src/sl_device_init_emu_s2.o
LOAD ./gecko_sdk_4.4.1/platform/service/device_init/src/sl_device_init_hfxo_s2.o
LOAD ./gecko_sdk_4.4.1/platform/service/device_init/src/sl_device_init_lfxo_s2.o
LOAD ./gecko_sdk_4.4.1/platform/service/device_init/src/sl_device_init_nvic.o
LOAD ./gecko_sdk_4.4.1/platform/service/iostream/src/sl_iostream.o
LOAD ./gecko_sdk_4.4.1/platform/service/iostream/src/sl_iostream_eusart.o
LOAD ./gecko_sdk_4.4.1/platform/service/iostream/src/sl_iostream_retarget_stdio.o
LOAD ./gecko_sdk_4.4.1/platform/service/iostream/src/sl_iostream_stdlib_config.o
LOAD ./gecko_sdk_4.4.1/platform/service/iostream/src/sl_iostream_uart.o
LOAD ./gecko_sdk_4.4.1/platform/service/sleeptimer/src/sl_sleeptimer.o
LOAD ./gecko_sdk_4.4.1/platform/service/sleeptimer/src/sl_sleeptimer_hal_burtc.o
LOAD ./gecko_sdk_4.4.1/platform/service/sleeptimer/src/sl_sleeptimer_hal_sysrtc.o
LOAD ./gecko_sdk_4.4.1/platform/service/sleeptimer/src/sl_sleeptimer_hal_timer.o
LOAD ./gecko_sdk_4.4.1/platform/service/system/src/sl_system_init.o
LOAD ./gecko_sdk_4.4.1/platform/service/system/src/sl_system_process_action.o
LOAD ./gecko_sdk_4.4.1/platform/service/udelay/src/sl_udelay.o
LOAD ./gecko_sdk_4.4.1/platform/service/udelay/src/sl_udelay_armv6m_gcc.o
LOAD c:/siliconlabs/simplicitystudio/v5/developer/toolchains/gnu_arm/12.2.rel1_2023.7/bin/../lib/gcc/arm-none-eabi/12.2.1/thumb/v8-m.main+fp/hard\libgcc.a
LOAD c:/siliconlabs/simplicitystudio/v5/developer/toolchains/gnu_arm/12.2.rel1_2023.7/bin/../lib/gcc/arm-none-eabi/12.2.1/thumb/v8-m.main+fp/hard\libc_nano.a
LOAD c:/siliconlabs/simplicitystudio/v5/developer/toolchains/gnu_arm/12.2.rel1_2023.7/bin/../lib/gcc/arm-none-eabi/12.2.1/thumb/v8-m.main+fp/hard\libm.a
LOAD c:/siliconlabs/simplicitystudio/v5/developer/toolchains/gnu_arm/12.2.rel1_2023.7/bin/../lib/gcc/arm-none-eabi/12.2.1/thumb/v8-m.main+fp/hard\libnosys.a
END GROUP
START GROUP
LOAD c:/siliconlabs/simplicitystudio/v5/developer/toolchains/gnu_arm/12.2.rel1_2023.7/bin/../lib/gcc/arm-none-eabi/12.2.1/thumb/v8-m.main+fp/hard\libgcc.a
LOAD c:/siliconlabs/simplicitystudio/v5/developer/toolchains/gnu_arm/12.2.rel1_2023.7/bin/../lib/gcc/arm-none-eabi/12.2.1/thumb/v8-m.main+fp/hard\libc_nano.a
LOAD c:/siliconlabs/simplicitystudio/v5/developer/toolchains/gnu_arm/12.2.rel1_2023.7/bin/../lib/gcc/arm-none-eabi/12.2.1/thumb/v8-m.main+fp/hard\libnosys.a
END GROUP
START GROUP
LOAD c:/siliconlabs/simplicitystudio/v5/developer/toolchains/gnu_arm/12.2.rel1_2023.7/bin/../lib/gcc/arm-none-eabi/12.2.1/thumb/v8-m.main+fp/hard\libgcc.a
LOAD c:/siliconlabs/simplicitystudio/v5/developer/toolchains/gnu_arm/12.2.rel1_2023.7/bin/../lib/gcc/arm-none-eabi/12.2.1/thumb/v8-m.main+fp/hard\libg_nano.a
LOAD c:/siliconlabs/simplicitystudio/v5/developer/toolchains/gnu_arm/12.2.rel1_2023.7/bin/../lib/gcc/arm-none-eabi/12.2.1/thumb/v8-m.main+fp/hard\libc_nano.a
END GROUP
START GROUP
LOAD c:/siliconlabs/simplicitystudio/v5/developer/toolchains/gnu_arm/12.2.rel1_2023.7/bin/../lib/gcc/arm-none-eabi/12.2.1/thumb/v8-m.main+fp/hard\libgcc.a
LOAD c:/siliconlabs/simplicitystudio/v5/developer/toolchains/gnu_arm/12.2.rel1_2023.7/bin/../lib/gcc/arm-none-eabi/12.2.1/thumb/v8-m.main+fp/hard\libc_nano.a
END GROUP
LOAD c:/siliconlabs/simplicitystudio/v5/developer/toolchains/gnu_arm/12.2.rel1_2023.7/bin/../lib/gcc/arm-none-eabi/12.2.1/thumb/v8-m.main+fp/hard/crtend.o
LOAD c:/siliconlabs/simplicitystudio/v5/developer/toolchains/gnu_arm/12.2.rel1_2023.7/bin/../lib/gcc/arm-none-eabi/12.2.1/thumb/v8-m.main+fp/hard/crtn.o

.text           0x08000000     0x6850
                0x08000000                linker_vectors_begin = .
 *(.vectors)
 .vectors       0x08000000      0x170 ./gecko_sdk_4.4.1/platform/Device/SiliconLabs/EFR32MG24/Source/startup_efr32mg24.o
                0x08000000                __Vectors
                0x08000170                linker_vectors_end = .
                0x08000170                __Vectors_End = .
                0x08000170                __Vectors_Size = (__Vectors_End - __Vectors)
                0x08000170                linker_code_begin = .
 *(SORT_BY_ALIGNMENT(.text*))
 .text          0x08000170        0x8 ./gecko_sdk_4.4.1/platform/service/udelay/src/sl_udelay_armv6m_gcc.o
                0x08000170                sli_delay_loop
 .text.deregister_tm_clones
                0x08000178       0x1c c:/siliconlabs/simplicitystudio/v5/developer/toolchains/gnu_arm/12.2.rel1_2023.7/bin/../lib/gcc/arm-none-eabi/12.2.1/thumb/v8-m.main+fp/hard/crtbegin.o
 .text.register_tm_clones
                0x08000194       0x28 c:/siliconlabs/simplicitystudio/v5/developer/toolchains/gnu_arm/12.2.rel1_2023.7/bin/../lib/gcc/arm-none-eabi/12.2.1/thumb/v8-m.main+fp/hard/crtbegin.o
 .text.__do_global_dtors_aux
                0x080001bc       0x28 c:/siliconlabs/simplicitystudio/v5/developer/toolchains/gnu_arm/12.2.rel1_2023.7/bin/../lib/gcc/arm-none-eabi/12.2.1/thumb/v8-m.main+fp/hard/crtbegin.o
 .text.frame_dummy
                0x080001e4       0x24 c:/siliconlabs/simplicitystudio/v5/developer/toolchains/gnu_arm/12.2.rel1_2023.7/bin/../lib/gcc/arm-none-eabi/12.2.1/thumb/v8-m.main+fp/hard/crtbegin.o
 .text          0x08000208       0x7c c:/siliconlabs/simplicitystudio/v5/developer/toolchains/gnu_arm/12.2.rel1_2023.7/bin/../lib/gcc/arm-none-eabi/12.2.1/thumb/v8-m.main+fp/hard/crt0.o
                0x08000208                _stack_init
                0x08000210                _start
                0x08000210                _mainCRTStartup
 .text.app_init
                0x08000284       0x98 ./app.o
                0x08000284                app_init
 .text.AS7331_ChangeMode
                0x0800031c       0xc8 ./as.o
                0x0800031c                AS7331_ChangeMode
 .text.as_dev_id
                0x080003e4       0x7c ./as.o
                0x080003e4                as_dev_id
 .text.as_init  0x08000460      0x124 ./as.o
                0x08000460                as_init
 .text.mpl_dev_id
                0x08000584       0x74 ./mpl.o
                0x08000584                mpl_dev_id
 .text.timer_callback
                0x080005f8        0xc ./si.o
 .text.decode_temp
                0x08000604       0x54 ./si.o
                0x08000604                decode_temp
 .text.SI7021_measure.constprop.0
                0x08000658       0xc8 ./si.o
 .text.initialise_temp_limits
                0x08000720       0x28 ./si.o
                0x08000720                initialise_temp_limits
 .text.si_dev_id
                0x08000748       0x78 ./si.o
                0x08000748                si_dev_id
 .text.si_init  0x080007c0       0x2c ./si.o
                0x080007c0                si_init
 .text.sl_device_init_clocks
                0x080007ec       0xac ./autogen/sl_device_init_clocks.o
                0x080007ec                sl_device_init_clocks
 .text.sl_i2cspm_init_instances
                0x08000898       0x18 ./autogen/sl_i2cspm_init.o
                0x08000898                sl_i2cspm_init_instances
 .text.sl_iostream_eusart_init_vcom
                0x080008b0       0xc4 ./autogen/sl_iostream_init_eusart_instances.o
                0x080008b0                sl_iostream_eusart_init_vcom
 .text.EUSART0_RX_IRQHandler
                0x08000974        0xc ./autogen/sl_iostream_init_eusart_instances.o
                0x08000974                EUSART0_RX_IRQHandler
 .text.sl_simple_led_init_instances
                0x08000980       0x1c ./autogen/sl_simple_led_instances.o
                0x08000980                sl_simple_led_init_instances
 .text.sl_board_enable_sensor
                0x0800099c       0x60 ./gecko_sdk_4.4.1/hardware/board/src/sl_board_control_gpio.o
                0x0800099c                sl_board_enable_sensor
 .text.cs_high  0x080009fc       0x10 ./gecko_sdk_4.4.1/hardware/driver/mx25_flash_shutdown/src/sl_mx25_flash_shutdown_usart/sl_mx25_flash_shutdown.o
 .text.cs_low   0x08000a0c       0x10 ./gecko_sdk_4.4.1/hardware/driver/mx25_flash_shutdown/src/sl_mx25_flash_shutdown_usart/sl_mx25_flash_shutdown.o
 .text.sl_mx25_flash_shutdown
                0x08000a1c      0x118 ./gecko_sdk_4.4.1/hardware/driver/mx25_flash_shutdown/src/sl_mx25_flash_shutdown_usart/sl_mx25_flash_shutdown.o
                0x08000a1c                sl_mx25_flash_shutdown
 .text.CopyRamFuncs
                0x08000b34       0x1c ./gecko_sdk_4.4.1/platform/Device/SiliconLabs/EFR32MG24/Source/startup_efr32mg24.o
                0x08000b34                CopyRamFuncs
 .text.Reset_Handler
                0x08000b50       0x64 ./gecko_sdk_4.4.1/platform/Device/SiliconLabs/EFR32MG24/Source/startup_efr32mg24.o
                0x08000b50                Reset_Handler
 .text.SystemInit
                0x08000bb4       0x68 ./gecko_sdk_4.4.1/platform/Device/SiliconLabs/EFR32MG24/Source/system_efr32mg24.o
                0x08000bb4                SystemInit
 .text.SystemHFRCODPLLClockGet
                0x08000c1c        0xc ./gecko_sdk_4.4.1/platform/Device/SiliconLabs/EFR32MG24/Source/system_efr32mg24.o
                0x08000c1c                SystemHFRCODPLLClockGet
 .text.SystemSYSCLKGet
                0x08000c28       0x34 ./gecko_sdk_4.4.1/platform/Device/SiliconLabs/EFR32MG24/Source/system_efr32mg24.o
                0x08000c28                SystemSYSCLKGet
 .text.SystemHCLKGet
                0x08000c5c       0x24 ./gecko_sdk_4.4.1/platform/Device/SiliconLabs/EFR32MG24/Source/system_efr32mg24.o
                0x08000c5c                SystemHCLKGet
 .text.SystemMaxCoreClockGet
                0x08000c80        0x8 ./gecko_sdk_4.4.1/platform/Device/SiliconLabs/EFR32MG24/Source/system_efr32mg24.o
                0x08000c80                SystemMaxCoreClockGet
 .text.SystemHFXOClockGet
                0x08000c88        0xc ./gecko_sdk_4.4.1/platform/Device/SiliconLabs/EFR32MG24/Source/system_efr32mg24.o
                0x08000c88                SystemHFXOClockGet
 .text.SystemHFXOClockSet
                0x08000c94       0x20 ./gecko_sdk_4.4.1/platform/Device/SiliconLabs/EFR32MG24/Source/system_efr32mg24.o
                0x08000c94                SystemHFXOClockSet
 .text.SystemFSRCOClockGet
                0x08000cb4        0x8 ./gecko_sdk_4.4.1/platform/Device/SiliconLabs/EFR32MG24/Source/system_efr32mg24.o
                0x08000cb4                SystemFSRCOClockGet
 .text.SystemHFRCOEM23ClockGet
                0x08000cbc       0x84 ./gecko_sdk_4.4.1/platform/Device/SiliconLabs/EFR32MG24/Source/system_efr32mg24.o
                0x08000cbc                SystemHFRCOEM23ClockGet
 .text.SystemLFXOClockGet
                0x08000d40        0xc ./gecko_sdk_4.4.1/platform/Device/SiliconLabs/EFR32MG24/Source/system_efr32mg24.o
                0x08000d40                SystemLFXOClockGet
 .text._sbrk    0x08000d4c       0x20 ./gecko_sdk_4.4.1/platform/common/toolchain/src/sl_memory.o
                0x08000d4c                _sbrk
 .text.sl_debug_swo_init
                0x08000d6c      0x114 ./gecko_sdk_4.4.1/platform/driver/debug/src/sl_debug_swo.o
                0x08000d6c                sl_debug_swo_init
 .text.sl_debug_swo_write_u8
                0x08000e80       0x44 ./gecko_sdk_4.4.1/platform/driver/debug/src/sl_debug_swo.o
                0x08000e80                sl_debug_swo_write_u8
 .text.I2CSPM_Init
                0x08000ec4      0x158 ./gecko_sdk_4.4.1/platform/driver/i2cspm/src/sl_i2cspm.o
                0x08000ec4                I2CSPM_Init
 .text.I2CSPM_Transfer
                0x0800101c       0x20 ./gecko_sdk_4.4.1/platform/driver/i2cspm/src/sl_i2cspm.o
                0x0800101c                I2CSPM_Transfer
 .text.GPIO_PinOutClear
                0x0800103c       0x3c ./gecko_sdk_4.4.1/platform/driver/leddrv/src/sl_simple_led.o
 .text.GPIO_PinOutSet
                0x08001078       0x3c ./gecko_sdk_4.4.1/platform/driver/leddrv/src/sl_simple_led.o
 .text.sl_simple_led_toggle
                0x080010b4       0x3c ./gecko_sdk_4.4.1/platform/driver/leddrv/src/sl_simple_led.o
                0x080010b4                sl_simple_led_toggle
 .text.sl_simple_led_get_state
                0x080010f0       0x4c ./gecko_sdk_4.4.1/platform/driver/leddrv/src/sl_simple_led.o
                0x080010f0                sl_simple_led_get_state
 .text.StartTransfer
                0x0800113c      0x17c ./gecko_sdk_4.4.1/platform/emdrv/dmadrv/src/dmadrv.o
 .text.DMADRV_AllocateChannel
                0x080012b8       0x60 ./gecko_sdk_4.4.1/platform/emdrv/dmadrv/src/dmadrv.o
                0x080012b8                DMADRV_AllocateChannel
 .text.DMADRV_DeInit
                0x08001318       0x44 ./gecko_sdk_4.4.1/platform/emdrv/dmadrv/src/dmadrv.o
                0x08001318                DMADRV_DeInit
 .text.DMADRV_FreeChannel
                0x0800135c       0x4c ./gecko_sdk_4.4.1/platform/emdrv/dmadrv/src/dmadrv.o
                0x0800135c                DMADRV_FreeChannel
 .text.DMADRV_Init
                0x080013a8       0x68 ./gecko_sdk_4.4.1/platform/emdrv/dmadrv/src/dmadrv.o
                0x080013a8                DMADRV_Init
 .text.DMADRV_PauseTransfer
                0x08001410       0x40 ./gecko_sdk_4.4.1/platform/emdrv/dmadrv/src/dmadrv.o
                0x08001410                DMADRV_PauseTransfer
 .text.DMADRV_ResumeTransfer
                0x08001450       0x40 ./gecko_sdk_4.4.1/platform/emdrv/dmadrv/src/dmadrv.o
                0x08001450                DMADRV_ResumeTransfer
 .text.DMADRV_StopTransfer
                0x08001490       0x40 ./gecko_sdk_4.4.1/platform/emdrv/dmadrv/src/dmadrv.o
                0x08001490                DMADRV_StopTransfer
 .text.DMADRV_TransferCompletePending
                0x080014d0       0x50 ./gecko_sdk_4.4.1/platform/emdrv/dmadrv/src/dmadrv.o
                0x080014d0                DMADRV_TransferCompletePending
 .text.DMADRV_TransferDone
                0x08001520       0x44 ./gecko_sdk_4.4.1/platform/emdrv/dmadrv/src/dmadrv.o
                0x08001520                DMADRV_TransferDone
 .text.LDMA_IRQHandler
                0x08001564       0x74 ./gecko_sdk_4.4.1/platform/emdrv/dmadrv/src/dmadrv.o
                0x08001564                LDMA_IRQHandler
 .text.EMU_VScaleGet
                0x080015d8       0x18 ./gecko_sdk_4.4.1/platform/emlib/src/em_cmu.o
 .text.traceClkGet
                0x080015f0       0x54 ./gecko_sdk_4.4.1/platform/emlib/src/em_cmu.o
 .text.em01GrpaClkGet
                0x08001644       0x74 ./gecko_sdk_4.4.1/platform/emlib/src/em_cmu.o
 .text.em01GrpcClkGet
                0x080016b8       0x70 ./gecko_sdk_4.4.1/platform/emlib/src/em_cmu.o
 .text.iadcClkGet
                0x08001728       0x60 ./gecko_sdk_4.4.1/platform/emlib/src/em_cmu.o
 .text.eusart0ClkGet
                0x08001788       0x74 ./gecko_sdk_4.4.1/platform/emlib/src/em_cmu.o
 .text.em23GrpaClkGet
                0x080017fc       0x48 ./gecko_sdk_4.4.1/platform/emlib/src/em_cmu.o
 .text.vdac0ClkGet
                0x08001844       0x70 ./gecko_sdk_4.4.1/platform/emlib/src/em_cmu.o
 .text.vdac1ClkGet
                0x080018b4       0x70 ./gecko_sdk_4.4.1/platform/emlib/src/em_cmu.o
 .text.pcnt0ClkGet
                0x08001924       0x4c ./gecko_sdk_4.4.1/platform/emlib/src/em_cmu.o
 .text.wdog0ClkGet
                0x08001970       0x64 ./gecko_sdk_4.4.1/platform/emlib/src/em_cmu.o
 .text.wdog1ClkGet
                0x080019d4       0x64 ./gecko_sdk_4.4.1/platform/emlib/src/em_cmu.o
 .text.sysrtcClkGet
                0x08001a38       0x48 ./gecko_sdk_4.4.1/platform/emlib/src/em_cmu.o
 .text.em4GrpaClkGet
                0x08001a80       0x48 ./gecko_sdk_4.4.1/platform/emlib/src/em_cmu.o
 .text.CMU_ClockDivGet
                0x08001ac8       0x78 ./gecko_sdk_4.4.1/platform/emlib/src/em_cmu.o
                0x08001ac8                CMU_ClockDivGet
 .text.flashWaitStateControl
                0x08001b40       0x58 ./gecko_sdk_4.4.1/platform/emlib/src/em_cmu.o
 .text.CMU_ClockEnable
                0x08001b98       0x50 ./gecko_sdk_4.4.1/platform/emlib/src/em_cmu.o
                0x08001b98                CMU_ClockEnable
 .text.CMU_ClockFreqGet
                0x08001be8      0x204 ./gecko_sdk_4.4.1/platform/emlib/src/em_cmu.o
                0x08001be8                CMU_ClockFreqGet
 .text.rhclkPrescOptimize
                0x08001dec       0x20 ./gecko_sdk_4.4.1/platform/emlib/src/em_cmu.o
 .text.CMU_ClockSelectGet
                0x08001e0c      0x22c ./gecko_sdk_4.4.1/platform/emlib/src/em_cmu.o
                0x08001e0c                CMU_ClockSelectGet
 .text.sli_em_cmu_HFXOSetForceEnable
                0x08002038       0x1c ./gecko_sdk_4.4.1/platform/emlib/src/em_cmu.o
                0x08002038                sli_em_cmu_HFXOSetForceEnable
 .text.CMU_HFXOInit
                0x08002054      0x224 ./gecko_sdk_4.4.1/platform/emlib/src/em_cmu.o
                0x08002054                CMU_HFXOInit
 .text.CMU_HFXOCTuneDeltaGet
                0x08002278        0xc ./gecko_sdk_4.4.1/platform/emlib/src/em_cmu.o
                0x08002278                CMU_HFXOCTuneDeltaGet
 .text.CMU_LFXOInit
                0x08002284       0xc4 ./gecko_sdk_4.4.1/platform/emlib/src/em_cmu.o
                0x08002284                CMU_LFXOInit
 .text.CMU_LFXOPrecisionSet
                0x08002348        0xc ./gecko_sdk_4.4.1/platform/emlib/src/em_cmu.o
                0x08002348                CMU_LFXOPrecisionSet
 .text.CMU_HFXOPrecisionSet
                0x08002354        0xc ./gecko_sdk_4.4.1/platform/emlib/src/em_cmu.o
                0x08002354                CMU_HFXOPrecisionSet
 .text.CMU_ClockDivSet
                0x08002360      0x12c ./gecko_sdk_4.4.1/platform/emlib/src/em_cmu.o
                0x08002360                CMU_ClockDivSet
 .text.sli_em_cmu_SYSCLKInitPreClockSelect
                0x0800248c       0x20 ./gecko_sdk_4.4.1/platform/emlib/src/em_cmu.o
                0x0800248c                sli_em_cmu_SYSCLKInitPreClockSelect
 .text.pclkDivOptimize
                0x080024ac       0x24 ./gecko_sdk_4.4.1/platform/emlib/src/em_cmu.o
 .text.EMU_DCDCSync
                0x080024d0       0x10 ./gecko_sdk_4.4.1/platform/emlib/src/em_emu.o
 .text.EMU_EM4Init
                0x080024e0       0x14 ./gecko_sdk_4.4.1/platform/emlib/src/em_emu.o
                0x080024e0                EMU_EM4Init
 .text.EMU_VScaleEM01
                0x080024f4       0xa8 ./gecko_sdk_4.4.1/platform/emlib/src/em_emu.o
                0x080024f4                EMU_VScaleEM01
 .text.EMU_VScaleEM01ByClock
                0x0800259c       0x30 ./gecko_sdk_4.4.1/platform/emlib/src/em_emu.o
                0x0800259c                EMU_VScaleEM01ByClock
 .text.EMU_DCDCModeSet
                0x080025cc       0xac ./gecko_sdk_4.4.1/platform/emlib/src/em_emu.o
                0x080025cc                EMU_DCDCModeSet
 .text.EMU_DCDCInit
                0x08002678       0x70 ./gecko_sdk_4.4.1/platform/emlib/src/em_emu.o
                0x08002678                EMU_DCDCInit
 .text.EMU_DCDCSetPFMXModePeakCurrent
                0x080026e8       0x6c ./gecko_sdk_4.4.1/platform/emlib/src/em_emu.o
                0x080026e8                EMU_DCDCSetPFMXModePeakCurrent
 .text.EUSART_Reset
                0x08002754       0x54 ./gecko_sdk_4.4.1/platform/emlib/src/em_eusart.o
                0x08002754                EUSART_Reset
 .text.EUSART_Enable
                0x080027a8       0x6c ./gecko_sdk_4.4.1/platform/emlib/src/em_eusart.o
                0x080027a8                EUSART_Enable
 .text.EUSART_BaudrateSet
                0x08002814      0x1cc ./gecko_sdk_4.4.1/platform/emlib/src/em_eusart.o
                0x08002814                EUSART_BaudrateSet
 .text.EUSART_AsyncInitCommon
                0x080029e0      0x23c ./gecko_sdk_4.4.1/platform/emlib/src/em_eusart.o
 .text.EUSART_UartInitHf
                0x08002c1c       0x5c ./gecko_sdk_4.4.1/platform/emlib/src/em_eusart.o
                0x08002c1c                EUSART_UartInitHf
 .text.EUSART_UartInitLf
                0x08002c78       0xb8 ./gecko_sdk_4.4.1/platform/emlib/src/em_eusart.o
                0x08002c78                EUSART_UartInitLf
 .text.GPIO_PinOutSet
                0x08002d30       0x3c ./gecko_sdk_4.4.1/platform/emlib/src/em_gpio.o
 .text.GPIO_PinOutClear
                0x08002d6c       0x3c ./gecko_sdk_4.4.1/platform/emlib/src/em_gpio.o
 .text.GPIO_PinModeSet
                0x08002da8       0x94 ./gecko_sdk_4.4.1/platform/emlib/src/em_gpio.o
                0x08002da8                GPIO_PinModeSet
 .text.I2C_BusFreqSet
                0x08002e3c      0x108 ./gecko_sdk_4.4.1/platform/emlib/src/em_i2c.o
                0x08002e3c                I2C_BusFreqSet
 .text.I2C_Enable
                0x08002f44       0x38 ./gecko_sdk_4.4.1/platform/emlib/src/em_i2c.o
                0x08002f44                I2C_Enable
 .text.I2C_Init
                0x08002f7c       0x64 ./gecko_sdk_4.4.1/platform/emlib/src/em_i2c.o
                0x08002f7c                I2C_Init
 .text.I2C_Transfer
                0x08002fe0      0x224 ./gecko_sdk_4.4.1/platform/emlib/src/em_i2c.o
                0x08002fe0                I2C_Transfer
 .text.I2C_TransferInit
                0x08003204       0xbc ./gecko_sdk_4.4.1/platform/emlib/src/em_i2c.o
                0x08003204                I2C_TransferInit
 .text.LDMA_DeInit
                0x080032c0       0x3c ./gecko_sdk_4.4.1/platform/emlib/src/em_ldma.o
                0x080032c0                LDMA_DeInit
 .text.LDMA_EnableChannelRequest
                0x080032fc       0x40 ./gecko_sdk_4.4.1/platform/emlib/src/em_ldma.o
                0x080032fc                LDMA_EnableChannelRequest
 .text.LDMA_Init
                0x0800333c       0x94 ./gecko_sdk_4.4.1/platform/emlib/src/em_ldma.o
                0x0800333c                LDMA_Init
 .text.LDMA_StartTransfer
                0x080033d0      0x104 ./gecko_sdk_4.4.1/platform/emlib/src/em_ldma.o
                0x080033d0                LDMA_StartTransfer
 .text.LDMA_StopTransfer
                0x080034d4       0x38 ./gecko_sdk_4.4.1/platform/emlib/src/em_ldma.o
                0x080034d4                LDMA_StopTransfer
 .text.LDMA_TransferDone
                0x0800350c       0x44 ./gecko_sdk_4.4.1/platform/emlib/src/em_ldma.o
                0x0800350c                LDMA_TransferDone
 .text.USART_BaudrateSyncSet
                0x08003550       0x48 ./gecko_sdk_4.4.1/platform/emlib/src/em_usart.o
                0x08003550                USART_BaudrateSyncSet
 .text.USART_Reset
                0x08003598       0x58 ./gecko_sdk_4.4.1/platform/emlib/src/em_usart.o
                0x08003598                USART_Reset
 .text.USART_InitSync
                0x080035f0       0xb0 ./gecko_sdk_4.4.1/platform/emlib/src/em_usart.o
                0x080035f0                USART_InitSync
 .text.sl_hal_sysrtc_wait_sync
                0x080036a0       0x14 ./gecko_sdk_4.4.1/platform/peripheral/src/peripheral_sysrtc.o
                0x080036a0                sl_hal_sysrtc_wait_sync
 .text.sl_hal_sysrtc_wait_ready
                0x080036b4       0x1c ./gecko_sdk_4.4.1/platform/peripheral/src/peripheral_sysrtc.o
                0x080036b4                sl_hal_sysrtc_wait_ready
 .text.sl_hal_sysrtc_stop
                0x080036d0       0x14 ./gecko_sdk_4.4.1/platform/peripheral/src/peripheral_sysrtc.o
                0x080036d0                sl_hal_sysrtc_stop
 .text.sl_hal_sysrtc_enable
                0x080036e4       0x18 ./gecko_sdk_4.4.1/platform/peripheral/src/peripheral_sysrtc.o
                0x080036e4                sl_hal_sysrtc_enable
 .text.sl_hal_sysrtc_disable
                0x080036fc       0x1c ./gecko_sdk_4.4.1/platform/peripheral/src/peripheral_sysrtc.o
                0x080036fc                sl_hal_sysrtc_disable
 .text.sl_hal_sysrtc_init
                0x08003718       0x20 ./gecko_sdk_4.4.1/platform/peripheral/src/peripheral_sysrtc.o
                0x08003718                sl_hal_sysrtc_init
 .text.sl_hal_sysrtc_init_group
                0x08003738       0x48 ./gecko_sdk_4.4.1/platform/peripheral/src/peripheral_sysrtc.o
                0x08003738                sl_hal_sysrtc_init_group
 .text.sl_hal_sysrtc_enable_group_interrupts
                0x08003780       0x1c ./gecko_sdk_4.4.1/platform/peripheral/src/peripheral_sysrtc.o
                0x08003780                sl_hal_sysrtc_enable_group_interrupts
 .text.sl_hal_sysrtc_disable_group_interrupts
                0x0800379c       0x1c ./gecko_sdk_4.4.1/platform/peripheral/src/peripheral_sysrtc.o
                0x0800379c                sl_hal_sysrtc_disable_group_interrupts
 .text.sl_hal_sysrtc_clear_group_interrupts
                0x080037b8       0x1c ./gecko_sdk_4.4.1/platform/peripheral/src/peripheral_sysrtc.o
                0x080037b8                sl_hal_sysrtc_clear_group_interrupts
 .text.sl_hal_sysrtc_get_group_interrupts
                0x080037d4       0x20 ./gecko_sdk_4.4.1/platform/peripheral/src/peripheral_sysrtc.o
                0x080037d4                sl_hal_sysrtc_get_group_interrupts
 .text.sl_hal_sysrtc_get_group_compare_channel_value
                0x080037f4       0x30 ./gecko_sdk_4.4.1/platform/peripheral/src/peripheral_sysrtc.o
                0x080037f4                sl_hal_sysrtc_get_group_compare_channel_value
 .text.sl_hal_sysrtc_set_group_compare_channel_value
                0x08003824       0x28 ./gecko_sdk_4.4.1/platform/peripheral/src/peripheral_sysrtc.o
                0x08003824                sl_hal_sysrtc_set_group_compare_channel_value
 .text.sl_device_init_dcdc
                0x0800384c       0x2c ./gecko_sdk_4.4.1/platform/service/device_init/src/sl_device_init_dcdc_s2.o
                0x0800384c                sl_device_init_dcdc
 .text.sl_device_init_emu
                0x08003878       0x24 ./gecko_sdk_4.4.1/platform/service/device_init/src/sl_device_init_emu_s2.o
                0x08003878                sl_device_init_emu
 .text.sl_device_init_hfxo
                0x0800389c       0x70 ./gecko_sdk_4.4.1/platform/service/device_init/src/sl_device_init_hfxo_s2.o
                0x0800389c                sl_device_init_hfxo
 .text.sl_device_init_lfxo
                0x0800390c       0x2c ./gecko_sdk_4.4.1/platform/service/device_init/src/sl_device_init_lfxo_s2.o
                0x0800390c                sl_device_init_lfxo
 .text.sl_device_init_nvic
                0x08003938       0x3c ./gecko_sdk_4.4.1/platform/service/device_init/src/sl_device_init_nvic.o
                0x08003938                sl_device_init_nvic
 .text.sl_iostream_set_default
                0x08003974       0x18 ./gecko_sdk_4.4.1/platform/service/iostream/src/sl_iostream.o
                0x08003974                sl_iostream_set_default
 .text.sl_iostream_get_default
                0x0800398c       0x18 ./gecko_sdk_4.4.1/platform/service/iostream/src/sl_iostream.o
                0x0800398c                sl_iostream_get_default
 .text.sl_iostream_eusart_init
                0x080039a4      0x228 ./gecko_sdk_4.4.1/platform/service/iostream/src/sl_iostream_eusart.o
                0x080039a4                sl_iostream_eusart_init
 .text._write   0x08003bcc       0x20 ./gecko_sdk_4.4.1/platform/service/iostream/src/sl_iostream_retarget_stdio.o
                0x08003bcc                _write
 .text.sl_iostream_stdlib_disable_buffering
                0x08003bec       0x14 ./gecko_sdk_4.4.1/platform/service/iostream/src/sl_iostream_stdlib_config.o
                0x08003bec                sl_iostream_stdlib_disable_buffering
 .text.get_write_ptr
                0x08003c00       0x40 ./gecko_sdk_4.4.1/platform/service/iostream/src/sl_iostream_uart.o
 .text.dma_irq_handler
                0x08003c40       0x74 ./gecko_sdk_4.4.1/platform/service/iostream/src/sl_iostream_uart.o
 .text.uart_read
                0x08003cb4      0x1f4 ./gecko_sdk_4.4.1/platform/service/iostream/src/sl_iostream_uart.o
 .text.uart_deinit
                0x08003ea8       0x98 ./gecko_sdk_4.4.1/platform/service/iostream/src/sl_iostream_uart.o
 .text.uart_write
                0x08003f40       0xc0 ./gecko_sdk_4.4.1/platform/service/iostream/src/sl_iostream_uart.o
 .text.sli_iostream_uart_context_init
                0x08004000       0xf8 ./gecko_sdk_4.4.1/platform/service/iostream/src/sl_iostream_uart.o
                0x08004000                sli_iostream_uart_context_init
 .text.delta_list_insert_timer
                0x080040f8       0x40 ./gecko_sdk_4.4.1/platform/service/sleeptimer/src/sl_sleeptimer.o
 .text.update_delta_list
                0x08004138       0x34 ./gecko_sdk_4.4.1/platform/service/sleeptimer/src/sl_sleeptimer.o
 .text.set_comparator_for_next_timer
                0x0800416c       0x5c ./gecko_sdk_4.4.1/platform/service/sleeptimer/src/sl_sleeptimer.o
 .text.create_timer
                0x080041c8       0x88 ./gecko_sdk_4.4.1/platform/service/sleeptimer/src/sl_sleeptimer.o
 .text.delta_list_remove_timer
                0x08004250       0x38 ./gecko_sdk_4.4.1/platform/service/sleeptimer/src/sl_sleeptimer.o
 .text.sl_sleeptimer_init
                0x08004288       0x74 ./gecko_sdk_4.4.1/platform/service/sleeptimer/src/sl_sleeptimer.o
                0x08004288                sl_sleeptimer_init
 .text.sl_sleeptimer_is_timer_running
                0x080042fc       0x3c ./gecko_sdk_4.4.1/platform/service/sleeptimer/src/sl_sleeptimer.o
                0x080042fc                sl_sleeptimer_is_timer_running
 .text.sl_sleeptimer_ms_to_tick
                0x08004338       0x24 ./gecko_sdk_4.4.1/platform/service/sleeptimer/src/sl_sleeptimer.o
                0x08004338                sl_sleeptimer_ms_to_tick
 .text.sl_sleeptimer_delay_millisecond
                0x0800435c       0x38 ./gecko_sdk_4.4.1/platform/service/sleeptimer/src/sl_sleeptimer.o
                0x0800435c                sl_sleeptimer_delay_millisecond
 .text.process_timer_irq
                0x08004394      0x150 ./gecko_sdk_4.4.1/platform/service/sleeptimer/src/sl_sleeptimer.o
                0x08004394                process_timer_irq
 .text.sleeptimer_hal_init_timer
                0x080044e4       0x64 ./gecko_sdk_4.4.1/platform/service/sleeptimer/src/sl_sleeptimer_hal_sysrtc.o
                0x080044e4                sleeptimer_hal_init_timer
 .text.sleeptimer_hal_get_counter
                0x08004548       0x10 ./gecko_sdk_4.4.1/platform/service/sleeptimer/src/sl_sleeptimer_hal_sysrtc.o
                0x08004548                sleeptimer_hal_get_counter
 .text.sleeptimer_hal_set_compare
                0x08004558       0x70 ./gecko_sdk_4.4.1/platform/service/sleeptimer/src/sl_sleeptimer_hal_sysrtc.o
                0x08004558                sleeptimer_hal_set_compare
 .text.sleeptimer_hal_disable_int
                0x080045c8       0x2c ./gecko_sdk_4.4.1/platform/service/sleeptimer/src/sl_sleeptimer_hal_sysrtc.o
                0x080045c8                sleeptimer_hal_disable_int
 .text.sleeptimer_hal_set_int
                0x080045f4       0x10 ./gecko_sdk_4.4.1/platform/service/sleeptimer/src/sl_sleeptimer_hal_sysrtc.o
                0x080045f4                sleeptimer_hal_set_int
 .text.sl_udelay_wait
                0x08004604       0x58 ./gecko_sdk_4.4.1/platform/service/udelay/src/sl_udelay.o
                0x08004604                sl_udelay_wait
 .text          0x0800465c       0x30 c:/siliconlabs/simplicitystudio/v5/developer/toolchains/gnu_arm/12.2.rel1_2023.7/bin/../lib/gcc/arm-none-eabi/12.2.1/thumb/v8-m.main+fp/hard\libgcc.a(_aeabi_uldivmod.o)
                0x0800465c                __aeabi_uldivmod
 .text.__udivmoddi4
                0x0800468c      0x2ec c:/siliconlabs/simplicitystudio/v5/developer/toolchains/gnu_arm/12.2.rel1_2023.7/bin/../lib/gcc/arm-none-eabi/12.2.1/thumb/v8-m.main+fp/hard\libgcc.a(_udivmoddi4.o)
                0x0800468c                __udivmoddi4
 .text          0x08004978        0x4 c:/siliconlabs/simplicitystudio/v5/developer/toolchains/gnu_arm/12.2.rel1_2023.7/bin/../lib/gcc/arm-none-eabi/12.2.1/thumb/v8-m.main+fp/hard\libgcc.a(_dvmd_tls.o)
                0x08004978                __aeabi_idiv0
                0x08004978                __aeabi_ldiv0
 .text.exit     0x0800497c       0x24 c:/siliconlabs/simplicitystudio/v5/developer/toolchains/gnu_arm/12.2.rel1_2023.7/bin/../lib/gcc/arm-none-eabi/12.2.1/thumb/v8-m.main+fp/hard\libc_nano.a(libc_a-exit.o)
                0x0800497c                exit
 .text.std      0x080049a0       0x6c c:/siliconlabs/simplicitystudio/v5/developer/toolchains/gnu_arm/12.2.rel1_2023.7/bin/../lib/gcc/arm-none-eabi/12.2.1/thumb/v8-m.main+fp/hard\libc_nano.a(libc_a-findfp.o)
 .text.stdio_exit_handler
                0x08004a0c       0x18 c:/siliconlabs/simplicitystudio/v5/developer/toolchains/gnu_arm/12.2.rel1_2023.7/bin/../lib/gcc/arm-none-eabi/12.2.1/thumb/v8-m.main+fp/hard\libc_nano.a(libc_a-findfp.o)
 .text.cleanup_stdio
                0x08004a24       0x40 c:/siliconlabs/simplicitystudio/v5/developer/toolchains/gnu_arm/12.2.rel1_2023.7/bin/../lib/gcc/arm-none-eabi/12.2.1/thumb/v8-m.main+fp/hard\libc_nano.a(libc_a-findfp.o)
 .text.global_stdio_init.part.0
                0x08004a64       0x3c c:/siliconlabs/simplicitystudio/v5/developer/toolchains/gnu_arm/12.2.rel1_2023.7/bin/../lib/gcc/arm-none-eabi/12.2.1/thumb/v8-m.main+fp/hard\libc_nano.a(libc_a-findfp.o)
 .text.__sfp_lock_acquire
                0x08004aa0        0xc c:/siliconlabs/simplicitystudio/v5/developer/toolchains/gnu_arm/12.2.rel1_2023.7/bin/../lib/gcc/arm-none-eabi/12.2.1/thumb/v8-m.main+fp/hard\libc_nano.a(libc_a-findfp.o)
                0x08004aa0                __sfp_lock_acquire
 .text.__sfp_lock_release
                0x08004aac        0xc c:/siliconlabs/simplicitystudio/v5/developer/toolchains/gnu_arm/12.2.rel1_2023.7/bin/../lib/gcc/arm-none-eabi/12.2.1/thumb/v8-m.main+fp/hard\libc_nano.a(libc_a-findfp.o)
                0x08004aac                __sfp_lock_release
 .text.__sinit  0x08004ab8       0x30 c:/siliconlabs/simplicitystudio/v5/developer/toolchains/gnu_arm/12.2.rel1_2023.7/bin/../lib/gcc/arm-none-eabi/12.2.1/thumb/v8-m.main+fp/hard\libc_nano.a(libc_a-findfp.o)
                0x08004ab8                __sinit
 .text.printf   0x08004ae8       0x24 c:/siliconlabs/simplicitystudio/v5/developer/toolchains/gnu_arm/12.2.rel1_2023.7/bin/../lib/gcc/arm-none-eabi/12.2.1/thumb/v8-m.main+fp/hard\libc_nano.a(libc_a-printf.o)
                0x08004ae8                iprintf
                0x08004ae8                printf
 .text.puts     0x08004b0c       0x10 c:/siliconlabs/simplicitystudio/v5/developer/toolchains/gnu_arm/12.2.rel1_2023.7/bin/../lib/gcc/arm-none-eabi/12.2.1/thumb/v8-m.main+fp/hard\libc_nano.a(libc_a-puts.o)
                0x08004b0c                puts
 .text.setvbuf  0x08004b1c      0x168 c:/siliconlabs/simplicitystudio/v5/developer/toolchains/gnu_arm/12.2.rel1_2023.7/bin/../lib/gcc/arm-none-eabi/12.2.1/thumb/v8-m.main+fp/hard\libc_nano.a(libc_a-setvbuf.o)
                0x08004b1c                setvbuf
 .text.__swsetup_r
                0x08004c84       0xac c:/siliconlabs/simplicitystudio/v5/developer/toolchains/gnu_arm/12.2.rel1_2023.7/bin/../lib/gcc/arm-none-eabi/12.2.1/thumb/v8-m.main+fp/hard\libc_nano.a(libc_a-wsetup.o)
                0x08004c84                __swsetup_r
 .text._close_r
                0x08004d30       0x20 c:/siliconlabs/simplicitystudio/v5/developer/toolchains/gnu_arm/12.2.rel1_2023.7/bin/../lib/gcc/arm-none-eabi/12.2.1/thumb/v8-m.main+fp/hard\libc_nano.a(libc_a-closer.o)
                0x08004d30                _close_r
 .text._lseek_r
                0x08004d50       0x24 c:/siliconlabs/simplicitystudio/v5/developer/toolchains/gnu_arm/12.2.rel1_2023.7/bin/../lib/gcc/arm-none-eabi/12.2.1/thumb/v8-m.main+fp/hard\libc_nano.a(libc_a-lseekr.o)
                0x08004d50                _lseek_r
 .text._read_r  0x08004d74       0x24 c:/siliconlabs/simplicitystudio/v5/developer/toolchains/gnu_arm/12.2.rel1_2023.7/bin/../lib/gcc/arm-none-eabi/12.2.1/thumb/v8-m.main+fp/hard\libc_nano.a(libc_a-readr.o)
                0x08004d74                _read_r
 .text._write_r
                0x08004d98       0x24 c:/siliconlabs/simplicitystudio/v5/developer/toolchains/gnu_arm/12.2.rel1_2023.7/bin/../lib/gcc/arm-none-eabi/12.2.1/thumb/v8-m.main+fp/hard\libc_nano.a(libc_a-writer.o)
                0x08004d98                _write_r
 .text.__libc_init_array
                0x08004dbc       0x48 c:/siliconlabs/simplicitystudio/v5/developer/toolchains/gnu_arm/12.2.rel1_2023.7/bin/../lib/gcc/arm-none-eabi/12.2.1/thumb/v8-m.main+fp/hard\libc_nano.a(libc_a-init.o)
                0x08004dbc                __libc_init_array
 .text._free_r  0x08004e04       0x94 c:/siliconlabs/simplicitystudio/v5/developer/toolchains/gnu_arm/12.2.rel1_2023.7/bin/../lib/gcc/arm-none-eabi/12.2.1/thumb/v8-m.main+fp/hard\libc_nano.a(libc_a-freer.o)
                0x08004e04                _free_r
 .text.malloc   0x08004e98       0x10 c:/siliconlabs/simplicitystudio/v5/developer/toolchains/gnu_arm/12.2.rel1_2023.7/bin/../lib/gcc/arm-none-eabi/12.2.1/thumb/v8-m.main+fp/hard\libc_nano.a(libc_a-malloc.o)
                0x08004e98                malloc
 .text.sbrk_aligned
                0x08004ea8       0x44 c:/siliconlabs/simplicitystudio/v5/developer/toolchains/gnu_arm/12.2.rel1_2023.7/bin/../lib/gcc/arm-none-eabi/12.2.1/thumb/v8-m.main+fp/hard\libc_nano.a(libc_a-mallocr.o)
 .text._malloc_r
                0x08004eec       0xf0 c:/siliconlabs/simplicitystudio/v5/developer/toolchains/gnu_arm/12.2.rel1_2023.7/bin/../lib/gcc/arm-none-eabi/12.2.1/thumb/v8-m.main+fp/hard\libc_nano.a(libc_a-mallocr.o)
                0x08004eec                _malloc_r
 .text.__malloc_lock
                0x08004fdc        0xc c:/siliconlabs/simplicitystudio/v5/developer/toolchains/gnu_arm/12.2.rel1_2023.7/bin/../lib/gcc/arm-none-eabi/12.2.1/thumb/v8-m.main+fp/hard\libc_nano.a(libc_a-mlock.o)
                0x08004fdc                __malloc_lock
 .text.__malloc_unlock
                0x08004fe8        0xc c:/siliconlabs/simplicitystudio/v5/developer/toolchains/gnu_arm/12.2.rel1_2023.7/bin/../lib/gcc/arm-none-eabi/12.2.1/thumb/v8-m.main+fp/hard\libc_nano.a(libc_a-mlock.o)
                0x08004fe8                __malloc_unlock
 .text._vfprintf_r
                0x08004ff4      0x230 c:/siliconlabs/simplicitystudio/v5/developer/toolchains/gnu_arm/12.2.rel1_2023.7/bin/../lib/gcc/arm-none-eabi/12.2.1/thumb/v8-m.main+fp/hard\libc_nano.a(libc_a-nano-vfprintf.o)
                0x08004ff4                _vfprintf_r
                0x08004ff4                _vfiprintf_r
 .text._printf_i
                0x08005224      0x258 c:/siliconlabs/simplicitystudio/v5/developer/toolchains/gnu_arm/12.2.rel1_2023.7/bin/../lib/gcc/arm-none-eabi/12.2.1/thumb/v8-m.main+fp/hard\libc_nano.a(libc_a-nano-vfprintf_i.o)
                0x08005224                _printf_i
 .text._fstat_r
                0x0800547c       0x24 c:/siliconlabs/simplicitystudio/v5/developer/toolchains/gnu_arm/12.2.rel1_2023.7/bin/../lib/gcc/arm-none-eabi/12.2.1/thumb/v8-m.main+fp/hard\libc_nano.a(libc_a-fstatr.o)
                0x0800547c                _fstat_r
 .text._isatty_r
                0x080054a0       0x20 c:/siliconlabs/simplicitystudio/v5/developer/toolchains/gnu_arm/12.2.rel1_2023.7/bin/../lib/gcc/arm-none-eabi/12.2.1/thumb/v8-m.main+fp/hard\libc_nano.a(libc_a-isattyr.o)
                0x080054a0                _isatty_r
 .text._sbrk_r  0x080054c0       0x20 c:/siliconlabs/simplicitystudio/v5/developer/toolchains/gnu_arm/12.2.rel1_2023.7/bin/../lib/gcc/arm-none-eabi/12.2.1/thumb/v8-m.main+fp/hard\libc_nano.a(libc_a-sbrkr.o)
                0x080054c0                _sbrk_r
 .text.app_process_action
                0x080054e0        0x2 ./app.o
                0x080054e0                app_process_action
 .text.startup.main
                0x080054e2       0x14 ./main.o
                0x080054e2                main
 .text.mpl_init
                0x080054f6        0x2 ./mpl.o
                0x080054f6                mpl_init
 .text.decode_rh
                0x080054f8       0x16 ./si.o
                0x080054f8                decode_rh
 .text.sl_board_default_init
                0x0800550e        0x4 ./autogen/sl_board_default_init.o
                0x0800550e                sl_board_default_init
 .text.sl_platform_init
                0x08005512       0x26 ./autogen/sl_event_handler.o
                0x08005512                sl_platform_init
 .text.sl_driver_init
                0x08005538       0x16 ./autogen/sl_event_handler.o
                0x08005538                sl_driver_init
 .text.sl_service_init
                0x0800554e       0x16 ./autogen/sl_event_handler.o
                0x0800554e                sl_service_init
 .text.sl_stack_init
                0x08005564        0x2 ./autogen/sl_event_handler.o
                0x08005564                sl_stack_init
 .text.sl_internal_app_init
                0x08005566        0x2 ./autogen/sl_event_handler.o
                0x08005566                sl_internal_app_init
 .text.sl_platform_process_action
                0x08005568        0x2 ./autogen/sl_event_handler.o
                0x08005568                sl_platform_process_action
 .text.sl_service_process_action
                0x0800556a        0x2 ./autogen/sl_event_handler.o
                0x0800556a                sl_service_process_action
 .text.sl_stack_process_action
                0x0800556c        0x2 ./autogen/sl_event_handler.o
                0x0800556c                sl_stack_process_action
 .text.sl_internal_app_process_action
                0x0800556e        0x2 ./autogen/sl_event_handler.o
                0x0800556e                sl_internal_app_process_action
 .text.sl_iostream_eusart_init_instances
                0x08005570        0x4 ./autogen/sl_iostream_init_eusart_instances.o
                0x08005570                sl_iostream_eusart_init_instances
 .text.EUSART0_TX_IRQHandler
                0x08005574        0x4 ./autogen/sl_iostream_init_eusart_instances.o
                0x08005574                EUSART0_TX_IRQHandler
 .text.sl_board_enable_vcom
                0x08005578       0x12 ./gecko_sdk_4.4.1/hardware/board/src/sl_board_control_gpio.o
                0x08005578                sl_board_enable_vcom
 .text.sl_board_configure_vcom
                0x0800558a        0x4 ./gecko_sdk_4.4.1/hardware/board/src/sl_board_control_gpio.o
                0x0800558a                sl_board_configure_vcom
 .text.sl_board_disable_vcom
                0x0800558e       0x12 ./gecko_sdk_4.4.1/hardware/board/src/sl_board_control_gpio.o
                0x0800558e                sl_board_disable_vcom
 .text.sl_board_init
                0x080055a0       0x1c ./gecko_sdk_4.4.1/hardware/board/src/sl_board_init.o
                0x080055a0                sl_board_init
 .text.sl_board_preinit
                0x080055bc        0x8 ./gecko_sdk_4.4.1/hardware/board/src/sl_board_init.o
                0x080055bc                sl_board_preinit
 .text.sli_cos_swo_itm_8_write.constprop.0.isra.0
                0x080055c4       0x78 ./gecko_sdk_4.4.1/hardware/driver/configuration_over_swo/src/sl_cos.o
 .text.sl_cos_send_config
                0x0800563c       0x12 ./gecko_sdk_4.4.1/hardware/driver/configuration_over_swo/src/sl_cos.o
                0x0800563c                sl_cos_send_config
 .text.sl_cos_config_vcom
                0x0800564e       0x1e ./gecko_sdk_4.4.1/hardware/driver/configuration_over_swo/src/sl_cos.o
                0x0800564e                sl_cos_config_vcom
 .text.Default_Handler
                0x0800566c        0x2 ./gecko_sdk_4.4.1/platform/Device/SiliconLabs/EFR32MG24/Source/startup_efr32mg24.o
                0x0800566c                ULFRCO_IRQHandler
                0x0800566c                AHB2AHB1_IRQHandler
                0x0800566c                SW2_IRQHandler
                0x0800566c                TIMER2_IRQHandler
                0x0800566c                DebugMon_Handler
                0x0800566c                USART0_TX_IRQHandler
                0x0800566c                IADC_IRQHandler
                0x0800566c                I2C0_IRQHandler
                0x0800566c                LFXO_IRQHandler
                0x0800566c                HardFault_Handler
                0x0800566c                SMU_SECURE_IRQHandler
                0x0800566c                SysTick_Handler
                0x0800566c                SYSRTC_SEQ_IRQHandler
                0x0800566c                EMUEFP_IRQHandler
                0x0800566c                PendSV_Handler
                0x0800566c                NMI_Handler
                0x0800566c                SYNTH_IRQHandler
                0x0800566c                HOSTMAILBOX_IRQHandler
                0x0800566c                HFXO0_IRQHandler
                0x0800566c                I2C1_IRQHandler
                0x0800566c                WDOG0_IRQHandler
                0x0800566c                TIMER3_IRQHandler
                0x0800566c                SYSCFG_IRQHandler
                0x0800566c                RFECA1_IRQHandler
                0x0800566c                EMUDG_IRQHandler
                0x0800566c                MSC_IRQHandler
                0x0800566c                DPLL0_IRQHandler
                0x0800566c                UsageFault_Handler
                0x0800566c                WDOG1_IRQHandler
                0x0800566c                M33CTI1_IRQHandler
                0x0800566c                TIMER4_IRQHandler
                0x0800566c                GPIO_EVEN_IRQHandler
                0x0800566c                VDAC0_IRQHandler
                0x0800566c                SEMBTX_IRQHandler
                0x0800566c                SW0_IRQHandler
                0x0800566c                TIMER0_IRQHandler
                0x0800566c                MVP_IRQHandler
                0x0800566c                LETIMER0_IRQHandler
                0x0800566c                EUSART1_RX_IRQHandler
                0x0800566c                TIMER1_IRQHandler
                0x0800566c                HFRCO0_IRQHandler
                0x0800566c                SecureFault_Handler
                0x0800566c                BUFC_IRQHandler
                0x0800566c                DCDC_IRQHandler
                0x0800566c                MODEM_IRQHandler
                0x0800566c                Default_Handler
                0x0800566c                RAC_SEQ_IRQHandler
                0x0800566c                FRC_PRI_IRQHandler
                0x0800566c                EMU_IRQHandler
                0x0800566c                SW3_IRQHandler
                0x0800566c                KERNEL0_IRQHandler
                0x0800566c                FRC_IRQHandler
                0x0800566c                PCNT0_IRQHandler
                0x0800566c                KERNEL1_IRQHandler
                0x0800566c                AGC_IRQHandler
                0x0800566c                EUSART1_TX_IRQHandler
                0x0800566c                KEYSCAN_IRQHandler
                0x0800566c                sl_app_properties
                0x0800566c                HFRCOEM23_IRQHandler
                0x0800566c                BURTC_IRQHandler
                0x0800566c                SEMBRX_IRQHandler
                0x0800566c                RFECA0_IRQHandler
                0x0800566c                LFRCO_IRQHandler
                0x0800566c                VDAC1_IRQHandler
                0x0800566c                ACMP0_IRQHandler
                0x0800566c                USART0_RX_IRQHandler
                0x0800566c                MemManage_Handler
                0x0800566c                AHB2AHB0_IRQHandler
                0x0800566c                SVC_Handler
                0x0800566c                SMU_S_PRIVILEGED_IRQHandler
                0x0800566c                SW1_IRQHandler
                0x0800566c                CMU_IRQHandler
                0x0800566c                RAC_RSM_IRQHandler
                0x0800566c                SETAMPERHOST_IRQHandler
                0x0800566c                GPIO_ODD_IRQHandler
                0x0800566c                AES_IRQHandler
                0x0800566c                M33CTI0_IRQHandler
                0x0800566c                ICACHE0_IRQHandler
                0x0800566c                SMU_NS_PRIVILEGED_IRQHandler
                0x0800566c                FPUEXH_IRQHandler
                0x0800566c                PROTIMER_IRQHandler
                0x0800566c                ACMP1_IRQHandler
                0x0800566c                BusFault_Handler
                0x0800566c                MPAHBRAM_IRQHandler
 .text.FlashToRamCopy
                0x0800566e       0x16 ./gecko_sdk_4.4.1/platform/Device/SiliconLabs/EFR32MG24/Source/system_efr32mg24.o
                0x0800566e                FlashToRamCopy
 .text.SystemCLKIN0Get
                0x08005684        0x4 ./gecko_sdk_4.4.1/platform/Device/SiliconLabs/EFR32MG24/Source/system_efr32mg24.o
                0x08005684                SystemCLKIN0Get
 .text.SystemLFRCOClockGet
                0x08005688        0x6 ./gecko_sdk_4.4.1/platform/Device/SiliconLabs/EFR32MG24/Source/system_efr32mg24.o
                0x08005688                SystemLFRCOClockGet
 .text.SystemULFRCOClockGet
                0x0800568e        0x6 ./gecko_sdk_4.4.1/platform/Device/SiliconLabs/EFR32MG24/Source/system_efr32mg24.o
                0x0800568e                SystemULFRCOClockGet
 .text.assertEFM
                0x08005694        0x2 ./gecko_sdk_4.4.1/platform/common/src/sl_assert.o
                0x08005694                assertEFM
 .text.sl_debug_swo_enable_itm
                0x08005696       0x16 ./gecko_sdk_4.4.1/platform/driver/debug/src/sl_debug_swo.o
                0x08005696                sl_debug_swo_enable_itm
 .text.sl_debug_swo_disable_itm
                0x080056ac       0x18 ./gecko_sdk_4.4.1/platform/driver/debug/src/sl_debug_swo.o
                0x080056ac                sl_debug_swo_disable_itm
 .text.sl_led_init
                0x080056c4        0x6 ./gecko_sdk_4.4.1/platform/driver/leddrv/src/sl_led.o
                0x080056c4                sl_led_init
 .text.sl_simple_led_init
                0x080056ca       0x22 ./gecko_sdk_4.4.1/platform/driver/leddrv/src/sl_simple_led.o
                0x080056ca                sl_simple_led_init
 .text.sl_simple_led_turn_on
                0x080056ec       0x12 ./gecko_sdk_4.4.1/platform/driver/leddrv/src/sl_simple_led.o
                0x080056ec                sl_simple_led_turn_on
 .text.sl_simple_led_turn_off
                0x080056fe       0x12 ./gecko_sdk_4.4.1/platform/driver/leddrv/src/sl_simple_led.o
                0x080056fe                sl_simple_led_turn_off
 .text.DMADRV_PeripheralMemory
                0x08005710       0x34 ./gecko_sdk_4.4.1/platform/emdrv/dmadrv/src/dmadrv.o
                0x08005710                DMADRV_PeripheralMemory
 .text.BUS_RegMaskedWrite
                0x08005744       0x1e ./gecko_sdk_4.4.1/platform/emlib/src/em_cmu.o
 .text.waitStateMax
                0x08005762       0x10 ./gecko_sdk_4.4.1/platform/emlib/src/em_cmu.o
 .text.CMU_UpdateWaitStates
                0x08005772        0xc ./gecko_sdk_4.4.1/platform/emlib/src/em_cmu.o
                0x08005772                CMU_UpdateWaitStates
 .text.pclkDivMax
                0x0800577e        0xa ./gecko_sdk_4.4.1/platform/emlib/src/em_cmu.o
 .text.sli_em_cmu_SYSCLKInitPostClockSelect
                0x08005788       0x2a ./gecko_sdk_4.4.1/platform/emlib/src/em_cmu.o
                0x08005788                sli_em_cmu_SYSCLKInitPostClockSelect
 .text.CORE_EnterCritical
                0x080057b2        0x8 ./gecko_sdk_4.4.1/platform/emlib/src/em_core.o
                0x080057b2                CORE_EnterCritical
 .text.CORE_ExitCritical
                0x080057ba        0x6 ./gecko_sdk_4.4.1/platform/emlib/src/em_core.o
                0x080057ba                CORE_ExitCritical
 .text.CORE_EnterAtomic
                0x080057c0        0xc ./gecko_sdk_4.4.1/platform/emlib/src/em_core.o
                0x080057c0                CORE_EnterAtomic
 .text.CORE_ExitAtomic
                0x080057cc        0x6 ./gecko_sdk_4.4.1/platform/emlib/src/em_core.o
                0x080057cc                CORE_ExitAtomic
 .text.EMU_EFPEM01VScale
                0x080057d2        0x2 ./gecko_sdk_4.4.1/platform/emlib/src/em_emu.o
                0x080057d2                EMU_EFPEM01VScale
 .text.EMU_DCDCUpdatedHook
                0x080057d4        0x2 ./gecko_sdk_4.4.1/platform/emlib/src/em_emu.o
                0x080057d4                EMU_DCDCUpdatedHook
 .text.eusart_sync
                0x080057d6        0x8 ./gecko_sdk_4.4.1/platform/emlib/src/em_eusart.o
 .text.EUSART_Disable
                0x080057de       0x34 ./gecko_sdk_4.4.1/platform/emlib/src/em_eusart.o
 .text.EUSART_Tx
                0x08005812        0xa ./gecko_sdk_4.4.1/platform/emlib/src/em_eusart.o
                0x08005812                EUSART_Tx
 .text.BUS_RegMaskedWrite
                0x0800581c       0x1e ./gecko_sdk_4.4.1/platform/emlib/src/em_gpio.o
 .text.GPIO_DbgLocationSet
                0x0800583a        0x2 ./gecko_sdk_4.4.1/platform/emlib/src/em_gpio.o
                0x0800583a                GPIO_DbgLocationSet
 .text.USART_SpiTransfer
                0x0800583c       0x14 ./gecko_sdk_4.4.1/platform/emlib/src/em_usart.o
                0x0800583c                USART_SpiTransfer
 .text.sl_iostream_write
                0x08005850       0x22 ./gecko_sdk_4.4.1/platform/service/iostream/src/sl_iostream.o
                0x08005850                sl_iostream_write
 .text.sl_iostream_read
                0x08005872       0x30 ./gecko_sdk_4.4.1/platform/service/iostream/src/sl_iostream.o
                0x08005872                sl_iostream_read
 .text.eusart_deinit
                0x080058a2       0x70 ./gecko_sdk_4.4.1/platform/service/iostream/src/sl_iostream_eusart.o
 .text.eusart_set_next_byte_detect
                0x08005912       0x30 ./gecko_sdk_4.4.1/platform/service/iostream/src/sl_iostream_eusart.o
 .text.eusart_tx
                0x08005942        0xc ./gecko_sdk_4.4.1/platform/service/iostream/src/sl_iostream_eusart.o
 .text.sl_iostream_eusart_irq_handler
                0x0800594e       0x72 ./gecko_sdk_4.4.1/platform/service/iostream/src/sl_iostream_eusart.o
                0x0800594e                sl_iostream_eusart_irq_handler
 .text._close   0x080059c0        0x4 ./gecko_sdk_4.4.1/platform/service/iostream/src/sl_iostream_retarget_stdio.o
                0x080059c0                _close
 .text._exit    0x080059c4        0x2 ./gecko_sdk_4.4.1/platform/service/iostream/src/sl_iostream_retarget_stdio.o
                0x080059c4                _exit
 .text._fstat   0x080059c6        0xa ./gecko_sdk_4.4.1/platform/service/iostream/src/sl_iostream_retarget_stdio.o
                0x080059c6                _fstat
 .text._isatty  0x080059d0        0x4 ./gecko_sdk_4.4.1/platform/service/iostream/src/sl_iostream_retarget_stdio.o
                0x080059d0                _isatty
 .text._lseek   0x080059d4        0x4 ./gecko_sdk_4.4.1/platform/service/iostream/src/sl_iostream_retarget_stdio.o
                0x080059d4                _lseek
 .text._read    0x080059d8       0x1c ./gecko_sdk_4.4.1/platform/service/iostream/src/sl_iostream_retarget_stdio.o
                0x080059d8                _read
 .text.set_auto_cr_lf
                0x080059f4        0x6 ./gecko_sdk_4.4.1/platform/service/iostream/src/sl_iostream_uart.o
 .text.get_auto_cr_lf
                0x080059fa        0x6 ./gecko_sdk_4.4.1/platform/service/iostream/src/sl_iostream_uart.o
 .text.delay_callback
                0x08005a00        0x6 ./gecko_sdk_4.4.1/platform/service/sleeptimer/src/sl_sleeptimer.o
 .text.sl_sleeptimer_start_timer
                0x08005a06       0x48 ./gecko_sdk_4.4.1/platform/service/sleeptimer/src/sl_sleeptimer.o
                0x08005a06                sl_sleeptimer_start_timer
 .text.sl_sleeptimer_start_periodic_timer
                0x08005a4e       0x4a ./gecko_sdk_4.4.1/platform/service/sleeptimer/src/sl_sleeptimer.o
                0x08005a4e                sl_sleeptimer_start_periodic_timer
 .text.sleeptimer_hal_get_compare
                0x08005a98        0x8 ./gecko_sdk_4.4.1/platform/service/sleeptimer/src/sl_sleeptimer_hal_sysrtc.o
                0x08005a98                sleeptimer_hal_get_compare
 .text.sleeptimer_hal_enable_int
                0x08005aa0       0x12 ./gecko_sdk_4.4.1/platform/service/sleeptimer/src/sl_sleeptimer_hal_sysrtc.o
                0x08005aa0                sleeptimer_hal_enable_int
 .text.SYSRTC_APP_IRQHandler
                0x08005ab2       0x34 ./gecko_sdk_4.4.1/platform/service/sleeptimer/src/sl_sleeptimer_hal_sysrtc.o
                0x08005ab2                SYSRTC_APP_IRQHandler
 .text.sleeptimer_hal_get_timer_frequency
                0x08005ae6        0x6 ./gecko_sdk_4.4.1/platform/service/sleeptimer/src/sl_sleeptimer_hal_sysrtc.o
                0x08005ae6                sleeptimer_hal_get_timer_frequency
 .text.sl_system_init
                0x08005aec       0x1a ./gecko_sdk_4.4.1/platform/service/system/src/sl_system_init.o
                0x08005aec                sl_system_init
 .text.sl_system_process_action
                0x08005b06       0x16 ./gecko_sdk_4.4.1/platform/service/system/src/sl_system_process_action.o
                0x08005b06                sl_system_process_action
 .text._fwalk_sglue
                0x08005b1c       0x3c c:/siliconlabs/simplicitystudio/v5/developer/toolchains/gnu_arm/12.2.rel1_2023.7/bin/../lib/gcc/arm-none-eabi/12.2.1/thumb/v8-m.main+fp/hard\libc_nano.a(libc_a-fwalk.o)
                0x08005b1c                _fwalk_sglue
 .text._puts_r  0x08005b58       0xaa c:/siliconlabs/simplicitystudio/v5/developer/toolchains/gnu_arm/12.2.rel1_2023.7/bin/../lib/gcc/arm-none-eabi/12.2.1/thumb/v8-m.main+fp/hard\libc_nano.a(libc_a-puts.o)
                0x08005b58                _puts_r
 .text.__sread  0x08005c02       0x22 c:/siliconlabs/simplicitystudio/v5/developer/toolchains/gnu_arm/12.2.rel1_2023.7/bin/../lib/gcc/arm-none-eabi/12.2.1/thumb/v8-m.main+fp/hard\libc_nano.a(libc_a-stdio.o)
                0x08005c02                __sread
 .text.__swrite
                0x08005c24       0x38 c:/siliconlabs/simplicitystudio/v5/developer/toolchains/gnu_arm/12.2.rel1_2023.7/bin/../lib/gcc/arm-none-eabi/12.2.1/thumb/v8-m.main+fp/hard\libc_nano.a(libc_a-stdio.o)
                0x08005c24                __swrite
 .text.__sseek  0x08005c5c       0x24 c:/siliconlabs/simplicitystudio/v5/developer/toolchains/gnu_arm/12.2.rel1_2023.7/bin/../lib/gcc/arm-none-eabi/12.2.1/thumb/v8-m.main+fp/hard\libc_nano.a(libc_a-stdio.o)
                0x08005c5c                __sseek
 .text.__sclose
                0x08005c80        0x8 c:/siliconlabs/simplicitystudio/v5/developer/toolchains/gnu_arm/12.2.rel1_2023.7/bin/../lib/gcc/arm-none-eabi/12.2.1/thumb/v8-m.main+fp/hard\libc_nano.a(libc_a-stdio.o)
                0x08005c80                __sclose
 .text.__swbuf_r
                0x08005c88       0x7c c:/siliconlabs/simplicitystudio/v5/developer/toolchains/gnu_arm/12.2.rel1_2023.7/bin/../lib/gcc/arm-none-eabi/12.2.1/thumb/v8-m.main+fp/hard\libc_nano.a(libc_a-wbuf.o)
                0x08005c88                __swbuf_r
 .text.memset   0x08005d04       0x10 c:/siliconlabs/simplicitystudio/v5/developer/toolchains/gnu_arm/12.2.rel1_2023.7/bin/../lib/gcc/arm-none-eabi/12.2.1/thumb/v8-m.main+fp/hard\libc_nano.a(libc_a-memset.o)
                0x08005d04                memset
 .text.__retarget_lock_init_recursive
                0x08005d14        0x2 c:/siliconlabs/simplicitystudio/v5/developer/toolchains/gnu_arm/12.2.rel1_2023.7/bin/../lib/gcc/arm-none-eabi/12.2.1/thumb/v8-m.main+fp/hard\libc_nano.a(libc_a-lock.o)
                0x08005d14                __retarget_lock_init_recursive
 .text.__retarget_lock_acquire_recursive
                0x08005d16        0x2 c:/siliconlabs/simplicitystudio/v5/developer/toolchains/gnu_arm/12.2.rel1_2023.7/bin/../lib/gcc/arm-none-eabi/12.2.1/thumb/v8-m.main+fp/hard\libc_nano.a(libc_a-lock.o)
                0x08005d16                __retarget_lock_acquire_recursive
 .text.__retarget_lock_release_recursive
                0x08005d18        0x2 c:/siliconlabs/simplicitystudio/v5/developer/toolchains/gnu_arm/12.2.rel1_2023.7/bin/../lib/gcc/arm-none-eabi/12.2.1/thumb/v8-m.main+fp/hard\libc_nano.a(libc_a-lock.o)
                0x08005d18                __retarget_lock_release_recursive
 .text.memcpy   0x08005d1a       0x1a c:/siliconlabs/simplicitystudio/v5/developer/toolchains/gnu_arm/12.2.rel1_2023.7/bin/../lib/gcc/arm-none-eabi/12.2.1/thumb/v8-m.main+fp/hard\libc_nano.a(libc_a-memcpy-stub.o)
                0x08005d1a                memcpy
 .text.__sfputc_r
                0x08005d34       0x2e c:/siliconlabs/simplicitystudio/v5/developer/toolchains/gnu_arm/12.2.rel1_2023.7/bin/../lib/gcc/arm-none-eabi/12.2.1/thumb/v8-m.main+fp/hard\libc_nano.a(libc_a-nano-vfprintf.o)
 .text.__sfputs_r
                0x08005d62       0x24 c:/siliconlabs/simplicitystudio/v5/developer/toolchains/gnu_arm/12.2.rel1_2023.7/bin/../lib/gcc/arm-none-eabi/12.2.1/thumb/v8-m.main+fp/hard\libc_nano.a(libc_a-nano-vfprintf.o)
                0x08005d62                __sfputs_r
 .text._printf_common
                0x08005d86       0xe4 c:/siliconlabs/simplicitystudio/v5/developer/toolchains/gnu_arm/12.2.rel1_2023.7/bin/../lib/gcc/arm-none-eabi/12.2.1/thumb/v8-m.main+fp/hard\libc_nano.a(libc_a-nano-vfprintf_i.o)
                0x08005d86                _printf_common
 .text.__sflush_r
                0x08005e6a      0x106 c:/siliconlabs/simplicitystudio/v5/developer/toolchains/gnu_arm/12.2.rel1_2023.7/bin/../lib/gcc/arm-none-eabi/12.2.1/thumb/v8-m.main+fp/hard\libc_nano.a(libc_a-fflush.o)
                0x08005e6a                __sflush_r
 .text._fflush_r
                0x08005f70       0x50 c:/siliconlabs/simplicitystudio/v5/developer/toolchains/gnu_arm/12.2.rel1_2023.7/bin/../lib/gcc/arm-none-eabi/12.2.1/thumb/v8-m.main+fp/hard\libc_nano.a(libc_a-fflush.o)
                0x08005f70                _fflush_r
 .text.__swhatbuf_r
                0x08005fc0       0x4a c:/siliconlabs/simplicitystudio/v5/developer/toolchains/gnu_arm/12.2.rel1_2023.7/bin/../lib/gcc/arm-none-eabi/12.2.1/thumb/v8-m.main+fp/hard\libc_nano.a(libc_a-makebuf.o)
                0x08005fc0                __swhatbuf_r
 .text.__smakebuf_r
                0x0800600a       0x78 c:/siliconlabs/simplicitystudio/v5/developer/toolchains/gnu_arm/12.2.rel1_2023.7/bin/../lib/gcc/arm-none-eabi/12.2.1/thumb/v8-m.main+fp/hard\libc_nano.a(libc_a-makebuf.o)
                0x0800600a                __smakebuf_r
 .text.memchr   0x08006082       0x1c c:/siliconlabs/simplicitystudio/v5/developer/toolchains/gnu_arm/12.2.rel1_2023.7/bin/../lib/gcc/arm-none-eabi/12.2.1/thumb/v8-m.main+fp/hard\libc_nano.a(libc_a-memchr-stub.o)
                0x08006082                memchr
                0x080060a0                . = ALIGN (0x20)
 *fill*         0x0800609e        0x2 
                0x080060a0                linker_code_end = .
 *(.init)
 .init          0x080060a0        0x4 c:/siliconlabs/simplicitystudio/v5/developer/toolchains/gnu_arm/12.2.rel1_2023.7/bin/../lib/gcc/arm-none-eabi/12.2.1/thumb/v8-m.main+fp/hard/crti.o
                0x080060a0                _init
 .init          0x080060a4        0x8 c:/siliconlabs/simplicitystudio/v5/developer/toolchains/gnu_arm/12.2.rel1_2023.7/bin/../lib/gcc/arm-none-eabi/12.2.1/thumb/v8-m.main+fp/hard/crtn.o
 *(.fini)
 .fini          0x080060ac        0x4 c:/siliconlabs/simplicitystudio/v5/developer/toolchains/gnu_arm/12.2.rel1_2023.7/bin/../lib/gcc/arm-none-eabi/12.2.1/thumb/v8-m.main+fp/hard/crti.o
                0x080060ac                _fini
 .fini          0x080060b0        0x8 c:/siliconlabs/simplicitystudio/v5/developer/toolchains/gnu_arm/12.2.rel1_2023.7/bin/../lib/gcc/arm-none-eabi/12.2.1/thumb/v8-m.main+fp/hard/crtn.o
 *crtbegin.o(.ctors)
 *crtbegin?.o(.ctors)
 *(EXCLUDE_FILE(*crtend.o *crtend?.o) .ctors)
 *(SORT_BY_NAME(.ctors.*))
 *(.ctors)
 *crtbegin.o(.dtors)
 *crtbegin?.o(.dtors)
 *(EXCLUDE_FILE(*crtend.o *crtend?.o) .dtors)
 *(SORT_BY_NAME(.dtors.*))
 *(.dtors)
                0x080060b8                __code_classification_validator_start__ = .
                0x080060d8                . = (. + 0x20)
 *fill*         0x080060b8       0x20 
 *(code_classification_validator)
                0x080060e0                . = ALIGN (0x20)
 *fill*         0x080060d8        0x8 
                0x080060e0                __code_classification_validator_end__ = .
 *(.rodata*)
 .rodata.app_init.str1.1
                0x080060e0      0x104 ./app.o
 .rodata.AS7331_ChangeMode.str1.1
                0x080061e4        0x8 ./as.o
 .rodata.as_dev_id.str1.1
                0x080061ec       0x21 ./as.o
 .rodata.as_init.str1.1
                0x0800620d      0x106 ./as.o
 .rodata.mpl_dev_id.str1.1
                0x08006313       0x13 ./mpl.o
                                 0x2d (size before relaxing)
 .rodata.SI7021_measure.constprop.0.str1.1
                0x08006326        0x8 ./si.o
 .rodata.si_dev_id.str1.1
                0x0800632e        0x7 ./si.o
                                 0x21 (size before relaxing)
 .rodata.sl_iostream_eusart_init_vcom.str1.1
                0x08006335       0x2f ./autogen/sl_iostream_init_eusart_instances.o
 .rodata        0x08006364       0x20 ./autogen/sl_iostream_init_eusart_instances.o
 .rodata.sl_led_led1
                0x08006384       0x18 ./autogen/sl_simple_led_instances.o
                0x08006384                sl_led_led1
 .rodata.sl_led_led0
                0x0800639c       0x18 ./autogen/sl_simple_led_instances.o
                0x0800639c                sl_led_led0
 .rodata.sl_board_enable_sensor.str1.1
                0x080063b4       0x3e ./gecko_sdk_4.4.1/hardware/board/src/sl_board_control_gpio.o
 *fill*         0x080063f2        0x2 
 .rodata        0x080063f4       0x1c ./gecko_sdk_4.4.1/hardware/driver/mx25_flash_shutdown/src/sl_mx25_flash_shutdown_usart/sl_mx25_flash_shutdown.o
 .rodata.I2CSPM_Init.str1.1
                0x08006410       0xa1 ./gecko_sdk_4.4.1/platform/driver/i2cspm/src/sl_i2cspm.o
 *fill*         0x080064b1        0x1 
 .rodata.CSWTCH.10
                0x080064b2        0x8 ./gecko_sdk_4.4.1/platform/driver/i2cspm/src/sl_i2cspm.o
 .rodata.GPIO_PinOutClear.str1.1
                0x080064ba       0x67 ./gecko_sdk_4.4.1/platform/driver/leddrv/src/sl_simple_led.o
 .rodata.CSWTCH.18
                0x080064ba        0x8 ./gecko_sdk_4.4.1/platform/driver/leddrv/src/sl_simple_led.o
 .rodata        0x080064c2        0x4 ./gecko_sdk_4.4.1/platform/emdrv/dmadrv/src/dmadrv.o
 .rodata.HFRCODPLLDevinfoGet.str1.1
                0x080064c6       0x2f ./gecko_sdk_4.4.1/platform/emlib/src/em_cmu.o
 .rodata.EMU_VScaleEM01.str1.1
                0x080064f5       0x2f ./gecko_sdk_4.4.1/platform/emlib/src/em_emu.o
 .rodata.EUSART_Enable.str1.1
                0x08006524       0x32 ./gecko_sdk_4.4.1/platform/emlib/src/em_eusart.o
 .rodata.GPIO_PinOutSet.str1.1
                0x08006556       0x67 ./gecko_sdk_4.4.1/platform/emlib/src/em_gpio.o
 .rodata.GPIO_ExtIntConfig.str1.1
                0x08006556       0x30 ./gecko_sdk_4.4.1/platform/emlib/src/em_gpio.o
 .rodata.CSWTCH.31
                0x08006586        0x8 ./gecko_sdk_4.4.1/platform/emlib/src/em_gpio.o
 .rodata.I2C_BusFreqGet.str1.1
                0x0800658e       0x2f ./gecko_sdk_4.4.1/platform/emlib/src/em_i2c.o
 .rodata.i2cNSum
                0x080065bd        0x4 ./gecko_sdk_4.4.1/platform/emlib/src/em_i2c.o
 .rodata.LDMA_EnableChannelRequest.str1.1
                0x080065c1       0x96 ./gecko_sdk_4.4.1/platform/emlib/src/em_ldma.o
 .rodata.USART_BaudrateAsyncSet.str1.1
                0x08006657       0x31 ./gecko_sdk_4.4.1/platform/emlib/src/em_usart.o
 .rodata.sl_hal_sysrtc_init_group.str1.1
                0x08006688       0x3f ./gecko_sdk_4.4.1/platform/peripheral/src/peripheral_sysrtc.o
 .rodata        0x080066c7        0x7 ./gecko_sdk_4.4.1/platform/service/device_init/src/sl_device_init_dcdc_s2.o
 *fill*         0x080066ce        0x2 
 .rodata        0x080066d0       0x28 ./gecko_sdk_4.4.1/platform/service/device_init/src/sl_device_init_hfxo_s2.o
 .rodata        0x080066f8       0x14 ./gecko_sdk_4.4.1/platform/service/device_init/src/sl_device_init_lfxo_s2.o
 .rodata._write.str1.1
                0x0800670c       0x4e ./gecko_sdk_4.4.1/platform/service/iostream/src/sl_iostream_retarget_stdio.o
 .rodata.get_write_ptr.str1.1
                0x0800675a       0x44 ./gecko_sdk_4.4.1/platform/service/iostream/src/sl_iostream_uart.o
 .rodata.process_timer_irq.str1.1
                0x0800679e       0x43 ./gecko_sdk_4.4.1/platform/service/sleeptimer/src/sl_sleeptimer.o
 .rodata.sl_udelay_wait.str1.1
                0x080067e1       0x3b ./gecko_sdk_4.4.1/platform/service/udelay/src/sl_udelay.o
 .rodata._vfprintf_r.str1.1
                0x0800681c       0x11 c:/siliconlabs/simplicitystudio/v5/developer/toolchains/gnu_arm/12.2.rel1_2023.7/bin/../lib/gcc/arm-none-eabi/12.2.1/thumb/v8-m.main+fp/hard\libc_nano.a(libc_a-nano-vfprintf.o)
 .rodata._printf_i.str1.1
                0x0800682d       0x22 c:/siliconlabs/simplicitystudio/v5/developer/toolchains/gnu_arm/12.2.rel1_2023.7/bin/../lib/gcc/arm-none-eabi/12.2.1/thumb/v8-m.main+fp/hard\libc_nano.a(libc_a-nano-vfprintf_i.o)
 *(.eh_frame*)
 *fill*         0x0800684f        0x1 
 .eh_frame      0x08006850        0x0 c:/siliconlabs/simplicitystudio/v5/developer/toolchains/gnu_arm/12.2.rel1_2023.7/bin/../lib/gcc/arm-none-eabi/12.2.1/thumb/v8-m.main+fp/hard/crtbegin.o

.glue_7         0x08006850        0x0
 .glue_7        0x08006850        0x0 linker stubs

.glue_7t        0x08006850        0x0
 .glue_7t       0x08006850        0x0 linker stubs

.vfp11_veneer   0x08006850        0x0
 .vfp11_veneer  0x08006850        0x0 linker stubs

.v4_bx          0x08006850        0x0
 .v4_bx         0x08006850        0x0 linker stubs

.iplt           0x08006850        0x0
 .iplt          0x08006850        0x0 c:/siliconlabs/simplicitystudio/v5/developer/toolchains/gnu_arm/12.2.rel1_2023.7/bin/../lib/gcc/arm-none-eabi/12.2.1/thumb/v8-m.main+fp/hard/crtbegin.o

.ARM.extab
 *(.ARM.extab* .gnu.linkonce.armextab.*)
                0x08006850                __exidx_start = .

.ARM.exidx      0x08006850        0x8
 *(.ARM.exidx* .gnu.linkonce.armexidx.*)
 .ARM.exidx     0x08006850        0x8 c:/siliconlabs/simplicitystudio/v5/developer/toolchains/gnu_arm/12.2.rel1_2023.7/bin/../lib/gcc/arm-none-eabi/12.2.1/thumb/v8-m.main+fp/hard/crt0.o
                                 0x10 (size before relaxing)
 .ARM.exidx.text.__udivmoddi4
                0x08006858        0x0 c:/siliconlabs/simplicitystudio/v5/developer/toolchains/gnu_arm/12.2.rel1_2023.7/bin/../lib/gcc/arm-none-eabi/12.2.1/thumb/v8-m.main+fp/hard\libgcc.a(_udivmoddi4.o)
                                  0x8 (size before relaxing)
                0x08006858                __exidx_end = .

.rel.dyn        0x08006858        0x0
 .rel.iplt      0x08006858        0x0 c:/siliconlabs/simplicitystudio/v5/developer/toolchains/gnu_arm/12.2.rel1_2023.7/bin/../lib/gcc/arm-none-eabi/12.2.1/thumb/v8-m.main+fp/hard/crtbegin.o

.copy.table     0x08006858        0xc
                0x08006858                . = ALIGN (0x4)
                0x08006858                __copy_table_start__ = .
                0x08006858        0x4 LONG 0x8006864 __etext
                0x0800685c        0x4 LONG 0x20001000 __data_start__
                0x08006860        0x4 LONG 0x27 ((__data_end__ - __data_start__) / 0x4)
                0x08006864                __copy_table_end__ = .

.zero.table     0x08006864        0x0
                0x08006864                . = ALIGN (0x4)
                0x08006864                __zero_table_start__ = .
                0x08006864                __zero_table_end__ = .
                0x08006864                __etext = .
                0x20000000                . = ORIGIN (RAM)

.stack          0x20000000     0x1000
                0x20000000                __StackLimit = .
 *(.stack*)
 .stack         0x20000000     0x1000 ./gecko_sdk_4.4.1/platform/common/toolchain/src/sl_memory.o
                0x20001000                . = ALIGN (0x4)
                0x20001000                __StackTop = .
                0x20001000                PROVIDE (__stack = __StackTop)

.noinit
 *(.noinit*)

.data           0x20001000       0x9c load address 0x08006864
                0x20001000                . = ALIGN (0x4)
                0x20001000                __data_start__ = .
 *(vtable)
 *(SORT_BY_ALIGNMENT(.data*))
 .data.init_sensor
                0x20001000       0x14 ./autogen/sl_i2cspm_init.o
                0x20001000                init_sensor
 .data.sl_i2cspm_sensor
                0x20001014        0x4 ./autogen/sl_i2cspm_init.o
                0x20001014                sl_i2cspm_sensor
 .data.SystemCoreClock
                0x20001018        0x4 ./gecko_sdk_4.4.1/platform/Device/SiliconLabs/EFR32MG24/Source/system_efr32mg24.o
                0x20001018                SystemCoreClock
 .data.SystemHFRCODPLLClock
                0x2000101c        0x4 ./gecko_sdk_4.4.1/platform/Device/SiliconLabs/EFR32MG24/Source/system_efr32mg24.o
 .data.SystemLFXOClock
                0x20001020        0x4 ./gecko_sdk_4.4.1/platform/Device/SiliconLabs/EFR32MG24/Source/system_efr32mg24.o
 .data.SystemHFXOClock
                0x20001024        0x4 ./gecko_sdk_4.4.1/platform/Device/SiliconLabs/EFR32MG24/Source/system_efr32mg24.o
 .data.heap_end.0
                0x20001028        0x4 ./gecko_sdk_4.4.1/platform/common/toolchain/src/sl_memory.o
 .data.__sglue  0x2000102c        0xc c:/siliconlabs/simplicitystudio/v5/developer/toolchains/gnu_arm/12.2.rel1_2023.7/bin/../lib/gcc/arm-none-eabi/12.2.1/thumb/v8-m.main+fp/hard\libc_nano.a(libc_a-findfp.o)
                0x2000102c                __sglue
 .data._impure_ptr
                0x20001038        0x4 c:/siliconlabs/simplicitystudio/v5/developer/toolchains/gnu_arm/12.2.rel1_2023.7/bin/../lib/gcc/arm-none-eabi/12.2.1/thumb/v8-m.main+fp/hard\libc_nano.a(libc_a-impure.o)
                0x20001038                _impure_ptr
 .data._impure_data
                0x2000103c       0x4c c:/siliconlabs/simplicitystudio/v5/developer/toolchains/gnu_arm/12.2.rel1_2023.7/bin/../lib/gcc/arm-none-eabi/12.2.1/thumb/v8-m.main+fp/hard\libc_nano.a(libc_a-impure.o)
                0x2000103c                _impure_data
 .data.hfxo_precision
                0x20001088        0x2 ./gecko_sdk_4.4.1/platform/emlib/src/em_cmu.o
 .data.lfxo_precision
                0x2000108a        0x2 ./gecko_sdk_4.4.1/platform/emlib/src/em_cmu.o
 .data.simple_led1_context
                0x2000108c        0x3 ./autogen/sl_simple_led_instances.o
                0x2000108c                simple_led1_context
 .data.simple_led0_context
                0x2000108f        0x3 ./autogen/sl_simple_led_instances.o
                0x2000108f                simple_led0_context
 .data.ctuneDelta
                0x20001092        0x1 ./gecko_sdk_4.4.1/platform/emlib/src/em_cmu.o
 .data.cc_disabled
                0x20001093        0x1 ./gecko_sdk_4.4.1/platform/service/sleeptimer/src/sl_sleeptimer_hal_sysrtc.o
                0x20001094                . = ALIGN (0x4)
                [!provide]                PROVIDE (__ram_func_section_start = .)
 *(.ram)
                [!provide]                PROVIDE (__ram_func_section_end = .)
                0x20001094                . = ALIGN (0x4)
                0x20001094                PROVIDE (__preinit_array_start = .)
 *(.preinit_array)
                0x20001094                PROVIDE (__preinit_array_end = .)
                0x20001094                . = ALIGN (0x4)
                0x20001094                PROVIDE (__init_array_start = .)
 *(SORT_BY_NAME(.init_array.*))
 *(.init_array)
 .init_array    0x20001094        0x4 c:/siliconlabs/simplicitystudio/v5/developer/toolchains/gnu_arm/12.2.rel1_2023.7/bin/../lib/gcc/arm-none-eabi/12.2.1/thumb/v8-m.main+fp/hard/crtbegin.o
                0x20001098                PROVIDE (__init_array_end = .)
                0x20001098                . = ALIGN (0x4)
                [!provide]                PROVIDE (__fini_array_start = .)
 *(SORT_BY_NAME(.fini_array.*))
 *(.fini_array)
 .fini_array    0x20001098        0x4 c:/siliconlabs/simplicitystudio/v5/developer/toolchains/gnu_arm/12.2.rel1_2023.7/bin/../lib/gcc/arm-none-eabi/12.2.1/thumb/v8-m.main+fp/hard/crtbegin.o
                [!provide]                PROVIDE (__fini_array_end = .)
                0x2000109c                . = ALIGN (0x4)
                0x2000109c                __data_end__ = .

.tm_clone_table
                0x2000109c        0x0 load address 0x08006900
 .tm_clone_table
                0x2000109c        0x0 c:/siliconlabs/simplicitystudio/v5/developer/toolchains/gnu_arm/12.2.rel1_2023.7/bin/../lib/gcc/arm-none-eabi/12.2.1/thumb/v8-m.main+fp/hard/crtbegin.o
 .tm_clone_table
                0x2000109c        0x0 c:/siliconlabs/simplicitystudio/v5/developer/toolchains/gnu_arm/12.2.rel1_2023.7/bin/../lib/gcc/arm-none-eabi/12.2.1/thumb/v8-m.main+fp/hard/crtend.o

.igot.plt       0x2000109c        0x0 load address 0x08006900
 .igot.plt      0x2000109c        0x0 c:/siliconlabs/simplicitystudio/v5/developer/toolchains/gnu_arm/12.2.rel1_2023.7/bin/../lib/gcc/arm-none-eabi/12.2.1/thumb/v8-m.main+fp/hard/crtbegin.o

.bss            0x2000109c      0x3e8 load address 0x08006900
                0x2000109c                . = ALIGN (0x4)
                0x2000109c                __bss_start__ = .
 *(SORT_BY_ALIGNMENT(.bss*))
 .bss.object.0  0x2000109c       0x18 c:/siliconlabs/simplicitystudio/v5/developer/toolchains/gnu_arm/12.2.rel1_2023.7/bin/../lib/gcc/arm-none-eabi/12.2.1/thumb/v8-m.main+fp/hard/crtbegin.o
 .bss.delay_timer
                0x200010b4       0x20 ./si.o
 .bss.low_limit
                0x200010d4        0x4 ./si.o
 .bss.high_limit
                0x200010d8        0x4 ./si.o
 .bss.start_temperature
                0x200010dc        0x4 ./si.o
 .bss.relative_humidity
                0x200010e0        0x4 ./si.o
 .bss.context_vcom
                0x200010e4       0x64 ./autogen/sl_iostream_init_eusart_instances.o
 .bss.sl_iostream_vcom
                0x20001148       0x18 ./autogen/sl_iostream_init_eusart_instances.o
 .bss.dmaXfer   0x20001160      0x100 ./gecko_sdk_4.4.1/platform/emdrv/dmadrv/src/dmadrv.o
 .bss.chTable   0x20001260       0x80 ./gecko_sdk_4.4.1/platform/emdrv/dmadrv/src/dmadrv.o
 .bss.i2cTransfer
                0x200012e0       0x18 ./gecko_sdk_4.4.1/platform/emlib/src/em_i2c.o
 .bss.sli_iostream_default
                0x200012f8        0x4 ./gecko_sdk_4.4.1/platform/service/iostream/src/sl_iostream.o
 .bss.max_millisecond_conversion
                0x200012fc        0x4 ./gecko_sdk_4.4.1/platform/service/sleeptimer/src/sl_sleeptimer.o
 .bss.last_delta_update_count
                0x20001300        0x4 ./gecko_sdk_4.4.1/platform/service/sleeptimer/src/sl_sleeptimer.o
 .bss.timer_head
                0x20001304        0x4 ./gecko_sdk_4.4.1/platform/service/sleeptimer/src/sl_sleeptimer.o
 .bss.timer_frequency
                0x20001308        0x4 ./gecko_sdk_4.4.1/platform/service/sleeptimer/src/sl_sleeptimer.o
 .bss.__sf      0x2000130c      0x138 c:/siliconlabs/simplicitystudio/v5/developer/toolchains/gnu_arm/12.2.rel1_2023.7/bin/../lib/gcc/arm-none-eabi/12.2.1/thumb/v8-m.main+fp/hard\libc_nano.a(libc_a-findfp.o)
                0x2000130c                __sf
 .bss.__stdio_exit_handler
                0x20001444        0x4 c:/siliconlabs/simplicitystudio/v5/developer/toolchains/gnu_arm/12.2.rel1_2023.7/bin/../lib/gcc/arm-none-eabi/12.2.1/thumb/v8-m.main+fp/hard\libc_nano.a(libc_a-findfp.o)
                0x20001444                __stdio_exit_handler
 .bss.errno     0x20001448        0x4 c:/siliconlabs/simplicitystudio/v5/developer/toolchains/gnu_arm/12.2.rel1_2023.7/bin/../lib/gcc/arm-none-eabi/12.2.1/thumb/v8-m.main+fp/hard\libc_nano.a(libc_a-reent.o)
                0x20001448                errno
 .bss.__malloc_sbrk_start
                0x2000144c        0x4 c:/siliconlabs/simplicitystudio/v5/developer/toolchains/gnu_arm/12.2.rel1_2023.7/bin/../lib/gcc/arm-none-eabi/12.2.1/thumb/v8-m.main+fp/hard\libc_nano.a(libc_a-mallocr.o)
                0x2000144c                __malloc_sbrk_start
 .bss.__malloc_free_list
                0x20001450        0x4 c:/siliconlabs/simplicitystudio/v5/developer/toolchains/gnu_arm/12.2.rel1_2023.7/bin/../lib/gcc/arm-none-eabi/12.2.1/thumb/v8-m.main+fp/hard\libc_nano.a(libc_a-mallocr.o)
                0x20001450                __malloc_free_list
 .bss.overflow_counter
                0x20001454        0x2 ./gecko_sdk_4.4.1/platform/service/sleeptimer/src/sl_sleeptimer.o
 .bss.completed.1
                0x20001456        0x1 c:/siliconlabs/simplicitystudio/v5/developer/toolchains/gnu_arm/12.2.rel1_2023.7/bin/../lib/gcc/arm-none-eabi/12.2.1/thumb/v8-m.main+fp/hard/crtbegin.o
 .bss.read_sensor_data
                0x20001457        0x1 ./si.o
 .bss.rx_buffer_vcom
                0x20001458       0x20 ./autogen/sl_iostream_init_eusart_instances.o
 .bss.initialized
                0x20001478        0x1 ./gecko_sdk_4.4.1/platform/emdrv/dmadrv/src/dmadrv.o
 .bss.vScaleEM01Config
                0x20001479        0x1 ./gecko_sdk_4.4.1/platform/emlib/src/em_emu.o
 .bss.dali_rx_nb_packets
                0x2000147a        0x2 ./gecko_sdk_4.4.1/platform/emlib/src/em_eusart.o
 .bss.dali_tx_nb_packets
                0x2000147c        0x2 ./gecko_sdk_4.4.1/platform/emlib/src/em_eusart.o
 .bss.sleep_on_isr_exit
                0x2000147e        0x1 ./gecko_sdk_4.4.1/platform/service/sleeptimer/src/sl_sleeptimer.o
 .bss.next_timer_to_expire_is_power_manager
                0x2000147f        0x1 ./gecko_sdk_4.4.1/platform/service/sleeptimer/src/sl_sleeptimer.o
 .bss.is_sleeptimer_initialized
                0x20001480        0x1 ./gecko_sdk_4.4.1/platform/service/sleeptimer/src/sl_sleeptimer.o
 .bss.__lock___malloc_recursive_mutex
                0x20001481        0x1 c:/siliconlabs/simplicitystudio/v5/developer/toolchains/gnu_arm/12.2.rel1_2023.7/bin/../lib/gcc/arm-none-eabi/12.2.1/thumb/v8-m.main+fp/hard\libc_nano.a(libc_a-lock.o)
                0x20001481                __lock___malloc_recursive_mutex
 .bss.__lock___sfp_recursive_mutex
                0x20001482        0x1 c:/siliconlabs/simplicitystudio/v5/developer/toolchains/gnu_arm/12.2.rel1_2023.7/bin/../lib/gcc/arm-none-eabi/12.2.1/thumb/v8-m.main+fp/hard\libc_nano.a(libc_a-lock.o)
                0x20001482                __lock___sfp_recursive_mutex
 *(COMMON)
                0x20001484                . = ALIGN (0x4)
 *fill*         0x20001483        0x1 
                0x20001484                __bss_end__ = .
                0x20001484                __ramfuncs_start__ = .
                0x20001484                __vma_ramfuncs_start__ = .
                0x08006900                __lma_ramfuncs_start__ = (__etext + SIZEOF (.data))
                0x00000000                __text_application_ram_offset__ = (. - __vma_ramfuncs_start__)

text_application_ram
                0x20001484        0x0 load address 0x08006900
                0x20001484                . = ALIGN (0x4)
                0x20001484                __text_application_ram_start__ = .
 *(text_application_ram)
                0x20001484                . = ALIGN (0x4)
                0x20001484                __text_application_ram_end__ = .
                0x20001484                . = ALIGN (0x4)
                0x20001484                __vma_ramfuncs_end__ = .
                0x08006900                __lma_ramfuncs_end__ = ((__lma_ramfuncs_start__ + __text_application_ram_offset__) + SIZEOF (text_application_ram))
                0x20001484                __ramfuncs_end__ = .

.heap           0x20001488      0x800
                0x20001488                __HeapBase = .
                0x20001488                __end__ = .
                0x20001488                end = __end__
                0x20001488                _end = __end__
 *(.heap*)
 .heap          0x20001488      0x800 ./gecko_sdk_4.4.1/platform/common/toolchain/src/sl_memory.o
                0x20040000                __HeapLimit = (ORIGIN (RAM) + LENGTH (RAM))
                0x0003eb78                __heap_size = (__HeapLimit - __HeapBase)
                0x20040000                __ram_end__ = 0x20040000
                0x0817e000                __main_flash_end__ = 0x817e000

.internal_storage
 *(.internal_storage*)

.nvm
 *(.simee*)
                0x0817e000                linker_nvm_end = __main_flash_end__
                0x0817e000                linker_nvm_begin = (linker_nvm_end - SIZEOF (.nvm))
                0x00000000                linker_nvm_size = SIZEOF (.nvm)
                0x0817e000                linker_storage_end = linker_nvm_begin
                0x0817e000                __nvm3Base = linker_nvm_begin
                0x0817e000                linker_storage_begin = (linker_storage_end - SIZEOF (.internal_storage))
                0x00000000                linker_storage_size = SIZEOF (.internal_storage)
                0x00000001                ASSERT ((linker_storage_begin >= (__etext + SIZEOF (.data))), FLASH memory overflowed !)
                0x0817e000                app_flash_end = 0x817e000
                0x00000001                ASSERT (((linker_nvm_begin + SIZEOF (.nvm)) <= app_flash_end), NVM3 is excessing the flash size !)
OUTPUT(LPHR_Software.axf elf32-littlearm)
LOAD linker stubs

.ARM.attributes
                0x00000000       0x36
 .ARM.attributes
                0x00000000       0x26 c:/siliconlabs/simplicitystudio/v5/developer/toolchains/gnu_arm/12.2.rel1_2023.7/bin/../lib/gcc/arm-none-eabi/12.2.1/thumb/v8-m.main+fp/hard/crti.o
 .ARM.attributes
                0x00000026       0x38 c:/siliconlabs/simplicitystudio/v5/developer/toolchains/gnu_arm/12.2.rel1_2023.7/bin/../lib/gcc/arm-none-eabi/12.2.1/thumb/v8-m.main+fp/hard/crtbegin.o
 .ARM.attributes
                0x0000005e       0x24 c:/siliconlabs/simplicitystudio/v5/developer/toolchains/gnu_arm/12.2.rel1_2023.7/bin/../lib/gcc/arm-none-eabi/12.2.1/thumb/v8-m.main+fp/hard/crt0.o
 .ARM.attributes
                0x00000082       0x3a ./app.o
 .ARM.attributes
                0x000000bc       0x3a ./as.o
 .ARM.attributes
                0x000000f6       0x3a ./main.o
 .ARM.attributes
                0x00000130       0x3a ./mpl.o
 .ARM.attributes
                0x0000016a       0x3a ./si.o
 .ARM.attributes
                0x000001a4       0x3a ./autogen/sl_board_default_init.o
 .ARM.attributes
                0x000001de       0x3a ./autogen/sl_device_init_clocks.o
 .ARM.attributes
                0x00000218       0x3a ./autogen/sl_event_handler.o
 .ARM.attributes
                0x00000252       0x3a ./autogen/sl_i2cspm_init.o
 .ARM.attributes
                0x0000028c       0x3a ./autogen/sl_iostream_init_eusart_instances.o
 .ARM.attributes
                0x000002c6       0x3a ./autogen/sl_simple_led_instances.o
 .ARM.attributes
                0x00000300       0x3a ./gecko_sdk_4.4.1/hardware/board/src/sl_board_control_gpio.o
 .ARM.attributes
                0x0000033a       0x3a ./gecko_sdk_4.4.1/hardware/board/src/sl_board_init.o
 .ARM.attributes
                0x00000374       0x3a ./gecko_sdk_4.4.1/hardware/driver/configuration_over_swo/src/sl_cos.o
 .ARM.attributes
                0x000003ae       0x3a ./gecko_sdk_4.4.1/hardware/driver/mx25_flash_shutdown/src/sl_mx25_flash_shutdown_usart/sl_mx25_flash_shutdown.o
 .ARM.attributes
                0x000003e8       0x3a ./gecko_sdk_4.4.1/platform/Device/SiliconLabs/EFR32MG24/Source/startup_efr32mg24.o
 .ARM.attributes
                0x00000422       0x3a ./gecko_sdk_4.4.1/platform/Device/SiliconLabs/EFR32MG24/Source/system_efr32mg24.o
 .ARM.attributes
                0x0000045c       0x3a ./gecko_sdk_4.4.1/platform/common/src/sl_assert.o
 .ARM.attributes
                0x00000496       0x3a ./gecko_sdk_4.4.1/platform/common/toolchain/src/sl_memory.o
 .ARM.attributes
                0x000004d0       0x3a ./gecko_sdk_4.4.1/platform/driver/debug/src/sl_debug_swo.o
 .ARM.attributes
                0x0000050a       0x3a ./gecko_sdk_4.4.1/platform/driver/i2cspm/src/sl_i2cspm.o
 .ARM.attributes
                0x00000544       0x3a ./gecko_sdk_4.4.1/platform/driver/leddrv/src/sl_led.o
 .ARM.attributes
                0x0000057e       0x3a ./gecko_sdk_4.4.1/platform/driver/leddrv/src/sl_simple_led.o
 .ARM.attributes
                0x000005b8       0x3a ./gecko_sdk_4.4.1/platform/emdrv/dmadrv/src/dmadrv.o
 .ARM.attributes
                0x000005f2       0x3a ./gecko_sdk_4.4.1/platform/emlib/src/em_cmu.o
 .ARM.attributes
                0x0000062c       0x3a ./gecko_sdk_4.4.1/platform/emlib/src/em_core.o
 .ARM.attributes
                0x00000666       0x3a ./gecko_sdk_4.4.1/platform/emlib/src/em_emu.o
 .ARM.attributes
                0x000006a0       0x3a ./gecko_sdk_4.4.1/platform/emlib/src/em_eusart.o
 .ARM.attributes
                0x000006da       0x3a ./gecko_sdk_4.4.1/platform/emlib/src/em_gpio.o
 .ARM.attributes
                0x00000714       0x3a ./gecko_sdk_4.4.1/platform/emlib/src/em_i2c.o
 .ARM.attributes
                0x0000074e       0x3a ./gecko_sdk_4.4.1/platform/emlib/src/em_ldma.o
 .ARM.attributes
                0x00000788       0x3a ./gecko_sdk_4.4.1/platform/emlib/src/em_usart.o
 .ARM.attributes
                0x000007c2       0x3a ./gecko_sdk_4.4.1/platform/peripheral/src/peripheral_sysrtc.o
 .ARM.attributes
                0x000007fc       0x3a ./gecko_sdk_4.4.1/platform/service/device_init/src/sl_device_init_dcdc_s2.o
 .ARM.attributes
                0x00000836       0x3a ./gecko_sdk_4.4.1/platform/service/device_init/src/sl_device_init_emu_s2.o
 .ARM.attributes
                0x00000870       0x3a ./gecko_sdk_4.4.1/platform/service/device_init/src/sl_device_init_hfxo_s2.o
 .ARM.attributes
                0x000008aa       0x3a ./gecko_sdk_4.4.1/platform/service/device_init/src/sl_device_init_lfxo_s2.o
 .ARM.attributes
                0x000008e4       0x3a ./gecko_sdk_4.4.1/platform/service/device_init/src/sl_device_init_nvic.o
 .ARM.attributes
                0x0000091e       0x3a ./gecko_sdk_4.4.1/platform/service/iostream/src/sl_iostream.o
 .ARM.attributes
                0x00000958       0x3a ./gecko_sdk_4.4.1/platform/service/iostream/src/sl_iostream_eusart.o
 .ARM.attributes
                0x00000992       0x3a ./gecko_sdk_4.4.1/platform/service/iostream/src/sl_iostream_retarget_stdio.o
 .ARM.attributes
                0x000009cc       0x3a ./gecko_sdk_4.4.1/platform/service/iostream/src/sl_iostream_stdlib_config.o
 .ARM.attributes
                0x00000a06       0x3a ./gecko_sdk_4.4.1/platform/service/iostream/src/sl_iostream_uart.o
 .ARM.attributes
                0x00000a40       0x3a ./gecko_sdk_4.4.1/platform/service/sleeptimer/src/sl_sleeptimer.o
 .ARM.attributes
                0x00000a7a       0x3a ./gecko_sdk_4.4.1/platform/service/sleeptimer/src/sl_sleeptimer_hal_sysrtc.o
 .ARM.attributes
                0x00000ab4       0x3a ./gecko_sdk_4.4.1/platform/service/system/src/sl_system_init.o
 .ARM.attributes
                0x00000aee       0x3a ./gecko_sdk_4.4.1/platform/service/system/src/sl_system_process_action.o
 .ARM.attributes
                0x00000b28       0x3a ./gecko_sdk_4.4.1/platform/service/udelay/src/sl_udelay.o
 .ARM.attributes