Archive member included to satisfy reference by file (symbol)

c:/siliconlabs/simplicitystudio/v5/developer/toolchains/gnu_arm/12.2.rel1_2023.7/bin/../lib/gcc/arm-none-eabi/12.2.1/thumb/v8-m.main+fp/hard\libgcc.a(_arm_muldf3.o)
                              ./as.o (__aeabi_dmul)
c:/siliconlabs/simplicitystudio/v5/developer/toolchains/gnu_arm/12.2.rel1_2023.7/bin/../lib/gcc/arm-none-eabi/12.2.1/thumb/v8-m.main+fp/hard\libgcc.a(_arm_addsubdf3.o)
                              ./as.o (__aeabi_dsub)
c:/siliconlabs/simplicitystudio/v5/developer/toolchains/gnu_arm/12.2.rel1_2023.7/bin/../lib/gcc/arm-none-eabi/12.2.1/thumb/v8-m.main+fp/hard\libgcc.a(_arm_truncdfsf2.o)
                              ./as.o (__aeabi_d2f)
c:/siliconlabs/simplicitystudio/v5/developer/toolchains/gnu_arm/12.2.rel1_2023.7/bin/../lib/gcc/arm-none-eabi/12.2.1/thumb/v8-m.main+fp/hard\libgcc.a(_aeabi_ldivmod.o)
                              ./gecko_sdk_4.4.1/platform/emlib/src/em_eusart.o (__aeabi_ldivmod)
c:/siliconlabs/simplicitystudio/v5/developer/toolchains/gnu_arm/12.2.rel1_2023.7/bin/../lib/gcc/arm-none-eabi/12.2.1/thumb/v8-m.main+fp/hard\libgcc.a(_aeabi_uldivmod.o)
                              ./gecko_sdk_4.4.1/platform/emlib/src/em_eusart.o (__aeabi_uldivmod)
c:/siliconlabs/simplicitystudio/v5/developer/toolchains/gnu_arm/12.2.rel1_2023.7/bin/../lib/gcc/arm-none-eabi/12.2.1/thumb/v8-m.main+fp/hard\libgcc.a(_udivmoddi4.o)
                              c:/siliconlabs/simplicitystudio/v5/developer/toolchains/gnu_arm/12.2.rel1_2023.7/bin/../lib/gcc/arm-none-eabi/12.2.1/thumb/v8-m.main+fp/hard\libgcc.a(_aeabi_ldivmod.o) (__udivmoddi4)
c:/siliconlabs/simplicitystudio/v5/developer/toolchains/gnu_arm/12.2.rel1_2023.7/bin/../lib/gcc/arm-none-eabi/12.2.1/thumb/v8-m.main+fp/hard\libgcc.a(_dvmd_tls.o)
                              c:/siliconlabs/simplicitystudio/v5/developer/toolchains/gnu_arm/12.2.rel1_2023.7/bin/../lib/gcc/arm-none-eabi/12.2.1/thumb/v8-m.main+fp/hard\libgcc.a(_aeabi_ldivmod.o) (__aeabi_ldiv0)
c:/siliconlabs/simplicitystudio/v5/developer/toolchains/gnu_arm/12.2.rel1_2023.7/bin/../lib/gcc/arm-none-eabi/12.2.1/thumb/v8-m.main+fp/hard\libc_nano.a(libc_a-exit.o)
                              c:/siliconlabs/simplicitystudio/v5/developer/toolchains/gnu_arm/12.2.rel1_2023.7/bin/../lib/gcc/arm-none-eabi/12.2.1/thumb/v8-m.main+fp/hard/crt0.o (exit)
c:/siliconlabs/simplicitystudio/v5/developer/toolchains/gnu_arm/12.2.rel1_2023.7/bin/../lib/gcc/arm-none-eabi/12.2.1/thumb/v8-m.main+fp/hard\libc_nano.a(libc_a-ctype_.o)
                              ./gecko_sdk_4.4.1/platform/common/src/sl_string.o (_ctype_)
c:/siliconlabs/simplicitystudio/v5/developer/toolchains/gnu_arm/12.2.rel1_2023.7/bin/../lib/gcc/arm-none-eabi/12.2.1/thumb/v8-m.main+fp/hard\libc_nano.a(libc_a-nano-vfprintf_float.o)
                              (_printf_float)
c:/siliconlabs/simplicitystudio/v5/developer/toolchains/gnu_arm/12.2.rel1_2023.7/bin/../lib/gcc/arm-none-eabi/12.2.1/thumb/v8-m.main+fp/hard\libc_nano.a(libc_a-nano-vfprintf_i.o)
                              c:/siliconlabs/simplicitystudio/v5/developer/toolchains/gnu_arm/12.2.rel1_2023.7/bin/../lib/gcc/arm-none-eabi/12.2.1/thumb/v8-m.main+fp/hard\libc_nano.a(libc_a-nano-vfprintf_float.o) (_printf_common)
c:/siliconlabs/simplicitystudio/v5/developer/toolchains/gnu_arm/12.2.rel1_2023.7/bin/../lib/gcc/arm-none-eabi/12.2.1/thumb/v8-m.main+fp/hard\libc_nano.a(libc_a-findfp.o)
                              c:/siliconlabs/simplicitystudio/v5/developer/toolchains/gnu_arm/12.2.rel1_2023.7/bin/../lib/gcc/arm-none-eabi/12.2.1/thumb/v8-m.main+fp/hard\libc_nano.a(libc_a-exit.o) (__stdio_exit_handler)
c:/siliconlabs/simplicitystudio/v5/developer/toolchains/gnu_arm/12.2.rel1_2023.7/bin/../lib/gcc/arm-none-eabi/12.2.1/thumb/v8-m.main+fp/hard\libc_nano.a(libc_a-fwalk.o)
                              c:/siliconlabs/simplicitystudio/v5/developer/toolchains/gnu_arm/12.2.rel1_2023.7/bin/../lib/gcc/arm-none-eabi/12.2.1/thumb/v8-m.main+fp/hard\libc_nano.a(libc_a-findfp.o) (_fwalk_sglue)
c:/siliconlabs/simplicitystudio/v5/developer/toolchains/gnu_arm/12.2.rel1_2023.7/bin/../lib/gcc/arm-none-eabi/12.2.1/thumb/v8-m.main+fp/hard\libc_nano.a(libc_a-printf.o)
                              ./app.o (printf)
c:/siliconlabs/simplicitystudio/v5/developer/toolchains/gnu_arm/12.2.rel1_2023.7/bin/../lib/gcc/arm-none-eabi/12.2.1/thumb/v8-m.main+fp/hard\libc_nano.a(libc_a-putchar.o)
                              ./app.o (putchar)
c:/siliconlabs/simplicitystudio/v5/developer/toolchains/gnu_arm/12.2.rel1_2023.7/bin/../lib/gcc/arm-none-eabi/12.2.1/thumb/v8-m.main+fp/hard\libc_nano.a(libc_a-puts.o)
                              ./app.o (puts)
c:/siliconlabs/simplicitystudio/v5/developer/toolchains/gnu_arm/12.2.rel1_2023.7/bin/../lib/gcc/arm-none-eabi/12.2.1/thumb/v8-m.main+fp/hard\libc_nano.a(libc_a-setvbuf.o)
                              ./gecko_sdk_4.4.1/platform/service/iostream/src/sl_iostream_stdlib_config.o (setvbuf)
[...]
Memory Configuration

Name             Origin             Length             Attributes
FLASH            0x08000000         0x0017e000         xr
RAM              0x20000000         0x00040000         xrw
*default*        0x00000000         0xffffffff

Linker script and memory map

LOAD c:/siliconlabs/simplicitystudio/v5/developer/toolchains/gnu_arm/12.2.rel1_2023.7/bin/../lib/gcc/arm-none-eabi/12.2.1/thumb/v8-m.main+fp/hard/crti.o
LOAD c:/siliconlabs/simplicitystudio/v5/developer/toolchains/gnu_arm/12.2.rel1_2023.7/bin/../lib/gcc/arm-none-eabi/12.2.1/thumb/v8-m.main+fp/hard/crtbegin.o
LOAD c:/siliconlabs/simplicitystudio/v5/developer/toolchains/gnu_arm/12.2.rel1_2023.7/bin/../lib/gcc/arm-none-eabi/12.2.1/thumb/v8-m.main+fp/hard/crt0.o
START GROUP
LOAD ./app.o
LOAD ./as.o
LOAD ./main.o
LOAD ./mpl.o
LOAD ./si.o
LOAD ./autogen/sl_board_default_init.o
LOAD ./autogen/sl_device_init_clocks.o
LOAD ./autogen/sl_event_handler.o
LOAD ./autogen/sl_i2cspm_init.o
LOAD ./autogen/sl_iostream_handles.o
LOAD ./autogen/sl_iostream_init_eusart_instances.o
LOAD ./autogen/sl_simple_led_instances.o
LOAD ./gecko_sdk_4.4.1/hardware/board/src/sl_board_control_gpio.o
LOAD ./gecko_sdk_4.4.1/hardware/board/src/sl_board_init.o
LOAD ./gecko_sdk_4.4.1/hardware/driver/configuration_over_swo/src/sl_cos.o
LOAD ./gecko_sdk_4.4.1/hardware/driver/mx25_flash_shutdown/src/sl_mx25_flash_shutdown_usart/sl_mx25_flash_shutdown.o
LOAD ./gecko_sdk_4.4.1/platform/Device/SiliconLabs/EFR32MG24/Source/startup_efr32mg24.o
LOAD ./gecko_sdk_4.4.1/platform/Device/SiliconLabs/EFR32MG24/Source/system_efr32mg24.o
LOAD ./gecko_sdk_4.4.1/platform/common/src/sl_assert.o
LOAD ./gecko_sdk_4.4.1/platform/common/src/sl_slist.o
LOAD ./gecko_sdk_4.4.1/platform/common/src/sl_string.o
LOAD ./gecko_sdk_4.4.1/platform/common/src/sl_syscalls.o
LOAD ./gecko_sdk_4.4.1/platform/common/toolchain/src/sl_memory.o
LOAD ./gecko_sdk_4.4.1/platform/driver/debug/src/sl_debug_swo.o
LOAD ./gecko_sdk_4.4.1/platform/driver/i2cspm/src/sl_i2cspm.o
LOAD ./gecko_sdk_4.4.1/platform/driver/leddrv/src/sl_led.o
LOAD ./gecko_sdk_4.4.1/platform/driver/leddrv/src/sl_simple_led.o
LOAD ./gecko_sdk_4.4.1/platform/emdrv/dmadrv/src/dmadrv.o
LOAD ./gecko_sdk_4.4.1/platform/emlib/src/em_burtc.o
LOAD ./gecko_sdk_4.4.1/platform/emlib/src/em_cmu.o
LOAD ./gecko_sdk_4.4.1/platform/emlib/src/em_core.o
LOAD ./gecko_sdk_4.4.1/platform/emlib/src/em_emu.o
LOAD ./gecko_sdk_4.4.1/platform/emlib/src/em_eusart.o
LOAD ./gecko_sdk_4.4.1/platform/emlib/src/em_gpio.o
LOAD ./gecko_sdk_4.4.1/platform/emlib/src/em_i2c.o
LOAD ./gecko_sdk_4.4.1/platform/emlib/src/em_ldma.o
LOAD ./gecko_sdk_4.4.1/platform/emlib/src/em_msc.o
LOAD ./gecko_sdk_4.4.1/platform/emlib/src/em_prs.o
LOAD ./gecko_sdk_4.4.1/platform/emlib/src/em_system.o
LOAD ./gecko_sdk_4.4.1/platform/emlib/src/em_timer.o
LOAD ./gecko_sdk_4.4.1/platform/emlib/src/em_usart.o
LOAD ./gecko_sdk_4.4.1/platform/peripheral/src/peripheral_sysrtc.o
LOAD ./gecko_sdk_4.4.1/platform/service/device_init/src/sl_device_init_dcdc_s2.o
LOAD ./gecko_sdk_4.4.1/platform/service/device_init/src/sl_device_init_emu_s2.o
LOAD ./gecko_sdk_4.4.1/platform/service/device_init/src/sl_device_init_hfxo_s2.o
LOAD ./gecko_sdk_4.4.1/platform/service/device_init/src/sl_device_init_lfxo_s2.o
LOAD ./gecko_sdk_4.4.1/platform/service/device_init/src/sl_device_init_nvic.o
LOAD ./gecko_sdk_4.4.1/platform/service/iostream/src/sl_iostream.o
LOAD ./gecko_sdk_4.4.1/platform/service/iostream/src/sl_iostream_eusart.o
LOAD ./gecko_sdk_4.4.1/platform/service/iostream/src/sl_iostream_retarget_stdio.o
LOAD ./gecko_sdk_4.4.1/platform/service/iostream/src/sl_iostream_stdlib_config.o
LOAD ./gecko_sdk_4.4.1/platform/service/iostream/src/sl_iostream_uart.o
LOAD ./gecko_sdk_4.4.1/platform/service/sleeptimer/src/sl_sleeptimer.o
LOAD ./gecko_sdk_4.4.1/platform/service/sleeptimer/src/sl_sleeptimer_hal_burtc.o
LOAD ./gecko_sdk_4.4.1/platform/service/sleeptimer/src/sl_sleeptimer_hal_sysrtc.o
LOAD ./gecko_sdk_4.4.1/platform/service/sleeptimer/src/sl_sleeptimer_hal_timer.o
LOAD ./gecko_sdk_4.4.1/platform/service/system/src/sl_system_init.o
LOAD ./gecko_sdk_4.4.1/platform/service/system/src/sl_system_process_action.o
LOAD ./gecko_sdk_4.4.1/platform/service/udelay/src/sl_udelay.o
LOAD ./gecko_sdk_4.4.1/platform/service/udelay/src/sl_udelay_armv6m_gcc.o
LOAD c:/siliconlabs/simplicitystudio/v5/developer/toolchains/gnu_arm/12.2.rel1_2023.7/bin/../lib/gcc/arm-none-eabi/12.2.1/thumb/v8-m.main+fp/hard\libgcc.a
LOAD c:/siliconlabs/simplicitystudio/v5/developer/toolchains/gnu_arm/12.2.rel1_2023.7/bin/../lib/gcc/arm-none-eabi/12.2.1/thumb/v8-m.main+fp/hard\libc_nano.a
LOAD c:/siliconlabs/simplicitystudio/v5/developer/toolchains/gnu_arm/12.2.rel1_2023.7/bin/../lib/gcc/arm-none-eabi/12.2.1/thumb/v8-m.main+fp/hard\libm.a
LOAD c:/siliconlabs/simplicitystudio/v5/developer/toolchains/gnu_arm/12.2.rel1_2023.7/bin/../lib/gcc/arm-none-eabi/12.2.1/thumb/v8-m.main+fp/hard\libnosys.a
END GROUP
START GROUP
LOAD c:/siliconlabs/simplicitystudio/v5/developer/toolchains/gnu_arm/12.2.rel1_2023.7/bin/../lib/gcc/arm-none-eabi/12.2.1/thumb/v8-m.main+fp/hard\libgcc.a
LOAD c:/siliconlabs/simplicitystudio/v5/developer/toolchains/gnu_arm/12.2.rel1_2023.7/bin/../lib/gcc/arm-none-eabi/12.2.1/thumb/v8-m.main+fp/hard\libc_nano.a
LOAD c:/siliconlabs/simplicitystudio/v5/developer/toolchains/gnu_arm/12.2.rel1_2023.7/bin/../lib/gcc/arm-none-eabi/12.2.1/thumb/v8-m.main+fp/hard\libnosys.a
END GROUP
START GROUP
LOAD c:/siliconlabs/simplicitystudio/v5/developer/toolchains/gnu_arm/12.2.rel1_2023.7/bin/../lib/gcc/arm-none-eabi/12.2.1/thumb/v8-m.main+fp/hard\libgcc.a
LOAD c:/siliconlabs/simplicitystudio/v5/developer/toolchains/gnu_arm/12.2.rel1_2023.7/bin/../lib/gcc/arm-none-eabi/12.2.1/thumb/v8-m.main+fp/hard\libg_nano.a
LOAD c:/siliconlabs/simplicitystudio/v5/developer/toolchains/gnu_arm/12.2.rel1_2023.7/bin/../lib/gcc/arm-none-eabi/12.2.1/thumb/v8-m.main+fp/hard\libc_nano.a
END GROUP
START GROUP
LOAD c:/siliconlabs/simplicitystudio/v5/developer/toolchains/gnu_arm/12.2.rel1_2023.7/bin/../lib/gcc/arm-none-eabi/12.2.1/thumb/v8-m.main+fp/hard\libgcc.a
LOAD c:/siliconlabs/simplicitystudio/v5/developer/toolchains/gnu_arm/12.2.rel1_2023.7/bin/../lib/gcc/arm-none-eabi/12.2.1/thumb/v8-m.main+fp/hard\libc_nano.a
END GROUP
LOAD c:/siliconlabs/simplicitystudio/v5/developer/toolchains/gnu_arm/12.2.rel1_2023.7/bin/../lib/gcc/arm-none-eabi/12.2.1/thumb/v8-m.main+fp/hard/crtend.o
LOAD c:/siliconlabs/simplicitystudio/v5/developer/toolchains/gnu_arm/12.2.rel1_2023.7/bin/../lib/gcc/arm-none-eabi/12.2.1/thumb/v8-m.main+fp/hard/crtn.o

.text           0x08000000     0x95e0
                0x08000000                linker_vectors_begin = .
 *(.vectors)
 .vectors       0x08000000      0x170 ./gecko_sdk_4.4.1/platform/Device/SiliconLabs/EFR32MG24/Source/startup_efr32mg24.o
                0x08000000                __Vectors
                0x08000170                linker_vectors_end = .
                0x08000170                __Vectors_End = .
                0x08000170                __Vectors_Size = (__Vectors_End - __Vectors)
                0x08000170                linker_code_begin = .
 *(SORT_BY_ALIGNMENT(.text*))
 .text          0x08000170        0x8 ./gecko_sdk_4.4.1/platform/service/udelay/src/sl_udelay_armv6m_gcc.o
                0x08000170                sli_delay_loop
 .text.AS7331_GetTemperature
                0x08000178       0x80 ./as.o
                0x08000178                AS7331_GetTemperature
 .text._dtoa_r  0x080001f8      0xc54 c:/siliconlabs/simplicitystudio/v5/developer/toolchains/gnu_arm/12.2.rel1_2023.7/bin/../lib/gcc/arm-none-eabi/12.2.1/thumb/v8-m.main+fp/hard\libc_nano.a(libc_a-dtoa.o)
                0x080001f8                _dtoa_r
 .text.deregister_tm_clones
                0x08000e4c       0x1c c:/siliconlabs/simplicitystudio/v5/developer/toolchains/gnu_arm/12.2.rel1_2023.7/bin/../lib/gcc/arm-none-eabi/12.2.1/thumb/v8-m.main+fp/hard/crtbegin.o
 .text.register_tm_clones
                0x08000e68       0x28 c:/siliconlabs/simplicitystudio/v5/developer/toolchains/gnu_arm/12.2.rel1_2023.7/bin/../lib/gcc/arm-none-eabi/12.2.1/thumb/v8-m.main+fp/hard/crtbegin.o
 .text.__do_global_dtors_aux
                0x08000e90       0x28 c:/siliconlabs/simplicitystudio/v5/developer/toolchains/gnu_arm/12.2.rel1_2023.7/bin/../lib/gcc/arm-none-eabi/12.2.1/thumb/v8-m.main+fp/hard/crtbegin.o
 .text.frame_dummy
                0x08000eb8       0x24 c:/siliconlabs/simplicitystudio/v5/developer/toolchains/gnu_arm/12.2.rel1_2023.7/bin/../lib/gcc/arm-none-eabi/12.2.1/thumb/v8-m.main+fp/hard/crtbegin.o
 .text          0x08000edc       0x7c c:/siliconlabs/simplicitystudio/v5/developer/toolchains/gnu_arm/12.2.rel1_2023.7/bin/../lib/gcc/arm-none-eabi/12.2.1/thumb/v8-m.main+fp/hard/crt0.o
                0x08000edc                _stack_init
                0x08000ee4                _start
                0x08000ee4                _mainCRTStartup
 .text.app_init
                0x08000f58       0xb4 ./app.o
                0x08000f58                app_init
 .text.AS7331_transaction.constprop.0
                0x0800100c       0x50 ./as.o
 .text.flush_buffers
                0x0800105c       0x24 ./as.o
                0x0800105c                flush_buffers
 .text.AS7331_ChangeMode
                0x08001080       0x78 ./as.o
                0x08001080                AS7331_ChangeMode
 .text.AS7331_StartCMDTransfer
                0x080010f8       0x64 ./as.o
                0x080010f8                AS7331_StartCMDTransfer
 .text.AS7331_GetFSR
                0x0800115c       0x58 ./as.o
                0x0800115c                AS7331_GetFSR
 .text.AS7331_GetUV
                0x080011b4      0x130 ./as.o
                0x080011b4                AS7331_GetUV
 .text.as_dev_id
                0x080012e4       0x68 ./as.o
                0x080012e4                as_dev_id
 .text.as_init  0x0800134c       0xf4 ./as.o
                0x0800134c                as_init
 .text.as_process_action
                0x08001440       0x98 ./as.o
                0x08001440                as_process_action
 .text.mpl_dev_id
                0x080014d8       0x74 ./mpl.o
                0x080014d8                mpl_dev_id
 .text.timer_callback
                0x0800154c        0xc ./si.o
 .text.decode_temp
                0x08001558       0x54 ./si.o
                0x08001558                decode_temp
 .text.SI7021_measure.constprop.0
                0x080015ac       0xc8 ./si.o
 .text.initialise_temp_limits
                0x08001674       0x28 ./si.o
                0x08001674                initialise_temp_limits
 .text.si_dev_id
                0x0800169c       0x78 ./si.o
                0x0800169c                si_dev_id
 .text.si_init  0x08001714       0x2c ./si.o
                0x08001714                si_init
 .text.sl_device_init_clocks
                0x08001740       0xac ./autogen/sl_device_init_clocks.o
                0x08001740                sl_device_init_clocks
 .text.sl_i2cspm_init_instances
                0x080017ec       0x18 ./autogen/sl_i2cspm_init.o
                0x080017ec                sl_i2cspm_init_instances
 .text.sl_iostream_eusart_init_vcom
                0x08001804       0xc4 ./autogen/sl_iostream_init_eusart_instances.o
                0x08001804                sl_iostream_eusart_init_vcom
 .text.EUSART0_RX_IRQHandler
                0x080018c8        0xc ./autogen/sl_iostream_init_eusart_instances.o
                0x080018c8                EUSART0_RX_IRQHandler
 .text.sl_simple_led_init_instances
                0x080018d4       0x1c ./autogen/sl_simple_led_instances.o
                0x080018d4                sl_simple_led_init_instances
 .text.sl_board_enable_sensor
                0x080018f0       0x60 ./gecko_sdk_4.4.1/hardware/board/src/sl_board_control_gpio.o
                0x080018f0                sl_board_enable_sensor
 .text.cs_high  0x08001950       0x10 ./gecko_sdk_4.4.1/hardware/driver/mx25_flash_shutdown/src/sl_mx25_flash_shutdown_usart/sl_mx25_flash_shutdown.o
 .text.cs_low   0x08001960       0x10 ./gecko_sdk_4.4.1/hardware/driver/mx25_flash_shutdown/src/sl_mx25_flash_shutdown_usart/sl_mx25_flash_shutdown.o
 .text.sl_mx25_flash_shutdown
                0x08001970      0x118 ./gecko_sdk_4.4.1/hardware/driver/mx25_flash_shutdown/src/sl_mx25_flash_shutdown_usart/sl_mx25_flash_shutdown.o
                0x08001970                sl_mx25_flash_shutdown
 .text.CopyRamFuncs
                0x08001a88       0x1c ./gecko_sdk_4.4.1/platform/Device/SiliconLabs/EFR32MG24/Source/startup_efr32mg24.o
                0x08001a88                CopyRamFuncs
 .text.Reset_Handler
                0x08001aa4       0x64 ./gecko_sdk_4.4.1/platform/Device/SiliconLabs/EFR32MG24/Source/startup_efr32mg24.o
                0x08001aa4                Reset_Handler
 .text.SystemInit
                0x08001b08       0x68 ./gecko_sdk_4.4.1/platform/Device/SiliconLabs/EFR32MG24/Source/system_efr32mg24.o
                0x08001b08                SystemInit
 .text.SystemHFRCODPLLClockGet
                0x08001b70        0xc ./gecko_sdk_4.4.1/platform/Device/SiliconLabs/EFR32MG24/Source/system_efr32mg24.o
                0x08001b70                SystemHFRCODPLLClockGet
 .text.SystemSYSCLKGet
                0x08001b7c       0x34 ./gecko_sdk_4.4.1/platform/Device/SiliconLabs/EFR32MG24/Source/system_efr32mg24.o
                0x08001b7c                SystemSYSCLKGet
 .text.SystemHCLKGet
                0x08001bb0       0x24 ./gecko_sdk_4.4.1/platform/Device/SiliconLabs/EFR32MG24/Source/system_efr32mg24.o
                0x08001bb0                SystemHCLKGet
 .text.SystemMaxCoreClockGet
                0x08001bd4        0x8 ./gecko_sdk_4.4.1/platform/Device/SiliconLabs/EFR32MG24/Source/system_efr32mg24.o
                0x08001bd4                SystemMaxCoreClockGet
 .text.SystemHFXOClockGet
                0x08001bdc        0xc ./gecko_sdk_4.4.1/platform/Device/SiliconLabs/EFR32MG24/Source/system_efr32mg24.o
                0x08001bdc                SystemHFXOClockGet
 .text.SystemHFXOClockSet
                0x08001be8       0x20 ./gecko_sdk_4.4.1/platform/Device/SiliconLabs/EFR32MG24/Source/system_efr32mg24.o
                0x08001be8                SystemHFXOClockSet
 .text.SystemFSRCOClockGet
                0x08001c08        0x8 ./gecko_sdk_4.4.1/platform/Device/SiliconLabs/EFR32MG24/Source/system_efr32mg24.o
                0x08001c08                SystemFSRCOClockGet
 .text.SystemHFRCOEM23ClockGet
                0x08001c10       0x84 ./gecko_sdk_4.4.1/platform/Device/SiliconLabs/EFR32MG24/Source/system_efr32mg24.o
                0x08001c10                SystemHFRCOEM23ClockGet
 .text.SystemLFXOClockGet
                0x08001c94        0xc ./gecko_sdk_4.4.1/platform/Device/SiliconLabs/EFR32MG24/Source/system_efr32mg24.o
                0x08001c94                SystemLFXOClockGet
 .text._sbrk    0x08001ca0       0x20 ./gecko_sdk_4.4.1/platform/common/toolchain/src/sl_memory.o
                0x08001ca0                _sbrk
 .text.sl_debug_swo_init
                0x08001cc0      0x114 ./gecko_sdk_4.4.1/platform/driver/debug/src/sl_debug_swo.o
                0x08001cc0                sl_debug_swo_init
 .text.sl_debug_swo_write_u8
                0x08001dd4       0x44 ./gecko_sdk_4.4.1/platform/driver/debug/src/sl_debug_swo.o
                0x08001dd4                sl_debug_swo_write_u8
 .text.I2CSPM_Init
                0x08001e18      0x158 ./gecko_sdk_4.4.1/platform/driver/i2cspm/src/sl_i2cspm.o
                0x08001e18                I2CSPM_Init
 .text.I2CSPM_Transfer
                0x08001f70       0x20 ./gecko_sdk_4.4.1/platform/driver/i2cspm/src/sl_i2cspm.o
                0x08001f70                I2CSPM_Transfer
 .text.GPIO_PinOutClear
                0x08001f90       0x3c ./gecko_sdk_4.4.1/platform/driver/leddrv/src/sl_simple_led.o
 .text.GPIO_PinOutSet
                0x08001fcc       0x3c ./gecko_sdk_4.4.1/platform/driver/leddrv/src/sl_simple_led.o
 .text.sl_simple_led_toggle
                0x08002008       0x3c ./gecko_sdk_4.4.1/platform/driver/leddrv/src/sl_simple_led.o
                0x08002008                sl_simple_led_toggle
 .text.sl_simple_led_get_state
                0x08002044       0x4c ./gecko_sdk_4.4.1/platform/driver/leddrv/src/sl_simple_led.o
                0x08002044                sl_simple_led_get_state
 .text.StartTransfer
                0x08002090      0x17c ./gecko_sdk_4.4.1/platform/emdrv/dmadrv/src/dmadrv.o
 .text.DMADRV_AllocateChannel
                0x0800220c       0x60 ./gecko_sdk_4.4.1/platform/emdrv/dmadrv/src/dmadrv.o
                0x0800220c                DMADRV_AllocateChannel
 .text.DMADRV_DeInit
                0x0800226c       0x44 ./gecko_sdk_4.4.1/platform/emdrv/dmadrv/src/dmadrv.o
                0x0800226c                DMADRV_DeInit
 .text.DMADRV_FreeChannel
                0x080022b0       0x4c ./gecko_sdk_4.4.1/platform/emdrv/dmadrv/src/dmadrv.o
                0x080022b0                DMADRV_FreeChannel
 .text.DMADRV_Init
                0x080022fc       0x68 ./gecko_sdk_4.4.1/platform/emdrv/dmadrv/src/dmadrv.o
                0x080022fc                DMADRV_Init
 .text.DMADRV_PauseTransfer
                0x08002364       0x40 ./gecko_sdk_4.4.1/platform/emdrv/dmadrv/src/dmadrv.o
                0x08002364                DMADRV_PauseTransfer
 .text.DMADRV_ResumeTransfer
                0x080023a4       0x40 ./gecko_sdk_4.4.1/platform/emdrv/dmadrv/src/dmadrv.o
                0x080023a4                DMADRV_ResumeTransfer
 .text.DMADRV_StopTransfer
                0x080023e4       0x40 ./gecko_sdk_4.4.1/platform/emdrv/dmadrv/src/dmadrv.o
                0x080023e4                DMADRV_StopTransfer
 .text.DMADRV_TransferCompletePending
                0x08002424       0x50 ./gecko_sdk_4.4.1/platform/emdrv/dmadrv/src/dmadrv.o
                0x08002424                DMADRV_TransferCompletePending
 .text.DMADRV_TransferDone
                0x08002474       0x44 ./gecko_sdk_4.4.1/platform/emdrv/dmadrv/src/dmadrv.o
                0x08002474                DMADRV_TransferDone
 .text.LDMA_IRQHandler
                0x080024b8       0x74 ./gecko_sdk_4.4.1/platform/emdrv/dmadrv/src/dmadrv.o
                0x080024b8                LDMA_IRQHandler
 .text.EMU_VScaleGet
                0x0800252c       0x18 ./gecko_sdk_4.4.1/platform/emlib/src/em_cmu.o
 .text.traceClkGet
                0x08002544       0x54 ./gecko_sdk_4.4.1/platform/emlib/src/em_cmu.o
 .text.em01GrpaClkGet
                0x08002598       0x74 ./gecko_sdk_4.4.1/platform/emlib/src/em_cmu.o
 .text.em01GrpcClkGet
                0x0800260c       0x70 ./gecko_sdk_4.4.1/platform/emlib/src/em_cmu.o
 .text.iadcClkGet
                0x0800267c       0x60 ./gecko_sdk_4.4.1/platform/emlib/src/em_cmu.o
 .text.eusart0ClkGet
                0x080026dc       0x74 ./gecko_sdk_4.4.1/platform/emlib/src/em_cmu.o
 .text.em23GrpaClkGet
                0x08002750       0x48 ./gecko_sdk_4.4.1/platform/emlib/src/em_cmu.o
 .text.vdac0ClkGet
                0x08002798       0x70 ./gecko_sdk_4.4.1/platform/emlib/src/em_cmu.o
 .text.vdac1ClkGet
                0x08002808       0x70 ./gecko_sdk_4.4.1/platform/emlib/src/em_cmu.o
 .text.pcnt0ClkGet
                0x08002878       0x4c ./gecko_sdk_4.4.1/platform/emlib/src/em_cmu.o
 .text.wdog0ClkGet
                0x080028c4       0x64 ./gecko_sdk_4.4.1/platform/emlib/src/em_cmu.o
 .text.wdog1ClkGet
                0x08002928       0x64 ./gecko_sdk_4.4.1/platform/emlib/src/em_cmu.o
 .text.sysrtcClkGet
                0x0800298c       0x48 ./gecko_sdk_4.4.1/platform/emlib/src/em_cmu.o
 .text.em4GrpaClkGet
                0x080029d4       0x48 ./gecko_sdk_4.4.1/platform/emlib/src/em_cmu.o
 .text.CMU_ClockDivGet
                0x08002a1c       0x78 ./gecko_sdk_4.4.1/platform/emlib/src/em_cmu.o
                0x08002a1c                CMU_ClockDivGet
 .text.flashWaitStateControl
                0x08002a94       0x58 ./gecko_sdk_4.4.1/platform/emlib/src/em_cmu.o
 .text.CMU_ClockEnable
                0x08002aec       0x50 ./gecko_sdk_4.4.1/platform/emlib/src/em_cmu.o
                0x08002aec                CMU_ClockEnable
 .text.CMU_ClockFreqGet
                0x08002b3c      0x204 ./gecko_sdk_4.4.1/platform/emlib/src/em_cmu.o
                0x08002b3c                CMU_ClockFreqGet
 .text.rhclkPrescOptimize
                0x08002d40       0x20 ./gecko_sdk_4.4.1/platform/emlib/src/em_cmu.o
 .text.CMU_ClockSelectGet
                0x08002d60      0x22c ./gecko_sdk_4.4.1/platform/emlib/src/em_cmu.o
                0x08002d60                CMU_ClockSelectGet
 .text.sli_em_cmu_HFXOSetForceEnable
                0x08002f8c       0x1c ./gecko_sdk_4.4.1/platform/emlib/src/em_cmu.o
                0x08002f8c                sli_em_cmu_HFXOSetForceEnable
 .text.CMU_HFXOInit
                0x08002fa8      0x224 ./gecko_sdk_4.4.1/platform/emlib/src/em_cmu.o
                0x08002fa8                CMU_HFXOInit
 .text.CMU_HFXOCTuneDeltaGet
                0x080031cc        0xc ./gecko_sdk_4.4.1/platform/emlib/src/em_cmu.o
                0x080031cc                CMU_HFXOCTuneDeltaGet
 .text.CMU_LFXOInit
                0x080031d8       0xc4 ./gecko_sdk_4.4.1/platform/emlib/src/em_cmu.o
                0x080031d8                CMU_LFXOInit
 .text.CMU_LFXOPrecisionSet
                0x0800329c        0xc ./gecko_sdk_4.4.1/platform/emlib/src/em_cmu.o
                0x0800329c                CMU_LFXOPrecisionSet
 .text.CMU_HFXOPrecisionSet
                0x080032a8        0xc ./gecko_sdk_4.4.1/platform/emlib/src/em_cmu.o
                0x080032a8                CMU_HFXOPrecisionSet
 .text.CMU_ClockDivSet
                0x080032b4      0x12c ./gecko_sdk_4.4.1/platform/emlib/src/em_cmu.o
                0x080032b4                CMU_ClockDivSet
 .text.sli_em_cmu_SYSCLKInitPreClockSelect
                0x080033e0       0x20 ./gecko_sdk_4.4.1/platform/emlib/src/em_cmu.o
                0x080033e0                sli_em_cmu_SYSCLKInitPreClockSelect
 .text.pclkDivOptimize
                0x08003400       0x24 ./gecko_sdk_4.4.1/platform/emlib/src/em_cmu.o
 .text.EMU_DCDCSync
                0x08003424       0x10 ./gecko_sdk_4.4.1/platform/emlib/src/em_emu.o
 .text.EMU_EM4Init
                0x08003434       0x14 ./gecko_sdk_4.4.1/platform/emlib/src/em_emu.o
                0x08003434                EMU_EM4Init
 .text.EMU_VScaleEM01
                0x08003448       0xa8 ./gecko_sdk_4.4.1/platform/emlib/src/em_emu.o
                0x08003448                EMU_VScaleEM01
 .text.EMU_VScaleEM01ByClock
                0x080034f0       0x30 ./gecko_sdk_4.4.1/platform/emlib/src/em_emu.o
                0x080034f0                EMU_VScaleEM01ByClock
 .text.EMU_DCDCModeSet
                0x08003520       0xac ./gecko_sdk_4.4.1/platform/emlib/src/em_emu.o
                0x08003520                EMU_DCDCModeSet
 .text.EMU_DCDCInit
                0x080035cc       0x70 ./gecko_sdk_4.4.1/platform/emlib/src/em_emu.o
                0x080035cc                EMU_DCDCInit
 .text.EMU_DCDCSetPFMXModePeakCurrent
                0x0800363c       0x6c ./gecko_sdk_4.4.1/platform/emlib/src/em_emu.o
                0x0800363c                EMU_DCDCSetPFMXModePeakCurrent
 .text.EUSART_Reset
                0x080036a8       0x54 ./gecko_sdk_4.4.1/platform/emlib/src/em_eusart.o
                0x080036a8                EUSART_Reset
 .text.EUSART_Enable
                0x080036fc       0x6c ./gecko_sdk_4.4.1/platform/emlib/src/em_eusart.o
                0x080036fc                EUSART_Enable
 .text.EUSART_BaudrateSet
                0x08003768      0x1cc ./gecko_sdk_4.4.1/platform/emlib/src/em_eusart.o
                0x08003768                EUSART_BaudrateSet
 .text.EUSART_AsyncInitCommon
                0x08003934      0x23c ./gecko_sdk_4.4.1/platform/emlib/src/em_eusart.o
 .text.EUSART_UartInitHf
                0x08003b70       0x5c ./gecko_sdk_4.4.1/platform/emlib/src/em_eusart.o
                0x08003b70                EUSART_UartInitHf
 .text.EUSART_UartInitLf
                0x08003bcc       0xb8 ./gecko_sdk_4.4.1/platform/emlib/src/em_eusart.o
                0x08003bcc                EUSART_UartInitLf
 .text.GPIO_PinOutSet
                0x08003c84       0x3c ./gecko_sdk_4.4.1/platform/emlib/src/em_gpio.o
 .text.GPIO_PinOutClear
                0x08003cc0       0x3c ./gecko_sdk_4.4.1/platform/emlib/src/em_gpio.o
 .text.GPIO_PinModeSet
                0x08003cfc       0x94 ./gecko_sdk_4.4.1/platform/emlib/src/em_gpio.o
                0x08003cfc                GPIO_PinModeSet
 .text.I2C_BusFreqSet
                0x08003d90      0x108 ./gecko_sdk_4.4.1/platform/emlib/src/em_i2c.o
                0x08003d90                I2C_BusFreqSet
 .text.I2C_Enable
                0x08003e98       0x38 ./gecko_sdk_4.4.1/platform/emlib/src/em_i2c.o
                0x08003e98                I2C_Enable
 .text.I2C_Init
                0x08003ed0       0x64 ./gecko_sdk_4.4.1/platform/emlib/src/em_i2c.o
                0x08003ed0                I2C_Init
 .text.I2C_Transfer
                0x08003f34      0x224 ./gecko_sdk_4.4.1/platform/emlib/src/em_i2c.o
                0x08003f34                I2C_Transfer
 .text.I2C_TransferInit
                0x08004158       0xbc ./gecko_sdk_4.4.1/platform/emlib/src/em_i2c.o
                0x08004158                I2C_TransferInit
 .text.LDMA_DeInit
                0x08004214       0x3c ./gecko_sdk_4.4.1/platform/emlib/src/em_ldma.o
                0x08004214                LDMA_DeInit
 .text.LDMA_EnableChannelRequest
                0x08004250       0x40 ./gecko_sdk_4.4.1/platform/emlib/src/em_ldma.o
                0x08004250                LDMA_EnableChannelRequest
 .text.LDMA_Init
                0x08004290       0x94 ./gecko_sdk_4.4.1/platform/emlib/src/em_ldma.o
                0x08004290                LDMA_Init
 .text.LDMA_StartTransfer
                0x08004324      0x104 ./gecko_sdk_4.4.1/platform/emlib/src/em_ldma.o
                0x08004324                LDMA_StartTransfer
 .text.LDMA_StopTransfer
                0x08004428       0x38 ./gecko_sdk_4.4.1/platform/emlib/src/em_ldma.o
                0x08004428                LDMA_StopTransfer
 .text.LDMA_TransferDone
                0x08004460       0x44 ./gecko_sdk_4.4.1/platform/emlib/src/em_ldma.o
                0x08004460                LDMA_TransferDone
 .text.USART_BaudrateSyncSet
                0x080044a4       0x48 ./gecko_sdk_4.4.1/platform/emlib/src/em_usart.o
                0x080044a4                USART_BaudrateSyncSet
 .text.USART_Reset
                0x080044ec       0x58 ./gecko_sdk_4.4.1/platform/emlib/src/em_usart.o
                0x080044ec                USART_Reset
 .text.USART_InitSync
                0x08004544       0xb0 ./gecko_sdk_4.4.1/platform/emlib/src/em_usart.o
                0x08004544                USART_InitSync
 .text.sl_hal_sysrtc_wait_sync
                0x080045f4       0x14 ./gecko_sdk_4.4.1/platform/peripheral/src/peripheral_sysrtc.o
                0x080045f4                sl_hal_sysrtc_wait_sync
 .text.sl_hal_sysrtc_wait_ready
                0x08004608       0x1c ./gecko_sdk_4.4.1/platform/peripheral/src/peripheral_sysrtc.o
                0x08004608                sl_hal_sysrtc_wait_ready
 .text.sl_hal_sysrtc_stop
                0x08004624       0x14 ./gecko_sdk_4.4.1/platform/peripheral/src/peripheral_sysrtc.o
                0x08004624                sl_hal_sysrtc_stop
 .text.sl_hal_sysrtc_enable
                0x08004638       0x18 ./gecko_sdk_4.4.1/platform/peripheral/src/peripheral_sysrtc.o
                0x08004638                sl_hal_sysrtc_enable
 .text.sl_hal_sysrtc_disable
                0x08004650       0x1c ./gecko_sdk_4.4.1/platform/peripheral/src/peripheral_sysrtc.o
                0x08004650                sl_hal_sysrtc_disable
 .text.sl_hal_sysrtc_init
                0x0800466c       0x20 ./gecko_sdk_4.4.1/platform/peripheral/src/peripheral_sysrtc.o
                0x0800466c                sl_hal_sysrtc_init
 .text.sl_hal_sysrtc_init_group
                0x0800468c       0x48 ./gecko_sdk_4.4.1/platform/peripheral/src/peripheral_sysrtc.o
                0x0800468c                sl_hal_sysrtc_init_group
 .text.sl_hal_sysrtc_enable_group_interrupts
                0x080046d4       0x1c ./gecko_sdk_4.4.1/platform/peripheral/src/peripheral_sysrtc.o
                0x080046d4                sl_hal_sysrtc_enable_group_interrupts
 .text.sl_hal_sysrtc_disable_group_interrupts
                0x080046f0       0x1c ./gecko_sdk_4.4.1/platform/peripheral/src/peripheral_sysrtc.o
                0x080046f0                sl_hal_sysrtc_disable_group_interrupts
 .text.sl_hal_sysrtc_clear_group_interrupts
                0x0800470c       0x1c ./gecko_sdk_4.4.1/platform/peripheral/src/peripheral_sysrtc.o
                0x0800470c                sl_hal_sysrtc_clear_group_interrupts
 .text.sl_hal_sysrtc_get_group_interrupts
                0x08004728       0x20 ./gecko_sdk_4.4.1/platform/peripheral/src/peripheral_sysrtc.o
                0x08004728                sl_hal_sysrtc_get_group_interrupts
 .text.sl_hal_sysrtc_get_group_compare_channel_value
                0x08004748       0x30 ./gecko_sdk_4.4.1/platform/peripheral/src/peripheral_sysrtc.o
                0x08004748                sl_hal_sysrtc_get_group_compare_channel_value
 .text.sl_hal_sysrtc_set_group_compare_channel_value
                0x08004778       0x28 ./gecko_sdk_4.4.1/platform/peripheral/src/peripheral_sysrtc.o
                0x08004778                sl_hal_sysrtc_set_group_compare_channel_value
 .text.sl_device_init_dcdc
                0x080047a0       0x2c ./gecko_sdk_4.4.1/platform/service/device_init/src/sl_device_init_dcdc_s2.o
                0x080047a0                sl_device_init_dcdc
 .text.sl_device_init_emu
                0x080047cc       0x24 ./gecko_sdk_4.4.1/platform/service/device_init/src/sl_device_init_emu_s2.o
                0x080047cc                sl_device_init_emu
 .text.sl_device_init_hfxo
                0x080047f0       0x70 ./gecko_sdk_4.4.1/platform/service/device_init/src/sl_device_init_hfxo_s2.o
                0x080047f0                sl_device_init_hfxo
 .text.sl_device_init_lfxo
                0x08004860       0x2c ./gecko_sdk_4.4.1/platform/service/device_init/src/sl_device_init_lfxo_s2.o
                0x08004860                sl_device_init_lfxo
 .text.sl_device_init_nvic
                0x0800488c       0x3c ./gecko_sdk_4.4.1/platform/service/device_init/src/sl_device_init_nvic.o
                0x0800488c                sl_device_init_nvic
 .text.sl_iostream_set_default
                0x080048c8       0x18 ./gecko_sdk_4.4.1/platform/service/iostream/src/sl_iostream.o
                0x080048c8                sl_iostream_set_default
 .text.sl_iostream_get_default
                0x080048e0       0x18 ./gecko_sdk_4.4.1/platform/service/iostream/src/sl_iostream.o
                0x080048e0                sl_iostream_get_default
 .text.sl_iostream_eusart_init
                0x080048f8      0x228 ./gecko_sdk_4.4.1/platform/service/iostream/src/sl_iostream_eusart.o
                0x080048f8                sl_iostream_eusart_init
 .text._write   0x08004b20       0x20 ./gecko_sdk_4.4.1/platform/service/iostream/src/sl_iostream_retarget_stdio.o
                0x08004b20                _write
 .text.sl_iostream_stdlib_disable_buffering
                0x08004b40       0x14 ./gecko_sdk_4.4.1/platform/service/iostream/src/sl_iostream_stdlib_config.o
                0x08004b40                sl_iostream_stdlib_disable_buffering
 .text.get_write_ptr
                0x08004b54       0x40 ./gecko_sdk_4.4.1/platform/service/iostream/src/sl_iostream_uart.o
 .text.dma_irq_handler
                0x08004b94       0x74 ./gecko_sdk_4.4.1/platform/service/iostream/src/sl_iostream_uart.o
 .text.uart_read
                0x08004c08      0x1f4 ./gecko_sdk_4.4.1/platform/service/iostream/src/sl_iostream_uart.o
 .text.uart_deinit
                0x08004dfc       0x98 ./gecko_sdk_4.4.1/platform/service/iostream/src/sl_iostream_uart.o
 .text.uart_write
                0x08004e94       0xc0 ./gecko_sdk_4.4.1/platform/service/iostream/src/sl_iostream_uart.o
 .text.sli_iostream_uart_context_init
                0x08004f54       0xf8 ./gecko_sdk_4.4.1/platform/service/iostream/src/sl_iostream_uart.o
                0x08004f54                sli_iostream_uart_context_init
 .text.delta_list_insert_timer
                0x0800504c       0x40 ./gecko_sdk_4.4.1/platform/service/sleeptimer/src/sl_sleeptimer.o
 .text.update_delta_list
                0x0800508c       0x34 ./gecko_sdk_4.4.1/platform/service/sleeptimer/src/sl_sleeptimer.o
 .text.set_comparator_for_next_timer
                0x080050c0       0x5c ./gecko_sdk_4.4.1/platform/service/sleeptimer/src/sl_sleeptimer.o
 .text.create_timer
                0x0800511c       0x88 ./gecko_sdk_4.4.1/platform/service/sleeptimer/src/sl_sleeptimer.o
 .text.delta_list_remove_timer
                0x080051a4       0x38 ./gecko_sdk_4.4.1/platform/service/sleeptimer/src/sl_sleeptimer.o
 .text.sl_sleeptimer_init
                0x080051dc       0x74 ./gecko_sdk_4.4.1/platform/service/sleeptimer/src/sl_sleeptimer.o
                0x080051dc                sl_sleeptimer_init
 .text.sl_sleeptimer_is_timer_running
                0x08005250       0x3c ./gecko_sdk_4.4.1/platform/service/sleeptimer/src/sl_sleeptimer.o
                0x08005250                sl_sleeptimer_is_timer_running
 .text.sl_sleeptimer_ms_to_tick
                0x0800528c       0x24 ./gecko_sdk_4.4.1/platform/service/sleeptimer/src/sl_sleeptimer.o
                0x0800528c                sl_sleeptimer_ms_to_tick
 .text.sl_sleeptimer_delay_millisecond
                0x080052b0       0x38 ./gecko_sdk_4.4.1/platform/service/sleeptimer/src/sl_sleeptimer.o
                0x080052b0                sl_sleeptimer_delay_millisecond
 .text.process_timer_irq
                0x080052e8      0x150 ./gecko_sdk_4.4.1/platform/service/sleeptimer/src/sl_sleeptimer.o
                0x080052e8                process_timer_irq
 .text.sleeptimer_hal_init_timer
                0x08005438       0x64 ./gecko_sdk_4.4.1/platform/service/sleeptimer/src/sl_sleeptimer_hal_sysrtc.o
                0x08005438                sleeptimer_hal_init_timer
 .text.sleeptimer_hal_get_counter
                0x0800549c       0x10 ./gecko_sdk_4.4.1/platform/service/sleeptimer/src/sl_sleeptimer_hal_sysrtc.o
                0x0800549c                sleeptimer_hal_get_counter
 .text.sleeptimer_hal_set_compare
                0x080054ac       0x70 ./gecko_sdk_4.4.1/platform/service/sleeptimer/src/sl_sleeptimer_hal_sysrtc.o
                0x080054ac                sleeptimer_hal_set_compare
 .text.sleeptimer_hal_disable_int
                0x0800551c       0x2c ./gecko_sdk_4.4.1/platform/service/sleeptimer/src/sl_sleeptimer_hal_sysrtc.o
                0x0800551c                sleeptimer_hal_disable_int
 .text.sleeptimer_hal_set_int
                0x08005548       0x10 ./gecko_sdk_4.4.1/platform/service/sleeptimer/src/sl_sleeptimer_hal_sysrtc.o
                0x08005548                sleeptimer_hal_set_int
 .text.sl_udelay_wait
                0x08005558       0x58 ./gecko_sdk_4.4.1/platform/service/udelay/src/sl_udelay.o
                0x08005558                sl_udelay_wait
 .text          0x080055b0      0x378 c:/siliconlabs/simplicitystudio/v5/developer/toolchains/gnu_arm/12.2.rel1_2023.7/bin/../lib/gcc/arm-none-eabi/12.2.1/thumb/v8-m.main+fp/hard\libgcc.a(_arm_addsubdf3.o)
                0x080055b0                __aeabi_drsub
                0x080055b8                __aeabi_dsub
                0x080055b8                __subdf3
                0x080055bc                __aeabi_dadd
                0x080055bc                __adddf3
                0x08005834                __floatunsidf
                0x08005834                __aeabi_ui2d
                0x08005854                __floatsidf
                0x08005854                __aeabi_i2d
                0x08005878                __aeabi_f2d
                0x08005878                __extendsfdf2
                0x080058bc                __floatundidf
                0x080058bc                __aeabi_ul2d
                0x080058cc                __floatdidf
                0x080058cc                __aeabi_l2d
 .text          0x08005928       0xa0 c:/siliconlabs/simplicitystudio/v5/developer/toolchains/gnu_arm/12.2.rel1_2023.7/bin/../lib/gcc/arm-none-eabi/12.2.1/thumb/v8-m.main+fp/hard\libgcc.a(_arm_truncdfsf2.o)
                0x08005928                __truncdfsf2
                0x08005928                __aeabi_d2f
 .text          0x080059c8       0x30 c:/siliconlabs/simplicitystudio/v5/developer/toolchains/gnu_arm/12.2.rel1_2023.7/bin/../lib/gcc/arm-none-eabi/12.2.1/thumb/v8-m.main+fp/hard\libgcc.a(_aeabi_uldivmod.o)
                0x080059c8                __aeabi_uldivmod
 .text.__udivmoddi4
                0x080059f8      0x2ec c:/siliconlabs/simplicitystudio/v5/developer/toolchains/gnu_arm/12.2.rel1_2023.7/bin/../lib/gcc/arm-none-eabi/12.2.1/thumb/v8-m.main+fp/hard\libgcc.a(_udivmoddi4.o)
                0x080059f8                __udivmoddi4
 .text          0x08005ce4        0x4 c:/siliconlabs/simplicitystudio/v5/developer/toolchains/gnu_arm/12.2.rel1_2023.7/bin/../lib/gcc/arm-none-eabi/12.2.1/thumb/v8-m.main+fp/hard\libgcc.a(_dvmd_tls.o)
                0x08005ce4                __aeabi_idiv0
                0x08005ce4                __aeabi_ldiv0
 .text.exit     0x08005ce8       0x24 c:/siliconlabs/simplicitystudio/v5/developer/toolchains/gnu_arm/12.2.rel1_2023.7/bin/../lib/gcc/arm-none-eabi/12.2.1/thumb/v8-m.main+fp/hard\libc_nano.a(libc_a-exit.o)
                0x08005ce8                exit
 .text._printf_float
                0x08005d0c      0x468 c:/siliconlabs/simplicitystudio/v5/developer/toolchains/gnu_arm/12.2.rel1_2023.7/bin/../lib/gcc/arm-none-eabi/12.2.1/thumb/v8-m.main+fp/hard\libc_nano.a(libc_a-nano-vfprintf_float.o)
                0x08005d0c                _printf_float
 .text._printf_i
                0x08006174      0x258 c:/siliconlabs/simplicitystudio/v5/developer/toolchains/gnu_arm/12.2.rel1_2023.7/bin/../lib/gcc/arm-none-eabi/12.2.1/thumb/v8-m.main+fp/hard\libc_nano.a(libc_a-nano-vfprintf_i.o)
                0x08006174                _printf_i
 .text.std      0x080063cc       0x6c c:/siliconlabs/simplicitystudio/v5/developer/toolchains/gnu_arm/12.2.rel1_2023.7/bin/../lib/gcc/arm-none-eabi/12.2.1/thumb/v8-m.main+fp/hard\libc_nano.a(libc_a-findfp.o)
 .text.stdio_exit_handler
                0x08006438       0x18 c:/siliconlabs/simplicitystudio/v5/developer/toolchains/gnu_arm/12.2.rel1_2023.7/bin/../lib/gcc/arm-none-eabi/12.2.1/thumb/v8-m.main+fp/hard\libc_nano.a(libc_a-findfp.o)
 .text.cleanup_stdio
                0x08006450       0x40 c:/siliconlabs/simplicitystudio/v5/developer/toolchains/gnu_arm/12.2.rel1_2023.7/bin/../lib/gcc/arm-none-eabi/12.2.1/thumb/v8-m.main+fp/hard\libc_nano.a(libc_a-findfp.o)
 .text.global_stdio_init.part.0
                0x08006490       0x3c c:/siliconlabs/simplicitystudio/v5/developer/toolchains/gnu_arm/12.2.rel1_2023.7/bin/../lib/gcc/arm-none-eabi/12.2.1/thumb/v8-m.main+fp/hard\libc_nano.a(libc_a-findfp.o)
 .text.__sfp_lock_acquire
                0x080064cc        0xc c:/siliconlabs/simplicitystudio/v5/developer/toolchains/gnu_arm/12.2.rel1_2023.7/bin/../lib/gcc/arm-none-eabi/12.2.1/thumb/v8-m.main+fp/hard\libc_nano.a(libc_a-findfp.o)
                0x080064cc                __sfp_lock_acquire
 .text.__sfp_lock_release
                0x080064d8        0xc c:/siliconlabs/simplicitystudio/v5/developer/toolchains/gnu_arm/12.2.rel1_2023.7/bin/../lib/gcc/arm-none-eabi/12.2.1/thumb/v8-m.main+fp/hard\libc_nano.a(libc_a-findfp.o)
                0x080064d8                __sfp_lock_release
 .text.__sinit  0x080064e4       0x30 c:/siliconlabs/simplicitystudio/v5/developer/toolchains/gnu_arm/12.2.rel1_2023.7/bin/../lib/gcc/arm-none-eabi/12.2.1/thumb/v8-m.main+fp/hard\libc_nano.a(libc_a-findfp.o)
                0x080064e4                __sinit
 .text.printf   0x08006514       0x24 c:/siliconlabs/simplicitystudio/v5/developer/toolchains/gnu_arm/12.2.rel1_2023.7/bin/../lib/gcc/arm-none-eabi/12.2.1/thumb/v8-m.main+fp/hard\libc_nano.a(libc_a-printf.o)
                0x08006514                iprintf
                0x08006514                printf
 .text.putchar  0x08006538       0x10 c:/siliconlabs/simplicitystudio/v5/developer/toolchains/gnu_arm/12.2.rel1_2023.7/bin/../lib/gcc/arm-none-eabi/12.2.1/thumb/v8-m.main+fp/hard\libc_nano.a(libc_a-putchar.o)
                0x08006538                putchar
 .text.puts     0x08006548       0x10 c:/siliconlabs/simplicitystudio/v5/developer/toolchains/gnu_arm/12.2.rel1_2023.7/bin/../lib/gcc/arm-none-eabi/12.2.1/thumb/v8-m.main+fp/hard\libc_nano.a(libc_a-puts.o)
                0x08006548                puts
 .text.setvbuf  0x08006558      0x168 c:/siliconlabs/simplicitystudio/v5/developer/toolchains/gnu_arm/12.2.rel1_2023.7/bin/../lib/gcc/arm-none-eabi/12.2.1/thumb/v8-m.main+fp/hard\libc_nano.a(libc_a-setvbuf.o)
                0x08006558                setvbuf
 .text.__swsetup_r
                0x080066c0       0xac c:/siliconlabs/simplicitystudio/v5/developer/toolchains/gnu_arm/12.2.rel1_2023.7/bin/../lib/gcc/arm-none-eabi/12.2.1/thumb/v8-m.main+fp/hard\libc_nano.a(libc_a-wsetup.o)
                0x080066c0                __swsetup_r
 .text._localeconv_r
                0x0800676c        0x8 c:/siliconlabs/simplicitystudio/v5/developer/toolchains/gnu_arm/12.2.rel1_2023.7/bin/../lib/gcc/arm-none-eabi/12.2.1/thumb/v8-m.main+fp/hard\libc_nano.a(libc_a-localeconv.o)
                0x0800676c                _localeconv_r
 .text._close_r
                0x08006774       0x20 c:/siliconlabs/simplicitystudio/v5/developer/toolchains/gnu_arm/12.2.rel1_2023.7/bin/../lib/gcc/arm-none-eabi/12.2.1/thumb/v8-m.main+fp/hard\libc_nano.a(libc_a-closer.o)
                0x08006774                _close_r
 .text._lseek_r
                0x08006794       0x24 c:/siliconlabs/simplicitystudio/v5/developer/toolchains/gnu_arm/12.2.rel1_2023.7/bin/../lib/gcc/arm-none-eabi/12.2.1/thumb/v8-m.main+fp/hard\libc_nano.a(libc_a-lseekr.o)
                0x08006794                _lseek_r
 .text._read_r  0x080067b8       0x24 c:/siliconlabs/simplicitystudio/v5/developer/toolchains/gnu_arm/12.2.rel1_2023.7/bin/../lib/gcc/arm-none-eabi/12.2.1/thumb/v8-m.main+fp/hard\libc_nano.a(libc_a-readr.o)
                0x080067b8                _read_r
 .text._write_r
                0x080067dc       0x24 c:/siliconlabs/simplicitystudio/v5/developer/toolchains/gnu_arm/12.2.rel1_2023.7/bin/../lib/gcc/arm-none-eabi/12.2.1/thumb/v8-m.main+fp/hard\libc_nano.a(libc_a-writer.o)
                0x080067dc                _write_r
 .text.__libc_init_array
                0x08006800       0x48 c:/siliconlabs/simplicitystudio/v5/developer/toolchains/gnu_arm/12.2.rel1_2023.7/bin/../lib/gcc/arm-none-eabi/12.2.1/thumb/v8-m.main+fp/hard\libc_nano.a(libc_a-init.o)
                0x08006800                __libc_init_array
 .text._free_r  0x08006848       0x94 c:/siliconlabs/simplicitystudio/v5/developer/toolchains/gnu_arm/12.2.rel1_2023.7/bin/../lib/gcc/arm-none-eabi/12.2.1/thumb/v8-m.main+fp/hard\libc_nano.a(libc_a-freer.o)
                0x08006848                _free_r
 .text.malloc   0x080068dc       0x10 c:/siliconlabs/simplicitystudio/v5/developer/toolchains/gnu_arm/12.2.rel1_2023.7/bin/../lib/gcc/arm-none-eabi/12.2.1/thumb/v8-m.main+fp/hard\libc_nano.a(libc_a-malloc.o)
                0x080068dc                malloc
 .text.sbrk_aligned
                0x080068ec       0x44 c:/siliconlabs/simplicitystudio/v5/developer/toolchains/gnu_arm/12.2.rel1_2023.7/bin/../lib/gcc/arm-none-eabi/12.2.1/thumb/v8-m.main+fp/hard\libc_nano.a(libc_a-mallocr.o)
 .text._malloc_r
                0x08006930       0xf0 c:/siliconlabs/simplicitystudio/v5/developer/toolchains/gnu_arm/12.2.rel1_2023.7/bin/../lib/gcc/arm-none-eabi/12.2.1/thumb/v8-m.main+fp/hard\libc_nano.a(libc_a-mallocr.o)
                0x08006930                _malloc_r
 .text.__malloc_lock
                0x08006a20        0xc c:/siliconlabs/simplicitystudio/v5/developer/toolchains/gnu_arm/12.2.rel1_2023.7/bin/../lib/gcc/arm-none-eabi/12.2.1/thumb/v8-m.main+fp/hard\libc_nano.a(libc_a-mlock.o)
                0x08006a20                __malloc_lock
 .text.__malloc_unlock
                0x08006a2c        0xc c:/siliconlabs/simplicitystudio/v5/developer/toolchains/gnu_arm/12.2.rel1_2023.7/bin/../lib/gcc/arm-none-eabi/12.2.1/thumb/v8-m.main+fp/hard\libc_nano.a(libc_a-mlock.o)
                0x08006a2c                __malloc_unlock
 .text._Balloc  0x08006a38       0x80 c:/siliconlabs/simplicitystudio/v5/developer/toolchains/gnu_arm/12.2.rel1_2023.7/bin/../lib/gcc/arm-none-eabi/12.2.1/thumb/v8-m.main+fp/hard\libc_nano.a(libc_a-mprec.o)
                0x08006a38                _Balloc
 .text._Bfree   0x08006ab8       0x44 c:/siliconlabs/simplicitystudio/v5/developer/toolchains/gnu_arm/12.2.rel1_2023.7/bin/../lib/gcc/arm-none-eabi/12.2.1/thumb/v8-m.main+fp/hard\libc_nano.a(libc_a-mprec.o)
                0x08006ab8                _Bfree
 .text.__multadd
                0x08006afc       0x90 c:/siliconlabs/simplicitystudio/v5/developer/toolchains/gnu_arm/12.2.rel1_2023.7/bin/../lib/gcc/arm-none-eabi/12.2.1/thumb/v8-m.main+fp/hard\libc_nano.a(libc_a-mprec.o)
                0x08006afc                __multadd
 .text.__i2b    0x08006b8c       0x2c c:/siliconlabs/simplicitystudio/v5/developer/toolchains/gnu_arm/12.2.rel1_2023.7/bin/../lib/gcc/arm-none-eabi/12.2.1/thumb/v8-m.main+fp/hard\libc_nano.a(libc_a-mprec.o)
                0x08006b8c                __i2b
 .text.__multiply
                0x08006bb8      0x154 c:/siliconlabs/simplicitystudio/v5/developer/toolchains/gnu_arm/12.2.rel1_2023.7/bin/../lib/gcc/arm-none-eabi/12.2.1/thumb/v8-m.main+fp/hard\libc_nano.a(libc_a-mprec.o)
                0x08006bb8                __multiply
 .text.__pow5mult
                0x08006d0c       0xb4 c:/siliconlabs/simplicitystudio/v5/developer/toolchains/gnu_arm/12.2.rel1_2023.7/bin/../lib/gcc/arm-none-eabi/12.2.1/thumb/v8-m.main+fp/hard\libc_nano.a(libc_a-mprec.o)
                0x08006d0c                __pow5mult
 .text.__lshift
                0x08006dc0       0xd8 c:/siliconlabs/simplicitystudio/v5/developer/toolchains/gnu_arm/12.2.rel1_2023.7/bin/../lib/gcc/arm-none-eabi/12.2.1/thumb/v8-m.main+fp/hard\libc_nano.a(libc_a-mprec.o)
                0x08006dc0                __lshift
 .text.__mdiff  0x08006e98      0x130 c:/siliconlabs/simplicitystudio/v5/developer/toolchains/gnu_arm/12.2.rel1_2023.7/bin/../lib/gcc/arm-none-eabi/12.2.1/thumb/v8-m.main+fp/hard\libc_nano.a(libc_a-mprec.o)
                0x08006e98                __mdiff
 .text.__d2b    0x08006fc8       0xb0 c:/siliconlabs/simplicitystudio/v5/developer/toolchains/gnu_arm/12.2.rel1_2023.7/bin/../lib/gcc/arm-none-eabi/12.2.1/thumb/v8-m.main+fp/hard\libc_nano.a(libc_a-mprec.o)
                0x08006fc8                __d2b
 .text._vfprintf_r
                0x08007078      0x230 c:/siliconlabs/simplicitystudio/v5/developer/toolchains/gnu_arm/12.2.rel1_2023.7/bin/../lib/gcc/arm-none-eabi/12.2.1/thumb/v8-m.main+fp/hard\libc_nano.a(libc_a-nano-vfprintf.o)
                0x08007078                _vfprintf_r
                0x08007078                _vfiprintf_r
 .text._fstat_r
                0x080072a8       0x24 c:/siliconlabs/simplicitystudio/v5/developer/toolchains/gnu_arm/12.2.rel1_2023.7/bin/../lib/gcc/arm-none-eabi/12.2.1/thumb/v8-m.main+fp/hard\libc_nano.a(libc_a-fstatr.o)
                0x080072a8                _fstat_r
 .text._isatty_r
                0x080072cc       0x20 c:/siliconlabs/simplicitystudio/v5/developer/toolchains/gnu_arm/12.2.rel1_2023.7/bin/../lib/gcc/arm-none-eabi/12.2.1/thumb/v8-m.main+fp/hard\libc_nano.a(libc_a-isattyr.o)
                0x080072cc                _isatty_r
 .text._sbrk_r  0x080072ec       0x20 c:/siliconlabs/simplicitystudio/v5/developer/toolchains/gnu_arm/12.2.rel1_2023.7/bin/../lib/gcc/arm-none-eabi/12.2.1/thumb/v8-m.main+fp/hard\libc_nano.a(libc_a-sbrkr.o)
                0x080072ec                _sbrk_r
 .text.__assert_func
                0x0800730c       0x3c c:/siliconlabs/simplicitystudio/v5/developer/toolchains/gnu_arm/12.2.rel1_2023.7/bin/../lib/gcc/arm-none-eabi/12.2.1/thumb/v8-m.main+fp/hard\libc_nano.a(libc_a-assert.o)
                0x0800730c                __assert_func
 .text.fprintf  0x08007348       0x24 c:/siliconlabs/simplicitystudio/v5/developer/toolchains/gnu_arm/12.2.rel1_2023.7/bin/../lib/gcc/arm-none-eabi/12.2.1/thumb/v8-m.main+fp/hard\libc_nano.a(libc_a-fprintf.o)
                0x08007348                fiprintf
                0x08007348                fprintf
 .text.raise    0x0800736c       0x10 c:/siliconlabs/simplicitystudio/v5/developer/toolchains/gnu_arm/12.2.rel1_2023.7/bin/../lib/gcc/arm-none-eabi/12.2.1/thumb/v8-m.main+fp/hard\libc_nano.a(libc_a-signal.o)
                0x0800736c                raise
 .text._kill_r  0x0800737c       0x24 c:/siliconlabs/simplicitystudio/v5/developer/toolchains/gnu_arm/12.2.rel1_2023.7/bin/../lib/gcc/arm-none-eabi/12.2.1/thumb/v8-m.main+fp/hard\libc_nano.a(libc_a-signalr.o)
                0x0800737c                _kill_r
 .text          0x080073a0      0x424 c:/siliconlabs/simplicitystudio/v5/developer/toolchains/gnu_arm/12.2.rel1_2023.7/bin/../lib/gcc/arm-none-eabi/12.2.1/thumb/v8-m.main+fp/hard\libgcc.a(_arm_muldivdf3.o)
                0x080073a0                __aeabi_dmul
                0x080073a0                __muldf3
                0x080075f4                __divdf3
                0x080075f4                __aeabi_ddiv
 .text          0x080077c4      0x110 c:/siliconlabs/simplicitystudio/v5/developer/toolchains/gnu_arm/12.2.rel1_2023.7/bin/../lib/gcc/arm-none-eabi/12.2.1/thumb/v8-m.main+fp/hard\libgcc.a(_arm_cmpdf2.o)
                0x080077c4                __gtdf2
                0x080077c4                __gedf2
                0x080077cc                __ltdf2
                0x080077cc                __ledf2
                0x080077d4                __nedf2
                0x080077d4                __eqdf2
                0x080077d4                __cmpdf2
                0x08007850                __aeabi_cdrcmple
                0x08007860                __aeabi_cdcmpeq
                0x08007860                __aeabi_cdcmple
                0x08007870                __aeabi_dcmpeq
                0x08007884                __aeabi_dcmplt
                0x08007898                __aeabi_dcmple
                0x080078ac                __aeabi_dcmpge
                0x080078c0                __aeabi_dcmpgt
 .text          0x080078d4       0x2c c:/siliconlabs/simplicitystudio/v5/developer/toolchains/gnu_arm/12.2.rel1_2023.7/bin/../lib/gcc/arm-none-eabi/12.2.1/thumb/v8-m.main+fp/hard\libgcc.a(_arm_unorddf2.o)
                0x080078d4                __unorddf2
                0x080078d4                __aeabi_dcmpun
 .text          0x08007900       0x50 c:/siliconlabs/simplicitystudio/v5/developer/toolchains/gnu_arm/12.2.rel1_2023.7/bin/../lib/gcc/arm-none-eabi/12.2.1/thumb/v8-m.main+fp/hard\libgcc.a(_arm_fixdfsi.o)
                0x08007900                __aeabi_d2iz
                0x08007900                __fixdfsi
 .text.app_process_action
                0x08007950       0x12 ./app.o
                0x08007950                app_process_action
 .text.startup.main
                0x08007962       0x14 ./main.o
                0x08007962                main
 .text.mpl_init
                0x08007976        0x2 ./mpl.o
                0x08007976                mpl_init
 .text.decode_rh
                0x08007978       0x16 ./si.o
                0x08007978                decode_rh
 .text.sl_board_default_init
                0x0800798e        0x4 ./autogen/sl_board_default_init.o
                0x0800798e                sl_board_default_init
 .text.sl_platform_init
                0x08007992       0x26 ./autogen/sl_event_handler.o
                0x08007992                sl_platform_init
 .text.sl_driver_init
                0x080079b8       0x16 ./autogen/sl_event_handler.o
                0x080079b8                sl_driver_init
 .text.sl_service_init
                0x080079ce       0x16 ./autogen/sl_event_handler.o
                0x080079ce                sl_service_init
 .text.sl_stack_init
                0x080079e4        0x2 ./autogen/sl_event_handler.o
                0x080079e4                sl_stack_init
 .text.sl_internal_app_init
                0x080079e6        0x2 ./autogen/sl_event_handler.o
                0x080079e6                sl_internal_app_init
 .text.sl_platform_process_action
                0x080079e8        0x2 ./autogen/sl_event_handler.o
                0x080079e8                sl_platform_process_action
 .text.sl_service_process_action
                0x080079ea        0x2 ./autogen/sl_event_handler.o
                0x080079ea                sl_service_process_action
 .text.sl_stack_process_action
                0x080079ec        0x2 ./autogen/sl_event_handler.o
                0x080079ec                sl_stack_process_action
 .text.sl_internal_app_process_action
                0x080079ee        0x2 ./autogen/sl_event_handler.o
                0x080079ee                sl_internal_app_process_action
 .text.sl_iostream_eusart_init_instances
                0x080079f0        0x4 ./autogen/sl_iostream_init_eusart_instances.o
                0x080079f0                sl_iostream_eusart_init_instances
 .text.EUSART0_TX_IRQHandler
                0x080079f4        0x4 ./autogen/sl_iostream_init_eusart_instances.o
                0x080079f4                EUSART0_TX_IRQHandler
 .text.sl_board_enable_vcom
                0x080079f8       0x12 ./gecko_sdk_4.4.1/hardware/board/src/sl_board_control_gpio.o
                0x080079f8                sl_board_enable_vcom
 .text.sl_board_configure_vcom
                0x08007a0a        0x4 ./gecko_sdk_4.4.1/hardware/board/src/sl_board_control_gpio.o
                0x08007a0a                sl_board_configure_vcom
 .text.sl_board_disable_vcom
                0x08007a0e       0x12 ./gecko_sdk_4.4.1/hardware/board/src/sl_board_control_gpio.o
                0x08007a0e                sl_board_disable_vcom
 .text.sl_board_init
                0x08007a20       0x1c ./gecko_sdk_4.4.1/hardware/board/src/sl_board_init.o
                0x08007a20                sl_board_init
 .text.sl_board_preinit
                0x08007a3c        0x8 ./gecko_sdk_4.4.1/hardware/board/src/sl_board_init.o
                0x08007a3c                sl_board_preinit
 .text.sli_cos_swo_itm_8_write.constprop.0.isra.0
                0x08007a44       0x78 ./gecko_sdk_4.4.1/hardware/driver/configuration_over_swo/src/sl_cos.o
 .text.sl_cos_send_config
                0x08007abc       0x12 ./gecko_sdk_4.4.1/hardware/driver/configuration_over_swo/src/sl_cos.o
                0x08007abc                sl_cos_send_config
 .text.sl_cos_config_vcom
                0x08007ace       0x1e ./gecko_sdk_4.4.1/hardware/driver/configuration_over_swo/src/sl_cos.o
                0x08007ace                sl_cos_config_vcom
 .text.Default_Handler
                0x08007aec        0x2 ./gecko_sdk_4.4.1/platform/Device/SiliconLabs/EFR32MG24/Source/startup_efr32mg24.o
                0x08007aec                ULFRCO_IRQHandler
                0x08007aec                AHB2AHB1_IRQHandler
                0x08007aec                SW2_IRQHandler
                0x08007aec                TIMER2_IRQHandler
                0x08007aec                DebugMon_Handler
                0x08007aec                USART0_TX_IRQHandler
                0x08007aec                IADC_IRQHandler
                0x08007aec                I2C0_IRQHandler
                0x08007aec                LFXO_IRQHandler
                0x08007aec                HardFault_Handler
                0x08007aec                SMU_SECURE_IRQHandler
                0x08007aec                SysTick_Handler
                0x08007aec                SYSRTC_SEQ_IRQHandler
                0x08007aec                EMUEFP_IRQHandler
                0x08007aec                PendSV_Handler
                0x08007aec                NMI_Handler
                0x08007aec                SYNTH_IRQHandler
                0x08007aec                HOSTMAILBOX_IRQHandler
                0x08007aec                HFXO0_IRQHandler
                0x08007aec                I2C1_IRQHandler
                0x08007aec                WDOG0_IRQHandler
                0x08007aec                TIMER3_IRQHandler
                0x08007aec                SYSCFG_IRQHandler
                0x08007aec                RFECA1_IRQHandler
                0x08007aec                EMUDG_IRQHandler
                0x08007aec                MSC_IRQHandler
                0x08007aec                DPLL0_IRQHandler
                0x08007aec                UsageFault_Handler
                0x08007aec                WDOG1_IRQHandler
                0x08007aec                M33CTI1_IRQHandler
                0x08007aec                TIMER4_IRQHandler
                0x08007aec                GPIO_EVEN_IRQHandler
                0x08007aec                VDAC0_IRQHandler
                0x08007aec                SEMBTX_IRQHandler
                0x08007aec                SW0_IRQHandler
                0x08007aec                TIMER0_IRQHandler
                0x08007aec                MVP_IRQHandler
                0x08007aec                LETIMER0_IRQHandler
                0x08007aec                EUSART1_RX_IRQHandler
                0x08007aec                TIMER1_IRQHandler
                0x08007aec                HFRCO0_IRQHandler
                0x08007aec                SecureFault_Handler
                0x08007aec                BUFC_IRQHandler
                0x08007aec                DCDC_IRQHandler
                0x08007aec                MODEM_IRQHandler
                0x08007aec                Default_Handler
                0x08007aec                RAC_SEQ_IRQHandler
                0x08007aec                FRC_PRI_IRQHandler
                0x08007aec                EMU_IRQHandler
                0x08007aec                SW3_IRQHandler
                0x08007aec                KERNEL0_IRQHandler
                0x08007aec                FRC_IRQHandler
                0x08007aec                PCNT0_IRQHandler
                0x08007aec                KERNEL1_IRQHandler
                0x08007aec                AGC_IRQHandler
                0x08007aec                EUSART1_TX_IRQHandler
                0x08007aec                KEYSCAN_IRQHandler
                0x08007aec                sl_app_properties
                0x08007aec                HFRCOEM23_IRQHandler
                0x08007aec                BURTC_IRQHandler
                0x08007aec                SEMBRX_IRQHandler
                0x08007aec                RFECA0_IRQHandler
                0x08007aec                LFRCO_IRQHandler
                0x08007aec                VDAC1_IRQHandler
                0x08007aec                ACMP0_IRQHandler
                0x08007aec                USART0_RX_IRQHandler
                0x08007aec                MemManage_Handler
                0x08007aec                AHB2AHB0_IRQHandler
                0x08007aec                SVC_Handler
                0x08007aec                SMU_S_PRIVILEGED_IRQHandler
                0x08007aec                SW1_IRQHandler
                0x08007aec                CMU_IRQHandler
                0x08007aec                RAC_RSM_IRQHandler
                0x08007aec                SETAMPERHOST_IRQHandler
                0x08007aec                GPIO_ODD_IRQHandler
                0x08007aec                AES_IRQHandler
                0x08007aec                M33CTI0_IRQHandler
                0x08007aec                ICACHE0_IRQHandler
                0x08007aec                SMU_NS_PRIVILEGED_IRQHandler
                0x08007aec                FPUEXH_IRQHandler
                0x08007aec                PROTIMER_IRQHandler
                0x08007aec                ACMP1_IRQHandler
                0x08007aec                BusFault_Handler
                0x08007aec                MPAHBRAM_IRQHandler
 .text.FlashToRamCopy
                0x08007aee       0x16 ./gecko_sdk_4.4.1/platform/Device/SiliconLabs/EFR32MG24/Source/system_efr32mg24.o
                0x08007aee                FlashToRamCopy
 .text.SystemCLKIN0Get
                0x08007b04        0x4 ./gecko_sdk_4.4.1/platform/Device/SiliconLabs/EFR32MG24/Source/system_efr32mg24.o
                0x08007b04                SystemCLKIN0Get
 .text.SystemLFRCOClockGet
                0x08007b08        0x6 ./gecko_sdk_4.4.1/platform/Device/SiliconLabs/EFR32MG24/Source/system_efr32mg24.o
                0x08007b08                SystemLFRCOClockGet
 .text.SystemULFRCOClockGet
                0x08007b0e        0x6 ./gecko_sdk_4.4.1/platform/Device/SiliconLabs/EFR32MG24/Source/system_efr32mg24.o
                0x08007b0e                SystemULFRCOClockGet
 .text.assertEFM
                0x08007b14        0x2 ./gecko_sdk_4.4.1/platform/common/src/sl_assert.o
                0x08007b14                assertEFM
 .text.sl_debug_swo_enable_itm
                0x08007b16       0x16 ./gecko_sdk_4.4.1/platform/driver/debug/src/sl_debug_swo.o
                0x08007b16                sl_debug_swo_enable_itm
 .text.sl_debug_swo_disable_itm
                0x08007b2c       0x18 ./gecko_sdk_4.4.1/platform/driver/debug/src/sl_debug_swo.o
                0x08007b2c                sl_debug_swo_disable_itm
 .text.sl_led_init
                0x08007b44        0x6 ./gecko_sdk_4.4.1/platform/driver/leddrv/src/sl_led.o
                0x08007b44                sl_led_init
 .text.sl_simple_led_init
                0x08007b4a       0x22 ./gecko_sdk_4.4.1/platform/driver/leddrv/src/sl_simple_led.o
                0x08007b4a                sl_simple_led_init
 .text.sl_simple_led_turn_on
                0x08007b6c       0x12 ./gecko_sdk_4.4.1/platform/driver/leddrv/src/sl_simple_led.o
                0x08007b6c                sl_simple_led_turn_on
 .text.sl_simple_led_turn_off
                0x08007b7e       0x12 ./gecko_sdk_4.4.1/platform/driver/leddrv/src/sl_simple_led.o
                0x08007b7e                sl_simple_led_turn_off
 .text.DMADRV_PeripheralMemory
                0x08007b90       0x34 ./gecko_sdk_4.4.1/platform/emdrv/dmadrv/src/dmadrv.o
                0x08007b90                DMADRV_PeripheralMemory
 .text.BUS_RegMaskedWrite
                0x08007bc4       0x1e ./gecko_sdk_4.4.1/platform/emlib/src/em_cmu.o
 .text.waitStateMax
                0x08007be2       0x10 ./gecko_sdk_4.4.1/platform/emlib/src/em_cmu.o
 .text.CMU_UpdateWaitStates
                0x08007bf2        0xc ./gecko_sdk_4.4.1/platform/emlib/src/em_cmu.o
                0x08007bf2                CMU_UpdateWaitStates
 .text.pclkDivMax
                0x08007bfe        0xa ./gecko_sdk_4.4.1/platform/emlib/src/em_cmu.o
 .text.sli_em_cmu_SYSCLKInitPostClockSelect
                0x08007c08       0x2a ./gecko_sdk_4.4.1/platform/emlib/src/em_cmu.o
                0x08007c08                sli_em_cmu_SYSCLKInitPostClockSelect
 .text.CORE_EnterCritical
                0x08007c32        0x8 ./gecko_sdk_4.4.1/platform/emlib/src/em_core.o
                0x08007c32                CORE_EnterCritical
 .text.CORE_ExitCritical
                0x08007c3a        0x6 ./gecko_sdk_4.4.1/platform/emlib/src/em_core.o
                0x08007c3a                CORE_ExitCritical
 .text.CORE_EnterAtomic
                0x08007c40        0xc ./gecko_sdk_4.4.1/platform/emlib/src/em_core.o
                0x08007c40                CORE_EnterAtomic
 .text.CORE_ExitAtomic
                0x08007c4c        0x6 ./gecko_sdk_4.4.1/platform/emlib/src/em_core.o
                0x08007c4c                CORE_ExitAtomic
 .text.EMU_EFPEM01VScale
                0x08007c52        0x2 ./gecko_sdk_4.4.1/platform/emlib/src/em_emu.o
                0x08007c52                EMU_EFPEM01VScale
 .text.EMU_DCDCUpdatedHook
                0x08007c54        0x2 ./gecko_sdk_4.4.1/platform/emlib/src/em_emu.o
                0x08007c54                EMU_DCDCUpdatedHook
 .text.eusart_sync
                0x08007c56        0x8 ./gecko_sdk_4.4.1/platform/emlib/src/em_eusart.o
 .text.EUSART_Disable
                0x08007c5e       0x34 ./gecko_sdk_4.4.1/platform/emlib/src/em_eusart.o
 .text.EUSART_Tx
                0x08007c92        0xa ./gecko_sdk_4.4.1/platform/emlib/src/em_eusart.o
                0x08007c92                EUSART_Tx
 .text.BUS_RegMaskedWrite
                0x08007c9c       0x1e ./gecko_sdk_4.4.1/platform/emlib/src/em_gpio.o
 .text.GPIO_DbgLocationSet
                0x08007cba        0x2 ./gecko_sdk_4.4.1/platform/emlib/src/em_gpio.o
                0x08007cba                GPIO_DbgLocationSet
 .text.USART_SpiTransfer
                0x08007cbc       0x14 ./gecko_sdk_4.4.1/platform/emlib/src/em_usart.o
                0x08007cbc                USART_SpiTransfer
 .text.sl_iostream_write
                0x08007cd0       0x22 ./gecko_sdk_4.4.1/platform/service/iostream/src/sl_iostream.o
                0x08007cd0                sl_iostream_write
 .text.sl_iostream_read
                0x08007cf2       0x30 ./gecko_sdk_4.4.1/platform/service/iostream/src/sl_iostream.o
                0x08007cf2                sl_iostream_read
 .text.eusart_deinit
                0x08007d22       0x70 ./gecko_sdk_4.4.1/platform/service/iostream/src/sl_iostream_eusart.o
 .text.eusart_set_next_byte_detect
                0x08007d92       0x30 ./gecko_sdk_4.4.1/platform/service/iostream/src/sl_iostream_eusart.o
 .text.eusart_tx
                0x08007dc2        0xc ./gecko_sdk_4.4.1/platform/service/iostream/src/sl_iostream_eusart.o
 .text.sl_iostream_eusart_irq_handler
                0x08007dce       0x72 ./gecko_sdk_4.4.1/platform/service/iostream/src/sl_iostream_eusart.o
                0x08007dce                sl_iostream_eusart_irq_handler
 .text._close   0x08007e40        0x4 ./gecko_sdk_4.4.1/platform/service/iostream/src/sl_iostream_retarget_stdio.o
                0x08007e40                _close
 .text._exit    0x08007e44        0x2 ./gecko_sdk_4.4.1/platform/service/iostream/src/sl_iostream_retarget_stdio.o
                0x08007e44                _exit
 .text._fstat   0x08007e46        0xa ./gecko_sdk_4.4.1/platform/service/iostream/src/sl_iostream_retarget_stdio.o
                0x08007e46                _fstat
 .text._getpid  0x08007e50        0x4 ./gecko_sdk_4.4.1/platform/service/iostream/src/sl_iostream_retarget_stdio.o
                0x08007e50                _getpid
 .text._isatty  0x08007e54        0x4 ./gecko_sdk_4.4.1/platform/service/iostream/src/sl_iostream_retarget_stdio.o
                0x08007e54                _isatty
 .text._kill    0x08007e58        0x6 ./gecko_sdk_4.4.1/platform/service/iostream/src/sl_iostream_retarget_stdio.o
                0x08007e58                _kill
 .text._lseek   0x08007e5e        0x4 ./gecko_sdk_4.4.1/platform/service/iostream/src/sl_iostream_retarget_stdio.o
                0x08007e5e                _lseek
 .text._read    0x08007e62       0x1c ./gecko_sdk_4.4.1/platform/service/iostream/src/sl_iostream_retarget_stdio.o
                0x08007e62                _read
 .text.set_auto_cr_lf
                0x08007e7e        0x6 ./gecko_sdk_4.4.1/platform/service/iostream/src/sl_iostream_uart.o
 .text.get_auto_cr_lf
                0x08007e84        0x6 ./gecko_sdk_4.4.1/platform/service/iostream/src/sl_iostream_uart.o
 .text.delay_callback
                0x08007e8a        0x6 ./gecko_sdk_4.4.1/platform/service/sleeptimer/src/sl_sleeptimer.o
 .text.sl_sleeptimer_start_timer
                0x08007e90       0x48 ./gecko_sdk_4.4.1/platform/service/sleeptimer/src/sl_sleeptimer.o
                0x08007e90                sl_sleeptimer_start_timer
 .text.sl_sleeptimer_start_periodic_timer
                0x08007ed8       0x4a ./gecko_sdk_4.4.1/platform/service/sleeptimer/src/sl_sleeptimer.o
                0x08007ed8                sl_sleeptimer_start_periodic_timer
 .text.sleeptimer_hal_get_compare
                0x08007f22        0x8 ./gecko_sdk_4.4.1/platform/service/sleeptimer/src/sl_sleeptimer_hal_sysrtc.o
                0x08007f22                sleeptimer_hal_get_compare
 .text.sleeptimer_hal_enable_int
                0x08007f2a       0x12 ./gecko_sdk_4.4.1/platform/service/sleeptimer/src/sl_sleeptimer_hal_sysrtc.o
                0x08007f2a                sleeptimer_hal_enable_int
 .text.SYSRTC_APP_IRQHandler
                0x08007f3c       0x34 ./gecko_sdk_4.4.1/platform/service/sleeptimer/src/sl_sleeptimer_hal_sysrtc.o
                0x08007f3c                SYSRTC_APP_IRQHandler
 .text.sleeptimer_hal_get_timer_frequency
                0x08007f70        0x6 ./gecko_sdk_4.4.1/platform/service/sleeptimer/src/sl_sleeptimer_hal_sysrtc.o
                0x08007f70                sleeptimer_hal_get_timer_frequency
 .text.sl_system_init
                0x08007f76       0x1a ./gecko_sdk_4.4.1/platform/service/system/src/sl_system_init.o
                0x08007f76                sl_system_init
 .text.sl_system_process_action
                0x08007f90       0x16 ./gecko_sdk_4.4.1/platform/service/system/src/sl_system_process_action.o
                0x08007f90                sl_system_process_action
 .text.__cvt    0x08007fa6       0xd0 c:/siliconlabs/simplicitystudio/v5/developer/toolchains/gnu_arm/12.2.rel1_2023.7/bin/../lib/gcc/arm-none-eabi/12.2.1/thumb/v8-m.main+fp/hard\libc_nano.a(libc_a-nano-vfprintf_float.o)
                0x08007fa6                __cvt
 .text.__exponent
                0x08008076       0x72 c:/siliconlabs/simplicitystudio/v5/developer/toolchains/gnu_arm/12.2.rel1_2023.7/bin/../lib/gcc/arm-none-eabi/12.2.1/thumb/v8-m.main+fp/hard\libc_nano.a(libc_a-nano-vfprintf_float.o)
                0x08008076                __exponent
 .text._printf_common
                0x080080e8       0xe4 c:/siliconlabs/simplicitystudio/v5/developer/toolchains/gnu_arm/12.2.rel1_2023.7/bin/../lib/gcc/arm-none-eabi/12.2.1/thumb/v8-m.main+fp/hard\libc_nano.a(libc_a-nano-vfprintf_i.o)
                0x080080e8                _printf_common
 .text._fwalk_sglue
                0x080081cc       0x3c c:/siliconlabs/simplicitystudio/v5/developer/toolchains/gnu_arm/12.2.rel1_2023.7/bin/../lib/gcc/arm-none-eabi/12.2.1/thumb/v8-m.main+fp/hard\libc_nano.a(libc_a-fwalk.o)
                0x080081cc                _fwalk_sglue
 .text._puts_r  0x08008208       0xaa c:/siliconlabs/simplicitystudio/v5/developer/toolchains/gnu_arm/12.2.rel1_2023.7/bin/../lib/gcc/arm-none-eabi/12.2.1/thumb/v8-m.main+fp/hard\libc_nano.a(libc_a-puts.o)
                0x08008208                _puts_r
 .text.__sread  0x080082b2       0x22 c:/siliconlabs/simplicitystudio/v5/developer/toolchains/gnu_arm/12.2.rel1_2023.7/bin/../lib/gcc/arm-none-eabi/12.2.1/thumb/v8-m.main+fp/hard\libc_nano.a(libc_a-stdio.o)
                0x080082b2                __sread
 .text.__swrite
                0x080082d4       0x38 c:/siliconlabs/simplicitystudio/v5/developer/toolchains/gnu_arm/12.2.rel1_2023.7/bin/../lib/gcc/arm-none-eabi/12.2.1/thumb/v8-m.main+fp/hard\libc_nano.a(libc_a-stdio.o)
                0x080082d4                __swrite
 .text.__sseek  0x0800830c       0x24 c:/siliconlabs/simplicitystudio/v5/developer/toolchains/gnu_arm/12.2.rel1_2023.7/bin/../lib/gcc/arm-none-eabi/12.2.1/thumb/v8-m.main+fp/hard\libc_nano.a(libc_a-stdio.o)
                0x0800830c                __sseek
 .text.__sclose
                0x08008330        0x8 c:/siliconlabs/simplicitystudio/v5/developer/toolchains/gnu_arm/12.2.rel1_2023.7/bin/../lib/gcc/arm-none-eabi/12.2.1/thumb/v8-m.main+fp/hard\libc_nano.a(libc_a-stdio.o)
                0x08008330                __sclose
 .text.__swbuf_r
                0x08008338       0x7c c:/siliconlabs/simplicitystudio/v5/developer/toolchains/gnu_arm/12.2.rel1_2023.7/bin/../lib/gcc/arm-none-eabi/12.2.1/thumb/v8-m.main+fp/hard\libc_nano.a(libc_a-wbuf.o)
                0x08008338                __swbuf_r
 .text.memset   0x080083b4       0x10 c:/siliconlabs/simplicitystudio/v5/developer/toolchains/gnu_arm/12.2.rel1_2023.7/bin/../lib/gcc/arm-none-eabi/12.2.1/thumb/v8-m.main+fp/hard\libc_nano.a(libc_a-memset.o)
                0x080083b4                memset
 .text.__retarget_lock_init_recursive
                0x080083c4        0x2 c:/siliconlabs/simplicitystudio/v5/developer/toolchains/gnu_arm/12.2.rel1_2023.7/bin/../lib/gcc/arm-none-eabi/12.2.1/thumb/v8-m.main+fp/hard\libc_nano.a(libc_a-lock.o)
                0x080083c4                __retarget_lock_init_recursive
 .text.__retarget_lock_acquire_recursive
                0x080083c6        0x2 c:/siliconlabs/simplicitystudio/v5/developer/toolchains/gnu_arm/12.2.rel1_2023.7/bin/../lib/gcc/arm-none-eabi/12.2.1/thumb/v8-m.main+fp/hard\libc_nano.a(libc_a-lock.o)
                0x080083c6                __retarget_lock_acquire_recursive
 .text.__retarget_lock_release_recursive
                0x080083c8        0x2 c:/siliconlabs/simplicitystudio/v5/developer/toolchains/gnu_arm/12.2.rel1_2023.7/bin/../lib/gcc/arm-none-eabi/12.2.1/thumb/v8-m.main+fp/hard\libc_nano.a(libc_a-lock.o)
                0x080083c8                __retarget_lock_release_recursive
 .text.memchr   0x080083ca       0x1c c:/siliconlabs/simplicitystudio/v5/developer/toolchains/gnu_arm/12.2.rel1_2023.7/bin/../lib/gcc/arm-none-eabi/12.2.1/thumb/v8-m.main+fp/hard\libc_nano.a(libc_a-memchr-stub.o)
                0x080083ca                memchr
 .text.memcpy   0x080083e6       0x1a c:/siliconlabs/simplicitystudio/v5/developer/toolchains/gnu_arm/12.2.rel1_2023.7/bin/../lib/gcc/arm-none-eabi/12.2.1/thumb/v8-m.main+fp/hard\libc_nano.a(libc_a-memcpy-stub.o)
                0x080083e6                memcpy
 .text          0x08008400       0x10 c:/siliconlabs/simplicitystudio/v5/developer/toolchains/gnu_arm/12.2.rel1_2023.7/bin/../lib/gcc/arm-none-eabi/12.2.1/thumb/v8-m.main+fp/hard\libc_nano.a(libc_a-strlen.o)
                0x08008400                strlen
 .text.quorem   0x08008410      0x11a c:/siliconlabs/simplicitystudio/v5/developer/toolchains/gnu_arm/12.2.rel1_2023.7/bin/../lib/gcc/arm-none-eabi/12.2.1/thumb/v8-m.main+fp/hard\libc_nano.a(libc_a-dtoa.o)
 .text.__hi0bits
                0x0800852a       0x44 c:/siliconlabs/simplicitystudio/v5/developer/toolchains/gnu_arm/12.2.rel1_2023.7/bin/../lib/gcc/arm-none-eabi/12.2.1/thumb/v8-m.main+fp/hard\libc_nano.a(libc_a-mprec.o)
                0x0800852a                __hi0bits
 .text.__lo0bits
                0x0800856e       0x5a c:/siliconlabs/simplicitystudio/v5/developer/toolchains/gnu_arm/12.2.rel1_2023.7/bin/../lib/gcc/arm-none-eabi/12.2.1/thumb/v8-m.main+fp/hard\libc_nano.a(libc_a-mprec.o)
                0x0800856e                __lo0bits
 .text.__mcmp   0x080085c8       0x36 c:/siliconlabs/simplicitystudio/v5/developer/toolchains/gnu_arm/12.2.rel1_2023.7/bin/../lib/gcc/arm-none-eabi/12.2.1/thumb/v8-m.main+fp/hard\libc_nano.a(libc_a-mprec.o)
                0x080085c8                __mcmp
 .text.__sfputc_r
                0x080085fe       0x2e c:/siliconlabs/simplicitystudio/v5/developer/toolchains/gnu_arm/12.2.rel1_2023.7/bin/../lib/gcc/arm-none-eabi/12.2.1/thumb/v8-m.main+fp/hard\libc_nano.a(libc_a-nano-vfprintf.o)
 .text.__sfputs_r
                0x0800862c       0x24 c:/siliconlabs/simplicitystudio/v5/developer/toolchains/gnu_arm/12.2.rel1_2023.7/bin/../lib/gcc/arm-none-eabi/12.2.1/thumb/v8-m.main+fp/hard\libc_nano.a(libc_a-nano-vfprintf.o)
                0x0800862c                __sfputs_r
 .text.__sflush_r
                0x08008650      0x106 c:/siliconlabs/simplicitystudio/v5/developer/toolchains/gnu_arm/12.2.rel1_2023.7/bin/../lib/gcc/arm-none-eabi/12.2.1/thumb/v8-m.main+fp/hard\libc_nano.a(libc_a-fflush.o)
                0x08008650                __sflush_r
 .text._fflush_r
                0x08008756       0x50 c:/siliconlabs/simplicitystudio/v5/developer/toolchains/gnu_arm/12.2.rel1_2023.7/bin/../lib/gcc/arm-none-eabi/12.2.1/thumb/v8-m.main+fp/hard\libc_nano.a(libc_a-fflush.o)
                0x08008756                _fflush_r
 .text.__swhatbuf_r
                0x080087a6       0x4a c:/siliconlabs/simplicitystudio/v5/developer/toolchains/gnu_arm/12.2.rel1_2023.7/bin/../lib/gcc/arm-none-eabi/12.2.1/thumb/v8-m.main+fp/hard\libc_nano.a(libc_a-makebuf.o)
                0x080087a6                __swhatbuf_r
 .text.__smakebuf_r
                0x080087f0       0x78 c:/siliconlabs/simplicitystudio/v5/developer/toolchains/gnu_arm/12.2.rel1_2023.7/bin/../lib/gcc/arm-none-eabi/12.2.1/thumb/v8-m.main+fp/hard\libc_nano.a(libc_a-makebuf.o)
                0x080087f0                __smakebuf_r
 .text._putc_r  0x08008868       0x68 c:/siliconlabs/simplicitystudio/v5/developer/toolchains/gnu_arm/12.2.rel1_2023.7/bin/../lib/gcc/arm-none-eabi/12.2.1/thumb/v8-m.main+fp/hard\libc_nano.a(libc_a-putc.o)
                0x08008868                _putc_r
 .text._calloc_r
                0x080088d0       0x28 c:/siliconlabs/simplicitystudio/v5/developer/toolchains/gnu_arm/12.2.rel1_2023.7/bin/../lib/gcc/arm-none-eabi/12.2.1/thumb/v8-m.main+fp/hard\libc_nano.a(libc_a-callocr.o)
                0x080088d0                _calloc_r
 .text.__ascii_mbtowc
                0x080088f8       0x24 c:/siliconlabs/simplicitystudio/v5/developer/toolchains/gnu_arm/12.2.rel1_2023.7/bin/../lib/gcc/arm-none-eabi/12.2.1/thumb/v8-m.main+fp/hard\libc_nano.a(libc_a-mbtowc_r.o)
                0x080088f8                __ascii_mbtowc
 .text.__ascii_wctomb
                0x0800891c       0x1a c:/siliconlabs/simplicitystudio/v5/developer/toolchains/gnu_arm/12.2.rel1_2023.7/bin/../lib/gcc/arm-none-eabi/12.2.1/thumb/v8-m.main+fp/hard\libc_nano.a(libc_a-wctomb_r.o)
                0x0800891c                __ascii_wctomb
 .text.abort    0x08008936        0xe c:/siliconlabs/simplicitystudio/v5/developer/toolchains/gnu_arm/12.2.rel1_2023.7/bin/../lib/gcc/arm-none-eabi/12.2.1/thumb/v8-m.main+fp/hard\libc_nano.a(libc_a-abort.o)
                0x08008936                abort
 .text._raise_r
                0x08008944       0x50 c:/siliconlabs/simplicitystudio/v5/developer/toolchains/gnu_arm/12.2.rel1_2023.7/bin/../lib/gcc/arm-none-eabi/12.2.1/thumb/v8-m.main+fp/hard\libc_nano.a(libc_a-signal.o)
                0x08008944                _raise_r
 .text._getpid_r
                0x08008994        0x4 c:/siliconlabs/simplicitystudio/v5/developer/toolchains/gnu_arm/12.2.rel1_2023.7/bin/../lib/gcc/arm-none-eabi/12.2.1/thumb/v8-m.main+fp/hard\libc_nano.a(libc_a-signalr.o)
                0x08008994                _getpid_r
                0x080089a0                . = ALIGN (0x20)
 *fill*         0x08008998        0x8 
                0x080089a0                linker_code_end = .
 *(.init)
 .init          0x080089a0        0x4 c:/siliconlabs/simplicitystudio/v5/developer/toolchains/gnu_arm/12.2.rel1_2023.7/bin/../lib/gcc/arm-none-eabi/12.2.1/thumb/v8-m.main+fp/hard/crti.o
                0x080089a0                _init
 .init          0x080089a4        0x8 c:/siliconlabs/simplicitystudio/v5/developer/toolchains/gnu_arm/12.2.rel1_2023.7/bin/../lib/gcc/arm-none-eabi/12.2.1/thumb/v8-m.main+fp/hard/crtn.o
 *(.fini)
 .fini          0x080089ac        0x4 c:/siliconlabs/simplicitystudio/v5/developer/toolchains/gnu_arm/12.2.rel1_2023.7/bin/../lib/gcc/arm-none-eabi/12.2.1/thumb/v8-m.main+fp/hard/crti.o
                0x080089ac                _fini
 .fini          0x080089b0        0x8 c:/siliconlabs/simplicitystudio/v5/developer/toolchains/gnu_arm/12.2.rel1_2023.7/bin/../lib/gcc/arm-none-eabi/12.2.1/thumb/v8-m.main+fp/hard/crtn.o
 *crtbegin.o(.ctors)
 *crtbegin?.o(.ctors)
 *(EXCLUDE_FILE(*crtend.o *crtend?.o) .ctors)
 *(SORT_BY_NAME(.ctors.*))
 *(.ctors)
 *crtbegin.o(.dtors)
 *crtbegin?.o(.dtors)
 *(EXCLUDE_FILE(*crtend.o *crtend?.o) .dtors)
 *(SORT_BY_NAME(.dtors.*))
 *(.dtors)
                0x080089b8                __code_classification_validator_start__ = .
                0x080089d8                . = (. + 0x20)
 *fill*         0x080089b8       0x20 
 *(code_classification_validator)
                0x080089e0                . = ALIGN (0x20)
 *fill*         0x080089d8        0x8 
                0x080089e0                __code_classification_validator_end__ = .
 *(.rodata*)
 .rodata.app_init.str1.1
                0x080089e0      0x12e ./app.o
                                0x130 (size before relaxing)
 .rodata.AS7331_ChangeMode.str1.1
                0x08008b0e        0x8 ./as.o
 .rodata.as_dev_id.str1.1
                0x08008b16       0x21 ./as.o
 .rodata.as_init.str1.1
                0x08008b37      0x106 ./as.o
 .rodata.as_process_action.str1.1
                0x08008c3d       0x90 ./as.o
 *fill*         0x08008ccd        0x3 
 .rodata.uvc_fsr
                0x08008cd0       0x30 ./as.o
                0x08008cd0                uvc_fsr
 .rodata.uvb_fsr
                0x08008d00       0x30 ./as.o
                0x08008d00                uvb_fsr
 .rodata.uva_fsr
                0x08008d30       0x30 ./as.o
                0x08008d30                uva_fsr
 .rodata.mpl_dev_id.str1.1
                0x08008d60       0x13 ./mpl.o
                                 0x2d (size before relaxing)
 .rodata.SI7021_measure.constprop.0.str1.1
                0x08008d73        0x8 ./si.o
 .rodata.si_dev_id.str1.1
                0x08008d7b        0x7 ./si.o
                                 0x21 (size before relaxing)
 .rodata.sl_iostream_eusart_init_vcom.str1.1
                0x08008d82       0x2f ./autogen/sl_iostream_init_eusart_instances.o
 *fill*         0x08008db1        0x3 
 .rodata        0x08008db4       0x20 ./autogen/sl_iostream_init_eusart_instances.o
 .rodata.sl_led_led1
                0x08008dd4       0x18 ./autogen/sl_simple_led_instances.o
                0x08008dd4                sl_led_led1
 .rodata.sl_led_led0
                0x08008dec       0x18 ./autogen/sl_simple_led_instances.o
                0x08008dec                sl_led_led0
 .rodata.sl_board_enable_sensor.str1.1
                0x08008e04       0x3e ./gecko_sdk_4.4.1/hardware/board/src/sl_board_control_gpio.o
 *fill*         0x08008e42        0x2 
 .rodata        0x08008e44       0x1c ./gecko_sdk_4.4.1/hardware/driver/mx25_flash_shutdown/src/sl_mx25_flash_shutdown_usart/sl_mx25_flash_shutdown.o
 .rodata.I2CSPM_Init.str1.1
                0x08008e60       0xa1 ./gecko_sdk_4.4.1/platform/driver/i2cspm/src/sl_i2cspm.o
 *fill*         0x08008f01        0x1 
 .rodata.CSWTCH.10
                0x08008f02        0x8 ./gecko_sdk_4.4.1/platform/driver/i2cspm/src/sl_i2cspm.o
 .rodata.GPIO_PinOutClear.str1.1
                0x08008f0a       0x67 ./gecko_sdk_4.4.1/platform/driver/leddrv/src/sl_simple_led.o
 .rodata.CSWTCH.18
                0x08008f0a        0x8 ./gecko_sdk_4.4.1/platform/driver/leddrv/src/sl_simple_led.o
 .rodata        0x08008f12        0x4 ./gecko_sdk_4.4.1/platform/emdrv/dmadrv/src/dmadrv.o
 .rodata.HFRCODPLLDevinfoGet.str1.1
                0x08008f16       0x2f ./gecko_sdk_4.4.1/platform/emlib/src/em_cmu.o
 .rodata.EMU_VScaleEM01.str1.1
                0x08008f45       0x2f ./gecko_sdk_4.4.1/platform/emlib/src/em_emu.o
 .rodata.EUSART_Enable.str1.1
                0x08008f74       0x32 ./gecko_sdk_4.4.1/platform/emlib/src/em_eusart.o
 .rodata.GPIO_PinOutSet.str1.1
                0x08008fa6       0x67 ./gecko_sdk_4.4.1/platform/emlib/src/em_gpio.o
 .rodata.GPIO_ExtIntConfig.str1.1
                0x08008fa6       0x30 ./gecko_sdk_4.4.1/platform/emlib/src/em_gpio.o
 .rodata.CSWTCH.31
                0x08008fd6        0x8 ./gecko_sdk_4.4.1/platform/emlib/src/em_gpio.o
 .rodata.I2C_BusFreqGet.str1.1
                0x08008fde       0x2f ./gecko_sdk_4.4.1/platform/emlib/src/em_i2c.o
 .rodata.i2cNSum
                0x0800900d        0x4 ./gecko_sdk_4.4.1/platform/emlib/src/em_i2c.o
 .rodata.LDMA_EnableChannelRequest.str1.1
                0x08009011       0x96 ./gecko_sdk_4.4.1/platform/emlib/src/em_ldma.o
 .rodata.USART_BaudrateAsyncSet.str1.1
                0x080090a7       0x31 ./gecko_sdk_4.4.1/platform/emlib/src/em_usart.o
 .rodata.sl_hal_sysrtc_init_group.str1.1
                0x080090d8       0x3f ./gecko_sdk_4.4.1/platform/peripheral/src/peripheral_sysrtc.o
 .rodata        0x08009117        0x7 ./gecko_sdk_4.4.1/platform/service/device_init/src/sl_device_init_dcdc_s2.o
 *fill*         0x0800911e        0x2 
 .rodata        0x08009120       0x28 ./gecko_sdk_4.4.1/platform/service/device_init/src/sl_device_init_hfxo_s2.o
 .rodata        0x08009148       0x14 ./gecko_sdk_4.4.1/platform/service/device_init/src/sl_device_init_lfxo_s2.o
 .rodata._write.str1.1
                0x0800915c       0x4e ./gecko_sdk_4.4.1/platform/service/iostream/src/sl_iostream_retarget_stdio.o
 .rodata.get_write_ptr.str1.1
                0x080091aa       0x44 ./gecko_sdk_4.4.1/platform/service/iostream/src/sl_iostream_uart.o
 .rodata.process_timer_irq.str1.1
                0x080091ee       0x43 ./gecko_sdk_4.4.1/platform/service/sleeptimer/src/sl_sleeptimer.o
 .rodata.sl_udelay_wait.str1.1
                0x08009231       0x3b ./gecko_sdk_4.4.1/platform/service/udelay/src/sl_udelay.o
 .rodata._ctype_
                0x0800926c      0x101 c:/siliconlabs/simplicitystudio/v5/developer/toolchains/gnu_arm/12.2.rel1_2023.7/bin/../lib/gcc/arm-none-eabi/12.2.1/thumb/v8-m.main+fp/hard\libc_nano.a(libc_a-ctype_.o)
                0x0800926c                _ctype_
 .rodata._printf_float.str1.1
                0x0800936d       0x12 c:/siliconlabs/simplicitystudio/v5/developer/toolchains/gnu_arm/12.2.rel1_2023.7/bin/../lib/gcc/arm-none-eabi/12.2.1/thumb/v8-m.main+fp/hard\libc_nano.a(libc_a-nano-vfprintf_float.o)
 .rodata._printf_i.str1.1
                0x0800937f       0x22 c:/siliconlabs/simplicitystudio/v5/developer/toolchains/gnu_arm/12.2.rel1_2023.7/bin/../lib/gcc/arm-none-eabi/12.2.1/thumb/v8-m.main+fp/hard\libc_nano.a(libc_a-nano-vfprintf_i.o)
 .rodata._dtoa_r.str1.1
                0x080093a1       0x8e c:/siliconlabs/simplicitystudio/v5/developer/toolchains/gnu_arm/12.2.rel1_2023.7/bin/../lib/gcc/arm-none-eabi/12.2.1/thumb/v8-m.main+fp/hard\libc_nano.a(libc_a-dtoa.o)
                                 0x90 (size before relaxing)
 .rodata._Balloc.str1.1
                0x0800942f       0x5a c:/siliconlabs/simplicitystudio/v5/developer/toolchains/gnu_arm/12.2.rel1_2023.7/bin/../lib/gcc/arm-none-eabi/12.2.1/thumb/v8-m.main+fp/hard\libc_nano.a(libc_a-mprec.o)
                                 0x71 (size before relaxing)
 .rodata.__multadd.str1.1
                0x08009489       0x11 c:/siliconlabs/simplicitystudio/v5/developer/toolchains/gnu_arm/12.2.rel1_2023.7/bin/../lib/gcc/arm-none-eabi/12.2.1/thumb/v8-m.main+fp/hard\libc_nano.a(libc_a-mprec.o)
 *fill*         0x08009489        0x3 
 .rodata.p05.0  0x0800948c        0xc c:/siliconlabs/simplicitystudio/v5/developer/toolchains/gnu_arm/12.2.rel1_2023.7/bin/../lib/gcc/arm-none-eabi/12.2.1/thumb/v8-m.main+fp/hard\libc_nano.a(libc_a-mprec.o)
 .rodata.__mprec_bigtens
                0x08009498       0x28 c:/siliconlabs/simplicitystudio/v5/developer/toolchains/gnu_arm/12.2.rel1_2023.7/bin/../lib/gcc/arm-none-eabi/12.2.1/thumb/v8-m.main+fp/hard\libc_nano.a(libc_a-mprec.o)
                0x08009498                __mprec_bigtens
 .rodata.__mprec_tens
                0x080094c0       0xc8 c:/siliconlabs/simplicitystudio/v5/developer/toolchains/gnu_arm/12.2.rel1_2023.7/bin/../lib/gcc/arm-none-eabi/12.2.1/thumb/v8-m.main+fp/hard\libc_nano.a(libc_a-mprec.o)
                0x080094c0                __mprec_tens
 .rodata._vfprintf_r.str1.1
                0x08009588       0x11 c:/siliconlabs/simplicitystudio/v5/developer/toolchains/gnu_arm/12.2.rel1_2023.7/bin/../lib/gcc/arm-none-eabi/12.2.1/thumb/v8-m.main+fp/hard\libc_nano.a(libc_a-nano-vfprintf.o)
 .rodata._setlocale_r.str1.1
                0x08009599        0x8 c:/siliconlabs/simplicitystudio/v5/developer/toolchains/gnu_arm/12.2.rel1_2023.7/bin/../lib/gcc/arm-none-eabi/12.2.1/thumb/v8-m.main+fp/hard\libc_nano.a(libc_a-locale.o)
                                  0x9 (size before relaxing)
 .rodata.str1.1
                0x080095a1        0x2 c:/siliconlabs/simplicitystudio/v5/developer/toolchains/gnu_arm/12.2.rel1_2023.7/bin/../lib/gcc/arm-none-eabi/12.2.1/thumb/v8-m.main+fp/hard\libc_nano.a(libc_a-locale.o)
 .rodata.__assert_func.str1.1
                0x080095a3       0x3c c:/siliconlabs/simplicitystudio/v5/developer/toolchains/gnu_arm/12.2.rel1_2023.7/bin/../lib/gcc/arm-none-eabi/12.2.1/thumb/v8-m.main+fp/hard\libc_nano.a(libc_a-assert.o)
                                 0x3d (size before relaxing)
 *(.eh_frame*)
 *fill*         0x080095df        0x1 
 .eh_frame      0x080095e0        0x0 c:/siliconlabs/simplicitystudio/v5/developer/toolchains/gnu_arm/12.2.rel1_2023.7/bin/../lib/gcc/arm-none-eabi/12.2.1/thumb/v8-m.main+fp/hard/crtbegin.o

.glue_7         0x080095e0        0x0
 .glue_7        0x080095e0        0x0 linker stubs

.glue_7t        0x080095e0        0x0
 .glue_7t       0x080095e0        0x0 linker stubs

.vfp11_veneer   0x080095e0        0x0
 .vfp11_veneer  0x080095e0        0x0 linker stubs

.v4_bx          0x080095e0        0x0
 .v4_bx         0x080095e0        0x0 linker stubs

.iplt           0x080095e0        0x0
 .iplt          0x080095e0        0x0 c:/siliconlabs/simplicitystudio/v5/developer/toolchains/gnu_arm/12.2.rel1_2023.7/bin/../lib/gcc/arm-none-eabi/12.2.1/thumb/v8-m.main+fp/hard/crtbegin.o

.ARM.extab
 *(.ARM.extab* .gnu.linkonce.armextab.*)
                0x080095e0                __exidx_start = .

.ARM.exidx      0x080095e0        0x8
 *(.ARM.exidx* .gnu.linkonce.armexidx.*)
 .ARM.exidx     0x080095e0        0x8 c:/siliconlabs/simplicitystudio/v5/developer/toolchains/gnu_arm/12.2.rel1_2023.7/bin/../lib/gcc/arm-none-eabi/12.2.1/thumb/v8-m.main+fp/hard/crt0.o
                                 0x10 (size before relaxing)
 .ARM.exidx.text.__udivmoddi4
                0x080095e8        0x0 c:/siliconlabs/simplicitystudio/v5/developer/toolchains/gnu_arm/12.2.rel1_2023.7/bin/../lib/gcc/arm-none-eabi/12.2.1/thumb/v8-m.main+fp/hard\libgcc.a(_udivmoddi4.o)
                                  0x8 (size before relaxing)
                0x080095e8                __exidx_end = .

.rel.dyn        0x080095e8        0x0
 .rel.iplt      0x080095e8        0x0 c:/siliconlabs/simplicitystudio/v5/developer/toolchains/gnu_arm/12.2.rel1_2023.7/bin/../lib/gcc/arm-none-eabi/12.2.1/thumb/v8-m.main+fp/hard/crtbegin.o

.copy.table     0x080095e8        0xc
                0x080095e8                . = ALIGN (0x4)
                0x080095e8                __copy_table_start__ = .
                0x080095e8        0x4 LONG 0x80095f4 __etext
                0x080095ec        0x4 LONG 0x20001000 __data_start__
                0x080095f0        0x4 LONG 0x82 ((__data_end__ - __data_start__) / 0x4)
                0x080095f4                __copy_table_end__ = .

.zero.table     0x080095f4        0x0
                0x080095f4                . = ALIGN (0x4)
                0x080095f4                __zero_table_start__ = .
                0x080095f4                __zero_table_end__ = .
                0x080095f4                __etext = .
                0x20000000                . = ORIGIN (RAM)

.stack          0x20000000     0x1000
                0x20000000                __StackLimit = .
 *(.stack*)
 .stack         0x20000000     0x1000 ./gecko_sdk_4.4.1/platform/common/toolchain/src/sl_memory.o
                0x20001000                . = ALIGN (0x4)
                0x20001000                __StackTop = .
                0x20001000                PROVIDE (__stack = __StackTop)

.noinit
 *(.noinit*)

.data           0x20001000      0x208 load address 0x080095f4
                0x20001000                . = ALIGN (0x4)
                0x20001000                __data_start__ = .
 *(vtable)
 *(SORT_BY_ALIGNMENT(.data*))
 .data.init_sensor
                0x20001000       0x14 ./autogen/sl_i2cspm_init.o
                0x20001000                init_sensor
 .data.sl_i2cspm_sensor
                0x20001014        0x4 ./autogen/sl_i2cspm_init.o
                0x20001014                sl_i2cspm_sensor
 .data.SystemCoreClock
                0x20001018        0x4 ./gecko_sdk_4.4.1/platform/Device/SiliconLabs/EFR32MG24/Source/system_efr32mg24.o
                0x20001018                SystemCoreClock
 .data.SystemHFRCODPLLClock
                0x2000101c        0x4 ./gecko_sdk_4.4.1/platform/Device/SiliconLabs/EFR32MG24/Source/system_efr32mg24.o
 .data.SystemLFXOClock
                0x20001020        0x4 ./gecko_sdk_4.4.1/platform/Device/SiliconLabs/EFR32MG24/Source/system_efr32mg24.o
 .data.SystemHFXOClock
                0x20001024        0x4 ./gecko_sdk_4.4.1/platform/Device/SiliconLabs/EFR32MG24/Source/system_efr32mg24.o
 .data.heap_end.0
                0x20001028        0x4 ./gecko_sdk_4.4.1/platform/common/toolchain/src/sl_memory.o
 .data.__sglue  0x2000102c        0xc c:/siliconlabs/simplicitystudio/v5/developer/toolchains/gnu_arm/12.2.rel1_2023.7/bin/../lib/gcc/arm-none-eabi/12.2.1/thumb/v8-m.main+fp/hard\libc_nano.a(libc_a-findfp.o)
                0x2000102c                __sglue
 .data._impure_ptr
                0x20001038        0x4 c:/siliconlabs/simplicitystudio/v5/developer/toolchains/gnu_arm/12.2.rel1_2023.7/bin/../lib/gcc/arm-none-eabi/12.2.1/thumb/v8-m.main+fp/hard\libc_nano.a(libc_a-impure.o)
                0x20001038                _impure_ptr
 .data._impure_data
                0x2000103c       0x4c c:/siliconlabs/simplicitystudio/v5/developer/toolchains/gnu_arm/12.2.rel1_2023.7/bin/../lib/gcc/arm-none-eabi/12.2.1/thumb/v8-m.main+fp/hard\libc_nano.a(libc_a-impure.o)
                0x2000103c                _impure_data
 .data.__global_locale
                0x20001088      0x16c c:/siliconlabs/simplicitystudio/v5/developer/toolchains/gnu_arm/12.2.rel1_2023.7/bin/../lib/gcc/arm-none-eabi/12.2.1/thumb/v8-m.main+fp/hard\libc_nano.a(libc_a-locale.o)
                0x20001088                __global_locale
 .data.hfxo_precision
                0x200011f4        0x2 ./gecko_sdk_4.4.1/platform/emlib/src/em_cmu.o
 .data.lfxo_precision
                0x200011f6        0x2 ./gecko_sdk_4.4.1/platform/emlib/src/em_cmu.o
 .data.simple_led1_context
                0x200011f8        0x3 ./autogen/sl_simple_led_instances.o