Archive member included to satisfy reference by file (symbol)

c:/siliconlabs/simplicitystudio/v5/developer/toolchains/gnu_arm/12.2.rel1_2023.7/bin/../lib/gcc/arm-none-eabi/12.2.1/thumb/v8-m.main+fp/hard\libgcc.a(_arm_muldf3.o)
                              ./as.o (__aeabi_dmul)
c:/siliconlabs/simplicitystudio/v5/developer/toolchains/gnu_arm/12.2.rel1_2023.7/bin/../lib/gcc/arm-none-eabi/12.2.1/thumb/v8-m.main+fp/hard\libgcc.a(_arm_addsubdf3.o)
                              ./as.o (__aeabi_dsub)
c:/siliconlabs/simplicitystudio/v5/developer/toolchains/gnu_arm/12.2.rel1_2023.7/bin/../lib/gcc/arm-none-eabi/12.2.1/thumb/v8-m.main+fp/hard\libgcc.a(_arm_truncdfsf2.o)
                              ./as.o (__aeabi_d2f)
c:/siliconlabs/simplicitystudio/v5/developer/toolchains/gnu_arm/12.2.rel1_2023.7/bin/../lib/gcc/arm-none-eabi/12.2.1/thumb/v8-m.main+fp/hard\libgcc.a(_aeabi_ldivmod.o)
                              ./gecko_sdk_4.4.1/platform/emlib/src/em_eusart.o (__aeabi_ldivmod)
c:/siliconlabs/simplicitystudio/v5/developer/toolchains/gnu_arm/12.2.rel1_2023.7/bin/../lib/gcc/arm-none-eabi/12.2.1/thumb/v8-m.main+fp/hard\libgcc.a(_aeabi_uldivmod.o)
                              ./gecko_sdk_4.4.1/platform/emlib/src/em_eusart.o (__aeabi_uldivmod)
c:/siliconlabs/simplicitystudio/v5/developer/toolchains/gnu_arm/12.2.rel1_2023.7/bin/../lib/gcc/arm-none-eabi/12.2.1/thumb/v8-m.main+fp/hard\libgcc.a(_udivmoddi4.o)
                              c:/siliconlabs/simplicitystudio/v5/developer/toolchains/gnu_arm/12.2.rel1_2023.7/bin/../lib/gcc/arm-none-eabi/12.2.1/thumb/v8-m.main+fp/hard\libgcc.a(_aeabi_ldivmod.o) (__udivmoddi4)
c:/siliconlabs/simplicitystudio/v5/developer/toolchains/gnu_arm/12.2.rel1_2023.7/bin/../lib/gcc/arm-none-eabi/12.2.1/thumb/v8-m.main+fp/hard\libgcc.a(_dvmd_tls.o)
                              c:/siliconlabs/simplicitystudio/v5/developer/toolchains/gnu_arm/12.2.rel1_2023.7/bin/../lib/gcc/arm-none-eabi/12.2.1/thumb/v8-m.main+fp/hard\libgcc.a(_aeabi_ldivmod.o) (__aeabi_ldiv0)
c:/siliconlabs/simplicitystudio/v5/developer/toolchains/gnu_arm/12.2.rel1_2023.7/bin/../lib/gcc/arm-none-eabi/12.2.1/thumb/v8-m.main+fp/hard\libc_nano.a(libc_a-exit.o)
                              c:/siliconlabs/simplicitystudio/v5/developer/toolchains/gnu_arm/12.2.rel1_2023.7/bin/../lib/gcc/arm-none-eabi/12.2.1/thumb/v8-m.main+fp/hard/crt0.o (exit)
c:/siliconlabs/simplicitystudio/v5/developer/toolchains/gnu_arm/12.2.rel1_2023.7/bin/../lib/gcc/arm-none-eabi/12.2.1/thumb/v8-m.main+fp/hard\libc_nano.a(libc_a-ctype_.o)
                              ./gecko_sdk_4.4.1/platform/common/src/sl_string.o (_ctype_)
c:/siliconlabs/simplicitystudio/v5/developer/toolchains/gnu_arm/12.2.rel1_2023.7/bin/../lib/gcc/arm-none-eabi/12.2.1/thumb/v8-m.main+fp/hard\libc_nano.a(libc_a-nano-vfprintf_float.o)
                              (_printf_float)
c:/siliconlabs/simplicitystudio/v5/developer/toolchains/gnu_arm/12.2.rel1_2023.7/bin/../lib/gcc/arm-none-eabi/12.2.1/thumb/v8-m.main+fp/hard\libc_nano.a(libc_a-nano-vfprintf_i.o)
                              c:/siliconlabs/simplicitystudio/v5/developer/toolchains/gnu_arm/12.2.rel1_2023.7/bin/../lib/gcc/arm-none-eabi/12.2.1/thumb/v8-m.main+fp/hard\libc_nano.a(libc_a-nano-vfprintf_float.o) (_printf_common)
c:/siliconlabs/simplicitystudio/v5/developer/toolchains/gnu_arm/12.2.rel1_2023.7/bin/../lib/gcc/arm-none-eabi/12.2.1/thumb/v8-m.main+fp/hard\libc_nano.a(libc_a-findfp.o)
                              c:/siliconlabs/simplicitystudio/v5/developer/toolchains/gnu_arm/12.2.rel1_2023.7/bin/../lib/gcc/arm-none-eabi/12.2.1/thumb/v8-m.main+fp/hard\libc_nano.a(libc_a-exit.o) (__stdio_exit_handler)
c:/siliconlabs/simplicitystudio/v5/developer/toolchains/gnu_arm/12.2.rel1_2023.7/bin/../lib/gcc/arm-none-eabi/12.2.1/thumb/v8-m.main+fp/hard\libc_nano.a(libc_a-fwalk.o)
                              c:/siliconlabs/simplicitystudio/v5/developer/toolchains/gnu_arm/12.2.rel1_2023.7/bin/../lib/gcc/arm-none-eabi/12.2.1/thumb/v8-m.main+fp/hard\libc_nano.a(libc_a-findfp.o) (_fwalk_sglue)
c:/siliconlabs/simplicitystudio/v5/developer/toolchains/gnu_arm/12.2.rel1_2023.7/bin/../lib/gcc/arm-none-eabi/12.2.1/thumb/v8-m.main+fp/hard\libc_nano.a(libc_a-printf.o)
                              ./app.o (printf)
c:/siliconlabs/simplicitystudio/v5/developer/toolchains/gnu_arm/12.2.rel1_2023.7/bin/../lib/gcc/arm-none-eabi/12.2.1/thumb/v8-m.main+fp/hard\libc_nano.a(libc_a-putchar.o)
                              ./app.o (putchar)
c:/siliconlabs/simplicitystudio/v5/developer/toolchains/gnu_arm/12.2.rel1_2023.7/bin/../lib/gcc/arm-none-eabi/12.2.1/thumb/v8-m.main+fp/hard\libc_nano.a(libc_a-puts.o)
                              ./app.o (puts)
c:/siliconlabs/simplicitystudio/v5/developer/toolchains/gnu_arm/12.2.rel1_2023.7/bin/../lib/gcc/arm-none-eabi/12.2.1/thumb/v8-m.main+fp/hard\libc_nano.a(libc_a-setvbuf.o)
                              ./gecko_sdk_4.4.1/platform/service/iostream/src/sl_iostream_stdlib_config.o (setvbuf)
[...]
Memory Configuration

Name             Origin             Length             Attributes
FLASH            0x08000000         0x0017e000         xr
RAM              0x20000000         0x00040000         xrw
*default*        0x00000000         0xffffffff

Linker script and memory map

LOAD c:/siliconlabs/simplicitystudio/v5/developer/toolchains/gnu_arm/12.2.rel1_2023.7/bin/../lib/gcc/arm-none-eabi/12.2.1/thumb/v8-m.main+fp/hard/crti.o
LOAD c:/siliconlabs/simplicitystudio/v5/developer/toolchains/gnu_arm/12.2.rel1_2023.7/bin/../lib/gcc/arm-none-eabi/12.2.1/thumb/v8-m.main+fp/hard/crtbegin.o
LOAD c:/siliconlabs/simplicitystudio/v5/developer/toolchains/gnu_arm/12.2.rel1_2023.7/bin/../lib/gcc/arm-none-eabi/12.2.1/thumb/v8-m.main+fp/hard/crt0.o
START GROUP
LOAD ./app.o
LOAD ./as.o
LOAD ./main.o
LOAD ./mpl.o
LOAD ./si.o
LOAD ./autogen/sl_board_default_init.o
LOAD ./autogen/sl_device_init_clocks.o
LOAD ./autogen/sl_event_handler.o
LOAD ./autogen/sl_i2cspm_init.o
LOAD ./autogen/sl_iostream_handles.o
LOAD ./autogen/sl_iostream_init_eusart_instances.o
LOAD ./autogen/sl_simple_led_instances.o
LOAD ./gecko_sdk_4.4.1/hardware/board/src/sl_board_control_gpio.o
LOAD ./gecko_sdk_4.4.1/hardware/board/src/sl_board_init.o
LOAD ./gecko_sdk_4.4.1/hardware/driver/configuration_over_swo/src/sl_cos.o
LOAD ./gecko_sdk_4.4.1/hardware/driver/mx25_flash_shutdown/src/sl_mx25_flash_shutdown_usart/sl_mx25_flash_shutdown.o
LOAD ./gecko_sdk_4.4.1/platform/Device/SiliconLabs/EFR32MG24/Source/startup_efr32mg24.o
LOAD ./gecko_sdk_4.4.1/platform/Device/SiliconLabs/EFR32MG24/Source/system_efr32mg24.o
LOAD ./gecko_sdk_4.4.1/platform/common/src/sl_assert.o
LOAD ./gecko_sdk_4.4.1/platform/common/src/sl_slist.o
LOAD ./gecko_sdk_4.4.1/platform/common/src/sl_string.o
LOAD ./gecko_sdk_4.4.1/platform/common/src/sl_syscalls.o
LOAD ./gecko_sdk_4.4.1/platform/common/toolchain/src/sl_memory.o
LOAD ./gecko_sdk_4.4.1/platform/driver/debug/src/sl_debug_swo.o
LOAD ./gecko_sdk_4.4.1/platform/driver/i2cspm/src/sl_i2cspm.o
LOAD ./gecko_sdk_4.4.1/platform/driver/leddrv/src/sl_led.o
LOAD ./gecko_sdk_4.4.1/platform/driver/leddrv/src/sl_simple_led.o
LOAD ./gecko_sdk_4.4.1/platform/emdrv/dmadrv/src/dmadrv.o
LOAD ./gecko_sdk_4.4.1/platform/emlib/src/em_burtc.o
LOAD ./gecko_sdk_4.4.1/platform/emlib/src/em_cmu.o
LOAD ./gecko_sdk_4.4.1/platform/emlib/src/em_core.o
LOAD ./gecko_sdk_4.4.1/platform/emlib/src/em_emu.o
LOAD ./gecko_sdk_4.4.1/platform/emlib/src/em_eusart.o
LOAD ./gecko_sdk_4.4.1/platform/emlib/src/em_gpio.o
LOAD ./gecko_sdk_4.4.1/platform/emlib/src/em_i2c.o
LOAD ./gecko_sdk_4.4.1/platform/emlib/src/em_ldma.o
LOAD ./gecko_sdk_4.4.1/platform/emlib/src/em_msc.o
LOAD ./gecko_sdk_4.4.1/platform/emlib/src/em_prs.o
LOAD ./gecko_sdk_4.4.1/platform/emlib/src/em_system.o
LOAD ./gecko_sdk_4.4.1/platform/emlib/src/em_timer.o
LOAD ./gecko_sdk_4.4.1/platform/emlib/src/em_usart.o
LOAD ./gecko_sdk_4.4.1/platform/peripheral/src/peripheral_sysrtc.o
LOAD ./gecko_sdk_4.4.1/platform/service/device_init/src/sl_device_init_dcdc_s2.o
LOAD ./gecko_sdk_4.4.1/platform/service/device_init/src/sl_device_init_emu_s2.o
LOAD ./gecko_sdk_4.4.1/platform/service/device_init/src/sl_device_init_hfxo_s2.o
LOAD ./gecko_sdk_4.4.1/platform/service/device_init/src/sl_device_init_lfxo_s2.o
LOAD ./gecko_sdk_4.4.1/platform/service/device_init/src/sl_device_init_nvic.o
LOAD ./gecko_sdk_4.4.1/platform/service/iostream/src/sl_iostream.o
LOAD ./gecko_sdk_4.4.1/platform/service/iostream/src/sl_iostream_eusart.o
LOAD ./gecko_sdk_4.4.1/platform/service/iostream/src/sl_iostream_retarget_stdio.o
LOAD ./gecko_sdk_4.4.1/platform/service/iostream/src/sl_iostream_stdlib_config.o
LOAD ./gecko_sdk_4.4.1/platform/service/iostream/src/sl_iostream_uart.o
LOAD ./gecko_sdk_4.4.1/platform/service/sleeptimer/src/sl_sleeptimer.o
LOAD ./gecko_sdk_4.4.1/platform/service/sleeptimer/src/sl_sleeptimer_hal_burtc.o
LOAD ./gecko_sdk_4.4.1/platform/service/sleeptimer/src/sl_sleeptimer_hal_sysrtc.o
LOAD ./gecko_sdk_4.4.1/platform/service/sleeptimer/src/sl_sleeptimer_hal_timer.o
LOAD ./gecko_sdk_4.4.1/platform/service/system/src/sl_system_init.o
LOAD ./gecko_sdk_4.4.1/platform/service/system/src/sl_system_process_action.o
LOAD ./gecko_sdk_4.4.1/platform/service/udelay/src/sl_udelay.o
LOAD ./gecko_sdk_4.4.1/platform/service/udelay/src/sl_udelay_armv6m_gcc.o
LOAD c:/siliconlabs/simplicitystudio/v5/developer/toolchains/gnu_arm/12.2.rel1_2023.7/bin/../lib/gcc/arm-none-eabi/12.2.1/thumb/v8-m.main+fp/hard\libgcc.a
LOAD c:/siliconlabs/simplicitystudio/v5/developer/toolchains/gnu_arm/12.2.rel1_2023.7/bin/../lib/gcc/arm-none-eabi/12.2.1/thumb/v8-m.main+fp/hard\libc_nano.a
LOAD c:/siliconlabs/simplicitystudio/v5/developer/toolchains/gnu_arm/12.2.rel1_2023.7/bin/../lib/gcc/arm-none-eabi/12.2.1/thumb/v8-m.main+fp/hard\libm.a
LOAD c:/siliconlabs/simplicitystudio/v5/developer/toolchains/gnu_arm/12.2.rel1_2023.7/bin/../lib/gcc/arm-none-eabi/12.2.1/thumb/v8-m.main+fp/hard\libnosys.a
END GROUP
START GROUP
LOAD c:/siliconlabs/simplicitystudio/v5/developer/toolchains/gnu_arm/12.2.rel1_2023.7/bin/../lib/gcc/arm-none-eabi/12.2.1/thumb/v8-m.main+fp/hard\libgcc.a
LOAD c:/siliconlabs/simplicitystudio/v5/developer/toolchains/gnu_arm/12.2.rel1_2023.7/bin/../lib/gcc/arm-none-eabi/12.2.1/thumb/v8-m.main+fp/hard\libc_nano.a
LOAD c:/siliconlabs/simplicitystudio/v5/developer/toolchains/gnu_arm/12.2.rel1_2023.7/bin/../lib/gcc/arm-none-eabi/12.2.1/thumb/v8-m.main+fp/hard\libnosys.a
END GROUP
START GROUP
LOAD c:/siliconlabs/simplicitystudio/v5/developer/toolchains/gnu_arm/12.2.rel1_2023.7/bin/../lib/gcc/arm-none-eabi/12.2.1/thumb/v8-m.main+fp/hard\libgcc.a
LOAD c:/siliconlabs/simplicitystudio/v5/developer/toolchains/gnu_arm/12.2.rel1_2023.7/bin/../lib/gcc/arm-none-eabi/12.2.1/thumb/v8-m.main+fp/hard\libg_nano.a
LOAD c:/siliconlabs/simplicitystudio/v5/developer/toolchains/gnu_arm/12.2.rel1_2023.7/bin/../lib/gcc/arm-none-eabi/12.2.1/thumb/v8-m.main+fp/hard\libc_nano.a
END GROUP
START GROUP
LOAD c:/siliconlabs/simplicitystudio/v5/developer/toolchains/gnu_arm/12.2.rel1_2023.7/bin/../lib/gcc/arm-none-eabi/12.2.1/thumb/v8-m.main+fp/hard\libgcc.a
LOAD c:/siliconlabs/simplicitystudio/v5/developer/toolchains/gnu_arm/12.2.rel1_2023.7/bin/../lib/gcc/arm-none-eabi/12.2.1/thumb/v8-m.main+fp/hard\libc_nano.a
END GROUP
LOAD c:/siliconlabs/simplicitystudio/v5/developer/toolchains/gnu_arm/12.2.rel1_2023.7/bin/../lib/gcc/arm-none-eabi/12.2.1/thumb/v8-m.main+fp/hard/crtend.o
LOAD c:/siliconlabs/simplicitystudio/v5/developer/toolchains/gnu_arm/12.2.rel1_2023.7/bin/../lib/gcc/arm-none-eabi/12.2.1/thumb/v8-m.main+fp/hard/crtn.o

.text           0x08000000     0x92d8
                0x08000000                linker_vectors_begin = .
 *(.vectors)
 .vectors       0x08000000      0x170 ./gecko_sdk_4.4.1/platform/Device/SiliconLabs/EFR32MG24/Source/startup_efr32mg24.o
                0x08000000                __Vectors
                0x08000170                linker_vectors_end = .
                0x08000170                __Vectors_End = .
                0x08000170                __Vectors_Size = (__Vectors_End - __Vectors)
                0x08000170                linker_code_begin = .
 *(SORT_BY_ALIGNMENT(.text*))
 .text          0x08000170        0x8 ./gecko_sdk_4.4.1/platform/service/udelay/src/sl_udelay_armv6m_gcc.o
                0x08000170                sli_delay_loop
 .text.AS7331_GetTemperature
                0x08000178       0xb0 ./as.o
                0x08000178                AS7331_GetTemperature
 .text._dtoa_r  0x08000228      0xc54 c:/siliconlabs/simplicitystudio/v5/developer/toolchains/gnu_arm/12.2.rel1_2023.7/bin/../lib/gcc/arm-none-eabi/12.2.1/thumb/v8-m.main+fp/hard\libc_nano.a(libc_a-dtoa.o)
                0x08000228                _dtoa_r
 .text.deregister_tm_clones
                0x08000e7c       0x1c c:/siliconlabs/simplicitystudio/v5/developer/toolchains/gnu_arm/12.2.rel1_2023.7/bin/../lib/gcc/arm-none-eabi/12.2.1/thumb/v8-m.main+fp/hard/crtbegin.o
 .text.register_tm_clones
                0x08000e98       0x28 c:/siliconlabs/simplicitystudio/v5/developer/toolchains/gnu_arm/12.2.rel1_2023.7/bin/../lib/gcc/arm-none-eabi/12.2.1/thumb/v8-m.main+fp/hard/crtbegin.o
 .text.__do_global_dtors_aux
                0x08000ec0       0x28 c:/siliconlabs/simplicitystudio/v5/developer/toolchains/gnu_arm/12.2.rel1_2023.7/bin/../lib/gcc/arm-none-eabi/12.2.1/thumb/v8-m.main+fp/hard/crtbegin.o
 .text.frame_dummy
                0x08000ee8       0x24 c:/siliconlabs/simplicitystudio/v5/developer/toolchains/gnu_arm/12.2.rel1_2023.7/bin/../lib/gcc/arm-none-eabi/12.2.1/thumb/v8-m.main+fp/hard/crtbegin.o
 .text          0x08000f0c       0x7c c:/siliconlabs/simplicitystudio/v5/developer/toolchains/gnu_arm/12.2.rel1_2023.7/bin/../lib/gcc/arm-none-eabi/12.2.1/thumb/v8-m.main+fp/hard/crt0.o
                0x08000f0c                _stack_init
                0x08000f14                _start
                0x08000f14                _mainCRTStartup
 .text.app_init
                0x08000f88       0xb4 ./app.o
                0x08000f88                app_init
 .text.AS7331_transaction.constprop.0
                0x0800103c       0x50 ./as.o
 .text.flush_buffers
                0x0800108c       0x24 ./as.o
                0x0800108c                flush_buffers
 .text.AS7331_ChangeMode
                0x080010b0       0xa0 ./as.o
                0x080010b0                AS7331_ChangeMode
 .text.as_dev_id
                0x08001150       0x68 ./as.o
                0x08001150                as_dev_id
 .text.as_init  0x080011b8       0xf4 ./as.o
                0x080011b8                as_init
 .text.as_process_action
                0x080012ac       0x2c ./as.o
                0x080012ac                as_process_action
 .text.mpl_dev_id
                0x080012d8       0x74 ./mpl.o
                0x080012d8                mpl_dev_id
 .text.timer_callback
                0x0800134c        0xc ./si.o
 .text.decode_temp
                0x08001358       0x54 ./si.o
                0x08001358                decode_temp
 .text.SI7021_measure.constprop.0
                0x080013ac       0xc8 ./si.o
 .text.initialise_temp_limits
                0x08001474       0x28 ./si.o
                0x08001474                initialise_temp_limits
 .text.si_dev_id
                0x0800149c       0x78 ./si.o
                0x0800149c                si_dev_id
 .text.si_init  0x08001514       0x2c ./si.o
                0x08001514                si_init
 .text.sl_device_init_clocks
                0x08001540       0xac ./autogen/sl_device_init_clocks.o
                0x08001540                sl_device_init_clocks
 .text.sl_i2cspm_init_instances
                0x080015ec       0x18 ./autogen/sl_i2cspm_init.o
                0x080015ec                sl_i2cspm_init_instances
 .text.sl_iostream_eusart_init_vcom
                0x08001604       0xc4 ./autogen/sl_iostream_init_eusart_instances.o
                0x08001604                sl_iostream_eusart_init_vcom
 .text.EUSART0_RX_IRQHandler
                0x080016c8        0xc ./autogen/sl_iostream_init_eusart_instances.o
                0x080016c8                EUSART0_RX_IRQHandler
 .text.sl_simple_led_init_instances
                0x080016d4       0x1c ./autogen/sl_simple_led_instances.o
                0x080016d4                sl_simple_led_init_instances
 .text.sl_board_enable_sensor
                0x080016f0       0x60 ./gecko_sdk_4.4.1/hardware/board/src/sl_board_control_gpio.o
                0x080016f0                sl_board_enable_sensor
 .text.cs_high  0x08001750       0x10 ./gecko_sdk_4.4.1/hardware/driver/mx25_flash_shutdown/src/sl_mx25_flash_shutdown_usart/sl_mx25_flash_shutdown.o
 .text.cs_low   0x08001760       0x10 ./gecko_sdk_4.4.1/hardware/driver/mx25_flash_shutdown/src/sl_mx25_flash_shutdown_usart/sl_mx25_flash_shutdown.o
 .text.sl_mx25_flash_shutdown
                0x08001770      0x118 ./gecko_sdk_4.4.1/hardware/driver/mx25_flash_shutdown/src/sl_mx25_flash_shutdown_usart/sl_mx25_flash_shutdown.o
                0x08001770                sl_mx25_flash_shutdown
 .text.CopyRamFuncs
                0x08001888       0x1c ./gecko_sdk_4.4.1/platform/Device/SiliconLabs/EFR32MG24/Source/startup_efr32mg24.o
                0x08001888                CopyRamFuncs
 .text.Reset_Handler
                0x080018a4       0x64 ./gecko_sdk_4.4.1/platform/Device/SiliconLabs/EFR32MG24/Source/startup_efr32mg24.o
                0x080018a4                Reset_Handler
 .text.SystemInit
                0x08001908       0x68 ./gecko_sdk_4.4.1/platform/Device/SiliconLabs/EFR32MG24/Source/system_efr32mg24.o
                0x08001908                SystemInit
 .text.SystemHFRCODPLLClockGet
                0x08001970        0xc ./gecko_sdk_4.4.1/platform/Device/SiliconLabs/EFR32MG24/Source/system_efr32mg24.o
                0x08001970                SystemHFRCODPLLClockGet
 .text.SystemSYSCLKGet
                0x0800197c       0x34 ./gecko_sdk_4.4.1/platform/Device/SiliconLabs/EFR32MG24/Source/system_efr32mg24.o
                0x0800197c                SystemSYSCLKGet
 .text.SystemHCLKGet
                0x080019b0       0x24 ./gecko_sdk_4.4.1/platform/Device/SiliconLabs/EFR32MG24/Source/system_efr32mg24.o
                0x080019b0                SystemHCLKGet
 .text.SystemMaxCoreClockGet
                0x080019d4        0x8 ./gecko_sdk_4.4.1/platform/Device/SiliconLabs/EFR32MG24/Source/system_efr32mg24.o
                0x080019d4                SystemMaxCoreClockGet
 .text.SystemHFXOClockGet
                0x080019dc        0xc ./gecko_sdk_4.4.1/platform/Device/SiliconLabs/EFR32MG24/Source/system_efr32mg24.o
                0x080019dc                SystemHFXOClockGet
 .text.SystemHFXOClockSet
                0x080019e8       0x20 ./gecko_sdk_4.4.1/platform/Device/SiliconLabs/EFR32MG24/Source/system_efr32mg24.o
                0x080019e8                SystemHFXOClockSet
 .text.SystemFSRCOClockGet
                0x08001a08        0x8 ./gecko_sdk_4.4.1/platform/Device/SiliconLabs/EFR32MG24/Source/system_efr32mg24.o
                0x08001a08                SystemFSRCOClockGet
 .text.SystemHFRCOEM23ClockGet
                0x08001a10       0x84 ./gecko_sdk_4.4.1/platform/Device/SiliconLabs/EFR32MG24/Source/system_efr32mg24.o
                0x08001a10                SystemHFRCOEM23ClockGet
 .text.SystemLFXOClockGet
                0x08001a94        0xc ./gecko_sdk_4.4.1/platform/Device/SiliconLabs/EFR32MG24/Source/system_efr32mg24.o
                0x08001a94                SystemLFXOClockGet
 .text._sbrk    0x08001aa0       0x20 ./gecko_sdk_4.4.1/platform/common/toolchain/src/sl_memory.o
                0x08001aa0                _sbrk
 .text.sl_debug_swo_init
                0x08001ac0      0x114 ./gecko_sdk_4.4.1/platform/driver/debug/src/sl_debug_swo.o
                0x08001ac0                sl_debug_swo_init
 .text.sl_debug_swo_write_u8
                0x08001bd4       0x44 ./gecko_sdk_4.4.1/platform/driver/debug/src/sl_debug_swo.o
                0x08001bd4                sl_debug_swo_write_u8
 .text.I2CSPM_Init
                0x08001c18      0x158 ./gecko_sdk_4.4.1/platform/driver/i2cspm/src/sl_i2cspm.o
                0x08001c18                I2CSPM_Init
 .text.I2CSPM_Transfer
                0x08001d70       0x20 ./gecko_sdk_4.4.1/platform/driver/i2cspm/src/sl_i2cspm.o
                0x08001d70                I2CSPM_Transfer
 .text.GPIO_PinOutClear
                0x08001d90       0x3c ./gecko_sdk_4.4.1/platform/driver/leddrv/src/sl_simple_led.o
 .text.GPIO_PinOutSet
                0x08001dcc       0x3c ./gecko_sdk_4.4.1/platform/driver/leddrv/src/sl_simple_led.o
 .text.sl_simple_led_toggle
                0x08001e08       0x3c ./gecko_sdk_4.4.1/platform/driver/leddrv/src/sl_simple_led.o
                0x08001e08                sl_simple_led_toggle
 .text.sl_simple_led_get_state
                0x08001e44       0x4c ./gecko_sdk_4.4.1/platform/driver/leddrv/src/sl_simple_led.o
                0x08001e44                sl_simple_led_get_state
 .text.StartTransfer
                0x08001e90      0x17c ./gecko_sdk_4.4.1/platform/emdrv/dmadrv/src/dmadrv.o
 .text.DMADRV_AllocateChannel
                0x0800200c       0x60 ./gecko_sdk_4.4.1/platform/emdrv/dmadrv/src/dmadrv.o
                0x0800200c                DMADRV_AllocateChannel
 .text.DMADRV_DeInit
                0x0800206c       0x44 ./gecko_sdk_4.4.1/platform/emdrv/dmadrv/src/dmadrv.o
                0x0800206c                DMADRV_DeInit
 .text.DMADRV_FreeChannel
                0x080020b0       0x4c ./gecko_sdk_4.4.1/platform/emdrv/dmadrv/src/dmadrv.o
                0x080020b0                DMADRV_FreeChannel
 .text.DMADRV_Init
                0x080020fc       0x68 ./gecko_sdk_4.4.1/platform/emdrv/dmadrv/src/dmadrv.o
                0x080020fc                DMADRV_Init
 .text.DMADRV_PauseTransfer
                0x08002164       0x40 ./gecko_sdk_4.4.1/platform/emdrv/dmadrv/src/dmadrv.o
                0x08002164                DMADRV_PauseTransfer
 .text.DMADRV_ResumeTransfer
                0x080021a4       0x40 ./gecko_sdk_4.4.1/platform/emdrv/dmadrv/src/dmadrv.o
                0x080021a4                DMADRV_ResumeTransfer
 .text.DMADRV_StopTransfer
                0x080021e4       0x40 ./gecko_sdk_4.4.1/platform/emdrv/dmadrv/src/dmadrv.o
                0x080021e4                DMADRV_StopTransfer
 .text.DMADRV_TransferCompletePending
                0x08002224       0x50 ./gecko_sdk_4.4.1/platform/emdrv/dmadrv/src/dmadrv.o
                0x08002224                DMADRV_TransferCompletePending
 .text.DMADRV_TransferDone
                0x08002274       0x44 ./gecko_sdk_4.4.1/platform/emdrv/dmadrv/src/dmadrv.o
                0x08002274                DMADRV_TransferDone
 .text.LDMA_IRQHandler
                0x080022b8       0x74 ./gecko_sdk_4.4.1/platform/emdrv/dmadrv/src/dmadrv.o
                0x080022b8                LDMA_IRQHandler
 .text.EMU_VScaleGet
                0x0800232c       0x18 ./gecko_sdk_4.4.1/platform/emlib/src/em_cmu.o
 .text.traceClkGet
                0x08002344       0x54 ./gecko_sdk_4.4.1/platform/emlib/src/em_cmu.o
 .text.em01GrpaClkGet
                0x08002398       0x74 ./gecko_sdk_4.4.1/platform/emlib/src/em_cmu.o
 .text.em01GrpcClkGet
                0x0800240c       0x70 ./gecko_sdk_4.4.1/platform/emlib/src/em_cmu.o
 .text.iadcClkGet
                0x0800247c       0x60 ./gecko_sdk_4.4.1/platform/emlib/src/em_cmu.o
 .text.eusart0ClkGet
                0x080024dc       0x74 ./gecko_sdk_4.4.1/platform/emlib/src/em_cmu.o
 .text.em23GrpaClkGet
                0x08002550       0x48 ./gecko_sdk_4.4.1/platform/emlib/src/em_cmu.o
 .text.vdac0ClkGet
                0x08002598       0x70 ./gecko_sdk_4.4.1/platform/emlib/src/em_cmu.o
 .text.vdac1ClkGet
                0x08002608       0x70 ./gecko_sdk_4.4.1/platform/emlib/src/em_cmu.o
 .text.pcnt0ClkGet
                0x08002678       0x4c ./gecko_sdk_4.4.1/platform/emlib/src/em_cmu.o
 .text.wdog0ClkGet
                0x080026c4       0x64 ./gecko_sdk_4.4.1/platform/emlib/src/em_cmu.o
 .text.wdog1ClkGet
                0x08002728       0x64 ./gecko_sdk_4.4.1/platform/emlib/src/em_cmu.o
 .text.sysrtcClkGet
                0x0800278c       0x48 ./gecko_sdk_4.4.1/platform/emlib/src/em_cmu.o
 .text.em4GrpaClkGet
                0x080027d4       0x48 ./gecko_sdk_4.4.1/platform/emlib/src/em_cmu.o
 .text.CMU_ClockDivGet
                0x0800281c       0x78 ./gecko_sdk_4.4.1/platform/emlib/src/em_cmu.o
                0x0800281c                CMU_ClockDivGet
 .text.flashWaitStateControl
                0x08002894       0x58 ./gecko_sdk_4.4.1/platform/emlib/src/em_cmu.o
 .text.CMU_ClockEnable
                0x080028ec       0x50 ./gecko_sdk_4.4.1/platform/emlib/src/em_cmu.o
                0x080028ec                CMU_ClockEnable
 .text.CMU_ClockFreqGet
                0x0800293c      0x204 ./gecko_sdk_4.4.1/platform/emlib/src/em_cmu.o
                0x0800293c                CMU_ClockFreqGet
 .text.rhclkPrescOptimize
                0x08002b40       0x20 ./gecko_sdk_4.4.1/platform/emlib/src/em_cmu.o
 .text.CMU_ClockSelectGet
                0x08002b60      0x22c ./gecko_sdk_4.4.1/platform/emlib/src/em_cmu.o
                0x08002b60                CMU_ClockSelectGet
 .text.sli_em_cmu_HFXOSetForceEnable
                0x08002d8c       0x1c ./gecko_sdk_4.4.1/platform/emlib/src/em_cmu.o
                0x08002d8c                sli_em_cmu_HFXOSetForceEnable
 .text.CMU_HFXOInit
                0x08002da8      0x224 ./gecko_sdk_4.4.1/platform/emlib/src/em_cmu.o
                0x08002da8                CMU_HFXOInit
 .text.CMU_HFXOCTuneDeltaGet
                0x08002fcc        0xc ./gecko_sdk_4.4.1/platform/emlib/src/em_cmu.o
                0x08002fcc                CMU_HFXOCTuneDeltaGet
 .text.CMU_LFXOInit
                0x08002fd8       0xc4 ./gecko_sdk_4.4.1/platform/emlib/src/em_cmu.o
                0x08002fd8                CMU_LFXOInit
 .text.CMU_LFXOPrecisionSet
                0x0800309c        0xc ./gecko_sdk_4.4.1/platform/emlib/src/em_cmu.o
                0x0800309c                CMU_LFXOPrecisionSet
 .text.CMU_HFXOPrecisionSet
                0x080030a8        0xc ./gecko_sdk_4.4.1/platform/emlib/src/em_cmu.o
                0x080030a8                CMU_HFXOPrecisionSet
 .text.CMU_ClockDivSet
                0x080030b4      0x12c ./gecko_sdk_4.4.1/platform/emlib/src/em_cmu.o
                0x080030b4                CMU_ClockDivSet
 .text.sli_em_cmu_SYSCLKInitPreClockSelect
                0x080031e0       0x20 ./gecko_sdk_4.4.1/platform/emlib/src/em_cmu.o
                0x080031e0                sli_em_cmu_SYSCLKInitPreClockSelect
 .text.pclkDivOptimize
                0x08003200       0x24 ./gecko_sdk_4.4.1/platform/emlib/src/em_cmu.o
 .text.EMU_DCDCSync
                0x08003224       0x10 ./gecko_sdk_4.4.1/platform/emlib/src/em_emu.o
 .text.EMU_EM4Init
                0x08003234       0x14 ./gecko_sdk_4.4.1/platform/emlib/src/em_emu.o
                0x08003234                EMU_EM4Init
 .text.EMU_VScaleEM01
                0x08003248       0xa8 ./gecko_sdk_4.4.1/platform/emlib/src/em_emu.o
                0x08003248                EMU_VScaleEM01
 .text.EMU_VScaleEM01ByClock
                0x080032f0       0x30 ./gecko_sdk_4.4.1/platform/emlib/src/em_emu.o
                0x080032f0                EMU_VScaleEM01ByClock
 .text.EMU_DCDCModeSet
                0x08003320       0xac ./gecko_sdk_4.4.1/platform/emlib/src/em_emu.o
                0x08003320                EMU_DCDCModeSet
 .text.EMU_DCDCInit
                0x080033cc       0x70 ./gecko_sdk_4.4.1/platform/emlib/src/em_emu.o
                0x080033cc                EMU_DCDCInit
 .text.EMU_DCDCSetPFMXModePeakCurrent
                0x0800343c       0x6c ./gecko_sdk_4.4.1/platform/emlib/src/em_emu.o
                0x0800343c                EMU_DCDCSetPFMXModePeakCurrent
 .text.EUSART_Reset
                0x080034a8       0x54 ./gecko_sdk_4.4.1/platform/emlib/src/em_eusart.o
                0x080034a8                EUSART_Reset
 .text.EUSART_Enable
                0x080034fc       0x6c ./gecko_sdk_4.4.1/platform/emlib/src/em_eusart.o
                0x080034fc                EUSART_Enable
 .text.EUSART_BaudrateSet
                0x08003568      0x1cc ./gecko_sdk_4.4.1/platform/emlib/src/em_eusart.o
                0x08003568                EUSART_BaudrateSet
 .text.EUSART_AsyncInitCommon
                0x08003734      0x23c ./gecko_sdk_4.4.1/platform/emlib/src/em_eusart.o
 .text.EUSART_UartInitHf
                0x08003970       0x5c ./gecko_sdk_4.4.1/platform/emlib/src/em_eusart.o
                0x08003970                EUSART_UartInitHf
 .text.EUSART_UartInitLf
                0x080039cc       0xb8 ./gecko_sdk_4.4.1/platform/emlib/src/em_eusart.o
                0x080039cc                EUSART_UartInitLf
 .text.GPIO_PinOutSet
                0x08003a84       0x3c ./gecko_sdk_4.4.1/platform/emlib/src/em_gpio.o
 .text.GPIO_PinOutClear
                0x08003ac0       0x3c ./gecko_sdk_4.4.1/platform/emlib/src/em_gpio.o
 .text.GPIO_PinModeSet
                0x08003afc       0x94 ./gecko_sdk_4.4.1/platform/emlib/src/em_gpio.o
                0x08003afc                GPIO_PinModeSet
 .text.I2C_BusFreqSet
                0x08003b90      0x108 ./gecko_sdk_4.4.1/platform/emlib/src/em_i2c.o
                0x08003b90                I2C_BusFreqSet
 .text.I2C_Enable
                0x08003c98       0x38 ./gecko_sdk_4.4.1/platform/emlib/src/em_i2c.o
                0x08003c98                I2C_Enable
 .text.I2C_Init
                0x08003cd0       0x64 ./gecko_sdk_4.4.1/platform/emlib/src/em_i2c.o
                0x08003cd0                I2C_Init
 .text.I2C_Transfer
                0x08003d34      0x224 ./gecko_sdk_4.4.1/platform/emlib/src/em_i2c.o
                0x08003d34                I2C_Transfer
 .text.I2C_TransferInit
                0x08003f58       0xbc ./gecko_sdk_4.4.1/platform/emlib/src/em_i2c.o
                0x08003f58                I2C_TransferInit
 .text.LDMA_DeInit
                0x08004014       0x3c ./gecko_sdk_4.4.1/platform/emlib/src/em_ldma.o
                0x08004014                LDMA_DeInit
 .text.LDMA_EnableChannelRequest
                0x08004050       0x40 ./gecko_sdk_4.4.1/platform/emlib/src/em_ldma.o
                0x08004050                LDMA_EnableChannelRequest
 .text.LDMA_Init
                0x08004090       0x94 ./gecko_sdk_4.4.1/platform/emlib/src/em_ldma.o
                0x08004090                LDMA_Init
 .text.LDMA_StartTransfer
                0x08004124      0x104 ./gecko_sdk_4.4.1/platform/emlib/src/em_ldma.o
                0x08004124                LDMA_StartTransfer
 .text.LDMA_StopTransfer
                0x08004228       0x38 ./gecko_sdk_4.4.1/platform/emlib/src/em_ldma.o
                0x08004228                LDMA_StopTransfer
 .text.LDMA_TransferDone
                0x08004260       0x44 ./gecko_sdk_4.4.1/platform/emlib/src/em_ldma.o
                0x08004260                LDMA_TransferDone
 .text.USART_BaudrateSyncSet
                0x080042a4       0x48 ./gecko_sdk_4.4.1/platform/emlib/src/em_usart.o
                0x080042a4                USART_BaudrateSyncSet
 .text.USART_Reset
                0x080042ec       0x58 ./gecko_sdk_4.4.1/platform/emlib/src/em_usart.o
                0x080042ec                USART_Reset
 .text.USART_InitSync
                0x08004344       0xb0 ./gecko_sdk_4.4.1/platform/emlib/src/em_usart.o
                0x08004344                USART_InitSync
 .text.sl_hal_sysrtc_wait_sync
                0x080043f4       0x14 ./gecko_sdk_4.4.1/platform/peripheral/src/peripheral_sysrtc.o
                0x080043f4                sl_hal_sysrtc_wait_sync
 .text.sl_hal_sysrtc_wait_ready
                0x08004408       0x1c ./gecko_sdk_4.4.1/platform/peripheral/src/peripheral_sysrtc.o
                0x08004408                sl_hal_sysrtc_wait_ready
 .text.sl_hal_sysrtc_stop
                0x08004424       0x14 ./gecko_sdk_4.4.1/platform/peripheral/src/peripheral_sysrtc.o
                0x08004424                sl_hal_sysrtc_stop
 .text.sl_hal_sysrtc_enable
                0x08004438       0x18 ./gecko_sdk_4.4.1/platform/peripheral/src/peripheral_sysrtc.o
                0x08004438                sl_hal_sysrtc_enable
 .text.sl_hal_sysrtc_disable
                0x08004450       0x1c ./gecko_sdk_4.4.1/platform/peripheral/src/peripheral_sysrtc.o
                0x08004450                sl_hal_sysrtc_disable
 .text.sl_hal_sysrtc_init
                0x0800446c       0x20 ./gecko_sdk_4.4.1/platform/peripheral/src/peripheral_sysrtc.o
                0x0800446c                sl_hal_sysrtc_init
 .text.sl_hal_sysrtc_init_group
                0x0800448c       0x48 ./gecko_sdk_4.4.1/platform/peripheral/src/peripheral_sysrtc.o
                0x0800448c                sl_hal_sysrtc_init_group
 .text.sl_hal_sysrtc_enable_group_interrupts
                0x080044d4       0x1c ./gecko_sdk_4.4.1/platform/peripheral/src/peripheral_sysrtc.o
                0x080044d4                sl_hal_sysrtc_enable_group_interrupts
 .text.sl_hal_sysrtc_disable_group_interrupts
                0x080044f0       0x1c ./gecko_sdk_4.4.1/platform/peripheral/src/peripheral_sysrtc.o
                0x080044f0                sl_hal_sysrtc_disable_group_interrupts
 .text.sl_hal_sysrtc_clear_group_interrupts
                0x0800450c       0x1c ./gecko_sdk_4.4.1/platform/peripheral/src/peripheral_sysrtc.o
                0x0800450c                sl_hal_sysrtc_clear_group_interrupts
 .text.sl_hal_sysrtc_get_group_interrupts
                0x08004528       0x20 ./gecko_sdk_4.4.1/platform/peripheral/src/peripheral_sysrtc.o
                0x08004528                sl_hal_sysrtc_get_group_interrupts
 .text.sl_hal_sysrtc_get_group_compare_channel_value
                0x08004548       0x30 ./gecko_sdk_4.4.1/platform/peripheral/src/peripheral_sysrtc.o
                0x08004548                sl_hal_sysrtc_get_group_compare_channel_value
 .text.sl_hal_sysrtc_set_group_compare_channel_value
                0x08004578       0x28 ./gecko_sdk_4.4.1/platform/peripheral/src/peripheral_sysrtc.o
                0x08004578                sl_hal_sysrtc_set_group_compare_channel_value
 .text.sl_device_init_dcdc
                0x080045a0       0x2c ./gecko_sdk_4.4.1/platform/service/device_init/src/sl_device_init_dcdc_s2.o
                0x080045a0                sl_device_init_dcdc
 .text.sl_device_init_emu
                0x080045cc       0x24 ./gecko_sdk_4.4.1/platform/service/device_init/src/sl_device_init_emu_s2.o
                0x080045cc                sl_device_init_emu
 .text.sl_device_init_hfxo
                0x080045f0       0x70 ./gecko_sdk_4.4.1/platform/service/device_init/src/sl_device_init_hfxo_s2.o
                0x080045f0                sl_device_init_hfxo
 .text.sl_device_init_lfxo
                0x08004660       0x2c ./gecko_sdk_4.4.1/platform/service/device_init/src/sl_device_init_lfxo_s2.o
                0x08004660                sl_device_init_lfxo
 .text.sl_device_init_nvic
                0x0800468c       0x3c ./gecko_sdk_4.4.1/platform/service/device_init/src/sl_device_init_nvic.o
                0x0800468c                sl_device_init_nvic
 .text.sl_iostream_set_default
                0x080046c8       0x18 ./gecko_sdk_4.4.1/platform/service/iostream/src/sl_iostream.o
                0x080046c8                sl_iostream_set_default
 .text.sl_iostream_get_default
                0x080046e0       0x18 ./gecko_sdk_4.4.1/platform/service/iostream/src/sl_iostream.o
                0x080046e0                sl_iostream_get_default
 .text.sl_iostream_eusart_init
                0x080046f8      0x228 ./gecko_sdk_4.4.1/platform/service/iostream/src/sl_iostream_eusart.o
                0x080046f8                sl_iostream_eusart_init
 .text._write   0x08004920       0x20 ./gecko_sdk_4.4.1/platform/service/iostream/src/sl_iostream_retarget_stdio.o
                0x08004920                _write
 .text.sl_iostream_stdlib_disable_buffering
                0x08004940       0x14 ./gecko_sdk_4.4.1/platform/service/iostream/src/sl_iostream_stdlib_config.o
                0x08004940                sl_iostream_stdlib_disable_buffering
 .text.get_write_ptr
                0x08004954       0x40 ./gecko_sdk_4.4.1/platform/service/iostream/src/sl_iostream_uart.o
 .text.dma_irq_handler
                0x08004994       0x74 ./gecko_sdk_4.4.1/platform/service/iostream/src/sl_iostream_uart.o
 .text.uart_read
                0x08004a08      0x1f4 ./gecko_sdk_4.4.1/platform/service/iostream/src/sl_iostream_uart.o
 .text.uart_deinit
                0x08004bfc       0x98 ./gecko_sdk_4.4.1/platform/service/iostream/src/sl_iostream_uart.o
 .text.uart_write
                0x08004c94       0xc0 ./gecko_sdk_4.4.1/platform/service/iostream/src/sl_iostream_uart.o
 .text.sli_iostream_uart_context_init
                0x08004d54       0xf8 ./gecko_sdk_4.4.1/platform/service/iostream/src/sl_iostream_uart.o
                0x08004d54                sli_iostream_uart_context_init
 .text.delta_list_insert_timer
                0x08004e4c       0x40 ./gecko_sdk_4.4.1/platform/service/sleeptimer/src/sl_sleeptimer.o
 .text.update_delta_list
                0x08004e8c       0x34 ./gecko_sdk_4.4.1/platform/service/sleeptimer/src/sl_sleeptimer.o
 .text.set_comparator_for_next_timer
                0x08004ec0       0x5c ./gecko_sdk_4.4.1/platform/service/sleeptimer/src/sl_sleeptimer.o
 .text.create_timer
                0x08004f1c       0x88 ./gecko_sdk_4.4.1/platform/service/sleeptimer/src/sl_sleeptimer.o
 .text.delta_list_remove_timer
                0x08004fa4       0x38 ./gecko_sdk_4.4.1/platform/service/sleeptimer/src/sl_sleeptimer.o
 .text.sl_sleeptimer_init
                0x08004fdc       0x74 ./gecko_sdk_4.4.1/platform/service/sleeptimer/src/sl_sleeptimer.o
                0x08004fdc                sl_sleeptimer_init
 .text.sl_sleeptimer_is_timer_running
                0x08005050       0x3c ./gecko_sdk_4.4.1/platform/service/sleeptimer/src/sl_sleeptimer.o
                0x08005050                sl_sleeptimer_is_timer_running
 .text.sl_sleeptimer_ms_to_tick
                0x0800508c       0x24 ./gecko_sdk_4.4.1/platform/service/sleeptimer/src/sl_sleeptimer.o
                0x0800508c                sl_sleeptimer_ms_to_tick
 .text.sl_sleeptimer_delay_millisecond
                0x080050b0       0x38 ./gecko_sdk_4.4.1/platform/service/sleeptimer/src/sl_sleeptimer.o
                0x080050b0                sl_sleeptimer_delay_millisecond
 .text.process_timer_irq
                0x080050e8      0x150 ./gecko_sdk_4.4.1/platform/service/sleeptimer/src/sl_sleeptimer.o
                0x080050e8                process_timer_irq
 .text.sleeptimer_hal_init_timer
                0x08005238       0x64 ./gecko_sdk_4.4.1/platform/service/sleeptimer/src/sl_sleeptimer_hal_sysrtc.o
                0x08005238                sleeptimer_hal_init_timer
 .text.sleeptimer_hal_get_counter
                0x0800529c       0x10 ./gecko_sdk_4.4.1/platform/service/sleeptimer/src/sl_sleeptimer_hal_sysrtc.o
                0x0800529c                sleeptimer_hal_get_counter
 .text.sleeptimer_hal_set_compare
                0x080052ac       0x70 ./gecko_sdk_4.4.1/platform/service/sleeptimer/src/sl_sleeptimer_hal_sysrtc.o
                0x080052ac                sleeptimer_hal_set_compare
 .text.sleeptimer_hal_disable_int
                0x0800531c       0x2c ./gecko_sdk_4.4.1/platform/service/sleeptimer/src/sl_sleeptimer_hal_sysrtc.o
                0x0800531c                sleeptimer_hal_disable_int
 .text.sleeptimer_hal_set_int
                0x08005348       0x10 ./gecko_sdk_4.4.1/platform/service/sleeptimer/src/sl_sleeptimer_hal_sysrtc.o
                0x08005348                sleeptimer_hal_set_int
 .text.sl_udelay_wait
                0x08005358       0x58 ./gecko_sdk_4.4.1/platform/service/udelay/src/sl_udelay.o
                0x08005358                sl_udelay_wait
 .text          0x080053b0      0x378 c:/siliconlabs/simplicitystudio/v5/developer/toolchains/gnu_arm/12.2.rel1_2023.7/bin/../lib/gcc/arm-none-eabi/12.2.1/thumb/v8-m.main+fp/hard\libgcc.a(_arm_addsubdf3.o)
                0x080053b0                __aeabi_drsub
                0x080053b8                __aeabi_dsub
                0x080053b8                __subdf3
                0x080053bc                __aeabi_dadd
                0x080053bc                __adddf3
                0x08005634                __floatunsidf
                0x08005634                __aeabi_ui2d
                0x08005654                __floatsidf
                0x08005654                __aeabi_i2d
                0x08005678                __aeabi_f2d
                0x08005678                __extendsfdf2
                0x080056bc                __floatundidf
                0x080056bc                __aeabi_ul2d
                0x080056cc                __floatdidf
                0x080056cc                __aeabi_l2d
 .text          0x08005728       0xa0 c:/siliconlabs/simplicitystudio/v5/developer/toolchains/gnu_arm/12.2.rel1_2023.7/bin/../lib/gcc/arm-none-eabi/12.2.1/thumb/v8-m.main+fp/hard\libgcc.a(_arm_truncdfsf2.o)
                0x08005728                __truncdfsf2
                0x08005728                __aeabi_d2f
 .text          0x080057c8       0x30 c:/siliconlabs/simplicitystudio/v5/developer/toolchains/gnu_arm/12.2.rel1_2023.7/bin/../lib/gcc/arm-none-eabi/12.2.1/thumb/v8-m.main+fp/hard\libgcc.a(_aeabi_uldivmod.o)
                0x080057c8                __aeabi_uldivmod
 .text.__udivmoddi4
                0x080057f8      0x2ec c:/siliconlabs/simplicitystudio/v5/developer/toolchains/gnu_arm/12.2.rel1_2023.7/bin/../lib/gcc/arm-none-eabi/12.2.1/thumb/v8-m.main+fp/hard\libgcc.a(_udivmoddi4.o)
                0x080057f8                __udivmoddi4
 .text          0x08005ae4        0x4 c:/siliconlabs/simplicitystudio/v5/developer/toolchains/gnu_arm/12.2.rel1_2023.7/bin/../lib/gcc/arm-none-eabi/12.2.1/thumb/v8-m.main+fp/hard\libgcc.a(_dvmd_tls.o)
                0x08005ae4                __aeabi_idiv0
                0x08005ae4                __aeabi_ldiv0
 .text.exit     0x08005ae8       0x24 c:/siliconlabs/simplicitystudio/v5/developer/toolchains/gnu_arm/12.2.rel1_2023.7/bin/../lib/gcc/arm-none-eabi/12.2.1/thumb/v8-m.main+fp/hard\libc_nano.a(libc_a-exit.o)
                0x08005ae8                exit
 .text._printf_float
                0x08005b0c      0x468 c:/siliconlabs/simplicitystudio/v5/developer/toolchains/gnu_arm/12.2.rel1_2023.7/bin/../lib/gcc/arm-none-eabi/12.2.1/thumb/v8-m.main+fp/hard\libc_nano.a(libc_a-nano-vfprintf_float.o)
                0x08005b0c                _printf_float
 .text._printf_i
                0x08005f74      0x258 c:/siliconlabs/simplicitystudio/v5/developer/toolchains/gnu_arm/12.2.rel1_2023.7/bin/../lib/gcc/arm-none-eabi/12.2.1/thumb/v8-m.main+fp/hard\libc_nano.a(libc_a-nano-vfprintf_i.o)
                0x08005f74                _printf_i
 .text.std      0x080061cc       0x6c c:/siliconlabs/simplicitystudio/v5/developer/toolchains/gnu_arm/12.2.rel1_2023.7/bin/../lib/gcc/arm-none-eabi/12.2.1/thumb/v8-m.main+fp/hard\libc_nano.a(libc_a-findfp.o)
 .text.stdio_exit_handler
                0x08006238       0x18 c:/siliconlabs/simplicitystudio/v5/developer/toolchains/gnu_arm/12.2.rel1_2023.7/bin/../lib/gcc/arm-none-eabi/12.2.1/thumb/v8-m.main+fp/hard\libc_nano.a(libc_a-findfp.o)
 .text.cleanup_stdio
                0x08006250       0x40 c:/siliconlabs/simplicitystudio/v5/developer/toolchains/gnu_arm/12.2.rel1_2023.7/bin/../lib/gcc/arm-none-eabi/12.2.1/thumb/v8-m.main+fp/hard\libc_nano.a(libc_a-findfp.o)
 .text.global_stdio_init.part.0
                0x08006290       0x3c c:/siliconlabs/simplicitystudio/v5/developer/toolchains/gnu_arm/12.2.rel1_2023.7/bin/../lib/gcc/arm-none-eabi/12.2.1/thumb/v8-m.main+fp/hard\libc_nano.a(libc_a-findfp.o)
 .text.__sfp_lock_acquire
                0x080062cc        0xc c:/siliconlabs/simplicitystudio/v5/developer/toolchains/gnu_arm/12.2.rel1_2023.7/bin/../lib/gcc/arm-none-eabi/12.2.1/thumb/v8-m.main+fp/hard\libc_nano.a(libc_a-findfp.o)
                0x080062cc                __sfp_lock_acquire
 .text.__sfp_lock_release
                0x080062d8        0xc c:/siliconlabs/simplicitystudio/v5/developer/toolchains/gnu_arm/12.2.rel1_2023.7/bin/../lib/gcc/arm-none-eabi/12.2.1/thumb/v8-m.main+fp/hard\libc_nano.a(libc_a-findfp.o)
                0x080062d8                __sfp_lock_release
 .text.__sinit  0x080062e4       0x30 c:/siliconlabs/simplicitystudio/v5/developer/toolchains/gnu_arm/12.2.rel1_2023.7/bin/../lib/gcc/arm-none-eabi/12.2.1/thumb/v8-m.main+fp/hard\libc_nano.a(libc_a-findfp.o)
                0x080062e4                __sinit
 .text.printf   0x08006314       0x24 c:/siliconlabs/simplicitystudio/v5/developer/toolchains/gnu_arm/12.2.rel1_2023.7/bin/../lib/gcc/arm-none-eabi/12.2.1/thumb/v8-m.main+fp/hard\libc_nano.a(libc_a-printf.o)
                0x08006314                iprintf
                0x08006314                printf
 .text.putchar  0x08006338       0x10 c:/siliconlabs/simplicitystudio/v5/developer/toolchains/gnu_arm/12.2.rel1_2023.7/bin/../lib/gcc/arm-none-eabi/12.2.1/thumb/v8-m.main+fp/hard\libc_nano.a(libc_a-putchar.o)
                0x08006338                putchar
 .text.puts     0x08006348       0x10 c:/siliconlabs/simplicitystudio/v5/developer/toolchains/gnu_arm/12.2.rel1_2023.7/bin/../lib/gcc/arm-none-eabi/12.2.1/thumb/v8-m.main+fp/hard\libc_nano.a(libc_a-puts.o)
                0x08006348                puts
 .text.setvbuf  0x08006358      0x168 c:/siliconlabs/simplicitystudio/v5/developer/toolchains/gnu_arm/12.2.rel1_2023.7/bin/../lib/gcc/arm-none-eabi/12.2.1/thumb/v8-m.main+fp/hard\libc_nano.a(libc_a-setvbuf.o)
                0x08006358                setvbuf
 .text.__swsetup_r
                0x080064c0       0xac c:/siliconlabs/simplicitystudio/v5/developer/toolchains/gnu_arm/12.2.rel1_2023.7/bin/../lib/gcc/arm-none-eabi/12.2.1/thumb/v8-m.main+fp/hard\libc_nano.a(libc_a-wsetup.o)
                0x080064c0                __swsetup_r
 .text._localeconv_r
                0x0800656c        0x8 c:/siliconlabs/simplicitystudio/v5/developer/toolchains/gnu_arm/12.2.rel1_2023.7/bin/../lib/gcc/arm-none-eabi/12.2.1/thumb/v8-m.main+fp/hard\libc_nano.a(libc_a-localeconv.o)
                0x0800656c                _localeconv_r
 .text._close_r
                0x08006574       0x20 c:/siliconlabs/simplicitystudio/v5/developer/toolchains/gnu_arm/12.2.rel1_2023.7/bin/../lib/gcc/arm-none-eabi/12.2.1/thumb/v8-m.main+fp/hard\libc_nano.a(libc_a-closer.o)
                0x08006574                _close_r
 .text._lseek_r
                0x08006594       0x24 c:/siliconlabs/simplicitystudio/v5/developer/toolchains/gnu_arm/12.2.rel1_2023.7/bin/../lib/gcc/arm-none-eabi/12.2.1/thumb/v8-m.main+fp/hard\libc_nano.a(libc_a-lseekr.o)
                0x08006594                _lseek_r
 .text._read_r  0x080065b8       0x24 c:/siliconlabs/simplicitystudio/v5/developer/toolchains/gnu_arm/12.2.rel1_2023.7/bin/../lib/gcc/arm-none-eabi/12.2.1/thumb/v8-m.main+fp/hard\libc_nano.a(libc_a-readr.o)
                0x080065b8                _read_r
 .text._write_r
                0x080065dc       0x24 c:/siliconlabs/simplicitystudio/v5/developer/toolchains/gnu_arm/12.2.rel1_2023.7/bin/../lib/gcc/arm-none-eabi/12.2.1/thumb/v8-m.main+fp/hard\libc_nano.a(libc_a-writer.o)
                0x080065dc                _write_r
 .text.__libc_init_array
                0x08006600       0x48 c:/siliconlabs/simplicitystudio/v5/developer/toolchains/gnu_arm/12.2.rel1_2023.7/bin/../lib/gcc/arm-none-eabi/12.2.1/thumb/v8-m.main+fp/hard\libc_nano.a(libc_a-init.o)
                0x08006600                __libc_init_array
 .text._free_r  0x08006648       0x94 c:/siliconlabs/simplicitystudio/v5/developer/toolchains/gnu_arm/12.2.rel1_2023.7/bin/../lib/gcc/arm-none-eabi/12.2.1/thumb/v8-m.main+fp/hard\libc_nano.a(libc_a-freer.o)
                0x08006648                _free_r
 .text.malloc   0x080066dc       0x10 c:/siliconlabs/simplicitystudio/v5/developer/toolchains/gnu_arm/12.2.rel1_2023.7/bin/../lib/gcc/arm-none-eabi/12.2.1/thumb/v8-m.main+fp/hard\libc_nano.a(libc_a-malloc.o)
                0x080066dc                malloc
 .text.sbrk_aligned
                0x080066ec       0x44 c:/siliconlabs/simplicitystudio/v5/developer/toolchains/gnu_arm/12.2.rel1_2023.7/bin/../lib/gcc/arm-none-eabi/12.2.1/thumb/v8-m.main+fp/hard\libc_nano.a(libc_a-mallocr.o)
 .text._malloc_r
                0x08006730       0xf0 c:/siliconlabs/simplicitystudio/v5/developer/toolchains/gnu_arm/12.2.rel1_2023.7/bin/../lib/gcc/arm-none-eabi/12.2.1/thumb/v8-m.main+fp/hard\libc_nano.a(libc_a-mallocr.o)
                0x08006730                _malloc_r
 .text.__malloc_lock
                0x08006820        0xc c:/siliconlabs/simplicitystudio/v5/developer/toolchains/gnu_arm/12.2.rel1_2023.7/bin/../lib/gcc/arm-none-eabi/12.2.1/thumb/v8-m.main+fp/hard\libc_nano.a(libc_a-mlock.o)
                0x08006820                __malloc_lock
 .text.__malloc_unlock
                0x0800682c        0xc c:/siliconlabs/simplicitystudio/v5/developer/toolchains/gnu_arm/12.2.rel1_2023.7/bin/../lib/gcc/arm-none-eabi/12.2.1/thumb/v8-m.main+fp/hard\libc_nano.a(libc_a-mlock.o)
                0x0800682c                __malloc_unlock
 .text._Balloc  0x08006838       0x80 c:/siliconlabs/simplicitystudio/v5/developer/toolchains/gnu_arm/12.2.rel1_2023.7/bin/../lib/gcc/arm-none-eabi/12.2.1/thumb/v8-m.main+fp/hard\libc_nano.a(libc_a-mprec.o)
                0x08006838                _Balloc
 .text._Bfree   0x080068b8       0x44 c:/siliconlabs/simplicitystudio/v5/developer/toolchains/gnu_arm/12.2.rel1_2023.7/bin/../lib/gcc/arm-none-eabi/12.2.1/thumb/v8-m.main+fp/hard\libc_nano.a(libc_a-mprec.o)
                0x080068b8                _Bfree
 .text.__multadd
                0x080068fc       0x90 c:/siliconlabs/simplicitystudio/v5/developer/toolchains/gnu_arm/12.2.rel1_2023.7/bin/../lib/gcc/arm-none-eabi/12.2.1/thumb/v8-m.main+fp/hard\libc_nano.a(libc_a-mprec.o)
                0x080068fc                __multadd
 .text.__i2b    0x0800698c       0x2c c:/siliconlabs/simplicitystudio/v5/developer/toolchains/gnu_arm/12.2.rel1_2023.7/bin/../lib/gcc/arm-none-eabi/12.2.1/thumb/v8-m.main+fp/hard\libc_nano.a(libc_a-mprec.o)
                0x0800698c                __i2b
 .text.__multiply
                0x080069b8      0x154 c:/siliconlabs/simplicitystudio/v5/developer/toolchains/gnu_arm/12.2.rel1_2023.7/bin/../lib/gcc/arm-none-eabi/12.2.1/thumb/v8-m.main+fp/hard\libc_nano.a(libc_a-mprec.o)
                0x080069b8                __multiply
 .text.__pow5mult
                0x08006b0c       0xb4 c:/siliconlabs/simplicitystudio/v5/developer/toolchains/gnu_arm/12.2.rel1_2023.7/bin/../lib/gcc/arm-none-eabi/12.2.1/thumb/v8-m.main+fp/hard\libc_nano.a(libc_a-mprec.o)
                0x08006b0c                __pow5mult
 .text.__lshift
                0x08006bc0       0xd8 c:/siliconlabs/simplicitystudio/v5/developer/toolchains/gnu_arm/12.2.rel1_2023.7/bin/../lib/gcc/arm-none-eabi/12.2.1/thumb/v8-m.main+fp/hard\libc_nano.a(libc_a-mprec.o)
                0x08006bc0                __lshift
 .text.__mdiff  0x08006c98      0x130 c:/siliconlabs/simplicitystudio/v5/developer/toolchains/gnu_arm/12.2.rel1_2023.7/bin/../lib/gcc/arm-none-eabi/12.2.1/thumb/v8-m.main+fp/hard\libc_nano.a(libc_a-mprec.o)
                0x08006c98                __mdiff
 .text.__d2b    0x08006dc8       0xb0 c:/siliconlabs/simplicitystudio/v5/developer/toolchains/gnu_arm/12.2.rel1_2023.7/bin/../lib/gcc/arm-none-eabi/12.2.1/thumb/v8-m.main+fp/hard\libc_nano.a(libc_a-mprec.o)
                0x08006dc8                __d2b
 .text._vfprintf_r
                0x08006e78      0x230 c:/siliconlabs/simplicitystudio/v5/developer/toolchains/gnu_arm/12.2.rel1_2023.7/bin/../lib/gcc/arm-none-eabi/12.2.1/thumb/v8-m.main+fp/hard\libc_nano.a(libc_a-nano-vfprintf.o)
                0x08006e78                _vfprintf_r
                0x08006e78                _vfiprintf_r
 .text._fstat_r
                0x080070a8       0x24 c:/siliconlabs/simplicitystudio/v5/developer/toolchains/gnu_arm/12.2.rel1_2023.7/bin/../lib/gcc/arm-none-eabi/12.2.1/thumb/v8-m.main+fp/hard\libc_nano.a(libc_a-fstatr.o)
                0x080070a8                _fstat_r
 .text._isatty_r
                0x080070cc       0x20 c:/siliconlabs/simplicitystudio/v5/developer/toolchains/gnu_arm/12.2.rel1_2023.7/bin/../lib/gcc/arm-none-eabi/12.2.1/thumb/v8-m.main+fp/hard\libc_nano.a(libc_a-isattyr.o)
                0x080070cc                _isatty_r
 .text._sbrk_r  0x080070ec       0x20 c:/siliconlabs/simplicitystudio/v5/developer/toolchains/gnu_arm/12.2.rel1_2023.7/bin/../lib/gcc/arm-none-eabi/12.2.1/thumb/v8-m.main+fp/hard\libc_nano.a(libc_a-sbrkr.o)
                0x080070ec                _sbrk_r
 .text.__assert_func
                0x0800710c       0x3c c:/siliconlabs/simplicitystudio/v5/developer/toolchains/gnu_arm/12.2.rel1_2023.7/bin/../lib/gcc/arm-none-eabi/12.2.1/thumb/v8-m.main+fp/hard\libc_nano.a(libc_a-assert.o)
                0x0800710c                __assert_func
 .text.fprintf  0x08007148       0x24 c:/siliconlabs/simplicitystudio/v5/developer/toolchains/gnu_arm/12.2.rel1_2023.7/bin/../lib/gcc/arm-none-eabi/12.2.1/thumb/v8-m.main+fp/hard\libc_nano.a(libc_a-fprintf.o)
                0x08007148                fiprintf
                0x08007148                fprintf
 .text.raise    0x0800716c       0x10 c:/siliconlabs/simplicitystudio/v5/developer/toolchains/gnu_arm/12.2.rel1_2023.7/bin/../lib/gcc/arm-none-eabi/12.2.1/thumb/v8-m.main+fp/hard\libc_nano.a(libc_a-signal.o)
                0x0800716c                raise
 .text._kill_r  0x0800717c       0x24 c:/siliconlabs/simplicitystudio/v5/developer/toolchains/gnu_arm/12.2.rel1_2023.7/bin/../lib/gcc/arm-none-eabi/12.2.1/thumb/v8-m.main+fp/hard\libc_nano.a(libc_a-signalr.o)
                0x0800717c                _kill_r
 .text          0x080071a0      0x424 c:/siliconlabs/simplicitystudio/v5/developer/toolchains/gnu_arm/12.2.rel1_2023.7/bin/../lib/gcc/arm-none-eabi/12.2.1/thumb/v8-m.main+fp/hard\libgcc.a(_arm_muldivdf3.o)
                0x080071a0                __aeabi_dmul
                0x080071a0                __muldf3
                0x080073f4                __divdf3
                0x080073f4                __aeabi_ddiv
 .text          0x080075c4      0x110 c:/siliconlabs/simplicitystudio/v5/developer/toolchains/gnu_arm/12.2.rel1_2023.7/bin/../lib/gcc/arm-none-eabi/12.2.1/thumb/v8-m.main+fp/hard\libgcc.a(_arm_cmpdf2.o)
                0x080075c4                __gtdf2
                0x080075c4                __gedf2
                0x080075cc                __ltdf2
                0x080075cc                __ledf2
                0x080075d4                __nedf2
                0x080075d4                __eqdf2
                0x080075d4                __cmpdf2
                0x08007650                __aeabi_cdrcmple
                0x08007660                __aeabi_cdcmpeq
                0x08007660                __aeabi_cdcmple
                0x08007670                __aeabi_dcmpeq
                0x08007684                __aeabi_dcmplt
                0x08007698                __aeabi_dcmple
                0x080076ac                __aeabi_dcmpge
                0x080076c0                __aeabi_dcmpgt
 .text          0x080076d4       0x2c c:/siliconlabs/simplicitystudio/v5/developer/toolchains/gnu_arm/12.2.rel1_2023.7/bin/../lib/gcc/arm-none-eabi/12.2.1/thumb/v8-m.main+fp/hard\libgcc.a(_arm_unorddf2.o)
                0x080076d4                __unorddf2
                0x080076d4                __aeabi_dcmpun
 .text          0x08007700       0x50 c:/siliconlabs/simplicitystudio/v5/developer/toolchains/gnu_arm/12.2.rel1_2023.7/bin/../lib/gcc/arm-none-eabi/12.2.1/thumb/v8-m.main+fp/hard\libgcc.a(_arm_fixdfsi.o)
                0x08007700                __aeabi_d2iz
                0x08007700                __fixdfsi
 .text.app_process_action
                0x08007750       0x12 ./app.o
                0x08007750                app_process_action
 .text.startup.main
                0x08007762       0x14 ./main.o
                0x08007762                main
 .text.mpl_init
                0x08007776        0x2 ./mpl.o
                0x08007776                mpl_init
 .text.decode_rh
                0x08007778       0x16 ./si.o
                0x08007778                decode_rh
 .text.sl_board_default_init
                0x0800778e        0x4 ./autogen/sl_board_default_init.o
                0x0800778e                sl_board_default_init
 .text.sl_platform_init
                0x08007792       0x26 ./autogen/sl_event_handler.o
                0x08007792                sl_platform_init
 .text.sl_driver_init
                0x080077b8       0x16 ./autogen/sl_event_handler.o
                0x080077b8                sl_driver_init
 .text.sl_service_init
                0x080077ce       0x16 ./autogen/sl_event_handler.o
                0x080077ce                sl_service_init
 .text.sl_stack_init
                0x080077e4        0x2 ./autogen/sl_event_handler.o
                0x080077e4                sl_stack_init
 .text.sl_internal_app_init
                0x080077e6        0x2 ./autogen/sl_event_handler.o
                0x080077e6                sl_internal_app_init
 .text.sl_platform_process_action
                0x080077e8        0x2 ./autogen/sl_event_handler.o
                0x080077e8                sl_platform_process_action
 .text.sl_service_process_action
                0x080077ea        0x2 ./autogen/sl_event_handler.o
                0x080077ea                sl_service_process_action
 .text.sl_stack_process_action
                0x080077ec        0x2 ./autogen/sl_event_handler.o
                0x080077ec                sl_stack_process_action
 .text.sl_internal_app_process_action
                0x080077ee        0x2 ./autogen/sl_event_handler.o
                0x080077ee                sl_internal_app_process_action
 .text.sl_iostream_eusart_init_instances
                0x080077f0        0x4 ./autogen/sl_iostream_init_eusart_instances.o
                0x080077f0                sl_iostream_eusart_init_instances
 .text.EUSART0_TX_IRQHandler
                0x080077f4        0x4 ./autogen/sl_iostream_init_eusart_instances.o
                0x080077f4                EUSART0_TX_IRQHandler
 .text.sl_board_enable_vcom
                0x080077f8       0x12 ./gecko_sdk_4.4.1/hardware/board/src/sl_board_control_gpio.o
                0x080077f8                sl_board_enable_vcom
 .text.sl_board_configure_vcom
                0x0800780a        0x4 ./gecko_sdk_4.4.1/hardware/board/src/sl_board_control_gpio.o
                0x0800780a                sl_board_configure_vcom
 .text.sl_board_disable_vcom
                0x0800780e       0x12 ./gecko_sdk_4.4.1/hardware/board/src/sl_board_control_gpio.o
                0x0800780e                sl_board_disable_vcom
 .text.sl_board_init
                0x08007820       0x1c ./gecko_sdk_4.4.1/hardware/board/src/sl_board_init.o
                0x08007820                sl_board_init
 .text.sl_board_preinit
                0x0800783c        0x8 ./gecko_sdk_4.4.1/hardware/board/src/sl_board_init.o
                0x0800783c                sl_board_preinit
 .text.sli_cos_swo_itm_8_write.constprop.0.isra.0
                0x08007844       0x78 ./gecko_sdk_4.4.1/hardware/driver/configuration_over_swo/src/sl_cos.o
 .text.sl_cos_send_config
                0x080078bc       0x12 ./gecko_sdk_4.4.1/hardware/driver/configuration_over_swo/src/sl_cos.o
                0x080078bc                sl_cos_send_config
 .text.sl_cos_config_vcom
                0x080078ce       0x1e ./gecko_sdk_4.4.1/hardware/driver/configuration_over_swo/src/sl_cos.o
                0x080078ce                sl_cos_config_vcom
 .text.Default_Handler
                0x080078ec        0x2 ./gecko_sdk_4.4.1/platform/Device/SiliconLabs/EFR32MG24/Source/startup_efr32mg24.o
                0x080078ec                ULFRCO_IRQHandler
                0x080078ec                AHB2AHB1_IRQHandler
                0x080078ec                SW2_IRQHandler
                0x080078ec                TIMER2_IRQHandler
                0x080078ec                DebugMon_Handler
                0x080078ec                USART0_TX_IRQHandler
                0x080078ec                IADC_IRQHandler
                0x080078ec                I2C0_IRQHandler
                0x080078ec                LFXO_IRQHandler
                0x080078ec                HardFault_Handler
                0x080078ec                SMU_SECURE_IRQHandler
                0x080078ec                SysTick_Handler
                0x080078ec                SYSRTC_SEQ_IRQHandler
                0x080078ec                EMUEFP_IRQHandler
                0x080078ec                PendSV_Handler
                0x080078ec                NMI_Handler
                0x080078ec                SYNTH_IRQHandler
                0x080078ec                HOSTMAILBOX_IRQHandler
                0x080078ec                HFXO0_IRQHandler
                0x080078ec                I2C1_IRQHandler
                0x080078ec                WDOG0_IRQHandler
                0x080078ec                TIMER3_IRQHandler
                0x080078ec                SYSCFG_IRQHandler
                0x080078ec                RFECA1_IRQHandler
                0x080078ec                EMUDG_IRQHandler
                0x080078ec                MSC_IRQHandler
                0x080078ec                DPLL0_IRQHandler
                0x080078ec                UsageFault_Handler
                0x080078ec                WDOG1_IRQHandler
                0x080078ec                M33CTI1_IRQHandler
                0x080078ec                TIMER4_IRQHandler
                0x080078ec                GPIO_EVEN_IRQHandler
                0x080078ec                VDAC0_IRQHandler
                0x080078ec                SEMBTX_IRQHandler
                0x080078ec                SW0_IRQHandler
                0x080078ec                TIMER0_IRQHandler
                0x080078ec                MVP_IRQHandler
                0x080078ec                LETIMER0_IRQHandler
                0x080078ec                EUSART1_RX_IRQHandler
                0x080078ec                TIMER1_IRQHandler
                0x080078ec                HFRCO0_IRQHandler
                0x080078ec                SecureFault_Handler
                0x080078ec                BUFC_IRQHandler
                0x080078ec                DCDC_IRQHandler
                0x080078ec                MODEM_IRQHandler
                0x080078ec                Default_Handler
                0x080078ec                RAC_SEQ_IRQHandler
                0x080078ec                FRC_PRI_IRQHandler
                0x080078ec                EMU_IRQHandler
                0x080078ec                SW3_IRQHandler
                0x080078ec                KERNEL0_IRQHandler
                0x080078ec                FRC_IRQHandler
                0x080078ec                PCNT0_IRQHandler
                0x080078ec                KERNEL1_IRQHandler
                0x080078ec                AGC_IRQHandler
                0x080078ec                EUSART1_TX_IRQHandler
                0x080078ec                KEYSCAN_IRQHandler
                0x080078ec                sl_app_properties
                0x080078ec                HFRCOEM23_IRQHandler
                0x080078ec                BURTC_IRQHandler
                0x080078ec                SEMBRX_IRQHandler
                0x080078ec                RFECA0_IRQHandler
                0x080078ec                LFRCO_IRQHandler
                0x080078ec                VDAC1_IRQHandler
                0x080078ec                ACMP0_IRQHandler
                0x080078ec                USART0_RX_IRQHandler
                0x080078ec                MemManage_Handler
                0x080078ec                AHB2AHB0_IRQHandler
                0x080078ec                SVC_Handler
                0x080078ec                SMU_S_PRIVILEGED_IRQHandler
                0x080078ec                SW1_IRQHandler
                0x080078ec                CMU_IRQHandler
                0x080078ec                RAC_RSM_IRQHandler
                0x080078ec                SETAMPERHOST_IRQHandler
                0x080078ec                GPIO_ODD_IRQHandler
                0x080078ec                AES_IRQHandler
                0x080078ec                M33CTI0_IRQHandler
                0x080078ec                ICACHE0_IRQHandler
                0x080078ec                SMU_NS_PRIVILEGED_IRQHandler
                0x080078ec                FPUEXH_IRQHandler
                0x080078ec                PROTIMER_IRQHandler
                0x080078ec                ACMP1_IRQHandler
                0x080078ec                BusFault_Handler
                0x080078ec                MPAHBRAM_IRQHandler
 .text.FlashToRamCopy
                0x080078ee       0x16 ./gecko_sdk_4.4.1/platform/Device/SiliconLabs/EFR32MG24/Source/system_efr32mg24.o
                0x080078ee                FlashToRamCopy
 .text.SystemCLKIN0Get
                0x08007904        0x4 ./gecko_sdk_4.4.1/platform/Device/SiliconLabs/EFR32MG24/Source/system_efr32mg24.o
                0x08007904                SystemCLKIN0Get
 .text.SystemLFRCOClockGet
                0x08007908        0x6 ./gecko_sdk_4.4.1/platform/Device/SiliconLabs/EFR32MG24/Source/system_efr32mg24.o
                0x08007908                SystemLFRCOClockGet
 .text.SystemULFRCOClockGet
                0x0800790e        0x6 ./gecko_sdk_4.4.1/platform/Device/SiliconLabs/EFR32MG24/Source/system_efr32mg24.o
                0x0800790e                SystemULFRCOClockGet
 .text.assertEFM
                0x08007914        0x2 ./gecko_sdk_4.4.1/platform/common/src/sl_assert.o
                0x08007914                assertEFM
 .text.sl_debug_swo_enable_itm
                0x08007916       0x16 ./gecko_sdk_4.4.1/platform/driver/debug/src/sl_debug_swo.o
                0x08007916                sl_debug_swo_enable_itm
 .text.sl_debug_swo_disable_itm
                0x0800792c       0x18 ./gecko_sdk_4.4.1/platform/driver/debug/src/sl_debug_swo.o
                0x0800792c                sl_debug_swo_disable_itm
 .text.sl_led_init
                0x08007944        0x6 ./gecko_sdk_4.4.1/platform/driver/leddrv/src/sl_led.o
                0x08007944                sl_led_init
 .text.sl_simple_led_init
                0x0800794a       0x22 ./gecko_sdk_4.4.1/platform/driver/leddrv/src/sl_simple_led.o
                0x0800794a                sl_simple_led_init
 .text.sl_simple_led_turn_on
                0x0800796c       0x12 ./gecko_sdk_4.4.1/platform/driver/leddrv/src/sl_simple_led.o
                0x0800796c                sl_simple_led_turn_on
 .text.sl_simple_led_turn_off
                0x0800797e       0x12 ./gecko_sdk_4.4.1/platform/driver/leddrv/src/sl_simple_led.o
                0x0800797e                sl_simple_led_turn_off
 .text.DMADRV_PeripheralMemory
                0x08007990       0x34 ./gecko_sdk_4.4.1/platform/emdrv/dmadrv/src/dmadrv.o
                0x08007990                DMADRV_PeripheralMemory
 .text.BUS_RegMaskedWrite
                0x080079c4       0x1e ./gecko_sdk_4.4.1/platform/emlib/src/em_cmu.o
 .text.waitStateMax
                0x080079e2       0x10 ./gecko_sdk_4.4.1/platform/emlib/src/em_cmu.o
 .text.CMU_UpdateWaitStates
                0x080079f2        0xc ./gecko_sdk_4.4.1/platform/emlib/src/em_cmu.o
                0x080079f2                CMU_UpdateWaitStates
 .text.pclkDivMax
                0x080079fe        0xa ./gecko_sdk_4.4.1/platform/emlib/src/em_cmu.o
 .text.sli_em_cmu_SYSCLKInitPostClockSelect
                0x08007a08       0x2a ./gecko_sdk_4.4.1/platform/emlib/src/em_cmu.o
                0x08007a08                sli_em_cmu_SYSCLKInitPostClockSelect
 .text.CORE_EnterCritical
                0x08007a32        0x8 ./gecko_sdk_4.4.1/platform/emlib/src/em_core.o
                0x08007a32                CORE_EnterCritical
 .text.CORE_ExitCritical
                0x08007a3a        0x6 ./gecko_sdk_4.4.1/platform/emlib/src/em_core.o
                0x08007a3a                CORE_ExitCritical
 .text.CORE_EnterAtomic
                0x08007a40        0xc ./gecko_sdk_4.4.1/platform/emlib/src/em_core.o
                0x08007a40                CORE_EnterAtomic
 .text.CORE_ExitAtomic
                0x08007a4c        0x6 ./gecko_sdk_4.4.1/platform/emlib/src/em_core.o
                0x08007a4c                CORE_ExitAtomic
 .text.EMU_EFPEM01VScale
                0x08007a52        0x2 ./gecko_sdk_4.4.1/platform/emlib/src/em_emu.o
                0x08007a52                EMU_EFPEM01VScale
 .text.EMU_DCDCUpdatedHook
                0x08007a54        0x2 ./gecko_sdk_4.4.1/platform/emlib/src/em_emu.o
                0x08007a54                EMU_DCDCUpdatedHook
 .text.eusart_sync
                0x08007a56        0x8 ./gecko_sdk_4.4.1/platform/emlib/src/em_eusart.o
 .text.EUSART_Disable
                0x08007a5e       0x34 ./gecko_sdk_4.4.1/platform/emlib/src/em_eusart.o
 .text.EUSART_Tx
                0x08007a92        0xa ./gecko_sdk_4.4.1/platform/emlib/src/em_eusart.o
                0x08007a92                EUSART_Tx
 .text.BUS_RegMaskedWrite
                0x08007a9c       0x1e ./gecko_sdk_4.4.1/platform/emlib/src/em_gpio.o
 .text.GPIO_DbgLocationSet
                0x08007aba        0x2 ./gecko_sdk_4.4.1/platform/emlib/src/em_gpio.o
                0x08007aba                GPIO_DbgLocationSet
 .text.USART_SpiTransfer
                0x08007abc       0x14 ./gecko_sdk_4.4.1/platform/emlib/src/em_usart.o
                0x08007abc                USART_SpiTransfer
 .text.sl_iostream_write
                0x08007ad0       0x22 ./gecko_sdk_4.4.1/platform/service/iostream/src/sl_iostream.o
                0x08007ad0                sl_iostream_write
 .text.sl_iostream_read
                0x08007af2       0x30 ./gecko_sdk_4.4.1/platform/service/iostream/src/sl_iostream.o
                0x08007af2                sl_iostream_read
 .text.eusart_deinit
                0x08007b22       0x70 ./gecko_sdk_4.4.1/platform/service/iostream/src/sl_iostream_eusart.o
 .text.eusart_set_next_byte_detect
                0x08007b92       0x30 ./gecko_sdk_4.4.1/platform/service/iostream/src/sl_iostream_eusart.o
 .text.eusart_tx
                0x08007bc2        0xc ./gecko_sdk_4.4.1/platform/service/iostream/src/sl_iostream_eusart.o
 .text.sl_iostream_eusart_irq_handler
                0x08007bce       0x72 ./gecko_sdk_4.4.1/platform/service/iostream/src/sl_iostream_eusart.o
                0x08007bce                sl_iostream_eusart_irq_handler
 .text._close   0x08007c40        0x4 ./gecko_sdk_4.4.1/platform/service/iostream/src/sl_iostream_retarget_stdio.o
                0x08007c40                _close
 .text._exit    0x08007c44        0x2 ./gecko_sdk_4.4.1/platform/service/iostream/src/sl_iostream_retarget_stdio.o
                0x08007c44                _exit
 .text._fstat   0x08007c46        0xa ./gecko_sdk_4.4.1/platform/service/iostream/src/sl_iostream_retarget_stdio.o
                0x08007c46                _fstat
 .text._getpid  0x08007c50        0x4 ./gecko_sdk_4.4.1/platform/service/iostream/src/sl_iostream_retarget_stdio.o
                0x08007c50                _getpid
 .text._isatty  0x08007c54        0x4 ./gecko_sdk_4.4.1/platform/service/iostream/src/sl_iostream_retarget_stdio.o
                0x08007c54                _isatty
 .text._kill    0x08007c58        0x6 ./gecko_sdk_4.4.1/platform/service/iostream/src/sl_iostream_retarget_stdio.o
                0x08007c58                _kill
 .text._lseek   0x08007c5e        0x4 ./gecko_sdk_4.4.1/platform/service/iostream/src/sl_iostream_retarget_stdio.o
                0x08007c5e                _lseek
 .text._read    0x08007c62       0x1c ./gecko_sdk_4.4.1/platform/service/iostream/src/sl_iostream_retarget_stdio.o
                0x08007c62                _read
 .text.set_auto_cr_lf
                0x08007c7e        0x6 ./gecko_sdk_4.4.1/platform/service/iostream/src/sl_iostream_uart.o
 .text.get_auto_cr_lf
                0x08007c84        0x6 ./gecko_sdk_4.4.1/platform/service/iostream/src/sl_iostream_uart.o
 .text.delay_callback
                0x08007c8a        0x6 ./gecko_sdk_4.4.1/platform/service/sleeptimer/src/sl_sleeptimer.o
 .text.sl_sleeptimer_start_timer
                0x08007c90       0x48 ./gecko_sdk_4.4.1/platform/service/sleeptimer/src/sl_sleeptimer.o
                0x08007c90                sl_sleeptimer_start_timer
 .text.sl_sleeptimer_start_periodic_timer
                0x08007cd8       0x4a ./gecko_sdk_4.4.1/platform/service/sleeptimer/src/sl_sleeptimer.o
                0x08007cd8                sl_sleeptimer_start_periodic_timer
 .text.sleeptimer_hal_get_compare
                0x08007d22        0x8 ./gecko_sdk_4.4.1/platform/service/sleeptimer/src/sl_sleeptimer_hal_sysrtc.o
                0x08007d22                sleeptimer_hal_get_compare
 .text.sleeptimer_hal_enable_int
                0x08007d2a       0x12 ./gecko_sdk_4.4.1/platform/service/sleeptimer/src/sl_sleeptimer_hal_sysrtc.o
                0x08007d2a                sleeptimer_hal_enable_int
 .text.SYSRTC_APP_IRQHandler
                0x08007d3c       0x34 ./gecko_sdk_4.4.1/platform/service/sleeptimer/src/sl_sleeptimer_hal_sysrtc.o
                0x08007d3c                SYSRTC_APP_IRQHandler
 .text.sleeptimer_hal_get_timer_frequency
                0x08007d70        0x6 ./gecko_sdk_4.4.1/platform/service/sleeptimer/src/sl_sleeptimer_hal_sysrtc.o
                0x08007d70                sleeptimer_hal_get_timer_frequency
 .text.sl_system_init
                0x08007d76       0x1a ./gecko_sdk_4.4.1/platform/service/system/src/sl_system_init.o
                0x08007d76                sl_system_init
 .text.sl_system_process_action
                0x08007d90       0x16 ./gecko_sdk_4.4.1/platform/service/system/src/sl_system_process_action.o
                0x08007d90                sl_system_process_action
 .text.__cvt    0x08007da6       0xd0 c:/siliconlabs/simplicitystudio/v5/developer/toolchains/gnu_arm/12.2.rel1_2023.7/bin/../lib/gcc/arm-none-eabi/12.2.1/thumb/v8-m.main+fp/hard\libc_nano.a(libc_a-nano-vfprintf_float.o)
                0x08007da6                __cvt
 .text.__exponent
                0x08007e76       0x72 c:/siliconlabs/simplicitystudio/v5/developer/toolchains/gnu_arm/12.2.rel1_2023.7/bin/../lib/gcc/arm-none-eabi/12.2.1/thumb/v8-m.main+fp/hard\libc_nano.a(libc_a-nano-vfprintf_float.o)
                0x08007e76                __exponent
 .text._printf_common
                0x08007ee8       0xe4 c:/siliconlabs/simplicitystudio/v5/developer/toolchains/gnu_arm/12.2.rel1_2023.7/bin/../lib/gcc/arm-none-eabi/12.2.1/thumb/v8-m.main+fp/hard\libc_nano.a(libc_a-nano-vfprintf_i.o)
                0x08007ee8                _printf_common
 .text._fwalk_sglue
                0x08007fcc       0x3c c:/siliconlabs/simplicitystudio/v5/developer/toolchains/gnu_arm/12.2.rel1_2023.7/bin/../lib/gcc/arm-none-eabi/12.2.1/thumb/v8-m.main+fp/hard\libc_nano.a(libc_a-fwalk.o)
                0x08007fcc                _fwalk_sglue
 .text._puts_r  0x08008008       0xaa c:/siliconlabs/simplicitystudio/v5/developer/toolchains/gnu_arm/12.2.rel1_2023.7/bin/../lib/gcc/arm-none-eabi/12.2.1/thumb/v8-m.main+fp/hard\libc_nano.a(libc_a-puts.o)
                0x08008008                _puts_r
 .text.__sread  0x080080b2       0x22 c:/siliconlabs/simplicitystudio/v5/developer/toolchains/gnu_arm/12.2.rel1_2023.7/bin/../lib/gcc/arm-none-eabi/12.2.1/thumb/v8-m.main+fp/hard\libc_nano.a(libc_a-stdio.o)
                0x080080b2                __sread
 .text.__swrite
                0x080080d4       0x38 c:/siliconlabs/simplicitystudio/v5/developer/toolchains/gnu_arm/12.2.rel1_2023.7/bin/../lib/gcc/arm-none-eabi/12.2.1/thumb/v8-m.main+fp/hard\libc_nano.a(libc_a-stdio.o)
                0x080080d4                __swrite
 .text.__sseek  0x0800810c       0x24 c:/siliconlabs/simplicitystudio/v5/developer/toolchains/gnu_arm/12.2.rel1_2023.7/bin/../lib/gcc/arm-none-eabi/12.2.1/thumb/v8-m.main+fp/hard\libc_nano.a(libc_a-stdio.o)
                0x0800810c                __sseek
 .text.__sclose
                0x08008130        0x8 c:/siliconlabs/simplicitystudio/v5/developer/toolchains/gnu_arm/12.2.rel1_2023.7/bin/../lib/gcc/arm-none-eabi/12.2.1/thumb/v8-m.main+fp/hard\libc_nano.a(libc_a-stdio.o)
                0x08008130                __sclose
 .text.__swbuf_r
                0x08008138       0x7c c:/siliconlabs/simplicitystudio/v5/developer/toolchains/gnu_arm/12.2.rel1_2023.7/bin/../lib/gcc/arm-none-eabi/12.2.1/thumb/v8-m.main+fp/hard\libc_nano.a(libc_a-wbuf.o)
                0x08008138                __swbuf_r
 .text.memset   0x080081b4       0x10 c:/siliconlabs/simplicitystudio/v5/developer/toolchains/gnu_arm/12.2.rel1_2023.7/bin/../lib/gcc/arm-none-eabi/12.2.1/thumb/v8-m.main+fp/hard\libc_nano.a(libc_a-memset.o)
                0x080081b4                memset
 .text.__retarget_lock_init_recursive
                0x080081c4        0x2 c:/siliconlabs/simplicitystudio/v5/developer/toolchains/gnu_arm/12.2.rel1_2023.7/bin/../lib/gcc/arm-none-eabi/12.2.1/thumb/v8-m.main+fp/hard\libc_nano.a(libc_a-lock.o)
                0x080081c4                __retarget_lock_init_recursive
 .text.__retarget_lock_acquire_recursive
                0x080081c6        0x2 c:/siliconlabs/simplicitystudio/v5/developer/toolchains/gnu_arm/12.2.rel1_2023.7/bin/../lib/gcc/arm-none-eabi/12.2.1/thumb/v8-m.main+fp/hard\libc_nano.a(libc_a-lock.o)
                0x080081c6                __retarget_lock_acquire_recursive
 .text.__retarget_lock_release_recursive
                0x080081c8        0x2 c:/siliconlabs/simplicitystudio/v5/developer/toolchains/gnu_arm/12.2.rel1_2023.7/bin/../lib/gcc/arm-none-eabi/12.2.1/thumb/v8-m.main+fp/hard\libc_nano.a(libc_a-lock.o)
                0x080081c8                __retarget_lock_release_recursive
 .text.memchr   0x080081ca       0x1c c:/siliconlabs/simplicitystudio/v5/developer/toolchains/gnu_arm/12.2.rel1_2023.7/bin/../lib/gcc/arm-none-eabi/12.2.1/thumb/v8-m.main+fp/hard\libc_nano.a(libc_a-memchr-stub.o)
                0x080081ca                memchr
 .text.memcpy   0x080081e6       0x1a c:/siliconlabs/simplicitystudio/v5/developer/toolchains/gnu_arm/12.2.rel1_2023.7/bin/../lib/gcc/arm-none-eabi/12.2.1/thumb/v8-m.main+fp/hard\libc_nano.a(libc_a-memcpy-stub.o)
                0x080081e6                memcpy
 .text          0x08008200       0x10 c:/siliconlabs/simplicitystudio/v5/developer/toolchains/gnu_arm/12.2.rel1_2023.7/bin/../lib/gcc/arm-none-eabi/12.2.1/thumb/v8-m.main+fp/hard\libc_nano.a(libc_a-strlen.o)
                0x08008200                strlen
 .text.quorem   0x08008210      0x11a c:/siliconlabs/simplicitystudio/v5/developer/toolchains/gnu_arm/12.2.rel1_2023.7/bin/../lib/gcc/arm-none-eabi/12.2.1/thumb/v8-m.main+fp/hard\libc_nano.a(libc_a-dtoa.o)
 .text.__hi0bits
                0x0800832a       0x44 c:/siliconlabs/simplicitystudio/v5/developer/toolchains/gnu_arm/12.2.rel1_2023.7/bin/../lib/gcc/arm-none-eabi/12.2.1/thumb/v8-m.main+fp/hard\libc_nano.a(libc_a-mprec.o)
                0x0800832a                __hi0bits
 .text.__lo0bits
                0x0800836e       0x5a c:/siliconlabs/simplicitystudio/v5/developer/toolchains/gnu_arm/12.2.rel1_2023.7/bin/../lib/gcc/arm-none-eabi/12.2.1/thumb/v8-m.main+fp/hard\libc_nano.a(libc_a-mprec.o)
                0x0800836e                __lo0bits
 .text.__mcmp   0x080083c8       0x36 c:/siliconlabs/simplicitystudio/v5/developer/toolchains/gnu_arm/12.2.rel1_2023.7/bin/../lib/gcc/arm-none-eabi/12.2.1/thumb/v8-m.main+fp/hard\libc_nano.a(libc_a-mprec.o)
                0x080083c8                __mcmp
 .text.__sfputc_r
                0x080083fe       0x2e c:/siliconlabs/simplicitystudio/v5/developer/toolchains/gnu_arm/12.2.rel1_2023.7/bin/../lib/gcc/arm-none-eabi/12.2.1/thumb/v8-m.main+fp/hard\libc_nano.a(libc_a-nano-vfprintf.o)
 .text.__sfputs_r
                0x0800842c       0x24 c:/siliconlabs/simplicitystudio/v5/developer/toolchains/gnu_arm/12.2.rel1_2023.7/bin/../lib/gcc/arm-none-eabi/12.2.1/thumb/v8-m.main+fp/hard\libc_nano.a(libc_a-nano-vfprintf.o)
                0x0800842c                __sfputs_r
 .text.__sflush_r
                0x08008450      0x106 c:/siliconlabs/simplicitystudio/v5/developer/toolchains/gnu_arm/12.2.rel1_2023.7/bin/../lib/gcc/arm-none-eabi/12.2.1/thumb/v8-m.main+fp/hard\libc_nano.a(libc_a-fflush.o)
                0x08008450                __sflush_r
 .text._fflush_r
                0x08008556       0x50 c:/siliconlabs/simplicitystudio/v5/developer/toolchains/gnu_arm/12.2.rel1_2023.7/bin/../lib/gcc/arm-none-eabi/12.2.1/thumb/v8-m.main+fp/hard\libc_nano.a(libc_a-fflush.o)
                0x08008556                _fflush_r
 .text.__swhatbuf_r
                0x080085a6       0x4a c:/siliconlabs/simplicitystudio/v5/developer/toolchains/gnu_arm/12.2.rel1_2023.7/bin/../lib/gcc/arm-none-eabi/12.2.1/thumb/v8-m.main+fp/hard\libc_nano.a(libc_a-makebuf.o)
                0x080085a6                __swhatbuf_r
 .text.__smakebuf_r
                0x080085f0       0x78 c:/siliconlabs/simplicitystudio/v5/developer/toolchains/gnu_arm/12.2.rel1_2023.7/bin/../lib/gcc/arm-none-eabi/12.2.1/thumb/v8-m.main+fp/hard\libc_nano.a(libc_a-makebuf.o)
                0x080085f0                __smakebuf_r
 .text._putc_r  0x08008668       0x68 c:/siliconlabs/simplicitystudio/v5/developer/toolchains/gnu_arm/12.2.rel1_2023.7/bin/../lib/gcc/arm-none-eabi/12.2.1/thumb/v8-m.main+fp/hard\libc_nano.a(libc_a-putc.o)
                0x08008668                _putc_r
 .text._calloc_r
                0x080086d0       0x28 c:/siliconlabs/simplicitystudio/v5/developer/toolchains/gnu_arm/12.2.rel1_2023.7/bin/../lib/gcc/arm-none-eabi/12.2.1/thumb/v8-m.main+fp/hard\libc_nano.a(libc_a-callocr.o)
                0x080086d0                _calloc_r
 .text.__ascii_mbtowc
                0x080086f8       0x24 c:/siliconlabs/simplicitystudio/v5/developer/toolchains/gnu_arm/12.2.rel1_2023.7/bin/../lib/gcc/arm-none-eabi/12.2.1/thumb/v8-m.main+fp/hard\libc_nano.a(libc_a-mbtowc_r.o)
                0x080086f8                __ascii_mbtowc
 .text.__ascii_wctomb
                0x0800871c       0x1a c:/siliconlabs/simplicitystudio/v5/developer/toolchains/gnu_arm/12.2.rel1_2023.7/bin/../lib/gcc/arm-none-eabi/12.2.1/thumb/v8-m.main+fp/hard\libc_nano.a(libc_a-wctomb_r.o)
                0x0800871c                __ascii_wctomb
 .text.abort    0x08008736        0xe c:/siliconlabs/simplicitystudio/v5/developer/toolchains/gnu_arm/12.2.rel1_2023.7/bin/../lib/gcc/arm-none-eabi/12.2.1/thumb/v8-m.main+fp/hard\libc_nano.a(libc_a-abort.o)
                0x08008736                abort
 .text._raise_r
                0x08008744       0x50 c:/siliconlabs/simplicitystudio/v5/developer/toolchains/gnu_arm/12.2.rel1_2023.7/bin/../lib/gcc/arm-none-eabi/12.2.1/thumb/v8-m.main+fp/hard\libc_nano.a(libc_a-signal.o)
                0x08008744                _raise_r
 .text._getpid_r
                0x08008794        0x4 c:/siliconlabs/simplicitystudio/v5/developer/toolchains/gnu_arm/12.2.rel1_2023.7/bin/../lib/gcc/arm-none-eabi/12.2.1/thumb/v8-m.main+fp/hard\libc_nano.a(libc_a-signalr.o)
                0x08008794                _getpid_r
                0x080087a0                . = ALIGN (0x20)
 *fill*         0x08008798        0x8 
                0x080087a0                linker_code_end = .
 *(.init)
 .init          0x080087a0        0x4 c:/siliconlabs/simplicitystudio/v5/developer/toolchains/gnu_arm/12.2.rel1_2023.7/bin/../lib/gcc/arm-none-eabi/12.2.1/thumb/v8-m.main+fp/hard/crti.o
                0x080087a0                _init
 .init          0x080087a4        0x8 c:/siliconlabs/simplicitystudio/v5/developer/toolchains/gnu_arm/12.2.rel1_2023.7/bin/../lib/gcc/arm-none-eabi/12.2.1/thumb/v8-m.main+fp/hard/crtn.o
 *(.fini)
 .fini          0x080087ac        0x4 c:/siliconlabs/simplicitystudio/v5/developer/toolchains/gnu_arm/12.2.rel1_2023.7/bin/../lib/gcc/arm-none-eabi/12.2.1/thumb/v8-m.main+fp/hard/crti.o
                0x080087ac                _fini
 .fini          0x080087b0        0x8 c:/siliconlabs/simplicitystudio/v5/developer/toolchains/gnu_arm/12.2.rel1_2023.7/bin/../lib/gcc/arm-none-eabi/12.2.1/thumb/v8-m.main+fp/hard/crtn.o
 *crtbegin.o(.ctors)
 *crtbegin?.o(.ctors)
 *(EXCLUDE_FILE(*crtend.o *crtend?.o) .ctors)
 *(SORT_BY_NAME(.ctors.*))
 *(.ctors)
 *crtbegin.o(.dtors)
 *crtbegin?.o(.dtors)
 *(EXCLUDE_FILE(*crtend.o *crtend?.o) .dtors)
 *(SORT_BY_NAME(.dtors.*))
 *(.dtors)
                0x080087b8                __code_classification_validator_start__ = .
                0x080087d8                . = (. + 0x20)
 *fill*         0x080087b8       0x20 
 *(code_classification_validator)
                0x080087e0                . = ALIGN (0x20)
 *fill*         0x080087d8        0x8 
                0x080087e0                __code_classification_validator_end__ = .
 *(.rodata*)
 .rodata.app_init.str1.1
                0x080087e0      0x12e ./app.o
                                0x130 (size before relaxing)
 .rodata.AS7331_ChangeMode.str1.1
                0x0800890e        0x8 ./as.o
 .rodata.as_dev_id.str1.1
                0x08008916       0x21 ./as.o
 .rodata.as_init.str1.1
                0x08008937      0x106 ./as.o
 .rodata.as_process_action.str1.1
                0x08008a3d       0x1b ./as.o
 .rodata.mpl_dev_id.str1.1
                0x08008a58       0x13 ./mpl.o
                                 0x2d (size before relaxing)
 .rodata.SI7021_measure.constprop.0.str1.1
                0x08008a6b        0x8 ./si.o
 .rodata.si_dev_id.str1.1
                0x08008a73        0x7 ./si.o
                                 0x21 (size before relaxing)
 .rodata.sl_iostream_eusart_init_vcom.str1.1
                0x08008a7a       0x2f ./autogen/sl_iostream_init_eusart_instances.o
 *fill*         0x08008aa9        0x3 
 .rodata        0x08008aac       0x20 ./autogen/sl_iostream_init_eusart_instances.o
 .rodata.sl_led_led1
                0x08008acc       0x18 ./autogen/sl_simple_led_instances.o
                0x08008acc                sl_led_led1
 .rodata.sl_led_led0
                0x08008ae4       0x18 ./autogen/sl_simple_led_instances.o
                0x08008ae4                sl_led_led0
 .rodata.sl_board_enable_sensor.str1.1
                0x08008afc       0x3e ./gecko_sdk_4.4.1/hardware/board/src/sl_board_control_gpio.o
 *fill*         0x08008b3a        0x2 
 .rodata        0x08008b3c       0x1c ./gecko_sdk_4.4.1/hardware/driver/mx25_flash_shutdown/src/sl_mx25_flash_shutdown_usart/sl_mx25_flash_shutdown.o
 .rodata.I2CSPM_Init.str1.1
                0x08008b58       0xa1 ./gecko_sdk_4.4.1/platform/driver/i2cspm/src/sl_i2cspm.o
 *fill*         0x08008bf9        0x1 
 .rodata.CSWTCH.10
                0x08008bfa        0x8 ./gecko_sdk_4.4.1/platform/driver/i2cspm/src/sl_i2cspm.o
 .rodata.GPIO_PinOutClear.str1.1
                0x08008c02       0x67 ./gecko_sdk_4.4.1/platform/driver/leddrv/src/sl_simple_led.o
 .rodata.CSWTCH.18
                0x08008c02        0x8 ./gecko_sdk_4.4.1/platform/driver/leddrv/src/sl_simple_led.o
 .rodata        0x08008c0a        0x4 ./gecko_sdk_4.4.1/platform/emdrv/dmadrv/src/dmadrv.o
 .rodata.HFRCODPLLDevinfoGet.str1.1
                0x08008c0e       0x2f ./gecko_sdk_4.4.1/platform/emlib/src/em_cmu.o
 .rodata.EMU_VScaleEM01.str1.1
                0x08008c3d       0x2f ./gecko_sdk_4.4.1/platform/emlib/src/em_emu.o
 .rodata.EUSART_Enable.str1.1
                0x08008c6c       0x32 ./gecko_sdk_4.4.1/platform/emlib/src/em_eusart.o
 .rodata.GPIO_PinOutSet.str1.1
                0x08008c9e       0x67 ./gecko_sdk_4.4.1/platform/emlib/src/em_gpio.o
 .rodata.GPIO_ExtIntConfig.str1.1
                0x08008c9e       0x30 ./gecko_sdk_4.4.1/platform/emlib/src/em_gpio.o
 .rodata.CSWTCH.31
                0x08008cce        0x8 ./gecko_sdk_4.4.1/platform/emlib/src/em_gpio.o
 .rodata.I2C_BusFreqGet.str1.1
                0x08008cd6       0x2f ./gecko_sdk_4.4.1/platform/emlib/src/em_i2c.o
 .rodata.i2cNSum
                0x08008d05        0x4 ./gecko_sdk_4.4.1/platform/emlib/src/em_i2c.o
 .rodata.LDMA_EnableChannelRequest.str1.1
                0x08008d09       0x96 ./gecko_sdk_4.4.1/platform/emlib/src/em_ldma.o
 .rodata.USART_BaudrateAsyncSet.str1.1
                0x08008d9f       0x31 ./gecko_sdk_4.4.1/platform/emlib/src/em_usart.o
 .rodata.sl_hal_sysrtc_init_group.str1.1
                0x08008dd0       0x3f ./gecko_sdk_4.4.1/platform/peripheral/src/peripheral_sysrtc.o
 .rodata        0x08008e0f        0x7 ./gecko_sdk_4.4.1/platform/service/device_init/src/sl_device_init_dcdc_s2.o
 *fill*         0x08008e16        0x2 
 .rodata        0x08008e18       0x28 ./gecko_sdk_4.4.1/platform/service/device_init/src/sl_device_init_hfxo_s2.o
 .rodata        0x08008e40       0x14 ./gecko_sdk_4.4.1/platform/service/device_init/src/sl_device_init_lfxo_s2.o
 .rodata._write.str1.1
                0x08008e54       0x4e ./gecko_sdk_4.4.1/platform/service/iostream/src/sl_iostream_retarget_stdio.o
 .rodata.get_write_ptr.str1.1
                0x08008ea2       0x44 ./gecko_sdk_4.4.1/platform/service/iostream/src/sl_iostream_uart.o
 .rodata.process_timer_irq.str1.1
                0x08008ee6       0x43 ./gecko_sdk_4.4.1/platform/service/sleeptimer/src/sl_sleeptimer.o
 .rodata.sl_udelay_wait.str1.1
                0x08008f29       0x3b ./gecko_sdk_4.4.1/platform/service/udelay/src/sl_udelay.o
 .rodata._ctype_
                0x08008f64      0x101 c:/siliconlabs/simplicitystudio/v5/developer/toolchains/gnu_arm/12.2.rel1_2023.7/bin/../lib/gcc/arm-none-eabi/12.2.1/thumb/v8-m.main+fp/hard\libc_nano.a(libc_a-ctype_.o)
                0x08008f64                _ctype_
 .rodata._printf_float.str1.1
                0x08009065       0x12 c:/siliconlabs/simplicitystudio/v5/developer/toolchains/gnu_arm/12.2.rel1_2023.7/bin/../lib/gcc/arm-none-eabi/12.2.1/thumb/v8-m.main+fp/hard\libc_nano.a(libc_a-nano-vfprintf_float.o)
 .rodata._printf_i.str1.1
                0x08009077       0x22 c:/siliconlabs/simplicitystudio/v5/developer/toolchains/gnu_arm/12.2.rel1_2023.7/bin/../lib/gcc/arm-none-eabi/12.2.1/thumb/v8-m.main+fp/hard\libc_nano.a(libc_a-nano-vfprintf_i.o)
 .rodata._dtoa_r.str1.1
                0x08009099       0x8e c:/siliconlabs/simplicitystudio/v5/developer/toolchains/gnu_arm/12.2.rel1_2023.7/bin/../lib/gcc/arm-none-eabi/12.2.1/thumb/v8-m.main+fp/hard\libc_nano.a(libc_a-dtoa.o)
                                 0x90 (size before relaxing)
 .rodata._Balloc.str1.1
                0x08009127       0x5a c:/siliconlabs/simplicitystudio/v5/developer/toolchains/gnu_arm/12.2.rel1_2023.7/bin/../lib/gcc/arm-none-eabi/12.2.1/thumb/v8-m.main+fp/hard\libc_nano.a(libc_a-mprec.o)
                                 0x71 (size before relaxing)
 .rodata.__multadd.str1.1
                0x08009181       0x11 c:/siliconlabs/simplicitystudio/v5/developer/toolchains/gnu_arm/12.2.rel1_2023.7/bin/../lib/gcc/arm-none-eabi/12.2.1/thumb/v8-m.main+fp/hard\libc_nano.a(libc_a-mprec.o)
 *fill*         0x08009181        0x3 
 .rodata.p05.0  0x08009184        0xc c:/siliconlabs/simplicitystudio/v5/developer/toolchains/gnu_arm/12.2.rel1_2023.7/bin/../lib/gcc/arm-none-eabi/12.2.1/thumb/v8-m.main+fp/hard\libc_nano.a(libc_a-mprec.o)
 .rodata.__mprec_bigtens
                0x08009190       0x28 c:/siliconlabs/simplicitystudio/v5/developer/toolchains/gnu_arm/12.2.rel1_2023.7/bin/../lib/gcc/arm-none-eabi/12.2.1/thumb/v8-m.main+fp/hard\libc_nano.a(libc_a-mprec.o)
                0x08009190                __mprec_bigtens
 .rodata.__mprec_tens
                0x080091b8       0xc8 c:/siliconlabs/simplicitystudio/v5/developer/toolchains/gnu_arm/12.2.rel1_2023.7/bin/../lib/gcc/arm-none-eabi/12.2.1/thumb/v8-m.main+fp/hard\libc_nano.a(libc_a-mprec.o)
                0x080091b8                __mprec_tens
 .rodata._vfprintf_r.str1.1
                0x08009280       0x11 c:/siliconlabs/simplicitystudio/v5/developer/toolchains/gnu_arm/12.2.rel1_2023.7/bin/../lib/gcc/arm-none-eabi/12.2.1/thumb/v8-m.main+fp/hard\libc_nano.a(libc_a-nano-vfprintf.o)
 .rodata._setlocale_r.str1.1
                0x08009291        0x8 c:/siliconlabs/simplicitystudio/v5/developer/toolchains/gnu_arm/12.2.rel1_2023.7/bin/../lib/gcc/arm-none-eabi/12.2.1/thumb/v8-m.main+fp/hard\libc_nano.a(libc_a-locale.o)
                                  0x9 (size before relaxing)
 .rodata.str1.1
                0x08009299        0x2 c:/siliconlabs/simplicitystudio/v5/developer/toolchains/gnu_arm/12.2.rel1_2023.7/bin/../lib/gcc/arm-none-eabi/12.2.1/thumb/v8-m.main+fp/hard\libc_nano.a(libc_a-locale.o)
 .rodata.__assert_func.str1.1
                0x0800929b       0x3c c:/siliconlabs/simplicitystudio/v5/developer/toolchains/gnu_arm/12.2.rel1_2023.7/bin/../lib/gcc/arm-none-eabi/12.2.1/thumb/v8-m.main+fp/hard\libc_nano.a(libc_a-assert.o)
                                 0x3d (size before relaxing)
 *(.eh_frame*)
 *fill*         0x080092d7        0x1 
 .eh_frame      0x080092d8        0x0 c:/siliconlabs/simplicitystudio/v5/developer/toolchains/gnu_arm/12.2.rel1_2023.7/bin/../lib/gcc/arm-none-eabi/12.2.1/thumb/v8-m.main+fp/hard/crtbegin.o

.glue_7         0x080092d8        0x0
 .glue_7        0x080092d8        0x0 linker stubs

.glue_7t        0x080092d8        0x0
 .glue_7t       0x080092d8        0x0 linker stubs

.vfp11_veneer   0x080092d8        0x0
 .vfp11_veneer  0x080092d8        0x0 linker stubs

.v4_bx          0x080092d8        0x0
 .v4_bx         0x080092d8        0x0 linker stubs

.iplt           0x080092d8        0x0
 .iplt          0x080092d8        0x0 c:/siliconlabs/simplicitystudio/v5/developer/toolchains/gnu_arm/12.2.rel1_2023.7/bin/../lib/gcc/arm-none-eabi/12.2.1/thumb/v8-m.main+fp/hard/crtbegin.o

.ARM.extab
 *(.ARM.extab* .gnu.linkonce.armextab.*)
                0x080092d8                __exidx_start = .

.ARM.exidx      0x080092d8        0x8
 *(.ARM.exidx* .gnu.linkonce.armexidx.*)
 .ARM.exidx     0x080092d8        0x8 c:/siliconlabs/simplicitystudio/v5/developer/toolchains/gnu_arm/12.2.rel1_2023.7/bin/../lib/gcc/arm-none-eabi/12.2.1/thumb/v8-m.main+fp/hard/crt0.o
                                 0x10 (size before relaxing)
 .ARM.exidx.text.__udivmoddi4
                0x080092e0        0x0 c:/siliconlabs/simplicitystudio/v5/developer/toolchains/gnu_arm/12.2.rel1_2023.7/bin/../lib/gcc/arm-none-eabi/12.2.1/thumb/v8-m.main+fp/hard\libgcc.a(_udivmoddi4.o)
                                  0x8 (size before relaxing)
                0x080092e0                __exidx_end = .

.rel.dyn        0x080092e0        0x0
 .rel.iplt      0x080092e0        0x0 c:/siliconlabs/simplicitystudio/v5/developer/toolchains/gnu_arm/12.2.rel1_2023.7/bin/../lib/gcc/arm-none-eabi/12.2.1/thumb/v8-m.main+fp/hard/crtbegin.o

.copy.table     0x080092e0        0xc
                0x080092e0                . = ALIGN (0x4)
                0x080092e0                __copy_table_start__ = .
                0x080092e0        0x4 LONG 0x80092ec __etext
                0x080092e4        0x4 LONG 0x20001000 __data_start__
                0x080092e8        0x4 LONG 0x82 ((__data_end__ - __data_start__) / 0x4)
                0x080092ec                __copy_table_end__ = .

.zero.table     0x080092ec        0x0
                0x080092ec                . = ALIGN (0x4)
                0x080092ec                __zero_table_start__ = .
                0x080092ec                __zero_table_end__ = .
                0x080092ec                __etext = .
                0x20000000                . = ORIGIN (RAM)

.stack          0x20000000     0x1000
                0x20000000                __StackLimit = .
 *(.stack*)
 .stack         0x20000000     0x1000 ./gecko_sdk_4.4.1/platform/common/toolchain/src/sl_memory.o
                0x20001000                . = ALIGN (0x4)
                0x20001000                __StackTop = .
                0x20001000                PROVIDE (__stack = __StackTop)

.noinit
 *(.noinit*)

.data           0x20001000      0x208 load address 0x080092ec
                0x20001000                . = ALIGN (0x4)
                0x20001000                __data_start__ = .
 *(vtable)
 *(SORT_BY_ALIGNMENT(.data*))
 .data.init_sensor
                0x20001000       0x14 ./autogen/sl_i2cspm_init.o
                0x20001000                init_sensor
 .data.sl_i2cspm_sensor
                0x20001014        0x4 ./autogen/sl_i2cspm_init.o
                0x20001014                sl_i2cspm_sensor
 .data.SystemCoreClock
                0x20001018        0x4 ./gecko_sdk_4.4.1/platform/Device/SiliconLabs/EFR32MG24/Source/system_efr32mg24.o
                0x20001018                SystemCoreClock
 .data.SystemHFRCODPLLClock
                0x2000101c        0x4 ./gecko_sdk_4.4.1/platform/Device/SiliconLabs/EFR32MG24/Source/system_efr32mg24.o
 .data.SystemLFXOClock
                0x20001020        0x4 ./gecko_sdk_4.4.1/platform/Device/SiliconLabs/EFR32MG24/Source/system_efr32mg24.o
 .data.SystemHFXOClock
                0x20001024        0x4 ./gecko_sdk_4.4.1/platform/Device/SiliconLabs/EFR32MG24/Source/system_efr32mg24.o
 .data.heap_end.0
                0x20001028        0x4 ./gecko_sdk_4.4.1/platform/common/toolchain/src/sl_memory.o
 .data.__sglue  0x2000102c        0xc c:/siliconlabs/simplicitystudio/v5/developer/toolchains/gnu_arm/12.2.rel1_2023.7/bin/../lib/gcc/arm-none-eabi/12.2.1/thumb/v8-m.main+fp/hard\libc_nano.a(libc_a-findfp.o)
                0x2000102c                __sglue
 .data._impure_ptr
                0x20001038        0x4 c:/siliconlabs/simplicitystudio/v5/developer/toolchains/gnu_arm/12.2.rel1_2023.7/bin/../lib/gcc/arm-none-eabi/12.2.1/thumb/v8-m.main+fp/hard\libc_nano.a(libc_a-impure.o)
                0x20001038                _impure_ptr
 .data._impure_data
                0x2000103c       0x4c c:/siliconlabs/simplicitystudio/v5/developer/toolchains/gnu_arm/12.2.rel1_2023.7/bin/../lib/gcc/arm-none-eabi/12.2.1/thumb/v8-m.main+fp/hard\libc_nano.a(libc_a-impure.o)
                0x2000103c                _impure_data
 .data.__global_locale
                0x20001088      0x16c c:/siliconlabs/simplicitystudio/v5/developer/toolchains/gnu_arm/12.2.rel1_2023.7/bin/../lib/gcc/arm-none-eabi/12.2.1/thumb/v8-m.main+fp/hard\libc_nano.a(libc_a-locale.o)
                0x20001088                __global_locale
 .data.hfxo_precision
                0x200011f4        0x2 ./gecko_sdk_4.4.1/platform/emlib/src/em_cmu.o
 .data.lfxo_precision
                0x200011f6        0x2 ./gecko_sdk_4.4.1/platform/emlib/src/em_cmu.o
 .data.simple_led1_context
                0x200011f8        0x3 ./autogen/sl_simple_led_instances.o
                0x200011f8                simple_led1_context
 .data.simple_led0_context
                0x200011fb        0x3 ./autogen/sl_simple_led_instances.o
                0x200011fb                simple_led0_context
 .data.ctuneDelta
                0x200011fe        0x1 ./gecko_sdk_4.4.1/platform/emlib/src/em_cmu.o
 .data.cc_disabled
                0x200011ff        0x1 ./gecko_sdk_4.4.1/platform/service/sleeptimer/src/sl_sleeptimer_hal_sysrtc.o
                0x20001200                . = ALIGN (0x4)
                [!provide]                PROVIDE (__ram_func_section_start = .)
 *(.ram)
                [!provide]                PROVIDE (__ram_func_section_end = .)
                0x20001200                . = ALIGN (0x4)