Archive member included to satisfy reference by file (symbol)

c:/siliconlabs/simplicitystudio/v5/developer/toolchains/gnu_arm/12.2.rel1_2023.7/bin/../lib/gcc/arm-none-eabi/12.2.1/thumb/v8-m.main+fp/hard\libgcc.a(_arm_muldf3.o)
                              ./as.o (__aeabi_dmul)
c:/siliconlabs/simplicitystudio/v5/developer/toolchains/gnu_arm/12.2.rel1_2023.7/bin/../lib/gcc/arm-none-eabi/12.2.1/thumb/v8-m.main+fp/hard\libgcc.a(_arm_addsubdf3.o)
                              ./as.o (__aeabi_dsub)
c:/siliconlabs/simplicitystudio/v5/developer/toolchains/gnu_arm/12.2.rel1_2023.7/bin/../lib/gcc/arm-none-eabi/12.2.1/thumb/v8-m.main+fp/hard\libgcc.a(_arm_truncdfsf2.o)
                              ./as.o (__aeabi_d2f)
c:/siliconlabs/simplicitystudio/v5/developer/toolchains/gnu_arm/12.2.rel1_2023.7/bin/../lib/gcc/arm-none-eabi/12.2.1/thumb/v8-m.main+fp/hard\libgcc.a(_aeabi_ldivmod.o)
                              ./gecko_sdk_4.4.1/platform/emlib/src/em_eusart.o (__aeabi_ldivmod)
c:/siliconlabs/simplicitystudio/v5/developer/toolchains/gnu_arm/12.2.rel1_2023.7/bin/../lib/gcc/arm-none-eabi/12.2.1/thumb/v8-m.main+fp/hard\libgcc.a(_aeabi_uldivmod.o)
                              ./gecko_sdk_4.4.1/platform/emlib/src/em_eusart.o (__aeabi_uldivmod)
c:/siliconlabs/simplicitystudio/v5/developer/toolchains/gnu_arm/12.2.rel1_2023.7/bin/../lib/gcc/arm-none-eabi/12.2.1/thumb/v8-m.main+fp/hard\libgcc.a(_udivmoddi4.o)
                              c:/siliconlabs/simplicitystudio/v5/developer/toolchains/gnu_arm/12.2.rel1_2023.7/bin/../lib/gcc/arm-none-eabi/12.2.1/thumb/v8-m.main+fp/hard\libgcc.a(_aeabi_ldivmod.o) (__udivmoddi4)
c:/siliconlabs/simplicitystudio/v5/developer/toolchains/gnu_arm/12.2.rel1_2023.7/bin/../lib/gcc/arm-none-eabi/12.2.1/thumb/v8-m.main+fp/hard\libgcc.a(_dvmd_tls.o)
                              c:/siliconlabs/simplicitystudio/v5/developer/toolchains/gnu_arm/12.2.rel1_2023.7/bin/../lib/gcc/arm-none-eabi/12.2.1/thumb/v8-m.main+fp/hard\libgcc.a(_aeabi_ldivmod.o) (__aeabi_ldiv0)
c:/siliconlabs/simplicitystudio/v5/developer/toolchains/gnu_arm/12.2.rel1_2023.7/bin/../lib/gcc/arm-none-eabi/12.2.1/thumb/v8-m.main+fp/hard\libc_nano.a(libc_a-exit.o)
                              c:/siliconlabs/simplicitystudio/v5/developer/toolchains/gnu_arm/12.2.rel1_2023.7/bin/../lib/gcc/arm-none-eabi/12.2.1/thumb/v8-m.main+fp/hard/crt0.o (exit)
c:/siliconlabs/simplicitystudio/v5/developer/toolchains/gnu_arm/12.2.rel1_2023.7/bin/../lib/gcc/arm-none-eabi/12.2.1/thumb/v8-m.main+fp/hard\libc_nano.a(libc_a-ctype_.o)
                              ./gecko_sdk_4.4.1/platform/common/src/sl_string.o (_ctype_)
c:/siliconlabs/simplicitystudio/v5/developer/toolchains/gnu_arm/12.2.rel1_2023.7/bin/../lib/gcc/arm-none-eabi/12.2.1/thumb/v8-m.main+fp/hard\libc_nano.a(libc_a-nano-vfprintf_float.o)
                              (_printf_float)
c:/siliconlabs/simplicitystudio/v5/developer/toolchains/gnu_arm/12.2.rel1_2023.7/bin/../lib/gcc/arm-none-eabi/12.2.1/thumb/v8-m.main+fp/hard\libc_nano.a(libc_a-nano-vfprintf_i.o)
                              c:/siliconlabs/simplicitystudio/v5/developer/toolchains/gnu_arm/12.2.rel1_2023.7/bin/../lib/gcc/arm-none-eabi/12.2.1/thumb/v8-m.main+fp/hard\libc_nano.a(libc_a-nano-vfprintf_float.o) (_printf_common)
c:/siliconlabs/simplicitystudio/v5/developer/toolchains/gnu_arm/12.2.rel1_2023.7/bin/../lib/gcc/arm-none-eabi/12.2.1/thumb/v8-m.main+fp/hard\libc_nano.a(libc_a-findfp.o)
                              c:/siliconlabs/simplicitystudio/v5/developer/toolchains/gnu_arm/12.2.rel1_2023.7/bin/../lib/gcc/arm-none-eabi/12.2.1/thumb/v8-m.main+fp/hard\libc_nano.a(libc_a-exit.o) (__stdio_exit_handler)
c:/siliconlabs/simplicitystudio/v5/developer/toolchains/gnu_arm/12.2.rel1_2023.7/bin/../lib/gcc/arm-none-eabi/12.2.1/thumb/v8-m.main+fp/hard\libc_nano.a(libc_a-fwalk.o)
                              c:/siliconlabs/simplicitystudio/v5/developer/toolchains/gnu_arm/12.2.rel1_2023.7/bin/../lib/gcc/arm-none-eabi/12.2.1/thumb/v8-m.main+fp/hard\libc_nano.a(libc_a-findfp.o) (_fwalk_sglue)
c:/siliconlabs/simplicitystudio/v5/developer/toolchains/gnu_arm/12.2.rel1_2023.7/bin/../lib/gcc/arm-none-eabi/12.2.1/thumb/v8-m.main+fp/hard\libc_nano.a(libc_a-printf.o)
                              ./app.o (printf)
c:/siliconlabs/simplicitystudio/v5/developer/toolchains/gnu_arm/12.2.rel1_2023.7/bin/../lib/gcc/arm-none-eabi/12.2.1/thumb/v8-m.main+fp/hard\libc_nano.a(libc_a-putchar.o)
                              ./app.o (putchar)
c:/siliconlabs/simplicitystudio/v5/developer/toolchains/gnu_arm/12.2.rel1_2023.7/bin/../lib/gcc/arm-none-eabi/12.2.1/thumb/v8-m.main+fp/hard\libc_nano.a(libc_a-puts.o)
                              ./app.o (puts)
c:/siliconlabs/simplicitystudio/v5/developer/toolchains/gnu_arm/12.2.rel1_2023.7/bin/../lib/gcc/arm-none-eabi/12.2.1/thumb/v8-m.main+fp/hard\libc_nano.a(libc_a-setvbuf.o)
                              ./gecko_sdk_4.4.1/platform/service/iostream/src/sl_iostream_stdlib_config.o (setvbuf)
[...]
Memory Configuration

Name             Origin             Length             Attributes
FLASH            0x08000000         0x0017e000         xr
RAM              0x20000000         0x00040000         xrw
*default*        0x00000000         0xffffffff

Linker script and memory map

LOAD c:/siliconlabs/simplicitystudio/v5/developer/toolchains/gnu_arm/12.2.rel1_2023.7/bin/../lib/gcc/arm-none-eabi/12.2.1/thumb/v8-m.main+fp/hard/crti.o
LOAD c:/siliconlabs/simplicitystudio/v5/developer/toolchains/gnu_arm/12.2.rel1_2023.7/bin/../lib/gcc/arm-none-eabi/12.2.1/thumb/v8-m.main+fp/hard/crtbegin.o
LOAD c:/siliconlabs/simplicitystudio/v5/developer/toolchains/gnu_arm/12.2.rel1_2023.7/bin/../lib/gcc/arm-none-eabi/12.2.1/thumb/v8-m.main+fp/hard/crt0.o
START GROUP
LOAD ./app.o
LOAD ./as.o
LOAD ./main.o
LOAD ./mpl.o
LOAD ./si.o
LOAD ./autogen/sl_board_default_init.o
LOAD ./autogen/sl_device_init_clocks.o
LOAD ./autogen/sl_event_handler.o
LOAD ./autogen/sl_i2cspm_init.o
LOAD ./autogen/sl_iostream_handles.o
LOAD ./autogen/sl_iostream_init_eusart_instances.o
LOAD ./autogen/sl_simple_led_instances.o
LOAD ./gecko_sdk_4.4.1/hardware/board/src/sl_board_control_gpio.o
LOAD ./gecko_sdk_4.4.1/hardware/board/src/sl_board_init.o
LOAD ./gecko_sdk_4.4.1/hardware/driver/configuration_over_swo/src/sl_cos.o
LOAD ./gecko_sdk_4.4.1/hardware/driver/mx25_flash_shutdown/src/sl_mx25_flash_shutdown_usart/sl_mx25_flash_shutdown.o
LOAD ./gecko_sdk_4.4.1/platform/Device/SiliconLabs/EFR32MG24/Source/startup_efr32mg24.o
LOAD ./gecko_sdk_4.4.1/platform/Device/SiliconLabs/EFR32MG24/Source/system_efr32mg24.o
LOAD ./gecko_sdk_4.4.1/platform/common/src/sl_assert.o
LOAD ./gecko_sdk_4.4.1/platform/common/src/sl_slist.o
LOAD ./gecko_sdk_4.4.1/platform/common/src/sl_string.o
LOAD ./gecko_sdk_4.4.1/platform/common/src/sl_syscalls.o
LOAD ./gecko_sdk_4.4.1/platform/common/toolchain/src/sl_memory.o
LOAD ./gecko_sdk_4.4.1/platform/driver/debug/src/sl_debug_swo.o
LOAD ./gecko_sdk_4.4.1/platform/driver/i2cspm/src/sl_i2cspm.o
LOAD ./gecko_sdk_4.4.1/platform/driver/leddrv/src/sl_led.o
LOAD ./gecko_sdk_4.4.1/platform/driver/leddrv/src/sl_simple_led.o
LOAD ./gecko_sdk_4.4.1/platform/emdrv/dmadrv/src/dmadrv.o
LOAD ./gecko_sdk_4.4.1/platform/emlib/src/em_burtc.o
LOAD ./gecko_sdk_4.4.1/platform/emlib/src/em_cmu.o
LOAD ./gecko_sdk_4.4.1/platform/emlib/src/em_core.o
LOAD ./gecko_sdk_4.4.1/platform/emlib/src/em_emu.o
LOAD ./gecko_sdk_4.4.1/platform/emlib/src/em_eusart.o
LOAD ./gecko_sdk_4.4.1/platform/emlib/src/em_gpio.o
LOAD ./gecko_sdk_4.4.1/platform/emlib/src/em_i2c.o
LOAD ./gecko_sdk_4.4.1/platform/emlib/src/em_ldma.o
LOAD ./gecko_sdk_4.4.1/platform/emlib/src/em_msc.o
LOAD ./gecko_sdk_4.4.1/platform/emlib/src/em_prs.o
LOAD ./gecko_sdk_4.4.1/platform/emlib/src/em_system.o
LOAD ./gecko_sdk_4.4.1/platform/emlib/src/em_timer.o
LOAD ./gecko_sdk_4.4.1/platform/emlib/src/em_usart.o
LOAD ./gecko_sdk_4.4.1/platform/peripheral/src/peripheral_sysrtc.o
LOAD ./gecko_sdk_4.4.1/platform/service/device_init/src/sl_device_init_dcdc_s2.o
LOAD ./gecko_sdk_4.4.1/platform/service/device_init/src/sl_device_init_emu_s2.o
LOAD ./gecko_sdk_4.4.1/platform/service/device_init/src/sl_device_init_hfxo_s2.o
LOAD ./gecko_sdk_4.4.1/platform/service/device_init/src/sl_device_init_lfxo_s2.o
LOAD ./gecko_sdk_4.4.1/platform/service/device_init/src/sl_device_init_nvic.o
LOAD ./gecko_sdk_4.4.1/platform/service/iostream/src/sl_iostream.o
LOAD ./gecko_sdk_4.4.1/platform/service/iostream/src/sl_iostream_eusart.o
LOAD ./gecko_sdk_4.4.1/platform/service/iostream/src/sl_iostream_retarget_stdio.o
LOAD ./gecko_sdk_4.4.1/platform/service/iostream/src/sl_iostream_stdlib_config.o
LOAD ./gecko_sdk_4.4.1/platform/service/iostream/src/sl_iostream_uart.o
LOAD ./gecko_sdk_4.4.1/platform/service/sleeptimer/src/sl_sleeptimer.o
LOAD ./gecko_sdk_4.4.1/platform/service/sleeptimer/src/sl_sleeptimer_hal_burtc.o
LOAD ./gecko_sdk_4.4.1/platform/service/sleeptimer/src/sl_sleeptimer_hal_sysrtc.o
LOAD ./gecko_sdk_4.4.1/platform/service/sleeptimer/src/sl_sleeptimer_hal_timer.o
LOAD ./gecko_sdk_4.4.1/platform/service/system/src/sl_system_init.o
LOAD ./gecko_sdk_4.4.1/platform/service/system/src/sl_system_process_action.o
LOAD ./gecko_sdk_4.4.1/platform/service/udelay/src/sl_udelay.o
LOAD ./gecko_sdk_4.4.1/platform/service/udelay/src/sl_udelay_armv6m_gcc.o
LOAD c:/siliconlabs/simplicitystudio/v5/developer/toolchains/gnu_arm/12.2.rel1_2023.7/bin/../lib/gcc/arm-none-eabi/12.2.1/thumb/v8-m.main+fp/hard\libgcc.a
LOAD c:/siliconlabs/simplicitystudio/v5/developer/toolchains/gnu_arm/12.2.rel1_2023.7/bin/../lib/gcc/arm-none-eabi/12.2.1/thumb/v8-m.main+fp/hard\libc_nano.a
LOAD c:/siliconlabs/simplicitystudio/v5/developer/toolchains/gnu_arm/12.2.rel1_2023.7/bin/../lib/gcc/arm-none-eabi/12.2.1/thumb/v8-m.main+fp/hard\libm.a
LOAD c:/siliconlabs/simplicitystudio/v5/developer/toolchains/gnu_arm/12.2.rel1_2023.7/bin/../lib/gcc/arm-none-eabi/12.2.1/thumb/v8-m.main+fp/hard\libnosys.a
END GROUP
START GROUP
LOAD c:/siliconlabs/simplicitystudio/v5/developer/toolchains/gnu_arm/12.2.rel1_2023.7/bin/../lib/gcc/arm-none-eabi/12.2.1/thumb/v8-m.main+fp/hard\libgcc.a
LOAD c:/siliconlabs/simplicitystudio/v5/developer/toolchains/gnu_arm/12.2.rel1_2023.7/bin/../lib/gcc/arm-none-eabi/12.2.1/thumb/v8-m.main+fp/hard\libc_nano.a
LOAD c:/siliconlabs/simplicitystudio/v5/developer/toolchains/gnu_arm/12.2.rel1_2023.7/bin/../lib/gcc/arm-none-eabi/12.2.1/thumb/v8-m.main+fp/hard\libnosys.a
END GROUP
START GROUP
LOAD c:/siliconlabs/simplicitystudio/v5/developer/toolchains/gnu_arm/12.2.rel1_2023.7/bin/../lib/gcc/arm-none-eabi/12.2.1/thumb/v8-m.main+fp/hard\libgcc.a
LOAD c:/siliconlabs/simplicitystudio/v5/developer/toolchains/gnu_arm/12.2.rel1_2023.7/bin/../lib/gcc/arm-none-eabi/12.2.1/thumb/v8-m.main+fp/hard\libg_nano.a
LOAD c:/siliconlabs/simplicitystudio/v5/developer/toolchains/gnu_arm/12.2.rel1_2023.7/bin/../lib/gcc/arm-none-eabi/12.2.1/thumb/v8-m.main+fp/hard\libc_nano.a
END GROUP
START GROUP
LOAD c:/siliconlabs/simplicitystudio/v5/developer/toolchains/gnu_arm/12.2.rel1_2023.7/bin/../lib/gcc/arm-none-eabi/12.2.1/thumb/v8-m.main+fp/hard\libgcc.a
LOAD c:/siliconlabs/simplicitystudio/v5/developer/toolchains/gnu_arm/12.2.rel1_2023.7/bin/../lib/gcc/arm-none-eabi/12.2.1/thumb/v8-m.main+fp/hard\libc_nano.a
END GROUP
LOAD c:/siliconlabs/simplicitystudio/v5/developer/toolchains/gnu_arm/12.2.rel1_2023.7/bin/../lib/gcc/arm-none-eabi/12.2.1/thumb/v8-m.main+fp/hard/crtend.o
LOAD c:/siliconlabs/simplicitystudio/v5/developer/toolchains/gnu_arm/12.2.rel1_2023.7/bin/../lib/gcc/arm-none-eabi/12.2.1/thumb/v8-m.main+fp/hard/crtn.o

.text           0x08000000     0x9960
                0x08000000                linker_vectors_begin = .
 *(.vectors)
 .vectors       0x08000000      0x170 ./gecko_sdk_4.4.1/platform/Device/SiliconLabs/EFR32MG24/Source/startup_efr32mg24.o
                0x08000000                __Vectors
                0x08000170                linker_vectors_end = .
                0x08000170                __Vectors_End = .
                0x08000170                __Vectors_Size = (__Vectors_End - __Vectors)
                0x08000170                linker_code_begin = .
 *(SORT_BY_ALIGNMENT(.text*))
 .text          0x08000170        0x8 ./gecko_sdk_4.4.1/platform/service/udelay/src/sl_udelay_armv6m_gcc.o
                0x08000170                sli_delay_loop
 .text.AS7331_GetTemperature
                0x08000178       0x80 ./as.o
                0x08000178                AS7331_GetTemperature
 .text._dtoa_r  0x080001f8      0xc54 c:/siliconlabs/simplicitystudio/v5/developer/toolchains/gnu_arm/12.2.rel1_2023.7/bin/../lib/gcc/arm-none-eabi/12.2.1/thumb/v8-m.main+fp/hard\libc_nano.a(libc_a-dtoa.o)
                0x080001f8                _dtoa_r
 .text.deregister_tm_clones
                0x08000e4c       0x1c c:/siliconlabs/simplicitystudio/v5/developer/toolchains/gnu_arm/12.2.rel1_2023.7/bin/../lib/gcc/arm-none-eabi/12.2.1/thumb/v8-m.main+fp/hard/crtbegin.o
 .text.register_tm_clones
                0x08000e68       0x28 c:/siliconlabs/simplicitystudio/v5/developer/toolchains/gnu_arm/12.2.rel1_2023.7/bin/../lib/gcc/arm-none-eabi/12.2.1/thumb/v8-m.main+fp/hard/crtbegin.o
 .text.__do_global_dtors_aux
                0x08000e90       0x28 c:/siliconlabs/simplicitystudio/v5/developer/toolchains/gnu_arm/12.2.rel1_2023.7/bin/../lib/gcc/arm-none-eabi/12.2.1/thumb/v8-m.main+fp/hard/crtbegin.o
 .text.frame_dummy
                0x08000eb8       0x24 c:/siliconlabs/simplicitystudio/v5/developer/toolchains/gnu_arm/12.2.rel1_2023.7/bin/../lib/gcc/arm-none-eabi/12.2.1/thumb/v8-m.main+fp/hard/crtbegin.o
 .text          0x08000edc       0x7c c:/siliconlabs/simplicitystudio/v5/developer/toolchains/gnu_arm/12.2.rel1_2023.7/bin/../lib/gcc/arm-none-eabi/12.2.1/thumb/v8-m.main+fp/hard/crt0.o
                0x08000edc                _stack_init
                0x08000ee4                _start
                0x08000ee4                _mainCRTStartup
 .text.app_init
                0x08000f58       0xb4 ./app.o
                0x08000f58                app_init
 .text.app_process_action
                0x0800100c       0x28 ./app.o
                0x0800100c                app_process_action
 .text.as_flush_buffers
                0x08001034       0x24 ./as.o
 .text.AS7331_transaction.constprop.0
                0x08001058       0x50 ./as.o
 .text.AS7331_ChangeMode
                0x080010a8       0x78 ./as.o
                0x080010a8                AS7331_ChangeMode
 .text.AS7331_StartCMDTransfer
                0x08001120       0x64 ./as.o
                0x08001120                AS7331_StartCMDTransfer
 .text.AS7331_GetFSR
                0x08001184       0x58 ./as.o
                0x08001184                AS7331_GetFSR
 .text.AS7331_GetUV
                0x080011dc      0x150 ./as.o
                0x080011dc                AS7331_GetUV
 .text.as_dev_id
                0x0800132c       0x68 ./as.o
                0x0800132c                as_dev_id
 .text.as_init  0x08001394       0xf4 ./as.o
                0x08001394                as_init
 .text.as_report
                0x08001488       0x90 ./as.o
                0x08001488                as_report
 .text.mpl_flush_buffers
                0x08001518       0x24 ./mpl.o
                0x08001518                mpl_flush_buffers
 .text.MPL3115A2_GetPressure
                0x0800153c       0xb8 ./mpl.o
                0x0800153c                MPL3115A2_GetPressure
 .text.MPL3115A2_GetTemperature
                0x080015f4       0xa4 ./mpl.o
                0x080015f4                MPL3115A2_GetTemperature
 .text.mpl_dev_id
                0x08001698       0x84 ./mpl.o
                0x08001698                mpl_dev_id
 .text.mpl_init
                0x0800171c       0xc4 ./mpl.o
                0x0800171c                mpl_init
 .text.mpl_report
                0x080017e0       0x50 ./mpl.o
                0x080017e0                mpl_report
 .text.timer_callback
                0x08001830        0xc ./si.o
 .text.decode_temp
                0x0800183c       0x54 ./si.o
                0x0800183c                decode_temp
 .text.SI7021_measure.constprop.0
                0x08001890       0xc8 ./si.o
 .text.initialise_temp_limits
                0x08001958       0x28 ./si.o
                0x08001958                initialise_temp_limits
 .text.si_dev_id
                0x08001980       0x78 ./si.o
                0x08001980                si_dev_id
 .text.si_init  0x080019f8       0x2c ./si.o
                0x080019f8                si_init
 .text.sl_device_init_clocks
                0x08001a24       0xac ./autogen/sl_device_init_clocks.o
                0x08001a24                sl_device_init_clocks
 .text.sl_i2cspm_init_instances
                0x08001ad0       0x18 ./autogen/sl_i2cspm_init.o
                0x08001ad0                sl_i2cspm_init_instances
 .text.sl_iostream_eusart_init_vcom
                0x08001ae8       0xc4 ./autogen/sl_iostream_init_eusart_instances.o
                0x08001ae8                sl_iostream_eusart_init_vcom
 .text.EUSART0_RX_IRQHandler
                0x08001bac        0xc ./autogen/sl_iostream_init_eusart_instances.o
                0x08001bac                EUSART0_RX_IRQHandler
 .text.sl_simple_led_init_instances
                0x08001bb8       0x1c ./autogen/sl_simple_led_instances.o
                0x08001bb8                sl_simple_led_init_instances
 .text.sl_board_enable_sensor
                0x08001bd4       0x60 ./gecko_sdk_4.4.1/hardware/board/src/sl_board_control_gpio.o
                0x08001bd4                sl_board_enable_sensor
 .text.cs_high  0x08001c34       0x10 ./gecko_sdk_4.4.1/hardware/driver/mx25_flash_shutdown/src/sl_mx25_flash_shutdown_usart/sl_mx25_flash_shutdown.o
 .text.cs_low   0x08001c44       0x10 ./gecko_sdk_4.4.1/hardware/driver/mx25_flash_shutdown/src/sl_mx25_flash_shutdown_usart/sl_mx25_flash_shutdown.o
 .text.sl_mx25_flash_shutdown
                0x08001c54      0x118 ./gecko_sdk_4.4.1/hardware/driver/mx25_flash_shutdown/src/sl_mx25_flash_shutdown_usart/sl_mx25_flash_shutdown.o
                0x08001c54                sl_mx25_flash_shutdown
 .text.CopyRamFuncs
                0x08001d6c       0x1c ./gecko_sdk_4.4.1/platform/Device/SiliconLabs/EFR32MG24/Source/startup_efr32mg24.o
                0x08001d6c                CopyRamFuncs
 .text.Reset_Handler
                0x08001d88       0x64 ./gecko_sdk_4.4.1/platform/Device/SiliconLabs/EFR32MG24/Source/startup_efr32mg24.o
                0x08001d88                Reset_Handler
 .text.SystemInit
                0x08001dec       0x68 ./gecko_sdk_4.4.1/platform/Device/SiliconLabs/EFR32MG24/Source/system_efr32mg24.o
                0x08001dec                SystemInit
 .text.SystemHFRCODPLLClockGet
                0x08001e54        0xc ./gecko_sdk_4.4.1/platform/Device/SiliconLabs/EFR32MG24/Source/system_efr32mg24.o
                0x08001e54                SystemHFRCODPLLClockGet
 .text.SystemSYSCLKGet
                0x08001e60       0x34 ./gecko_sdk_4.4.1/platform/Device/SiliconLabs/EFR32MG24/Source/system_efr32mg24.o
                0x08001e60                SystemSYSCLKGet
 .text.SystemHCLKGet
                0x08001e94       0x24 ./gecko_sdk_4.4.1/platform/Device/SiliconLabs/EFR32MG24/Source/system_efr32mg24.o
                0x08001e94                SystemHCLKGet
 .text.SystemMaxCoreClockGet
                0x08001eb8        0x8 ./gecko_sdk_4.4.1/platform/Device/SiliconLabs/EFR32MG24/Source/system_efr32mg24.o
                0x08001eb8                SystemMaxCoreClockGet
 .text.SystemHFXOClockGet
                0x08001ec0        0xc ./gecko_sdk_4.4.1/platform/Device/SiliconLabs/EFR32MG24/Source/system_efr32mg24.o
                0x08001ec0                SystemHFXOClockGet
 .text.SystemHFXOClockSet
                0x08001ecc       0x20 ./gecko_sdk_4.4.1/platform/Device/SiliconLabs/EFR32MG24/Source/system_efr32mg24.o
                0x08001ecc                SystemHFXOClockSet
 .text.SystemFSRCOClockGet
                0x08001eec        0x8 ./gecko_sdk_4.4.1/platform/Device/SiliconLabs/EFR32MG24/Source/system_efr32mg24.o
                0x08001eec                SystemFSRCOClockGet
 .text.SystemHFRCOEM23ClockGet
                0x08001ef4       0x84 ./gecko_sdk_4.4.1/platform/Device/SiliconLabs/EFR32MG24/Source/system_efr32mg24.o
                0x08001ef4                SystemHFRCOEM23ClockGet
 .text.SystemLFXOClockGet
                0x08001f78        0xc ./gecko_sdk_4.4.1/platform/Device/SiliconLabs/EFR32MG24/Source/system_efr32mg24.o
                0x08001f78                SystemLFXOClockGet
 .text._sbrk    0x08001f84       0x20 ./gecko_sdk_4.4.1/platform/common/toolchain/src/sl_memory.o
                0x08001f84                _sbrk
 .text.sl_debug_swo_init
                0x08001fa4      0x114 ./gecko_sdk_4.4.1/platform/driver/debug/src/sl_debug_swo.o
                0x08001fa4                sl_debug_swo_init
 .text.sl_debug_swo_write_u8
                0x080020b8       0x44 ./gecko_sdk_4.4.1/platform/driver/debug/src/sl_debug_swo.o
                0x080020b8                sl_debug_swo_write_u8
 .text.I2CSPM_Init
                0x080020fc      0x158 ./gecko_sdk_4.4.1/platform/driver/i2cspm/src/sl_i2cspm.o
                0x080020fc                I2CSPM_Init
 .text.I2CSPM_Transfer
                0x08002254       0x20 ./gecko_sdk_4.4.1/platform/driver/i2cspm/src/sl_i2cspm.o
                0x08002254                I2CSPM_Transfer
 .text.GPIO_PinOutClear
                0x08002274       0x3c ./gecko_sdk_4.4.1/platform/driver/leddrv/src/sl_simple_led.o
 .text.GPIO_PinOutSet
                0x080022b0       0x3c ./gecko_sdk_4.4.1/platform/driver/leddrv/src/sl_simple_led.o
 .text.sl_simple_led_toggle
                0x080022ec       0x3c ./gecko_sdk_4.4.1/platform/driver/leddrv/src/sl_simple_led.o
                0x080022ec                sl_simple_led_toggle
 .text.sl_simple_led_get_state
                0x08002328       0x4c ./gecko_sdk_4.4.1/platform/driver/leddrv/src/sl_simple_led.o
                0x08002328                sl_simple_led_get_state
 .text.StartTransfer
                0x08002374      0x17c ./gecko_sdk_4.4.1/platform/emdrv/dmadrv/src/dmadrv.o
 .text.DMADRV_AllocateChannel
                0x080024f0       0x60 ./gecko_sdk_4.4.1/platform/emdrv/dmadrv/src/dmadrv.o
                0x080024f0                DMADRV_AllocateChannel
 .text.DMADRV_DeInit
                0x08002550       0x44 ./gecko_sdk_4.4.1/platform/emdrv/dmadrv/src/dmadrv.o
                0x08002550                DMADRV_DeInit
 .text.DMADRV_FreeChannel
                0x08002594       0x4c ./gecko_sdk_4.4.1/platform/emdrv/dmadrv/src/dmadrv.o
                0x08002594                DMADRV_FreeChannel
 .text.DMADRV_Init
                0x080025e0       0x68 ./gecko_sdk_4.4.1/platform/emdrv/dmadrv/src/dmadrv.o
                0x080025e0                DMADRV_Init
 .text.DMADRV_PauseTransfer
                0x08002648       0x40 ./gecko_sdk_4.4.1/platform/emdrv/dmadrv/src/dmadrv.o
                0x08002648                DMADRV_PauseTransfer
 .text.DMADRV_ResumeTransfer
                0x08002688       0x40 ./gecko_sdk_4.4.1/platform/emdrv/dmadrv/src/dmadrv.o
                0x08002688                DMADRV_ResumeTransfer
 .text.DMADRV_StopTransfer
                0x080026c8       0x40 ./gecko_sdk_4.4.1/platform/emdrv/dmadrv/src/dmadrv.o
                0x080026c8                DMADRV_StopTransfer
 .text.DMADRV_TransferCompletePending
                0x08002708       0x50 ./gecko_sdk_4.4.1/platform/emdrv/dmadrv/src/dmadrv.o
                0x08002708                DMADRV_TransferCompletePending
 .text.DMADRV_TransferDone
                0x08002758       0x44 ./gecko_sdk_4.4.1/platform/emdrv/dmadrv/src/dmadrv.o
                0x08002758                DMADRV_TransferDone
 .text.LDMA_IRQHandler
                0x0800279c       0x74 ./gecko_sdk_4.4.1/platform/emdrv/dmadrv/src/dmadrv.o
                0x0800279c                LDMA_IRQHandler
 .text.EMU_VScaleGet
                0x08002810       0x18 ./gecko_sdk_4.4.1/platform/emlib/src/em_cmu.o
 .text.traceClkGet
                0x08002828       0x54 ./gecko_sdk_4.4.1/platform/emlib/src/em_cmu.o
 .text.em01GrpaClkGet
                0x0800287c       0x74 ./gecko_sdk_4.4.1/platform/emlib/src/em_cmu.o
 .text.em01GrpcClkGet
                0x080028f0       0x70 ./gecko_sdk_4.4.1/platform/emlib/src/em_cmu.o
 .text.iadcClkGet
                0x08002960       0x60 ./gecko_sdk_4.4.1/platform/emlib/src/em_cmu.o
 .text.eusart0ClkGet
                0x080029c0       0x74 ./gecko_sdk_4.4.1/platform/emlib/src/em_cmu.o
 .text.em23GrpaClkGet
                0x08002a34       0x48 ./gecko_sdk_4.4.1/platform/emlib/src/em_cmu.o
 .text.vdac0ClkGet
                0x08002a7c       0x70 ./gecko_sdk_4.4.1/platform/emlib/src/em_cmu.o
 .text.vdac1ClkGet
                0x08002aec       0x70 ./gecko_sdk_4.4.1/platform/emlib/src/em_cmu.o
 .text.pcnt0ClkGet
                0x08002b5c       0x4c ./gecko_sdk_4.4.1/platform/emlib/src/em_cmu.o
 .text.wdog0ClkGet
                0x08002ba8       0x64 ./gecko_sdk_4.4.1/platform/emlib/src/em_cmu.o
 .text.wdog1ClkGet
                0x08002c0c       0x64 ./gecko_sdk_4.4.1/platform/emlib/src/em_cmu.o
 .text.sysrtcClkGet
                0x08002c70       0x48 ./gecko_sdk_4.4.1/platform/emlib/src/em_cmu.o
 .text.em4GrpaClkGet
                0x08002cb8       0x48 ./gecko_sdk_4.4.1/platform/emlib/src/em_cmu.o
 .text.CMU_ClockDivGet
                0x08002d00       0x78 ./gecko_sdk_4.4.1/platform/emlib/src/em_cmu.o
                0x08002d00                CMU_ClockDivGet
 .text.flashWaitStateControl
                0x08002d78       0x58 ./gecko_sdk_4.4.1/platform/emlib/src/em_cmu.o
 .text.CMU_ClockEnable
                0x08002dd0       0x50 ./gecko_sdk_4.4.1/platform/emlib/src/em_cmu.o
                0x08002dd0                CMU_ClockEnable
 .text.CMU_ClockFreqGet
                0x08002e20      0x204 ./gecko_sdk_4.4.1/platform/emlib/src/em_cmu.o
                0x08002e20                CMU_ClockFreqGet
 .text.rhclkPrescOptimize
                0x08003024       0x20 ./gecko_sdk_4.4.1/platform/emlib/src/em_cmu.o
 .text.CMU_ClockSelectGet
                0x08003044      0x22c ./gecko_sdk_4.4.1/platform/emlib/src/em_cmu.o
                0x08003044                CMU_ClockSelectGet
 .text.sli_em_cmu_HFXOSetForceEnable
                0x08003270       0x1c ./gecko_sdk_4.4.1/platform/emlib/src/em_cmu.o
                0x08003270                sli_em_cmu_HFXOSetForceEnable
 .text.CMU_HFXOInit
                0x0800328c      0x224 ./gecko_sdk_4.4.1/platform/emlib/src/em_cmu.o
                0x0800328c                CMU_HFXOInit
 .text.CMU_HFXOCTuneDeltaGet
                0x080034b0        0xc ./gecko_sdk_4.4.1/platform/emlib/src/em_cmu.o
                0x080034b0                CMU_HFXOCTuneDeltaGet
 .text.CMU_LFXOInit
                0x080034bc       0xc4 ./gecko_sdk_4.4.1/platform/emlib/src/em_cmu.o
                0x080034bc                CMU_LFXOInit
 .text.CMU_LFXOPrecisionSet
                0x08003580        0xc ./gecko_sdk_4.4.1/platform/emlib/src/em_cmu.o
                0x08003580                CMU_LFXOPrecisionSet
 .text.CMU_HFXOPrecisionSet
                0x0800358c        0xc ./gecko_sdk_4.4.1/platform/emlib/src/em_cmu.o
                0x0800358c                CMU_HFXOPrecisionSet
 .text.CMU_ClockDivSet
                0x08003598      0x12c ./gecko_sdk_4.4.1/platform/emlib/src/em_cmu.o
                0x08003598                CMU_ClockDivSet
 .text.sli_em_cmu_SYSCLKInitPreClockSelect
                0x080036c4       0x20 ./gecko_sdk_4.4.1/platform/emlib/src/em_cmu.o
                0x080036c4                sli_em_cmu_SYSCLKInitPreClockSelect
 .text.pclkDivOptimize
                0x080036e4       0x24 ./gecko_sdk_4.4.1/platform/emlib/src/em_cmu.o
 .text.EMU_DCDCSync
                0x08003708       0x10 ./gecko_sdk_4.4.1/platform/emlib/src/em_emu.o
 .text.EMU_EM4Init
                0x08003718       0x14 ./gecko_sdk_4.4.1/platform/emlib/src/em_emu.o
                0x08003718                EMU_EM4Init
 .text.EMU_VScaleEM01
                0x0800372c       0xa8 ./gecko_sdk_4.4.1/platform/emlib/src/em_emu.o
                0x0800372c                EMU_VScaleEM01
 .text.EMU_VScaleEM01ByClock
                0x080037d4       0x30 ./gecko_sdk_4.4.1/platform/emlib/src/em_emu.o
                0x080037d4                EMU_VScaleEM01ByClock
 .text.EMU_DCDCModeSet
                0x08003804       0xac ./gecko_sdk_4.4.1/platform/emlib/src/em_emu.o
                0x08003804                EMU_DCDCModeSet
 .text.EMU_DCDCInit
                0x080038b0       0x70 ./gecko_sdk_4.4.1/platform/emlib/src/em_emu.o
                0x080038b0                EMU_DCDCInit
 .text.EMU_DCDCSetPFMXModePeakCurrent
                0x08003920       0x6c ./gecko_sdk_4.4.1/platform/emlib/src/em_emu.o
                0x08003920                EMU_DCDCSetPFMXModePeakCurrent
 .text.EUSART_Reset
                0x0800398c       0x54 ./gecko_sdk_4.4.1/platform/emlib/src/em_eusart.o
                0x0800398c                EUSART_Reset
 .text.EUSART_Enable
                0x080039e0       0x6c ./gecko_sdk_4.4.1/platform/emlib/src/em_eusart.o
                0x080039e0                EUSART_Enable
 .text.EUSART_BaudrateSet
                0x08003a4c      0x1cc ./gecko_sdk_4.4.1/platform/emlib/src/em_eusart.o
                0x08003a4c                EUSART_BaudrateSet
 .text.EUSART_AsyncInitCommon
                0x08003c18      0x23c ./gecko_sdk_4.4.1/platform/emlib/src/em_eusart.o
 .text.EUSART_UartInitHf
                0x08003e54       0x5c ./gecko_sdk_4.4.1/platform/emlib/src/em_eusart.o
                0x08003e54                EUSART_UartInitHf
 .text.EUSART_UartInitLf
                0x08003eb0       0xb8 ./gecko_sdk_4.4.1/platform/emlib/src/em_eusart.o
                0x08003eb0                EUSART_UartInitLf
 .text.GPIO_PinOutSet
                0x08003f68       0x3c ./gecko_sdk_4.4.1/platform/emlib/src/em_gpio.o
 .text.GPIO_PinOutClear
                0x08003fa4       0x3c ./gecko_sdk_4.4.1/platform/emlib/src/em_gpio.o
 .text.GPIO_PinModeSet
                0x08003fe0       0x94 ./gecko_sdk_4.4.1/platform/emlib/src/em_gpio.o
                0x08003fe0                GPIO_PinModeSet
 .text.I2C_BusFreqSet
                0x08004074      0x108 ./gecko_sdk_4.4.1/platform/emlib/src/em_i2c.o
                0x08004074                I2C_BusFreqSet
 .text.I2C_Enable
                0x0800417c       0x38 ./gecko_sdk_4.4.1/platform/emlib/src/em_i2c.o
                0x0800417c                I2C_Enable
 .text.I2C_Init
                0x080041b4       0x64 ./gecko_sdk_4.4.1/platform/emlib/src/em_i2c.o
                0x080041b4                I2C_Init
 .text.I2C_Transfer
                0x08004218      0x224 ./gecko_sdk_4.4.1/platform/emlib/src/em_i2c.o
                0x08004218                I2C_Transfer
 .text.I2C_TransferInit
                0x0800443c       0xbc ./gecko_sdk_4.4.1/platform/emlib/src/em_i2c.o
                0x0800443c                I2C_TransferInit
 .text.LDMA_DeInit
                0x080044f8       0x3c ./gecko_sdk_4.4.1/platform/emlib/src/em_ldma.o
                0x080044f8                LDMA_DeInit
 .text.LDMA_EnableChannelRequest
                0x08004534       0x40 ./gecko_sdk_4.4.1/platform/emlib/src/em_ldma.o
                0x08004534                LDMA_EnableChannelRequest
 .text.LDMA_Init
                0x08004574       0x94 ./gecko_sdk_4.4.1/platform/emlib/src/em_ldma.o
                0x08004574                LDMA_Init
 .text.LDMA_StartTransfer
                0x08004608      0x104 ./gecko_sdk_4.4.1/platform/emlib/src/em_ldma.o
                0x08004608                LDMA_StartTransfer
 .text.LDMA_StopTransfer
                0x0800470c       0x38 ./gecko_sdk_4.4.1/platform/emlib/src/em_ldma.o
                0x0800470c                LDMA_StopTransfer
 .text.LDMA_TransferDone
                0x08004744       0x44 ./gecko_sdk_4.4.1/platform/emlib/src/em_ldma.o
                0x08004744                LDMA_TransferDone
 .text.USART_BaudrateSyncSet
                0x08004788       0x48 ./gecko_sdk_4.4.1/platform/emlib/src/em_usart.o
                0x08004788                USART_BaudrateSyncSet
 .text.USART_Reset
                0x080047d0       0x58 ./gecko_sdk_4.4.1/platform/emlib/src/em_usart.o
                0x080047d0                USART_Reset
 .text.USART_InitSync
                0x08004828       0xb0 ./gecko_sdk_4.4.1/platform/emlib/src/em_usart.o
                0x08004828                USART_InitSync
 .text.sl_hal_sysrtc_wait_sync
                0x080048d8       0x14 ./gecko_sdk_4.4.1/platform/peripheral/src/peripheral_sysrtc.o
                0x080048d8                sl_hal_sysrtc_wait_sync
 .text.sl_hal_sysrtc_wait_ready
                0x080048ec       0x1c ./gecko_sdk_4.4.1/platform/peripheral/src/peripheral_sysrtc.o
                0x080048ec                sl_hal_sysrtc_wait_ready
 .text.sl_hal_sysrtc_stop
                0x08004908       0x14 ./gecko_sdk_4.4.1/platform/peripheral/src/peripheral_sysrtc.o
                0x08004908                sl_hal_sysrtc_stop
 .text.sl_hal_sysrtc_enable
                0x0800491c       0x18 ./gecko_sdk_4.4.1/platform/peripheral/src/peripheral_sysrtc.o
                0x0800491c                sl_hal_sysrtc_enable
 .text.sl_hal_sysrtc_disable
                0x08004934       0x1c ./gecko_sdk_4.4.1/platform/peripheral/src/peripheral_sysrtc.o
                0x08004934                sl_hal_sysrtc_disable
 .text.sl_hal_sysrtc_init
                0x08004950       0x20 ./gecko_sdk_4.4.1/platform/peripheral/src/peripheral_sysrtc.o
                0x08004950                sl_hal_sysrtc_init
 .text.sl_hal_sysrtc_init_group
                0x08004970       0x48 ./gecko_sdk_4.4.1/platform/peripheral/src/peripheral_sysrtc.o
                0x08004970                sl_hal_sysrtc_init_group
 .text.sl_hal_sysrtc_enable_group_interrupts
                0x080049b8       0x1c ./gecko_sdk_4.4.1/platform/peripheral/src/peripheral_sysrtc.o
                0x080049b8                sl_hal_sysrtc_enable_group_interrupts
 .text.sl_hal_sysrtc_disable_group_interrupts
                0x080049d4       0x1c ./gecko_sdk_4.4.1/platform/peripheral/src/peripheral_sysrtc.o
                0x080049d4                sl_hal_sysrtc_disable_group_interrupts
 .text.sl_hal_sysrtc_clear_group_interrupts
                0x080049f0       0x1c ./gecko_sdk_4.4.1/platform/peripheral/src/peripheral_sysrtc.o
                0x080049f0                sl_hal_sysrtc_clear_group_interrupts
 .text.sl_hal_sysrtc_get_group_interrupts
                0x08004a0c       0x20 ./gecko_sdk_4.4.1/platform/peripheral/src/peripheral_sysrtc.o
                0x08004a0c                sl_hal_sysrtc_get_group_interrupts
 .text.sl_hal_sysrtc_get_group_compare_channel_value
                0x08004a2c       0x30 ./gecko_sdk_4.4.1/platform/peripheral/src/peripheral_sysrtc.o
                0x08004a2c                sl_hal_sysrtc_get_group_compare_channel_value
 .text.sl_hal_sysrtc_set_group_compare_channel_value
                0x08004a5c       0x28 ./gecko_sdk_4.4.1/platform/peripheral/src/peripheral_sysrtc.o
                0x08004a5c                sl_hal_sysrtc_set_group_compare_channel_value
 .text.sl_device_init_dcdc
                0x08004a84       0x2c ./gecko_sdk_4.4.1/platform/service/device_init/src/sl_device_init_dcdc_s2.o
                0x08004a84                sl_device_init_dcdc
 .text.sl_device_init_emu
                0x08004ab0       0x24 ./gecko_sdk_4.4.1/platform/service/device_init/src/sl_device_init_emu_s2.o
                0x08004ab0                sl_device_init_emu
 .text.sl_device_init_hfxo
                0x08004ad4       0x70 ./gecko_sdk_4.4.1/platform/service/device_init/src/sl_device_init_hfxo_s2.o
                0x08004ad4                sl_device_init_hfxo
 .text.sl_device_init_lfxo
                0x08004b44       0x2c ./gecko_sdk_4.4.1/platform/service/device_init/src/sl_device_init_lfxo_s2.o
                0x08004b44                sl_device_init_lfxo
 .text.sl_device_init_nvic
                0x08004b70       0x3c ./gecko_sdk_4.4.1/platform/service/device_init/src/sl_device_init_nvic.o
                0x08004b70                sl_device_init_nvic
 .text.sl_iostream_set_default
                0x08004bac       0x18 ./gecko_sdk_4.4.1/platform/service/iostream/src/sl_iostream.o
                0x08004bac                sl_iostream_set_default
 .text.sl_iostream_get_default
                0x08004bc4       0x18 ./gecko_sdk_4.4.1/platform/service/iostream/src/sl_iostream.o
                0x08004bc4                sl_iostream_get_default
 .text.sl_iostream_eusart_init
                0x08004bdc      0x228 ./gecko_sdk_4.4.1/platform/service/iostream/src/sl_iostream_eusart.o
                0x08004bdc                sl_iostream_eusart_init
 .text._write   0x08004e04       0x20 ./gecko_sdk_4.4.1/platform/service/iostream/src/sl_iostream_retarget_stdio.o
                0x08004e04                _write
 .text.sl_iostream_stdlib_disable_buffering
                0x08004e24       0x14 ./gecko_sdk_4.4.1/platform/service/iostream/src/sl_iostream_stdlib_config.o
                0x08004e24                sl_iostream_stdlib_disable_buffering
 .text.get_write_ptr
                0x08004e38       0x40 ./gecko_sdk_4.4.1/platform/service/iostream/src/sl_iostream_uart.o
 .text.dma_irq_handler
                0x08004e78       0x74 ./gecko_sdk_4.4.1/platform/service/iostream/src/sl_iostream_uart.o
 .text.uart_read
                0x08004eec      0x1f4 ./gecko_sdk_4.4.1/platform/service/iostream/src/sl_iostream_uart.o
 .text.uart_deinit
                0x080050e0       0x98 ./gecko_sdk_4.4.1/platform/service/iostream/src/sl_iostream_uart.o
 .text.uart_write
                0x08005178       0xc0 ./gecko_sdk_4.4.1/platform/service/iostream/src/sl_iostream_uart.o
 .text.sli_iostream_uart_context_init
                0x08005238       0xf8 ./gecko_sdk_4.4.1/platform/service/iostream/src/sl_iostream_uart.o
                0x08005238                sli_iostream_uart_context_init
 .text.delta_list_insert_timer
                0x08005330       0x40 ./gecko_sdk_4.4.1/platform/service/sleeptimer/src/sl_sleeptimer.o
 .text.update_delta_list
                0x08005370       0x34 ./gecko_sdk_4.4.1/platform/service/sleeptimer/src/sl_sleeptimer.o
 .text.set_comparator_for_next_timer
                0x080053a4       0x5c ./gecko_sdk_4.4.1/platform/service/sleeptimer/src/sl_sleeptimer.o
 .text.create_timer
                0x08005400       0x88 ./gecko_sdk_4.4.1/platform/service/sleeptimer/src/sl_sleeptimer.o
 .text.delta_list_remove_timer
                0x08005488       0x38 ./gecko_sdk_4.4.1/platform/service/sleeptimer/src/sl_sleeptimer.o
 .text.sl_sleeptimer_init
                0x080054c0       0x74 ./gecko_sdk_4.4.1/platform/service/sleeptimer/src/sl_sleeptimer.o
                0x080054c0                sl_sleeptimer_init
 .text.sl_sleeptimer_is_timer_running
                0x08005534       0x3c ./gecko_sdk_4.4.1/platform/service/sleeptimer/src/sl_sleeptimer.o
                0x08005534                sl_sleeptimer_is_timer_running
 .text.sl_sleeptimer_ms_to_tick
                0x08005570       0x24 ./gecko_sdk_4.4.1/platform/service/sleeptimer/src/sl_sleeptimer.o
                0x08005570                sl_sleeptimer_ms_to_tick
 .text.sl_sleeptimer_delay_millisecond
                0x08005594       0x38 ./gecko_sdk_4.4.1/platform/service/sleeptimer/src/sl_sleeptimer.o
                0x08005594                sl_sleeptimer_delay_millisecond
 .text.process_timer_irq
                0x080055cc      0x150 ./gecko_sdk_4.4.1/platform/service/sleeptimer/src/sl_sleeptimer.o
                0x080055cc                process_timer_irq
 .text.sleeptimer_hal_init_timer
                0x0800571c       0x64 ./gecko_sdk_4.4.1/platform/service/sleeptimer/src/sl_sleeptimer_hal_sysrtc.o
                0x0800571c                sleeptimer_hal_init_timer
 .text.sleeptimer_hal_get_counter
                0x08005780       0x10 ./gecko_sdk_4.4.1/platform/service/sleeptimer/src/sl_sleeptimer_hal_sysrtc.o
                0x08005780                sleeptimer_hal_get_counter
 .text.sleeptimer_hal_set_compare
                0x08005790       0x70 ./gecko_sdk_4.4.1/platform/service/sleeptimer/src/sl_sleeptimer_hal_sysrtc.o
                0x08005790                sleeptimer_hal_set_compare
 .text.sleeptimer_hal_disable_int
                0x08005800       0x2c ./gecko_sdk_4.4.1/platform/service/sleeptimer/src/sl_sleeptimer_hal_sysrtc.o
                0x08005800                sleeptimer_hal_disable_int
 .text.sleeptimer_hal_set_int
                0x0800582c       0x10 ./gecko_sdk_4.4.1/platform/service/sleeptimer/src/sl_sleeptimer_hal_sysrtc.o
                0x0800582c                sleeptimer_hal_set_int
 .text.sl_udelay_wait
                0x0800583c       0x58 ./gecko_sdk_4.4.1/platform/service/udelay/src/sl_udelay.o
                0x0800583c                sl_udelay_wait
 .text          0x08005894      0x378 c:/siliconlabs/simplicitystudio/v5/developer/toolchains/gnu_arm/12.2.rel1_2023.7/bin/../lib/gcc/arm-none-eabi/12.2.1/thumb/v8-m.main+fp/hard\libgcc.a(_arm_addsubdf3.o)
                0x08005894                __aeabi_drsub
                0x0800589c                __aeabi_dsub
                0x0800589c                __subdf3
                0x080058a0                __aeabi_dadd
                0x080058a0                __adddf3
                0x08005b18                __floatunsidf
                0x08005b18                __aeabi_ui2d
                0x08005b38                __floatsidf
                0x08005b38                __aeabi_i2d
                0x08005b5c                __aeabi_f2d
                0x08005b5c                __extendsfdf2
                0x08005ba0                __floatundidf
                0x08005ba0                __aeabi_ul2d
                0x08005bb0                __floatdidf
                0x08005bb0                __aeabi_l2d
 .text          0x08005c0c       0xa0 c:/siliconlabs/simplicitystudio/v5/developer/toolchains/gnu_arm/12.2.rel1_2023.7/bin/../lib/gcc/arm-none-eabi/12.2.1/thumb/v8-m.main+fp/hard\libgcc.a(_arm_truncdfsf2.o)
                0x08005c0c                __truncdfsf2
                0x08005c0c                __aeabi_d2f
 .text          0x08005cac       0x30 c:/siliconlabs/simplicitystudio/v5/developer/toolchains/gnu_arm/12.2.rel1_2023.7/bin/../lib/gcc/arm-none-eabi/12.2.1/thumb/v8-m.main+fp/hard\libgcc.a(_aeabi_uldivmod.o)
                0x08005cac                __aeabi_uldivmod
 .text.__udivmoddi4
                0x08005cdc      0x2ec c:/siliconlabs/simplicitystudio/v5/developer/toolchains/gnu_arm/12.2.rel1_2023.7/bin/../lib/gcc/arm-none-eabi/12.2.1/thumb/v8-m.main+fp/hard\libgcc.a(_udivmoddi4.o)
                0x08005cdc                __udivmoddi4
 .text          0x08005fc8        0x4 c:/siliconlabs/simplicitystudio/v5/developer/toolchains/gnu_arm/12.2.rel1_2023.7/bin/../lib/gcc/arm-none-eabi/12.2.1/thumb/v8-m.main+fp/hard\libgcc.a(_dvmd_tls.o)
                0x08005fc8                __aeabi_idiv0
                0x08005fc8                __aeabi_ldiv0
 .text.exit     0x08005fcc       0x24 c:/siliconlabs/simplicitystudio/v5/developer/toolchains/gnu_arm/12.2.rel1_2023.7/bin/../lib/gcc/arm-none-eabi/12.2.1/thumb/v8-m.main+fp/hard\libc_nano.a(libc_a-exit.o)
                0x08005fcc                exit
 .text._printf_float
                0x08005ff0      0x468 c:/siliconlabs/simplicitystudio/v5/developer/toolchains/gnu_arm/12.2.rel1_2023.7/bin/../lib/gcc/arm-none-eabi/12.2.1/thumb/v8-m.main+fp/hard\libc_nano.a(libc_a-nano-vfprintf_float.o)
                0x08005ff0                _printf_float
 .text._printf_i
                0x08006458      0x258 c:/siliconlabs/simplicitystudio/v5/developer/toolchains/gnu_arm/12.2.rel1_2023.7/bin/../lib/gcc/arm-none-eabi/12.2.1/thumb/v8-m.main+fp/hard\libc_nano.a(libc_a-nano-vfprintf_i.o)
                0x08006458                _printf_i
 .text.std      0x080066b0       0x6c c:/siliconlabs/simplicitystudio/v5/developer/toolchains/gnu_arm/12.2.rel1_2023.7/bin/../lib/gcc/arm-none-eabi/12.2.1/thumb/v8-m.main+fp/hard\libc_nano.a(libc_a-findfp.o)
 .text.stdio_exit_handler
                0x0800671c       0x18 c:/siliconlabs/simplicitystudio/v5/developer/toolchains/gnu_arm/12.2.rel1_2023.7/bin/../lib/gcc/arm-none-eabi/12.2.1/thumb/v8-m.main+fp/hard\libc_nano.a(libc_a-findfp.o)
 .text.cleanup_stdio
                0x08006734       0x40 c:/siliconlabs/simplicitystudio/v5/developer/toolchains/gnu_arm/12.2.rel1_2023.7/bin/../lib/gcc/arm-none-eabi/12.2.1/thumb/v8-m.main+fp/hard\libc_nano.a(libc_a-findfp.o)
 .text.global_stdio_init.part.0
                0x08006774       0x3c c:/siliconlabs/simplicitystudio/v5/developer/toolchains/gnu_arm/12.2.rel1_2023.7/bin/../lib/gcc/arm-none-eabi/12.2.1/thumb/v8-m.main+fp/hard\libc_nano.a(libc_a-findfp.o)
 .text.__sfp_lock_acquire
                0x080067b0        0xc c:/siliconlabs/simplicitystudio/v5/developer/toolchains/gnu_arm/12.2.rel1_2023.7/bin/../lib/gcc/arm-none-eabi/12.2.1/thumb/v8-m.main+fp/hard\libc_nano.a(libc_a-findfp.o)
                0x080067b0                __sfp_lock_acquire
 .text.__sfp_lock_release
                0x080067bc        0xc c:/siliconlabs/simplicitystudio/v5/developer/toolchains/gnu_arm/12.2.rel1_2023.7/bin/../lib/gcc/arm-none-eabi/12.2.1/thumb/v8-m.main+fp/hard\libc_nano.a(libc_a-findfp.o)
                0x080067bc                __sfp_lock_release
 .text.__sinit  0x080067c8       0x30 c:/siliconlabs/simplicitystudio/v5/developer/toolchains/gnu_arm/12.2.rel1_2023.7/bin/../lib/gcc/arm-none-eabi/12.2.1/thumb/v8-m.main+fp/hard\libc_nano.a(libc_a-findfp.o)
                0x080067c8                __sinit
 .text.printf   0x080067f8       0x24 c:/siliconlabs/simplicitystudio/v5/developer/toolchains/gnu_arm/12.2.rel1_2023.7/bin/../lib/gcc/arm-none-eabi/12.2.1/thumb/v8-m.main+fp/hard\libc_nano.a(libc_a-printf.o)
                0x080067f8                iprintf
                0x080067f8                printf
 .text.putchar  0x0800681c       0x10 c:/siliconlabs/simplicitystudio/v5/developer/toolchains/gnu_arm/12.2.rel1_2023.7/bin/../lib/gcc/arm-none-eabi/12.2.1/thumb/v8-m.main+fp/hard\libc_nano.a(libc_a-putchar.o)
                0x0800681c                putchar
 .text.puts     0x0800682c       0x10 c:/siliconlabs/simplicitystudio/v5/developer/toolchains/gnu_arm/12.2.rel1_2023.7/bin/../lib/gcc/arm-none-eabi/12.2.1/thumb/v8-m.main+fp/hard\libc_nano.a(libc_a-puts.o)
                0x0800682c                puts
 .text.setvbuf  0x0800683c      0x168 c:/siliconlabs/simplicitystudio/v5/developer/toolchains/gnu_arm/12.2.rel1_2023.7/bin/../lib/gcc/arm-none-eabi/12.2.1/thumb/v8-m.main+fp/hard\libc_nano.a(libc_a-setvbuf.o)
                0x0800683c                setvbuf
 .text.__swsetup_r
                0x080069a4       0xac c:/siliconlabs/simplicitystudio/v5/developer/toolchains/gnu_arm/12.2.rel1_2023.7/bin/../lib/gcc/arm-none-eabi/12.2.1/thumb/v8-m.main+fp/hard\libc_nano.a(libc_a-wsetup.o)
                0x080069a4                __swsetup_r
 .text._localeconv_r
                0x08006a50        0x8 c:/siliconlabs/simplicitystudio/v5/developer/toolchains/gnu_arm/12.2.rel1_2023.7/bin/../lib/gcc/arm-none-eabi/12.2.1/thumb/v8-m.main+fp/hard\libc_nano.a(libc_a-localeconv.o)
                0x08006a50                _localeconv_r
 .text._close_r
                0x08006a58       0x20 c:/siliconlabs/simplicitystudio/v5/developer/toolchains/gnu_arm/12.2.rel1_2023.7/bin/../lib/gcc/arm-none-eabi/12.2.1/thumb/v8-m.main+fp/hard\libc_nano.a(libc_a-closer.o)
                0x08006a58                _close_r
 .text._lseek_r
                0x08006a78       0x24 c:/siliconlabs/simplicitystudio/v5/developer/toolchains/gnu_arm/12.2.rel1_2023.7/bin/../lib/gcc/arm-none-eabi/12.2.1/thumb/v8-m.main+fp/hard\libc_nano.a(libc_a-lseekr.o)
                0x08006a78                _lseek_r
 .text._read_r  0x08006a9c       0x24 c:/siliconlabs/simplicitystudio/v5/developer/toolchains/gnu_arm/12.2.rel1_2023.7/bin/../lib/gcc/arm-none-eabi/12.2.1/thumb/v8-m.main+fp/hard\libc_nano.a(libc_a-readr.o)
                0x08006a9c                _read_r
 .text._write_r
                0x08006ac0       0x24 c:/siliconlabs/simplicitystudio/v5/developer/toolchains/gnu_arm/12.2.rel1_2023.7/bin/../lib/gcc/arm-none-eabi/12.2.1/thumb/v8-m.main+fp/hard\libc_nano.a(libc_a-writer.o)
                0x08006ac0                _write_r
 .text.__libc_init_array
                0x08006ae4       0x48 c:/siliconlabs/simplicitystudio/v5/developer/toolchains/gnu_arm/12.2.rel1_2023.7/bin/../lib/gcc/arm-none-eabi/12.2.1/thumb/v8-m.main+fp/hard\libc_nano.a(libc_a-init.o)
                0x08006ae4                __libc_init_array
 .text._free_r  0x08006b2c       0x94 c:/siliconlabs/simplicitystudio/v5/developer/toolchains/gnu_arm/12.2.rel1_2023.7/bin/../lib/gcc/arm-none-eabi/12.2.1/thumb/v8-m.main+fp/hard\libc_nano.a(libc_a-freer.o)
                0x08006b2c                _free_r
 .text.malloc   0x08006bc0       0x10 c:/siliconlabs/simplicitystudio/v5/developer/toolchains/gnu_arm/12.2.rel1_2023.7/bin/../lib/gcc/arm-none-eabi/12.2.1/thumb/v8-m.main+fp/hard\libc_nano.a(libc_a-malloc.o)
                0x08006bc0                malloc
 .text.sbrk_aligned
                0x08006bd0       0x44 c:/siliconlabs/simplicitystudio/v5/developer/toolchains/gnu_arm/12.2.rel1_2023.7/bin/../lib/gcc/arm-none-eabi/12.2.1/thumb/v8-m.main+fp/hard\libc_nano.a(libc_a-mallocr.o)
 .text._malloc_r
                0x08006c14       0xf0 c:/siliconlabs/simplicitystudio/v5/developer/toolchains/gnu_arm/12.2.rel1_2023.7/bin/../lib/gcc/arm-none-eabi/12.2.1/thumb/v8-m.main+fp/hard\libc_nano.a(libc_a-mallocr.o)
                0x08006c14                _malloc_r
 .text.__malloc_lock
                0x08006d04        0xc c:/siliconlabs/simplicitystudio/v5/developer/toolchains/gnu_arm/12.2.rel1_2023.7/bin/../lib/gcc/arm-none-eabi/12.2.1/thumb/v8-m.main+fp/hard\libc_nano.a(libc_a-mlock.o)
                0x08006d04                __malloc_lock
 .text.__malloc_unlock
                0x08006d10        0xc c:/siliconlabs/simplicitystudio/v5/developer/toolchains/gnu_arm/12.2.rel1_2023.7/bin/../lib/gcc/arm-none-eabi/12.2.1/thumb/v8-m.main+fp/hard\libc_nano.a(libc_a-mlock.o)
                0x08006d10                __malloc_unlock
 .text._Balloc  0x08006d1c       0x80 c:/siliconlabs/simplicitystudio/v5/developer/toolchains/gnu_arm/12.2.rel1_2023.7/bin/../lib/gcc/arm-none-eabi/12.2.1/thumb/v8-m.main+fp/hard\libc_nano.a(libc_a-mprec.o)
                0x08006d1c                _Balloc
 .text._Bfree   0x08006d9c       0x44 c:/siliconlabs/simplicitystudio/v5/developer/toolchains/gnu_arm/12.2.rel1_2023.7/bin/../lib/gcc/arm-none-eabi/12.2.1/thumb/v8-m.main+fp/hard\libc_nano.a(libc_a-mprec.o)
                0x08006d9c                _Bfree
 .text.__multadd
                0x08006de0       0x90 c:/siliconlabs/simplicitystudio/v5/developer/toolchains/gnu_arm/12.2.rel1_2023.7/bin/../lib/gcc/arm-none-eabi/12.2.1/thumb/v8-m.main+fp/hard\libc_nano.a(libc_a-mprec.o)
                0x08006de0                __multadd
 .text.__i2b    0x08006e70       0x2c c:/siliconlabs/simplicitystudio/v5/developer/toolchains/gnu_arm/12.2.rel1_2023.7/bin/../lib/gcc/arm-none-eabi/12.2.1/thumb/v8-m.main+fp/hard\libc_nano.a(libc_a-mprec.o)
                0x08006e70                __i2b
 .text.__multiply
                0x08006e9c      0x154 c:/siliconlabs/simplicitystudio/v5/developer/toolchains/gnu_arm/12.2.rel1_2023.7/bin/../lib/gcc/arm-none-eabi/12.2.1/thumb/v8-m.main+fp/hard\libc_nano.a(libc_a-mprec.o)
                0x08006e9c                __multiply
 .text.__pow5mult
                0x08006ff0       0xb4 c:/siliconlabs/simplicitystudio/v5/developer/toolchains/gnu_arm/12.2.rel1_2023.7/bin/../lib/gcc/arm-none-eabi/12.2.1/thumb/v8-m.main+fp/hard\libc_nano.a(libc_a-mprec.o)
                0x08006ff0                __pow5mult
 .text.__lshift
                0x080070a4       0xd8 c:/siliconlabs/simplicitystudio/v5/developer/toolchains/gnu_arm/12.2.rel1_2023.7/bin/../lib/gcc/arm-none-eabi/12.2.1/thumb/v8-m.main+fp/hard\libc_nano.a(libc_a-mprec.o)
                0x080070a4                __lshift
 .text.__mdiff  0x0800717c      0x130 c:/siliconlabs/simplicitystudio/v5/developer/toolchains/gnu_arm/12.2.rel1_2023.7/bin/../lib/gcc/arm-none-eabi/12.2.1/thumb/v8-m.main+fp/hard\libc_nano.a(libc_a-mprec.o)
                0x0800717c                __mdiff
 .text.__d2b    0x080072ac       0xb0 c:/siliconlabs/simplicitystudio/v5/developer/toolchains/gnu_arm/12.2.rel1_2023.7/bin/../lib/gcc/arm-none-eabi/12.2.1/thumb/v8-m.main+fp/hard\libc_nano.a(libc_a-mprec.o)
                0x080072ac                __d2b
 .text._vfprintf_r
                0x0800735c      0x230 c:/siliconlabs/simplicitystudio/v5/developer/toolchains/gnu_arm/12.2.rel1_2023.7/bin/../lib/gcc/arm-none-eabi/12.2.1/thumb/v8-m.main+fp/hard\libc_nano.a(libc_a-nano-vfprintf.o)
                0x0800735c                _vfprintf_r
                0x0800735c                _vfiprintf_r
 .text._fstat_r
                0x0800758c       0x24 c:/siliconlabs/simplicitystudio/v5/developer/toolchains/gnu_arm/12.2.rel1_2023.7/bin/../lib/gcc/arm-none-eabi/12.2.1/thumb/v8-m.main+fp/hard\libc_nano.a(libc_a-fstatr.o)
                0x0800758c                _fstat_r
 .text._isatty_r
                0x080075b0       0x20 c:/siliconlabs/simplicitystudio/v5/developer/toolchains/gnu_arm/12.2.rel1_2023.7/bin/../lib/gcc/arm-none-eabi/12.2.1/thumb/v8-m.main+fp/hard\libc_nano.a(libc_a-isattyr.o)
                0x080075b0                _isatty_r
 .text._sbrk_r  0x080075d0       0x20 c:/siliconlabs/simplicitystudio/v5/developer/toolchains/gnu_arm/12.2.rel1_2023.7/bin/../lib/gcc/arm-none-eabi/12.2.1/thumb/v8-m.main+fp/hard\libc_nano.a(libc_a-sbrkr.o)
                0x080075d0                _sbrk_r
 .text.__assert_func
                0x080075f0       0x3c c:/siliconlabs/simplicitystudio/v5/developer/toolchains/gnu_arm/12.2.rel1_2023.7/bin/../lib/gcc/arm-none-eabi/12.2.1/thumb/v8-m.main+fp/hard\libc_nano.a(libc_a-assert.o)
                0x080075f0                __assert_func
 .text.fprintf  0x0800762c       0x24 c:/siliconlabs/simplicitystudio/v5/developer/toolchains/gnu_arm/12.2.rel1_2023.7/bin/../lib/gcc/arm-none-eabi/12.2.1/thumb/v8-m.main+fp/hard\libc_nano.a(libc_a-fprintf.o)
                0x0800762c                fiprintf
                0x0800762c                fprintf
 .text.raise    0x08007650       0x10 c:/siliconlabs/simplicitystudio/v5/developer/toolchains/gnu_arm/12.2.rel1_2023.7/bin/../lib/gcc/arm-none-eabi/12.2.1/thumb/v8-m.main+fp/hard\libc_nano.a(libc_a-signal.o)
                0x08007650                raise
 .text._kill_r  0x08007660       0x24 c:/siliconlabs/simplicitystudio/v5/developer/toolchains/gnu_arm/12.2.rel1_2023.7/bin/../lib/gcc/arm-none-eabi/12.2.1/thumb/v8-m.main+fp/hard\libc_nano.a(libc_a-signalr.o)
                0x08007660                _kill_r
 .text          0x08007684      0x424 c:/siliconlabs/simplicitystudio/v5/developer/toolchains/gnu_arm/12.2.rel1_2023.7/bin/../lib/gcc/arm-none-eabi/12.2.1/thumb/v8-m.main+fp/hard\libgcc.a(_arm_muldivdf3.o)
                0x08007684                __aeabi_dmul
                0x08007684                __muldf3
                0x080078d8                __divdf3
                0x080078d8                __aeabi_ddiv
 .text          0x08007aa8      0x110 c:/siliconlabs/simplicitystudio/v5/developer/toolchains/gnu_arm/12.2.rel1_2023.7/bin/../lib/gcc/arm-none-eabi/12.2.1/thumb/v8-m.main+fp/hard\libgcc.a(_arm_cmpdf2.o)
                0x08007aa8                __gtdf2
                0x08007aa8                __gedf2
                0x08007ab0                __ltdf2
                0x08007ab0                __ledf2
                0x08007ab8                __nedf2
                0x08007ab8                __eqdf2
                0x08007ab8                __cmpdf2
                0x08007b34                __aeabi_cdrcmple
                0x08007b44                __aeabi_cdcmpeq
                0x08007b44                __aeabi_cdcmple
                0x08007b54                __aeabi_dcmpeq
                0x08007b68                __aeabi_dcmplt
                0x08007b7c                __aeabi_dcmple
                0x08007b90                __aeabi_dcmpge
                0x08007ba4                __aeabi_dcmpgt
 .text          0x08007bb8       0x2c c:/siliconlabs/simplicitystudio/v5/developer/toolchains/gnu_arm/12.2.rel1_2023.7/bin/../lib/gcc/arm-none-eabi/12.2.1/thumb/v8-m.main+fp/hard\libgcc.a(_arm_unorddf2.o)
                0x08007bb8                __unorddf2
                0x08007bb8                __aeabi_dcmpun
 .text          0x08007be4       0x50 c:/siliconlabs/simplicitystudio/v5/developer/toolchains/gnu_arm/12.2.rel1_2023.7/bin/../lib/gcc/arm-none-eabi/12.2.1/thumb/v8-m.main+fp/hard\libgcc.a(_arm_fixdfsi.o)
                0x08007be4                __aeabi_d2iz
                0x08007be4                __fixdfsi
 .text.as_process_action
                0x08007c34       0x1c ./as.o
                0x08007c34                as_process_action
 .text.startup.main
                0x08007c50       0x14 ./main.o
                0x08007c50                main
 .text.mpl_process_action
                0x08007c64        0xe ./mpl.o
                0x08007c64                mpl_process_action
 .text.decode_rh
                0x08007c72       0x16 ./si.o
                0x08007c72                decode_rh
 .text.sl_board_default_init
                0x08007c88        0x4 ./autogen/sl_board_default_init.o
                0x08007c88                sl_board_default_init
 .text.sl_platform_init
                0x08007c8c       0x26 ./autogen/sl_event_handler.o
                0x08007c8c                sl_platform_init
 .text.sl_driver_init
                0x08007cb2       0x16 ./autogen/sl_event_handler.o
                0x08007cb2                sl_driver_init
 .text.sl_service_init
                0x08007cc8       0x16 ./autogen/sl_event_handler.o
                0x08007cc8                sl_service_init
 .text.sl_stack_init
                0x08007cde        0x2 ./autogen/sl_event_handler.o
                0x08007cde                sl_stack_init
 .text.sl_internal_app_init
                0x08007ce0        0x2 ./autogen/sl_event_handler.o
                0x08007ce0                sl_internal_app_init
 .text.sl_platform_process_action
                0x08007ce2        0x2 ./autogen/sl_event_handler.o
                0x08007ce2                sl_platform_process_action
 .text.sl_service_process_action
                0x08007ce4        0x2 ./autogen/sl_event_handler.o
                0x08007ce4                sl_service_process_action
 .text.sl_stack_process_action
                0x08007ce6        0x2 ./autogen/sl_event_handler.o
                0x08007ce6                sl_stack_process_action
 .text.sl_internal_app_process_action
                0x08007ce8        0x2 ./autogen/sl_event_handler.o
                0x08007ce8                sl_internal_app_process_action
 .text.sl_iostream_eusart_init_instances
                0x08007cea        0x4 ./autogen/sl_iostream_init_eusart_instances.o
                0x08007cea                sl_iostream_eusart_init_instances
 .text.EUSART0_TX_IRQHandler
                0x08007cee        0x4 ./autogen/sl_iostream_init_eusart_instances.o
                0x08007cee                EUSART0_TX_IRQHandler
 .text.sl_board_enable_vcom
                0x08007cf2       0x12 ./gecko_sdk_4.4.1/hardware/board/src/sl_board_control_gpio.o
                0x08007cf2                sl_board_enable_vcom
 .text.sl_board_configure_vcom
                0x08007d04        0x4 ./gecko_sdk_4.4.1/hardware/board/src/sl_board_control_gpio.o
                0x08007d04                sl_board_configure_vcom
 .text.sl_board_disable_vcom
                0x08007d08       0x12 ./gecko_sdk_4.4.1/hardware/board/src/sl_board_control_gpio.o
                0x08007d08                sl_board_disable_vcom
 .text.sl_board_init
                0x08007d1a       0x1c ./gecko_sdk_4.4.1/hardware/board/src/sl_board_init.o
                0x08007d1a                sl_board_init
 .text.sl_board_preinit
                0x08007d36        0x8 ./gecko_sdk_4.4.1/hardware/board/src/sl_board_init.o
                0x08007d36                sl_board_preinit
 .text.sli_cos_swo_itm_8_write.constprop.0.isra.0
                0x08007d3e       0x78 ./gecko_sdk_4.4.1/hardware/driver/configuration_over_swo/src/sl_cos.o
 .text.sl_cos_send_config
                0x08007db6       0x12 ./gecko_sdk_4.4.1/hardware/driver/configuration_over_swo/src/sl_cos.o
                0x08007db6                sl_cos_send_config
 .text.sl_cos_config_vcom
                0x08007dc8       0x1e ./gecko_sdk_4.4.1/hardware/driver/configuration_over_swo/src/sl_cos.o
                0x08007dc8                sl_cos_config_vcom
 .text.Default_Handler
                0x08007de6        0x2 ./gecko_sdk_4.4.1/platform/Device/SiliconLabs/EFR32MG24/Source/startup_efr32mg24.o
                0x08007de6                ULFRCO_IRQHandler
                0x08007de6                AHB2AHB1_IRQHandler
                0x08007de6                SW2_IRQHandler
                0x08007de6                TIMER2_IRQHandler
                0x08007de6                DebugMon_Handler
                0x08007de6                USART0_TX_IRQHandler
                0x08007de6                IADC_IRQHandler
                0x08007de6                I2C0_IRQHandler
                0x08007de6                LFXO_IRQHandler
                0x08007de6                HardFault_Handler
                0x08007de6                SMU_SECURE_IRQHandler
                0x08007de6                SysTick_Handler
                0x08007de6                SYSRTC_SEQ_IRQHandler
                0x08007de6                EMUEFP_IRQHandler
                0x08007de6                PendSV_Handler
                0x08007de6                NMI_Handler
                0x08007de6                SYNTH_IRQHandler
                0x08007de6                HOSTMAILBOX_IRQHandler
                0x08007de6                HFXO0_IRQHandler
                0x08007de6                I2C1_IRQHandler
                0x08007de6                WDOG0_IRQHandler
                0x08007de6                TIMER3_IRQHandler
                0x08007de6                SYSCFG_IRQHandler
                0x08007de6                RFECA1_IRQHandler
                0x08007de6                EMUDG_IRQHandler
                0x08007de6                MSC_IRQHandler
                0x08007de6                DPLL0_IRQHandler
                0x08007de6                UsageFault_Handler
                0x08007de6                WDOG1_IRQHandler
                0x08007de6                M33CTI1_IRQHandler
                0x08007de6                TIMER4_IRQHandler
                0x08007de6                GPIO_EVEN_IRQHandler
                0x08007de6                VDAC0_IRQHandler
                0x08007de6                SEMBTX_IRQHandler
                0x08007de6                SW0_IRQHandler
                0x08007de6                TIMER0_IRQHandler
                0x08007de6                MVP_IRQHandler
                0x08007de6                LETIMER0_IRQHandler
                0x08007de6                EUSART1_RX_IRQHandler
                0x08007de6                TIMER1_IRQHandler
                0x08007de6                HFRCO0_IRQHandler
                0x08007de6                SecureFault_Handler
                0x08007de6                BUFC_IRQHandler
                0x08007de6                DCDC_IRQHandler
                0x08007de6                MODEM_IRQHandler
                0x08007de6                Default_Handler
                0x08007de6                RAC_SEQ_IRQHandler
                0x08007de6                FRC_PRI_IRQHandler
                0x08007de6                EMU_IRQHandler
                0x08007de6                SW3_IRQHandler
                0x08007de6                KERNEL0_IRQHandler
                0x08007de6                FRC_IRQHandler
                0x08007de6                PCNT0_IRQHandler
                0x08007de6                KERNEL1_IRQHandler
                0x08007de6                AGC_IRQHandler
                0x08007de6                EUSART1_TX_IRQHandler
                0x08007de6                KEYSCAN_IRQHandler
                0x08007de6                sl_app_properties
                0x08007de6                HFRCOEM23_IRQHandler
                0x08007de6                BURTC_IRQHandler
                0x08007de6                SEMBRX_IRQHandler
                0x08007de6                RFECA0_IRQHandler
                0x08007de6                LFRCO_IRQHandler
                0x08007de6                VDAC1_IRQHandler
                0x08007de6                ACMP0_IRQHandler
                0x08007de6                USART0_RX_IRQHandler
                0x08007de6                MemManage_Handler
                0x08007de6                AHB2AHB0_IRQHandler
                0x08007de6                SVC_Handler
                0x08007de6                SMU_S_PRIVILEGED_IRQHandler
                0x08007de6                SW1_IRQHandler
                0x08007de6                CMU_IRQHandler
                0x08007de6                RAC_RSM_IRQHandler
                0x08007de6                SETAMPERHOST_IRQHandler
                0x08007de6                GPIO_ODD_IRQHandler
                0x08007de6                AES_IRQHandler
                0x08007de6                M33CTI0_IRQHandler
                0x08007de6                ICACHE0_IRQHandler
                0x08007de6                SMU_NS_PRIVILEGED_IRQHandler
                0x08007de6                FPUEXH_IRQHandler
                0x08007de6                PROTIMER_IRQHandler
                0x08007de6                ACMP1_IRQHandler
                0x08007de6                BusFault_Handler
                0x08007de6                MPAHBRAM_IRQHandler
 .text.FlashToRamCopy
                0x08007de8       0x16 ./gecko_sdk_4.4.1/platform/Device/SiliconLabs/EFR32MG24/Source/system_efr32mg24.o
                0x08007de8                FlashToRamCopy
 .text.SystemCLKIN0Get
                0x08007dfe        0x4 ./gecko_sdk_4.4.1/platform/Device/SiliconLabs/EFR32MG24/Source/system_efr32mg24.o
                0x08007dfe                SystemCLKIN0Get
 .text.SystemLFRCOClockGet
                0x08007e02        0x6 ./gecko_sdk_4.4.1/platform/Device/SiliconLabs/EFR32MG24/Source/system_efr32mg24.o
                0x08007e02                SystemLFRCOClockGet
 .text.SystemULFRCOClockGet
                0x08007e08        0x6 ./gecko_sdk_4.4.1/platform/Device/SiliconLabs/EFR32MG24/Source/system_efr32mg24.o
                0x08007e08                SystemULFRCOClockGet
 .text.assertEFM
                0x08007e0e        0x2 ./gecko_sdk_4.4.1/platform/common/src/sl_assert.o
                0x08007e0e                assertEFM
 .text.sl_debug_swo_enable_itm
                0x08007e10       0x16 ./gecko_sdk_4.4.1/platform/driver/debug/src/sl_debug_swo.o
                0x08007e10                sl_debug_swo_enable_itm
 .text.sl_debug_swo_disable_itm
                0x08007e26       0x18 ./gecko_sdk_4.4.1/platform/driver/debug/src/sl_debug_swo.o
                0x08007e26                sl_debug_swo_disable_itm
 .text.sl_led_init
                0x08007e3e        0x6 ./gecko_sdk_4.4.1/platform/driver/leddrv/src/sl_led.o
                0x08007e3e                sl_led_init
 .text.sl_simple_led_init
                0x08007e44       0x22 ./gecko_sdk_4.4.1/platform/driver/leddrv/src/sl_simple_led.o
                0x08007e44                sl_simple_led_init
 .text.sl_simple_led_turn_on
                0x08007e66       0x12 ./gecko_sdk_4.4.1/platform/driver/leddrv/src/sl_simple_led.o
                0x08007e66                sl_simple_led_turn_on
 .text.sl_simple_led_turn_off
                0x08007e78       0x12 ./gecko_sdk_4.4.1/platform/driver/leddrv/src/sl_simple_led.o
                0x08007e78                sl_simple_led_turn_off
 .text.DMADRV_PeripheralMemory
                0x08007e8a       0x34 ./gecko_sdk_4.4.1/platform/emdrv/dmadrv/src/dmadrv.o
                0x08007e8a                DMADRV_PeripheralMemory
 .text.BUS_RegMaskedWrite
                0x08007ebe       0x1e ./gecko_sdk_4.4.1/platform/emlib/src/em_cmu.o
 .text.waitStateMax
                0x08007edc       0x10 ./gecko_sdk_4.4.1/platform/emlib/src/em_cmu.o
 .text.CMU_UpdateWaitStates
                0x08007eec        0xc ./gecko_sdk_4.4.1/platform/emlib/src/em_cmu.o
                0x08007eec                CMU_UpdateWaitStates
 .text.pclkDivMax
                0x08007ef8        0xa ./gecko_sdk_4.4.1/platform/emlib/src/em_cmu.o
 .text.sli_em_cmu_SYSCLKInitPostClockSelect
                0x08007f02       0x2a ./gecko_sdk_4.4.1/platform/emlib/src/em_cmu.o
                0x08007f02                sli_em_cmu_SYSCLKInitPostClockSelect
 .text.CORE_EnterCritical
                0x08007f2c        0x8 ./gecko_sdk_4.4.1/platform/emlib/src/em_core.o
                0x08007f2c                CORE_EnterCritical
 .text.CORE_ExitCritical
                0x08007f34        0x6 ./gecko_sdk_4.4.1/platform/emlib/src/em_core.o
                0x08007f34                CORE_ExitCritical
 .text.CORE_EnterAtomic
                0x08007f3a        0xc ./gecko_sdk_4.4.1/platform/emlib/src/em_core.o
                0x08007f3a                CORE_EnterAtomic
 .text.CORE_ExitAtomic
                0x08007f46        0x6 ./gecko_sdk_4.4.1/platform/emlib/src/em_core.o
                0x08007f46                CORE_ExitAtomic
 .text.EMU_EFPEM01VScale
                0x08007f4c        0x2 ./gecko_sdk_4.4.1/platform/emlib/src/em_emu.o
                0x08007f4c                EMU_EFPEM01VScale
 .text.EMU_DCDCUpdatedHook
                0x08007f4e        0x2 ./gecko_sdk_4.4.1/platform/emlib/src/em_emu.o
                0x08007f4e                EMU_DCDCUpdatedHook
 .text.eusart_sync
                0x08007f50        0x8 ./gecko_sdk_4.4.1/platform/emlib/src/em_eusart.o
 .text.EUSART_Disable
                0x08007f58       0x34 ./gecko_sdk_4.4.1/platform/emlib/src/em_eusart.o
 .text.EUSART_Tx
                0x08007f8c        0xa ./gecko_sdk_4.4.1/platform/emlib/src/em_eusart.o
                0x08007f8c                EUSART_Tx
 .text.BUS_RegMaskedWrite
                0x08007f96       0x1e ./gecko_sdk_4.4.1/platform/emlib/src/em_gpio.o
 .text.GPIO_DbgLocationSet
                0x08007fb4        0x2 ./gecko_sdk_4.4.1/platform/emlib/src/em_gpio.o
                0x08007fb4                GPIO_DbgLocationSet
 .text.USART_SpiTransfer
                0x08007fb6       0x14 ./gecko_sdk_4.4.1/platform/emlib/src/em_usart.o
                0x08007fb6                USART_SpiTransfer
 .text.sl_iostream_write
                0x08007fca       0x22 ./gecko_sdk_4.4.1/platform/service/iostream/src/sl_iostream.o
                0x08007fca                sl_iostream_write
 .text.sl_iostream_read
                0x08007fec       0x30 ./gecko_sdk_4.4.1/platform/service/iostream/src/sl_iostream.o
                0x08007fec                sl_iostream_read
 .text.eusart_deinit
                0x0800801c       0x70 ./gecko_sdk_4.4.1/platform/service/iostream/src/sl_iostream_eusart.o
 .text.eusart_set_next_byte_detect
                0x0800808c       0x30 ./gecko_sdk_4.4.1/platform/service/iostream/src/sl_iostream_eusart.o
 .text.eusart_tx
                0x080080bc        0xc ./gecko_sdk_4.4.1/platform/service/iostream/src/sl_iostream_eusart.o
 .text.sl_iostream_eusart_irq_handler
                0x080080c8       0x72 ./gecko_sdk_4.4.1/platform/service/iostream/src/sl_iostream_eusart.o
                0x080080c8                sl_iostream_eusart_irq_handler
 .text._close   0x0800813a        0x4 ./gecko_sdk_4.4.1/platform/service/iostream/src/sl_iostream_retarget_stdio.o
                0x0800813a                _close
 .text._exit    0x0800813e        0x2 ./gecko_sdk_4.4.1/platform/service/iostream/src/sl_iostream_retarget_stdio.o
                0x0800813e                _exit
 .text._fstat   0x08008140        0xa ./gecko_sdk_4.4.1/platform/service/iostream/src/sl_iostream_retarget_stdio.o
                0x08008140                _fstat
 .text._getpid  0x0800814a        0x4 ./gecko_sdk_4.4.1/platform/service/iostream/src/sl_iostream_retarget_stdio.o
                0x0800814a                _getpid
 .text._isatty  0x0800814e        0x4 ./gecko_sdk_4.4.1/platform/service/iostream/src/sl_iostream_retarget_stdio.o
                0x0800814e                _isatty
 .text._kill    0x08008152        0x6 ./gecko_sdk_4.4.1/platform/service/iostream/src/sl_iostream_retarget_stdio.o
                0x08008152                _kill
 .text._lseek   0x08008158        0x4 ./gecko_sdk_4.4.1/platform/service/iostream/src/sl_iostream_retarget_stdio.o
                0x08008158                _lseek
 .text._read    0x0800815c       0x1c ./gecko_sdk_4.4.1/platform/service/iostream/src/sl_iostream_retarget_stdio.o
                0x0800815c                _read
 .text.set_auto_cr_lf
                0x08008178        0x6 ./gecko_sdk_4.4.1/platform/service/iostream/src/sl_iostream_uart.o
 .text.get_auto_cr_lf
                0x0800817e        0x6 ./gecko_sdk_4.4.1/platform/service/iostream/src/sl_iostream_uart.o
 .text.delay_callback
                0x08008184        0x6 ./gecko_sdk_4.4.1/platform/service/sleeptimer/src/sl_sleeptimer.o
 .text.sl_sleeptimer_start_timer
                0x0800818a       0x48 ./gecko_sdk_4.4.1/platform/service/sleeptimer/src/sl_sleeptimer.o
                0x0800818a                sl_sleeptimer_start_timer
 .text.sl_sleeptimer_start_periodic_timer
                0x080081d2       0x4a ./gecko_sdk_4.4.1/platform/service/sleeptimer/src/sl_sleeptimer.o
                0x080081d2                sl_sleeptimer_start_periodic_timer
 .text.sleeptimer_hal_get_compare
                0x0800821c        0x8 ./gecko_sdk_4.4.1/platform/service/sleeptimer/src/sl_sleeptimer_hal_sysrtc.o
                0x0800821c                sleeptimer_hal_get_compare
 .text.sleeptimer_hal_enable_int
                0x08008224       0x12 ./gecko_sdk_4.4.1/platform/service/sleeptimer/src/sl_sleeptimer_hal_sysrtc.o
                0x08008224                sleeptimer_hal_enable_int
 .text.SYSRTC_APP_IRQHandler
                0x08008236       0x34 ./gecko_sdk_4.4.1/platform/service/sleeptimer/src/sl_sleeptimer_hal_sysrtc.o
                0x08008236                SYSRTC_APP_IRQHandler
 .text.sleeptimer_hal_get_timer_frequency
                0x0800826a        0x6 ./gecko_sdk_4.4.1/platform/service/sleeptimer/src/sl_sleeptimer_hal_sysrtc.o
                0x0800826a                sleeptimer_hal_get_timer_frequency
 .text.sl_system_init
                0x08008270       0x1a ./gecko_sdk_4.4.1/platform/service/system/src/sl_system_init.o
                0x08008270                sl_system_init
 .text.sl_system_process_action
                0x0800828a       0x16 ./gecko_sdk_4.4.1/platform/service/system/src/sl_system_process_action.o
                0x0800828a                sl_system_process_action
 .text.__cvt    0x080082a0       0xd0 c:/siliconlabs/simplicitystudio/v5/developer/toolchains/gnu_arm/12.2.rel1_2023.7/bin/../lib/gcc/arm-none-eabi/12.2.1/thumb/v8-m.main+fp/hard\libc_nano.a(libc_a-nano-vfprintf_float.o)
                0x080082a0                __cvt
 .text.__exponent
                0x08008370       0x72 c:/siliconlabs/simplicitystudio/v5/developer/toolchains/gnu_arm/12.2.rel1_2023.7/bin/../lib/gcc/arm-none-eabi/12.2.1/thumb/v8-m.main+fp/hard\libc_nano.a(libc_a-nano-vfprintf_float.o)
                0x08008370                __exponent
 .text._printf_common
                0x080083e2       0xe4 c:/siliconlabs/simplicitystudio/v5/developer/toolchains/gnu_arm/12.2.rel1_2023.7/bin/../lib/gcc/arm-none-eabi/12.2.1/thumb/v8-m.main+fp/hard\libc_nano.a(libc_a-nano-vfprintf_i.o)
                0x080083e2                _printf_common
 .text._fwalk_sglue
                0x080084c6       0x3c c:/siliconlabs/simplicitystudio/v5/developer/toolchains/gnu_arm/12.2.rel1_2023.7/bin/../lib/gcc/arm-none-eabi/12.2.1/thumb/v8-m.main+fp/hard\libc_nano.a(libc_a-fwalk.o)
                0x080084c6                _fwalk_sglue
 .text._puts_r  0x08008502       0xaa c:/siliconlabs/simplicitystudio/v5/developer/toolchains/gnu_arm/12.2.rel1_2023.7/bin/../lib/gcc/arm-none-eabi/12.2.1/thumb/v8-m.main+fp/hard\libc_nano.a(libc_a-puts.o)
                0x08008502                _puts_r
 .text.__sread  0x080085ac       0x22 c:/siliconlabs/simplicitystudio/v5/developer/toolchains/gnu_arm/12.2.rel1_2023.7/bin/../lib/gcc/arm-none-eabi/12.2.1/thumb/v8-m.main+fp/hard\libc_nano.a(libc_a-stdio.o)
                0x080085ac                __sread
 .text.__swrite
                0x080085ce       0x38 c:/siliconlabs/simplicitystudio/v5/developer/toolchains/gnu_arm/12.2.rel1_2023.7/bin/../lib/gcc/arm-none-eabi/12.2.1/thumb/v8-m.main+fp/hard\libc_nano.a(libc_a-stdio.o)
                0x080085ce                __swrite
 .text.__sseek  0x08008606       0x24 c:/siliconlabs/simplicitystudio/v5/developer/toolchains/gnu_arm/12.2.rel1_2023.7/bin/../lib/gcc/arm-none-eabi/12.2.1/thumb/v8-m.main+fp/hard\libc_nano.a(libc_a-stdio.o)
                0x08008606                __sseek
 .text.__sclose
                0x0800862a        0x8 c:/siliconlabs/simplicitystudio/v5/developer/toolchains/gnu_arm/12.2.rel1_2023.7/bin/../lib/gcc/arm-none-eabi/12.2.1/thumb/v8-m.main+fp/hard\libc_nano.a(libc_a-stdio.o)
                0x0800862a                __sclose
 .text.__swbuf_r
                0x08008632       0x7c c:/siliconlabs/simplicitystudio/v5/developer/toolchains/gnu_arm/12.2.rel1_2023.7/bin/../lib/gcc/arm-none-eabi/12.2.1/thumb/v8-m.main+fp/hard\libc_nano.a(libc_a-wbuf.o)
                0x08008632                __swbuf_r
 .text.memset   0x080086ae       0x10 c:/siliconlabs/simplicitystudio/v5/developer/toolchains/gnu_arm/12.2.rel1_2023.7/bin/../lib/gcc/arm-none-eabi/12.2.1/thumb/v8-m.main+fp/hard\libc_nano.a(libc_a-memset.o)
                0x080086ae                memset
 .text.__retarget_lock_init_recursive
                0x080086be        0x2 c:/siliconlabs/simplicitystudio/v5/developer/toolchains/gnu_arm/12.2.rel1_2023.7/bin/../lib/gcc/arm-none-eabi/12.2.1/thumb/v8-m.main+fp/hard\libc_nano.a(libc_a-lock.o)
                0x080086be                __retarget_lock_init_recursive
 .text.__retarget_lock_acquire_recursive
                0x080086c0        0x2 c:/siliconlabs/simplicitystudio/v5/developer/toolchains/gnu_arm/12.2.rel1_2023.7/bin/../lib/gcc/arm-none-eabi/12.2.1/thumb/v8-m.main+fp/hard\libc_nano.a(libc_a-lock.o)
                0x080086c0                __retarget_lock_acquire_recursive
 .text.__retarget_lock_release_recursive
                0x080086c2        0x2 c:/siliconlabs/simplicitystudio/v5/developer/toolchains/gnu_arm/12.2.rel1_2023.7/bin/../lib/gcc/arm-none-eabi/12.2.1/thumb/v8-m.main+fp/hard\libc_nano.a(libc_a-lock.o)
                0x080086c2                __retarget_lock_release_recursive
 .text.memchr   0x080086c4       0x1c c:/siliconlabs/simplicitystudio/v5/developer/toolchains/gnu_arm/12.2.rel1_2023.7/bin/../lib/gcc/arm-none-eabi/12.2.1/thumb/v8-m.main+fp/hard\libc_nano.a(libc_a-memchr-stub.o)
                0x080086c4                memchr
 .text.memcpy   0x080086e0       0x1a c:/siliconlabs/simplicitystudio/v5/developer/toolchains/gnu_arm/12.2.rel1_2023.7/bin/../lib/gcc/arm-none-eabi/12.2.1/thumb/v8-m.main+fp/hard\libc_nano.a(libc_a-memcpy-stub.o)
                0x080086e0                memcpy
 .text          0x080086fa       0x10 c:/siliconlabs/simplicitystudio/v5/developer/toolchains/gnu_arm/12.2.rel1_2023.7/bin/../lib/gcc/arm-none-eabi/12.2.1/thumb/v8-m.main+fp/hard\libc_nano.a(libc_a-strlen.o)
                0x080086fa                strlen
 .text.quorem   0x0800870a      0x11a c:/siliconlabs/simplicitystudio/v5/developer/toolchains/gnu_arm/12.2.rel1_2023.7/bin/../lib/gcc/arm-none-eabi/12.2.1/thumb/v8-m.main+fp/hard\libc_nano.a(libc_a-dtoa.o)
 .text.__hi0bits
                0x08008824       0x44 c:/siliconlabs/simplicitystudio/v5/developer/toolchains/gnu_arm/12.2.rel1_2023.7/bin/../lib/gcc/arm-none-eabi/12.2.1/thumb/v8-m.main+fp/hard\libc_nano.a(libc_a-mprec.o)
                0x08008824                __hi0bits
 .text.__lo0bits
                0x08008868       0x5a c:/siliconlabs/simplicitystudio/v5/developer/toolchains/gnu_arm/12.2.rel1_2023.7/bin/../lib/gcc/arm-none-eabi/12.2.1/thumb/v8-m.main+fp/hard\libc_nano.a(libc_a-mprec.o)
                0x08008868                __lo0bits
 .text.__mcmp   0x080088c2       0x36 c:/siliconlabs/simplicitystudio/v5/developer/toolchains/gnu_arm/12.2.rel1_2023.7/bin/../lib/gcc/arm-none-eabi/12.2.1/thumb/v8-m.main+fp/hard\libc_nano.a(libc_a-mprec.o)
                0x080088c2                __mcmp
 .text.__sfputc_r
                0x080088f8       0x2e c:/siliconlabs/simplicitystudio/v5/developer/toolchains/gnu_arm/12.2.rel1_2023.7/bin/../lib/gcc/arm-none-eabi/12.2.1/thumb/v8-m.main+fp/hard\libc_nano.a(libc_a-nano-vfprintf.o)
 .text.__sfputs_r
                0x08008926       0x24 c:/siliconlabs/simplicitystudio/v5/developer/toolchains/gnu_arm/12.2.rel1_2023.7/bin/../lib/gcc/arm-none-eabi/12.2.1/thumb/v8-m.main+fp/hard\libc_nano.a(libc_a-nano-vfprintf.o)
                0x08008926                __sfputs_r
 .text.__sflush_r
                0x0800894a      0x106 c:/siliconlabs/simplicitystudio/v5/developer/toolchains/gnu_arm/12.2.rel1_2023.7/bin/../lib/gcc/arm-none-eabi/12.2.1/thumb/v8-m.main+fp/hard\libc_nano.a(libc_a-fflush.o)
                0x0800894a                __sflush_r
 .text._fflush_r
                0x08008a50       0x50 c:/siliconlabs/simplicitystudio/v5/developer/toolchains/gnu_arm/12.2.rel1_2023.7/bin/../lib/gcc/arm-none-eabi/12.2.1/thumb/v8-m.main+fp/hard\libc_nano.a(libc_a-fflush.o)
                0x08008a50                _fflush_r
 .text.__swhatbuf_r
                0x08008aa0       0x4a c:/siliconlabs/simplicitystudio/v5/developer/toolchains/gnu_arm/12.2.rel1_2023.7/bin/../lib/gcc/arm-none-eabi/12.2.1/thumb/v8-m.main+fp/hard\libc_nano.a(libc_a-makebuf.o)
                0x08008aa0                __swhatbuf_r
 .text.__smakebuf_r
                0x08008aea       0x78 c:/siliconlabs/simplicitystudio/v5/developer/toolchains/gnu_arm/12.2.rel1_2023.7/bin/../lib/gcc/arm-none-eabi/12.2.1/thumb/v8-m.main+fp/hard\libc_nano.a(libc_a-makebuf.o)
                0x08008aea                __smakebuf_r
 .text._putc_r  0x08008b62       0x68 c:/siliconlabs/simplicitystudio/v5/developer/toolchains/gnu_arm/12.2.rel1_2023.7/bin/../lib/gcc/arm-none-eabi/12.2.1/thumb/v8-m.main+fp/hard\libc_nano.a(libc_a-putc.o)
                0x08008b62                _putc_r
 .text._calloc_r
                0x08008bca       0x28 c:/siliconlabs/simplicitystudio/v5/developer/toolchains/gnu_arm/12.2.rel1_2023.7/bin/../lib/gcc/arm-none-eabi/12.2.1/thumb/v8-m.main+fp/hard\libc_nano.a(libc_a-callocr.o)
                0x08008bca                _calloc_r
 .text.__ascii_mbtowc
                0x08008bf2       0x24 c:/siliconlabs/simplicitystudio/v5/developer/toolchains/gnu_arm/12.2.rel1_2023.7/bin/../lib/gcc/arm-none-eabi/12.2.1/thumb/v8-m.main+fp/hard\libc_nano.a(libc_a-mbtowc_r.o)
                0x08008bf2                __ascii_mbtowc
 .text.__ascii_wctomb
                0x08008c16       0x1a c:/siliconlabs/simplicitystudio/v5/developer/toolchains/gnu_arm/12.2.rel1_2023.7/bin/../lib/gcc/arm-none-eabi/12.2.1/thumb/v8-m.main+fp/hard\libc_nano.a(libc_a-wctomb_r.o)
                0x08008c16                __ascii_wctomb
 .text.abort    0x08008c30        0xe c:/siliconlabs/simplicitystudio/v5/developer/toolchains/gnu_arm/12.2.rel1_2023.7/bin/../lib/gcc/arm-none-eabi/12.2.1/thumb/v8-m.main+fp/hard\libc_nano.a(libc_a-abort.o)
                0x08008c30                abort
 .text._raise_r
                0x08008c3e       0x50 c:/siliconlabs/simplicitystudio/v5/developer/toolchains/gnu_arm/12.2.rel1_2023.7/bin/../lib/gcc/arm-none-eabi/12.2.1/thumb/v8-m.main+fp/hard\libc_nano.a(libc_a-signal.o)
                0x08008c3e                _raise_r
 .text._getpid_r
                0x08008c8e        0x4 c:/siliconlabs/simplicitystudio/v5/developer/toolchains/gnu_arm/12.2.rel1_2023.7/bin/../lib/gcc/arm-none-eabi/12.2.1/thumb/v8-m.main+fp/hard\libc_nano.a(libc_a-signalr.o)
                0x08008c8e                _getpid_r
                0x08008ca0                . = ALIGN (0x20)
 *fill*         0x08008c92        0xe 
                0x08008ca0                linker_code_end = .
 *(.init)
 .init          0x08008ca0        0x4 c:/siliconlabs/simplicitystudio/v5/developer/toolchains/gnu_arm/12.2.rel1_2023.7/bin/../lib/gcc/arm-none-eabi/12.2.1/thumb/v8-m.main+fp/hard/crti.o
                0x08008ca0                _init
 .init          0x08008ca4        0x8 c:/siliconlabs/simplicitystudio/v5/developer/toolchains/gnu_arm/12.2.rel1_2023.7/bin/../lib/gcc/arm-none-eabi/12.2.1/thumb/v8-m.main+fp/hard/crtn.o
 *(.fini)
 .fini          0x08008cac        0x4 c:/siliconlabs/simplicitystudio/v5/developer/toolchains/gnu_arm/12.2.rel1_2023.7/bin/../lib/gcc/arm-none-eabi/12.2.1/thumb/v8-m.main+fp/hard/crti.o
                0x08008cac                _fini
 .fini          0x08008cb0        0x8 c:/siliconlabs/simplicitystudio/v5/developer/toolchains/gnu_arm/12.2.rel1_2023.7/bin/../lib/gcc/arm-none-eabi/12.2.1/thumb/v8-m.main+fp/hard/crtn.o
 *crtbegin.o(.ctors)
 *crtbegin?.o(.ctors)
 *(EXCLUDE_FILE(*crtend.o *crtend?.o) .ctors)
 *(SORT_BY_NAME(.ctors.*))
 *(.ctors)
 *crtbegin.o(.dtors)
 *crtbegin?.o(.dtors)
 *(EXCLUDE_FILE(*crtend.o *crtend?.o) .dtors)
 *(SORT_BY_NAME(.dtors.*))
 *(.dtors)
                0x08008cb8                __code_classification_validator_start__ = .
                0x08008cd8                . = (. + 0x20)
 *fill*         0x08008cb8       0x20 
 *(code_classification_validator)
                0x08008ce0                . = ALIGN (0x20)
 *fill*         0x08008cd8        0x8 
                0x08008ce0                __code_classification_validator_end__ = .
 *(.rodata*)
 .rodata.app_init.str1.1
                0x08008ce0      0x12e ./app.o
                                0x130 (size before relaxing)
 .rodata.AS7331_ChangeMode.str1.1
                0x08008e0e        0x8 ./as.o
 .rodata.as_dev_id.str1.1
                0x08008e16       0x21 ./as.o
 .rodata.as_init.str1.1
                0x08008e37      0x106 ./as.o
 .rodata.as_report.str1.1
                0x08008f3d       0x74 ./as.o
 *fill*         0x08008fb1        0x3 
 .rodata.uvc_fsr
                0x08008fb4       0x30 ./as.o
                0x08008fb4                uvc_fsr
 .rodata.uvb_fsr
                0x08008fe4       0x30 ./as.o
                0x08008fe4                uvb_fsr
 .rodata.uva_fsr
                0x08009014       0x30 ./as.o
                0x08009014                uva_fsr
 .rodata.MPL3115A2_GetPressure.str1.1
                0x08009044        0x9 ./mpl.o
 .rodata.mpl_dev_id.str1.1
                0x0800904d        0xa ./mpl.o
                                 0x24 (size before relaxing)
 .rodata.mpl_init.str1.1
                0x08009057       0x58 ./mpl.o
 .rodata.mpl_report.str1.1
                0x080090af       0x40 ./mpl.o
                                 0x4c (size before relaxing)
 .rodata.SI7021_measure.constprop.0.str1.1
                0x080090ef        0x8 ./si.o
 .rodata.si_dev_id.str1.1
                0x080090f7        0x7 ./si.o
                                 0x21 (size before relaxing)
 .rodata.sl_iostream_eusart_init_vcom.str1.1
                0x080090fe       0x2f ./autogen/sl_iostream_init_eusart_instances.o
 *fill*         0x0800912d        0x3 
 .rodata        0x08009130       0x20 ./autogen/sl_iostream_init_eusart_instances.o
 .rodata.sl_led_led1
                0x08009150       0x18 ./autogen/sl_simple_led_instances.o
                0x08009150                sl_led_led1
 .rodata.sl_led_led0
                0x08009168       0x18 ./autogen/sl_simple_led_instances.o
                0x08009168                sl_led_led0
 .rodata.sl_board_enable_sensor.str1.1
                0x08009180       0x3e ./gecko_sdk_4.4.1/hardware/board/src/sl_board_control_gpio.o
 *fill*         0x080091be        0x2 
 .rodata        0x080091c0       0x1c ./gecko_sdk_4.4.1/hardware/driver/mx25_flash_shutdown/src/sl_mx25_flash_shutdown_usart/sl_mx25_flash_shutdown.o
 .rodata.I2CSPM_Init.str1.1
                0x080091dc       0xa1 ./gecko_sdk_4.4.1/platform/driver/i2cspm/src/sl_i2cspm.o
 *fill*         0x0800927d        0x1 
 .rodata.CSWTCH.10
                0x0800927e        0x8 ./gecko_sdk_4.4.1/platform/driver/i2cspm/src/sl_i2cspm.o
 .rodata.GPIO_PinOutClear.str1.1
                0x08009286       0x67 ./gecko_sdk_4.4.1/platform/driver/leddrv/src/sl_simple_led.o
 .rodata.CSWTCH.18
                0x08009286        0x8 ./gecko_sdk_4.4.1/platform/driver/leddrv/src/sl_simple_led.o
 .rodata        0x0800928e        0x4 ./gecko_sdk_4.4.1/platform/emdrv/dmadrv/src/dmadrv.o
 .rodata.HFRCODPLLDevinfoGet.str1.1
                0x08009292       0x2f ./gecko_sdk_4.4.1/platform/emlib/src/em_cmu.o
 .rodata.EMU_VScaleEM01.str1.1
                0x080092c1       0x2f ./gecko_sdk_4.4.1/platform/emlib/src/em_emu.o
 .rodata.EUSART_Enable.str1.1
                0x080092f0       0x32 ./gecko_sdk_4.4.1/platform/emlib/src/em_eusart.o
 .rodata.GPIO_PinOutSet.str1.1
                0x08009322       0x67 ./gecko_sdk_4.4.1/platform/emlib/src/em_gpio.o
 .rodata.GPIO_ExtIntConfig.str1.1
                0x08009322       0x30 ./gecko_sdk_4.4.1/platform/emlib/src/em_gpio.o
 .rodata.CSWTCH.31
                0x08009352        0x8 ./gecko_sdk_4.4.1/platform/emlib/src/em_gpio.o
 .rodata.I2C_BusFreqGet.str1.1
                0x0800935a       0x2f ./gecko_sdk_4.4.1/platform/emlib/src/em_i2c.o
 .rodata.i2cNSum
                0x08009389        0x4 ./gecko_sdk_4.4.1/platform/emlib/src/em_i2c.o
 .rodata.LDMA_EnableChannelRequest.str1.1
                0x0800938d       0x96 ./gecko_sdk_4.4.1/platform/emlib/src/em_ldma.o
 .rodata.USART_BaudrateAsyncSet.str1.1
                0x08009423       0x31 ./gecko_sdk_4.4.1/platform/emlib/src/em_usart.o
 .rodata.sl_hal_sysrtc_init_group.str1.1
                0x08009454       0x3f ./gecko_sdk_4.4.1/platform/peripheral/src/peripheral_sysrtc.o
 .rodata        0x08009493        0x7 ./gecko_sdk_4.4.1/platform/service/device_init/src/sl_device_init_dcdc_s2.o
 *fill*         0x0800949a        0x2 
 .rodata        0x0800949c       0x28 ./gecko_sdk_4.4.1/platform/service/device_init/src/sl_device_init_hfxo_s2.o
 .rodata        0x080094c4       0x14 ./gecko_sdk_4.4.1/platform/service/device_init/src/sl_device_init_lfxo_s2.o
 .rodata._write.str1.1
                0x080094d8       0x4e ./gecko_sdk_4.4.1/platform/service/iostream/src/sl_iostream_retarget_stdio.o
 .rodata.get_write_ptr.str1.1
                0x08009526       0x44 ./gecko_sdk_4.4.1/platform/service/iostream/src/sl_iostream_uart.o
 .rodata.process_timer_irq.str1.1
                0x0800956a       0x43 ./gecko_sdk_4.4.1/platform/service/sleeptimer/src/sl_sleeptimer.o
 .rodata.sl_udelay_wait.str1.1
                0x080095ad       0x3b ./gecko_sdk_4.4.1/platform/service/udelay/src/sl_udelay.o
 .rodata._ctype_
                0x080095e8      0x101 c:/siliconlabs/simplicitystudio/v5/developer/toolchains/gnu_arm/12.2.rel1_2023.7/bin/../lib/gcc/arm-none-eabi/12.2.1/thumb/v8-m.main+fp/hard\libc_nano.a(libc_a-ctype_.o)
                0x080095e8                _ctype_
 .rodata._printf_float.str1.1
                0x080096e9       0x12 c:/siliconlabs/simplicitystudio/v5/developer/toolchains/gnu_arm/12.2.rel1_2023.7/bin/../lib/gcc/arm-none-eabi/12.2.1/thumb/v8-m.main+fp/hard\libc_nano.a(libc_a-nano-vfprintf_float.o)
 .rodata._printf_i.str1.1
                0x080096fb       0x22 c:/siliconlabs/simplicitystudio/v5/developer/toolchains/gnu_arm/12.2.rel1_2023.7/bin/../lib/gcc/arm-none-eabi/12.2.1/thumb/v8-m.main+fp/hard\libc_nano.a(libc_a-nano-vfprintf_i.o)
 .rodata._dtoa_r.str1.1
                0x0800971d       0x8e c:/siliconlabs/simplicitystudio/v5/developer/toolchains/gnu_arm/12.2.rel1_2023.7/bin/../lib/gcc/arm-none-eabi/12.2.1/thumb/v8-m.main+fp/hard\libc_nano.a(libc_a-dtoa.o)
                                 0x90 (size before relaxing)
 .rodata._Balloc.str1.1
                0x080097ab       0x5a c:/siliconlabs/simplicitystudio/v5/developer/toolchains/gnu_arm/12.2.rel1_2023.7/bin/../lib/gcc/arm-none-eabi/12.2.1/thumb/v8-m.main+fp/hard\libc_nano.a(libc_a-mprec.o)
                                 0x71 (size before relaxing)
 .rodata.__multadd.str1.1
                0x08009805       0x11 c:/siliconlabs/simplicitystudio/v5/developer/toolchains/gnu_arm/12.2.rel1_2023.7/bin/../lib/gcc/arm-none-eabi/12.2.1/thumb/v8-m.main+fp/hard\libc_nano.a(libc_a-mprec.o)
 *fill*         0x08009805        0x3 
 .rodata.p05.0  0x08009808        0xc c:/siliconlabs/simplicitystudio/v5/developer/toolchains/gnu_arm/12.2.rel1_2023.7/bin/../lib/gcc/arm-none-eabi/12.2.1/thumb/v8-m.main+fp/hard\libc_nano.a(libc_a-mprec.o)
 *fill*         0x08009814        0x4 
 .rodata.__mprec_bigtens
                0x08009818       0x28 c:/siliconlabs/simplicitystudio/v5/developer/toolchains/gnu_arm/12.2.rel1_2023.7/bin/../lib/gcc/arm-none-eabi/12.2.1/thumb/v8-m.main+fp/hard\libc_nano.a(libc_a-mprec.o)
                0x08009818                __mprec_bigtens
 .rodata.__mprec_tens
                0x08009840       0xc8 c:/siliconlabs/simplicitystudio/v5/developer/toolchains/gnu_arm/12.2.rel1_2023.7/bin/../lib/gcc/arm-none-eabi/12.2.1/thumb/v8-m.main+fp/hard\libc_nano.a(libc_a-mprec.o)
                0x08009840                __mprec_tens
 .rodata._vfprintf_r.str1.1
                0x08009908       0x11 c:/siliconlabs/simplicitystudio/v5/developer/toolchains/gnu_arm/12.2.rel1_2023.7/bin/../lib/gcc/arm-none-eabi/12.2.1/thumb/v8-m.main+fp/hard\libc_nano.a(libc_a-nano-vfprintf.o)
 .rodata._setlocale_r.str1.1
                0x08009919        0x8 c:/siliconlabs/simplicitystudio/v5/developer/toolchains/gnu_arm/12.2.rel1_2023.7/bin/../lib/gcc/arm-none-eabi/12.2.1/thumb/v8-m.main+fp/hard\libc_nano.a(libc_a-locale.o)
                                  0x9 (size before relaxing)
 .rodata.str1.1
                0x08009921        0x2 c:/siliconlabs/simplicitystudio/v5/developer/toolchains/gnu_arm/12.2.rel1_2023.7/bin/../lib/gcc/arm-none-eabi/12.2.1/thumb/v8-m.main+fp/hard\libc_nano.a(libc_a-locale.o)
 .rodata.__assert_func.str1.1
                0x08009923       0x3c c:/siliconlabs/simplicitystudio/v5/developer/toolchains/gnu_arm/12.2.rel1_2023.7/bin/../lib/gcc/arm-none-eabi/12.2.1/thumb/v8-m.main+fp/hard\libc_nano.a(libc_a-assert.o)
                                 0x3d (size before relaxing)
 *(.eh_frame*)
 *fill*         0x0800995f        0x1 
 .eh_frame      0x08009960        0x0 c:/siliconlabs/simplicitystudio/v5/developer/toolchains/gnu_arm/12.2.rel1_2023.7/bin/../lib/gcc/arm-none-eabi/12.2.1/thumb/v8-m.main+fp/hard/crtbegin.o

.glue_7         0x08009960        0x0
 .glue_7        0x08009960        0x0 linker stubs

.glue_7t        0x08009960        0x0
 .glue_7t       0x08009960        0x0 linker stubs

.vfp11_veneer   0x08009960        0x0
 .vfp11_veneer  0x08009960        0x0 linker stubs

.v4_bx          0x08009960        0x0
 .v4_bx         0x08009960        0x0 linker stubs

.iplt           0x08009960        0x0
 .iplt          0x08009960        0x0 c:/siliconlabs/simplicitystudio/v5/developer/toolchains/gnu_arm/12.2.rel1_2023.7/bin/../lib/gcc/arm-none-eabi/12.2.1/thumb/v8-m.main+fp/hard/crtbegin.o

.ARM.extab
 *(.ARM.extab* .gnu.linkonce.armextab.*)
                0x08009960                __exidx_start = .

.ARM.exidx      0x08009960        0x8
 *(.ARM.exidx* .gnu.linkonce.armexidx.*)
 .ARM.exidx     0x08009960        0x8 c:/siliconlabs/simplicitystudio/v5/developer/toolchains/gnu_arm/12.2.rel1_2023.7/bin/../lib/gcc/arm-none-eabi/12.2.1/thumb/v8-m.main+fp/hard/crt0.o
                                 0x10 (size before relaxing)
 .ARM.exidx.text.__udivmoddi4
                0x08009968        0x0 c:/siliconlabs/simplicitystudio/v5/developer/toolchains/gnu_arm/12.2.rel1_2023.7/bin/../lib/gcc/arm-none-eabi/12.2.1/thumb/v8-m.main+fp/hard\libgcc.a(_udivmoddi4.o)
                                  0x8 (size before relaxing)
                0x08009968                __exidx_end = .

.rel.dyn        0x08009968        0x0
 .rel.iplt      0x08009968        0x0 c:/siliconlabs/simplicitystudio/v5/developer/toolchains/gnu_arm/12.2.rel1_2023.7/bin/../lib/gcc/arm-none-eabi/12.2.1/thumb/v8-m.main+fp/hard/crtbegin.o

.copy.table     0x08009968        0xc
                0x08009968                . = ALIGN (0x4)
                0x08009968                __copy_table_start__ = .
                0x08009968        0x4 LONG 0x8009974 __etext
                0x0800996c        0x4 LONG 0x20001000 __data_start__
                0x08009970        0x4 LONG 0x82 ((__data_end__ - __data_start__) / 0x4)
                0x08009974                __copy_table_end__ = .

.zero.table     0x08009974        0x0
                0x08009974                . = ALIGN (0x4)
                0x08009974                __zero_table_start__ = .
                0x08009974                __zero_table_end__ = .
                0x08009974                __etext = .
                0x20000000                . = ORIGIN (RAM)

.stack          0x20000000     0x1000
                0x20000000                __StackLimit = .
 *(.stack*)
 .stack         0x20000000     0x1000 ./gecko_sdk_4.4.1/platform/common/toolchain/src/sl_memory.o
                0x20001000                . = ALIGN (0x4)
                0x20001000                __StackTop = .
                0x20001000                PROVIDE (__stack = __StackTop)

.noinit
 *(.noinit*)

.data           0x20001000      0x208 load address 0x08009974
                0x20001000                . = ALIGN (0x4)
                0x20001000                __data_start__ = .
 *(vtable)
 *(SORT_BY_ALIGNMENT(.data*))
 .data.init_sensor
                0x20001000       0x14 ./autogen/sl_i2cspm_init.o
                0x20001000                init_sensor
 .data.sl_i2cspm_sensor
                0x20001014        0x4 ./autogen/sl_i2cspm_init.o
                0x20001014                sl_i2cspm_sensor
 .data.SystemCoreClock
                0x20001018        0x4 ./gecko_sdk_4.4.1/platform/Device/SiliconLabs/EFR32MG24/Source/system_efr32mg24.o
                0x20001018                SystemCoreClock
 .data.SystemHFRCODPLLClock
                0x2000101c        0x4 ./gecko_sdk_4.4.1/platform/Device/SiliconLabs/EFR32MG24/Source/system_efr32mg24.o
 .data.SystemLFXOClock
                0x20001020        0x4 ./gecko_sdk_4.4.1/platform/Device/SiliconLabs/EFR32MG24/Source/system_efr32mg24.o
 .data.SystemHFXOClock
                0x20001024        0x4 ./gecko_sdk_4.4.1/platform/Device/SiliconLabs/EFR32MG24/Source/system_efr32mg24.o
 .data.heap_end.0
                0x20001028        0x4 ./gecko_sdk_4.4.1/platform/common/toolchain/src/sl_memory.o
 .data.__sglue  0x2000102c        0xc c:/siliconlabs/simplicitystudio/v5/developer/toolchains/gnu_arm/12.2.rel1_2023.7/bin/../lib/gcc/arm-none-eabi/12.2.1/thumb/v8-m.main+fp/hard\libc_nano.a(libc_a-findfp.o)
                0x2000102c                __sglue
 .data._impure_ptr