Archive member included to satisfy reference by file (symbol)

c:/siliconlabs/simplicitystudio/v5/developer/toolchains/gnu_arm/12.2.rel1_2023.7/bin/../lib/gcc/arm-none-eabi/12.2.1/thumb/v8-m.main+fp/hard\libgcc.a(_aeabi_ldivmod.o)
                              ./gecko_sdk_4.4.1/platform/emlib/src/em_eusart.o (__aeabi_ldivmod)
c:/siliconlabs/simplicitystudio/v5/developer/toolchains/gnu_arm/12.2.rel1_2023.7/bin/../lib/gcc/arm-none-eabi/12.2.1/thumb/v8-m.main+fp/hard\libgcc.a(_aeabi_uldivmod.o)
                              ./gecko_sdk_4.4.1/platform/emlib/src/em_eusart.o (__aeabi_uldivmod)
c:/siliconlabs/simplicitystudio/v5/developer/toolchains/gnu_arm/12.2.rel1_2023.7/bin/../lib/gcc/arm-none-eabi/12.2.1/thumb/v8-m.main+fp/hard\libgcc.a(_udivmoddi4.o)
                              c:/siliconlabs/simplicitystudio/v5/developer/toolchains/gnu_arm/12.2.rel1_2023.7/bin/../lib/gcc/arm-none-eabi/12.2.1/thumb/v8-m.main+fp/hard\libgcc.a(_aeabi_ldivmod.o) (__udivmoddi4)
c:/siliconlabs/simplicitystudio/v5/developer/toolchains/gnu_arm/12.2.rel1_2023.7/bin/../lib/gcc/arm-none-eabi/12.2.1/thumb/v8-m.main+fp/hard\libgcc.a(_dvmd_tls.o)
                              c:/siliconlabs/simplicitystudio/v5/developer/toolchains/gnu_arm/12.2.rel1_2023.7/bin/../lib/gcc/arm-none-eabi/12.2.1/thumb/v8-m.main+fp/hard\libgcc.a(_aeabi_ldivmod.o) (__aeabi_ldiv0)
c:/siliconlabs/simplicitystudio/v5/developer/toolchains/gnu_arm/12.2.rel1_2023.7/bin/../lib/gcc/arm-none-eabi/12.2.1/thumb/v8-m.main+fp/hard\libc_nano.a(libc_a-exit.o)
                              c:/siliconlabs/simplicitystudio/v5/developer/toolchains/gnu_arm/12.2.rel1_2023.7/bin/../lib/gcc/arm-none-eabi/12.2.1/thumb/v8-m.main+fp/hard/crt0.o (exit)
c:/siliconlabs/simplicitystudio/v5/developer/toolchains/gnu_arm/12.2.rel1_2023.7/bin/../lib/gcc/arm-none-eabi/12.2.1/thumb/v8-m.main+fp/hard\libc_nano.a(libc_a-ctype_.o)
                              ./gecko_sdk_4.4.1/platform/common/src/sl_string.o (_ctype_)
c:/siliconlabs/simplicitystudio/v5/developer/toolchains/gnu_arm/12.2.rel1_2023.7/bin/../lib/gcc/arm-none-eabi/12.2.1/thumb/v8-m.main+fp/hard\libc_nano.a(libc_a-findfp.o)
                              c:/siliconlabs/simplicitystudio/v5/developer/toolchains/gnu_arm/12.2.rel1_2023.7/bin/../lib/gcc/arm-none-eabi/12.2.1/thumb/v8-m.main+fp/hard\libc_nano.a(libc_a-exit.o) (__stdio_exit_handler)
c:/siliconlabs/simplicitystudio/v5/developer/toolchains/gnu_arm/12.2.rel1_2023.7/bin/../lib/gcc/arm-none-eabi/12.2.1/thumb/v8-m.main+fp/hard\libc_nano.a(libc_a-fwalk.o)
                              c:/siliconlabs/simplicitystudio/v5/developer/toolchains/gnu_arm/12.2.rel1_2023.7/bin/../lib/gcc/arm-none-eabi/12.2.1/thumb/v8-m.main+fp/hard\libc_nano.a(libc_a-findfp.o) (_fwalk_sglue)
c:/siliconlabs/simplicitystudio/v5/developer/toolchains/gnu_arm/12.2.rel1_2023.7/bin/../lib/gcc/arm-none-eabi/12.2.1/thumb/v8-m.main+fp/hard\libc_nano.a(libc_a-printf.o)
                              ./i2cspm.o (printf)
c:/siliconlabs/simplicitystudio/v5/developer/toolchains/gnu_arm/12.2.rel1_2023.7/bin/../lib/gcc/arm-none-eabi/12.2.1/thumb/v8-m.main+fp/hard\libc_nano.a(libc_a-puts.o)
                              ./i2cspm.o (puts)
c:/siliconlabs/simplicitystudio/v5/developer/toolchains/gnu_arm/12.2.rel1_2023.7/bin/../lib/gcc/arm-none-eabi/12.2.1/thumb/v8-m.main+fp/hard\libc_nano.a(libc_a-setvbuf.o)
                              ./gecko_sdk_4.4.1/platform/service/iostream/src/sl_iostream_stdlib_config.o (setvbuf)
c:/siliconlabs/simplicitystudio/v5/developer/toolchains/gnu_arm/12.2.rel1_2023.7/bin/../lib/gcc/arm-none-eabi/12.2.1/thumb/v8-m.main+fp/hard\libc_nano.a(libc_a-stdio.o)
                              c:/siliconlabs/simplicitystudio/v5/developer/toolchains/gnu_arm/12.2.rel1_2023.7/bin/../lib/gcc/arm-none-eabi/12.2.1/thumb/v8-m.main+fp/hard\libc_nano.a(libc_a-findfp.o) (__sread)
c:/siliconlabs/simplicitystudio/v5/developer/toolchains/gnu_arm/12.2.rel1_2023.7/bin/../lib/gcc/arm-none-eabi/12.2.1/thumb/v8-m.main+fp/hard\libc_nano.a(libc_a-vprintf.o)
                              ./gecko_sdk_4.4.1/platform/service/iostream/src/sl_iostream.o (vprintf)
c:/siliconlabs/simplicitystudio/v5/developer/toolchains/gnu_arm/12.2.rel1_2023.7/bin/../lib/gcc/arm-none-eabi/12.2.1/thumb/v8-m.main+fp/hard\libc_nano.a(libc_a-wbuf.o)
                              c:/siliconlabs/simplicitystudio/v5/developer/toolchains/gnu_arm/12.2.rel1_2023.7/bin/../lib/gcc/arm-none-eabi/12.2.1/thumb/v8-m.main+fp/hard\libc_nano.a(libc_a-puts.o) (__swbuf_r)
c:/siliconlabs/simplicitystudio/v5/developer/toolchains/gnu_arm/12.2.rel1_2023.7/bin/../lib/gcc/arm-none-eabi/12.2.1/thumb/v8-m.main+fp/hard\libc_nano.a(libc_a-wsetup.o)
                              c:/siliconlabs/simplicitystudio/v5/developer/toolchains/gnu_arm/12.2.rel1_2023.7/bin/../lib/gcc/arm-none-eabi/12.2.1/thumb/v8-m.main+fp/hard\libc_nano.a(libc_a-puts.o) (__swsetup_r)
[...]
Memory Configuration

Name             Origin             Length             Attributes
FLASH            0x08000000         0x0017e000         xr
RAM              0x20000000         0x00040000         xrw
*default*        0x00000000         0xffffffff

Linker script and memory map

LOAD c:/siliconlabs/simplicitystudio/v5/developer/toolchains/gnu_arm/12.2.rel1_2023.7/bin/../lib/gcc/arm-none-eabi/12.2.1/thumb/v8-m.main+fp/hard/crti.o
LOAD c:/siliconlabs/simplicitystudio/v5/developer/toolchains/gnu_arm/12.2.rel1_2023.7/bin/../lib/gcc/arm-none-eabi/12.2.1/thumb/v8-m.main+fp/hard/crtbegin.o
LOAD c:/siliconlabs/simplicitystudio/v5/developer/toolchains/gnu_arm/12.2.rel1_2023.7/bin/../lib/gcc/arm-none-eabi/12.2.1/thumb/v8-m.main+fp/hard/crt0.o
START GROUP
LOAD ./app.o
LOAD ./i2cspm.o
LOAD ./main.o
LOAD ./autogen/sl_board_default_init.o
LOAD ./autogen/sl_device_init_clocks.o
LOAD ./autogen/sl_event_handler.o
LOAD ./autogen/sl_i2cspm_init.o
LOAD ./autogen/sl_iostream_handles.o
LOAD ./autogen/sl_iostream_init_eusart_instances.o
LOAD ./autogen/sl_simple_led_instances.o
LOAD ./gecko_sdk_4.4.1/hardware/board/src/sl_board_control_gpio.o
LOAD ./gecko_sdk_4.4.1/hardware/board/src/sl_board_init.o
LOAD ./gecko_sdk_4.4.1/hardware/driver/configuration_over_swo/src/sl_cos.o
LOAD ./gecko_sdk_4.4.1/hardware/driver/mx25_flash_shutdown/src/sl_mx25_flash_shutdown_usart/sl_mx25_flash_shutdown.o
LOAD ./gecko_sdk_4.4.1/platform/Device/SiliconLabs/EFR32MG24/Source/startup_efr32mg24.o
LOAD ./gecko_sdk_4.4.1/platform/Device/SiliconLabs/EFR32MG24/Source/system_efr32mg24.o
LOAD ./gecko_sdk_4.4.1/platform/common/src/sl_assert.o
LOAD ./gecko_sdk_4.4.1/platform/common/src/sl_slist.o
LOAD ./gecko_sdk_4.4.1/platform/common/src/sl_string.o
LOAD ./gecko_sdk_4.4.1/platform/common/src/sl_syscalls.o
LOAD ./gecko_sdk_4.4.1/platform/common/toolchain/src/sl_memory.o
LOAD ./gecko_sdk_4.4.1/platform/driver/debug/src/sl_debug_swo.o
LOAD ./gecko_sdk_4.4.1/platform/driver/i2cspm/src/sl_i2cspm.o
LOAD ./gecko_sdk_4.4.1/platform/driver/leddrv/src/sl_led.o
LOAD ./gecko_sdk_4.4.1/platform/driver/leddrv/src/sl_simple_led.o
LOAD ./gecko_sdk_4.4.1/platform/emdrv/dmadrv/src/dmadrv.o
LOAD ./gecko_sdk_4.4.1/platform/emlib/src/em_burtc.o
LOAD ./gecko_sdk_4.4.1/platform/emlib/src/em_cmu.o
LOAD ./gecko_sdk_4.4.1/platform/emlib/src/em_core.o
LOAD ./gecko_sdk_4.4.1/platform/emlib/src/em_emu.o
LOAD ./gecko_sdk_4.4.1/platform/emlib/src/em_eusart.o
LOAD ./gecko_sdk_4.4.1/platform/emlib/src/em_gpio.o
LOAD ./gecko_sdk_4.4.1/platform/emlib/src/em_i2c.o
LOAD ./gecko_sdk_4.4.1/platform/emlib/src/em_ldma.o
LOAD ./gecko_sdk_4.4.1/platform/emlib/src/em_msc.o
LOAD ./gecko_sdk_4.4.1/platform/emlib/src/em_prs.o
LOAD ./gecko_sdk_4.4.1/platform/emlib/src/em_system.o
LOAD ./gecko_sdk_4.4.1/platform/emlib/src/em_timer.o
LOAD ./gecko_sdk_4.4.1/platform/emlib/src/em_usart.o
LOAD ./gecko_sdk_4.4.1/platform/peripheral/src/peripheral_sysrtc.o
LOAD ./gecko_sdk_4.4.1/platform/service/device_init/src/sl_device_init_dcdc_s2.o
LOAD ./gecko_sdk_4.4.1/platform/service/device_init/src/sl_device_init_emu_s2.o
LOAD ./gecko_sdk_4.4.1/platform/service/device_init/src/sl_device_init_hfxo_s2.o
LOAD ./gecko_sdk_4.4.1/platform/service/device_init/src/sl_device_init_lfxo_s2.o
LOAD ./gecko_sdk_4.4.1/platform/service/device_init/src/sl_device_init_nvic.o
LOAD ./gecko_sdk_4.4.1/platform/service/iostream/src/sl_iostream.o
LOAD ./gecko_sdk_4.4.1/platform/service/iostream/src/sl_iostream_eusart.o
LOAD ./gecko_sdk_4.4.1/platform/service/iostream/src/sl_iostream_retarget_stdio.o
LOAD ./gecko_sdk_4.4.1/platform/service/iostream/src/sl_iostream_stdlib_config.o
LOAD ./gecko_sdk_4.4.1/platform/service/iostream/src/sl_iostream_uart.o
LOAD ./gecko_sdk_4.4.1/platform/service/sleeptimer/src/sl_sleeptimer.o
LOAD ./gecko_sdk_4.4.1/platform/service/sleeptimer/src/sl_sleeptimer_hal_burtc.o
LOAD ./gecko_sdk_4.4.1/platform/service/sleeptimer/src/sl_sleeptimer_hal_sysrtc.o
LOAD ./gecko_sdk_4.4.1/platform/service/sleeptimer/src/sl_sleeptimer_hal_timer.o
LOAD ./gecko_sdk_4.4.1/platform/service/system/src/sl_system_init.o
LOAD ./gecko_sdk_4.4.1/platform/service/system/src/sl_system_process_action.o
LOAD ./gecko_sdk_4.4.1/platform/service/udelay/src/sl_udelay.o
LOAD ./gecko_sdk_4.4.1/platform/service/udelay/src/sl_udelay_armv6m_gcc.o
LOAD c:/siliconlabs/simplicitystudio/v5/developer/toolchains/gnu_arm/12.2.rel1_2023.7/bin/../lib/gcc/arm-none-eabi/12.2.1/thumb/v8-m.main+fp/hard\libgcc.a
LOAD c:/siliconlabs/simplicitystudio/v5/developer/toolchains/gnu_arm/12.2.rel1_2023.7/bin/../lib/gcc/arm-none-eabi/12.2.1/thumb/v8-m.main+fp/hard\libc_nano.a
LOAD c:/siliconlabs/simplicitystudio/v5/developer/toolchains/gnu_arm/12.2.rel1_2023.7/bin/../lib/gcc/arm-none-eabi/12.2.1/thumb/v8-m.main+fp/hard\libm.a
LOAD c:/siliconlabs/simplicitystudio/v5/developer/toolchains/gnu_arm/12.2.rel1_2023.7/bin/../lib/gcc/arm-none-eabi/12.2.1/thumb/v8-m.main+fp/hard\libnosys.a
END GROUP
START GROUP
LOAD c:/siliconlabs/simplicitystudio/v5/developer/toolchains/gnu_arm/12.2.rel1_2023.7/bin/../lib/gcc/arm-none-eabi/12.2.1/thumb/v8-m.main+fp/hard\libgcc.a
LOAD c:/siliconlabs/simplicitystudio/v5/developer/toolchains/gnu_arm/12.2.rel1_2023.7/bin/../lib/gcc/arm-none-eabi/12.2.1/thumb/v8-m.main+fp/hard\libc_nano.a
LOAD c:/siliconlabs/simplicitystudio/v5/developer/toolchains/gnu_arm/12.2.rel1_2023.7/bin/../lib/gcc/arm-none-eabi/12.2.1/thumb/v8-m.main+fp/hard\libnosys.a
END GROUP
START GROUP
LOAD c:/siliconlabs/simplicitystudio/v5/developer/toolchains/gnu_arm/12.2.rel1_2023.7/bin/../lib/gcc/arm-none-eabi/12.2.1/thumb/v8-m.main+fp/hard\libgcc.a
LOAD c:/siliconlabs/simplicitystudio/v5/developer/toolchains/gnu_arm/12.2.rel1_2023.7/bin/../lib/gcc/arm-none-eabi/12.2.1/thumb/v8-m.main+fp/hard\libg_nano.a
LOAD c:/siliconlabs/simplicitystudio/v5/developer/toolchains/gnu_arm/12.2.rel1_2023.7/bin/../lib/gcc/arm-none-eabi/12.2.1/thumb/v8-m.main+fp/hard\libc_nano.a
END GROUP
START GROUP
LOAD c:/siliconlabs/simplicitystudio/v5/developer/toolchains/gnu_arm/12.2.rel1_2023.7/bin/../lib/gcc/arm-none-eabi/12.2.1/thumb/v8-m.main+fp/hard\libgcc.a
LOAD c:/siliconlabs/simplicitystudio/v5/developer/toolchains/gnu_arm/12.2.rel1_2023.7/bin/../lib/gcc/arm-none-eabi/12.2.1/thumb/v8-m.main+fp/hard\libc_nano.a
END GROUP
LOAD c:/siliconlabs/simplicitystudio/v5/developer/toolchains/gnu_arm/12.2.rel1_2023.7/bin/../lib/gcc/arm-none-eabi/12.2.1/thumb/v8-m.main+fp/hard/crtend.o
LOAD c:/siliconlabs/simplicitystudio/v5/developer/toolchains/gnu_arm/12.2.rel1_2023.7/bin/../lib/gcc/arm-none-eabi/12.2.1/thumb/v8-m.main+fp/hard/crtn.o

.text           0x08000000     0x63e8
                0x08000000                linker_vectors_begin = .
 *(.vectors)
 .vectors       0x08000000      0x170 ./gecko_sdk_4.4.1/platform/Device/SiliconLabs/EFR32MG24/Source/startup_efr32mg24.o
                0x08000000                __Vectors
                0x08000170                linker_vectors_end = .
                0x08000170                __Vectors_End = .
                0x08000170                __Vectors_Size = (__Vectors_End - __Vectors)
                0x08000170                linker_code_begin = .
 *(SORT_BY_ALIGNMENT(.text*))
 .text          0x08000170        0x8 ./gecko_sdk_4.4.1/platform/service/udelay/src/sl_udelay_armv6m_gcc.o
                0x08000170                sli_delay_loop
 .text.deregister_tm_clones
                0x08000178       0x1c c:/siliconlabs/simplicitystudio/v5/developer/toolchains/gnu_arm/12.2.rel1_2023.7/bin/../lib/gcc/arm-none-eabi/12.2.1/thumb/v8-m.main+fp/hard/crtbegin.o
 .text.register_tm_clones
                0x08000194       0x28 c:/siliconlabs/simplicitystudio/v5/developer/toolchains/gnu_arm/12.2.rel1_2023.7/bin/../lib/gcc/arm-none-eabi/12.2.1/thumb/v8-m.main+fp/hard/crtbegin.o
 .text.__do_global_dtors_aux
                0x080001bc       0x28 c:/siliconlabs/simplicitystudio/v5/developer/toolchains/gnu_arm/12.2.rel1_2023.7/bin/../lib/gcc/arm-none-eabi/12.2.1/thumb/v8-m.main+fp/hard/crtbegin.o
 .text.frame_dummy
                0x080001e4       0x24 c:/siliconlabs/simplicitystudio/v5/developer/toolchains/gnu_arm/12.2.rel1_2023.7/bin/../lib/gcc/arm-none-eabi/12.2.1/thumb/v8-m.main+fp/hard/crtbegin.o
 .text          0x08000208       0x7c c:/siliconlabs/simplicitystudio/v5/developer/toolchains/gnu_arm/12.2.rel1_2023.7/bin/../lib/gcc/arm-none-eabi/12.2.1/thumb/v8-m.main+fp/hard/crt0.o
                0x08000208                _stack_init
                0x08000210                _start
                0x08000210                _mainCRTStartup
 .text.timer_callback
                0x08000284        0xc ./i2cspm.o
 .text.decode_temp
                0x08000290       0x54 ./i2cspm.o
                0x08000290                decode_temp
 .text.SI7021_measure.constprop.0
                0x080002e4       0xc8 ./i2cspm.o
 .text.initialise_temp_limits
                0x080003ac       0x28 ./i2cspm.o
                0x080003ac                initialise_temp_limits
 .text.set_leds
                0x080003d4       0x54 ./i2cspm.o
                0x080003d4                set_leds
 .text.i2cspm_app_init
                0x08000428       0xa0 ./i2cspm.o
                0x08000428                i2cspm_app_init
 .text.i2cspm_app_process_action
                0x080004c8       0x4c ./i2cspm.o
                0x080004c8                i2cspm_app_process_action
 .text.sl_device_init_clocks
                0x08000514       0xac ./autogen/sl_device_init_clocks.o
                0x08000514                sl_device_init_clocks
 .text.sl_i2cspm_init_instances
                0x080005c0       0x18 ./autogen/sl_i2cspm_init.o
                0x080005c0                sl_i2cspm_init_instances
 .text.sl_iostream_eusart_init_vcom
                0x080005d8       0xc4 ./autogen/sl_iostream_init_eusart_instances.o
                0x080005d8                sl_iostream_eusart_init_vcom
 .text.EUSART0_RX_IRQHandler
                0x0800069c        0xc ./autogen/sl_iostream_init_eusart_instances.o
                0x0800069c                EUSART0_RX_IRQHandler
 .text.sl_simple_led_init_instances
                0x080006a8       0x1c ./autogen/sl_simple_led_instances.o
                0x080006a8                sl_simple_led_init_instances
 .text.sl_board_enable_sensor
                0x080006c4       0x60 ./gecko_sdk_4.4.1/hardware/board/src/sl_board_control_gpio.o
                0x080006c4                sl_board_enable_sensor
 .text.cs_high  0x08000724       0x10 ./gecko_sdk_4.4.1/hardware/driver/mx25_flash_shutdown/src/sl_mx25_flash_shutdown_usart/sl_mx25_flash_shutdown.o
 .text.cs_low   0x08000734       0x10 ./gecko_sdk_4.4.1/hardware/driver/mx25_flash_shutdown/src/sl_mx25_flash_shutdown_usart/sl_mx25_flash_shutdown.o
 .text.sl_mx25_flash_shutdown
                0x08000744      0x118 ./gecko_sdk_4.4.1/hardware/driver/mx25_flash_shutdown/src/sl_mx25_flash_shutdown_usart/sl_mx25_flash_shutdown.o
                0x08000744                sl_mx25_flash_shutdown
 .text.CopyRamFuncs
                0x0800085c       0x1c ./gecko_sdk_4.4.1/platform/Device/SiliconLabs/EFR32MG24/Source/startup_efr32mg24.o
                0x0800085c                CopyRamFuncs
 .text.Reset_Handler
                0x08000878       0x64 ./gecko_sdk_4.4.1/platform/Device/SiliconLabs/EFR32MG24/Source/startup_efr32mg24.o
                0x08000878                Reset_Handler
 .text.SystemInit
                0x080008dc       0x68 ./gecko_sdk_4.4.1/platform/Device/SiliconLabs/EFR32MG24/Source/system_efr32mg24.o
                0x080008dc                SystemInit
 .text.SystemHFRCODPLLClockGet
                0x08000944        0xc ./gecko_sdk_4.4.1/platform/Device/SiliconLabs/EFR32MG24/Source/system_efr32mg24.o
                0x08000944                SystemHFRCODPLLClockGet
 .text.SystemSYSCLKGet
                0x08000950       0x34 ./gecko_sdk_4.4.1/platform/Device/SiliconLabs/EFR32MG24/Source/system_efr32mg24.o
                0x08000950                SystemSYSCLKGet
 .text.SystemHCLKGet
                0x08000984       0x24 ./gecko_sdk_4.4.1/platform/Device/SiliconLabs/EFR32MG24/Source/system_efr32mg24.o
                0x08000984                SystemHCLKGet
 .text.SystemMaxCoreClockGet
                0x080009a8        0x8 ./gecko_sdk_4.4.1/platform/Device/SiliconLabs/EFR32MG24/Source/system_efr32mg24.o
                0x080009a8                SystemMaxCoreClockGet
 .text.SystemHFXOClockGet
                0x080009b0        0xc ./gecko_sdk_4.4.1/platform/Device/SiliconLabs/EFR32MG24/Source/system_efr32mg24.o
                0x080009b0                SystemHFXOClockGet
 .text.SystemHFXOClockSet
                0x080009bc       0x20 ./gecko_sdk_4.4.1/platform/Device/SiliconLabs/EFR32MG24/Source/system_efr32mg24.o
                0x080009bc                SystemHFXOClockSet
 .text.SystemFSRCOClockGet
                0x080009dc        0x8 ./gecko_sdk_4.4.1/platform/Device/SiliconLabs/EFR32MG24/Source/system_efr32mg24.o
                0x080009dc                SystemFSRCOClockGet
 .text.SystemHFRCOEM23ClockGet
                0x080009e4       0x84 ./gecko_sdk_4.4.1/platform/Device/SiliconLabs/EFR32MG24/Source/system_efr32mg24.o
                0x080009e4                SystemHFRCOEM23ClockGet
 .text.SystemLFXOClockGet
                0x08000a68        0xc ./gecko_sdk_4.4.1/platform/Device/SiliconLabs/EFR32MG24/Source/system_efr32mg24.o
                0x08000a68                SystemLFXOClockGet
 .text._sbrk    0x08000a74       0x20 ./gecko_sdk_4.4.1/platform/common/toolchain/src/sl_memory.o
                0x08000a74                _sbrk
 .text.sl_debug_swo_init
                0x08000a94      0x114 ./gecko_sdk_4.4.1/platform/driver/debug/src/sl_debug_swo.o
                0x08000a94                sl_debug_swo_init
 .text.sl_debug_swo_write_u8
                0x08000ba8       0x44 ./gecko_sdk_4.4.1/platform/driver/debug/src/sl_debug_swo.o
                0x08000ba8                sl_debug_swo_write_u8
 .text.I2CSPM_Init
                0x08000bec      0x158 ./gecko_sdk_4.4.1/platform/driver/i2cspm/src/sl_i2cspm.o
                0x08000bec                I2CSPM_Init
 .text.I2CSPM_Transfer
                0x08000d44       0x20 ./gecko_sdk_4.4.1/platform/driver/i2cspm/src/sl_i2cspm.o
                0x08000d44                I2CSPM_Transfer
 .text.GPIO_PinOutClear
                0x08000d64       0x3c ./gecko_sdk_4.4.1/platform/driver/leddrv/src/sl_simple_led.o
 .text.GPIO_PinOutSet
                0x08000da0       0x3c ./gecko_sdk_4.4.1/platform/driver/leddrv/src/sl_simple_led.o
 .text.sl_simple_led_toggle
                0x08000ddc       0x3c ./gecko_sdk_4.4.1/platform/driver/leddrv/src/sl_simple_led.o
                0x08000ddc                sl_simple_led_toggle
 .text.sl_simple_led_get_state
                0x08000e18       0x4c ./gecko_sdk_4.4.1/platform/driver/leddrv/src/sl_simple_led.o
                0x08000e18                sl_simple_led_get_state
 .text.StartTransfer
                0x08000e64      0x17c ./gecko_sdk_4.4.1/platform/emdrv/dmadrv/src/dmadrv.o
 .text.DMADRV_AllocateChannel
                0x08000fe0       0x60 ./gecko_sdk_4.4.1/platform/emdrv/dmadrv/src/dmadrv.o
                0x08000fe0                DMADRV_AllocateChannel
 .text.DMADRV_DeInit
                0x08001040       0x44 ./gecko_sdk_4.4.1/platform/emdrv/dmadrv/src/dmadrv.o
                0x08001040                DMADRV_DeInit
 .text.DMADRV_FreeChannel
                0x08001084       0x4c ./gecko_sdk_4.4.1/platform/emdrv/dmadrv/src/dmadrv.o
                0x08001084                DMADRV_FreeChannel
 .text.DMADRV_Init
                0x080010d0       0x68 ./gecko_sdk_4.4.1/platform/emdrv/dmadrv/src/dmadrv.o
                0x080010d0                DMADRV_Init
 .text.DMADRV_PauseTransfer
                0x08001138       0x40 ./gecko_sdk_4.4.1/platform/emdrv/dmadrv/src/dmadrv.o
                0x08001138                DMADRV_PauseTransfer
 .text.DMADRV_ResumeTransfer
                0x08001178       0x40 ./gecko_sdk_4.4.1/platform/emdrv/dmadrv/src/dmadrv.o
                0x08001178                DMADRV_ResumeTransfer
 .text.DMADRV_StopTransfer
                0x080011b8       0x40 ./gecko_sdk_4.4.1/platform/emdrv/dmadrv/src/dmadrv.o
                0x080011b8                DMADRV_StopTransfer
 .text.DMADRV_TransferCompletePending
                0x080011f8       0x50 ./gecko_sdk_4.4.1/platform/emdrv/dmadrv/src/dmadrv.o
                0x080011f8                DMADRV_TransferCompletePending
 .text.DMADRV_TransferDone
                0x08001248       0x44 ./gecko_sdk_4.4.1/platform/emdrv/dmadrv/src/dmadrv.o
                0x08001248                DMADRV_TransferDone
 .text.LDMA_IRQHandler
                0x0800128c       0x74 ./gecko_sdk_4.4.1/platform/emdrv/dmadrv/src/dmadrv.o
                0x0800128c                LDMA_IRQHandler
 .text.EMU_VScaleGet
                0x08001300       0x18 ./gecko_sdk_4.4.1/platform/emlib/src/em_cmu.o
 .text.traceClkGet
                0x08001318       0x54 ./gecko_sdk_4.4.1/platform/emlib/src/em_cmu.o
 .text.em01GrpaClkGet
                0x0800136c       0x74 ./gecko_sdk_4.4.1/platform/emlib/src/em_cmu.o
 .text.em01GrpcClkGet
                0x080013e0       0x70 ./gecko_sdk_4.4.1/platform/emlib/src/em_cmu.o
 .text.iadcClkGet
                0x08001450       0x60 ./gecko_sdk_4.4.1/platform/emlib/src/em_cmu.o
 .text.eusart0ClkGet
                0x080014b0       0x74 ./gecko_sdk_4.4.1/platform/emlib/src/em_cmu.o
 .text.em23GrpaClkGet
                0x08001524       0x48 ./gecko_sdk_4.4.1/platform/emlib/src/em_cmu.o
 .text.vdac0ClkGet
                0x0800156c       0x70 ./gecko_sdk_4.4.1/platform/emlib/src/em_cmu.o
 .text.vdac1ClkGet
                0x080015dc       0x70 ./gecko_sdk_4.4.1/platform/emlib/src/em_cmu.o
 .text.pcnt0ClkGet
                0x0800164c       0x4c ./gecko_sdk_4.4.1/platform/emlib/src/em_cmu.o
 .text.wdog0ClkGet
                0x08001698       0x64 ./gecko_sdk_4.4.1/platform/emlib/src/em_cmu.o
 .text.wdog1ClkGet
                0x080016fc       0x64 ./gecko_sdk_4.4.1/platform/emlib/src/em_cmu.o
 .text.sysrtcClkGet
                0x08001760       0x48 ./gecko_sdk_4.4.1/platform/emlib/src/em_cmu.o
 .text.em4GrpaClkGet
                0x080017a8       0x48 ./gecko_sdk_4.4.1/platform/emlib/src/em_cmu.o
 .text.CMU_ClockDivGet
                0x080017f0       0x78 ./gecko_sdk_4.4.1/platform/emlib/src/em_cmu.o
                0x080017f0                CMU_ClockDivGet
 .text.flashWaitStateControl
                0x08001868       0x58 ./gecko_sdk_4.4.1/platform/emlib/src/em_cmu.o
 .text.CMU_ClockEnable
                0x080018c0       0x50 ./gecko_sdk_4.4.1/platform/emlib/src/em_cmu.o
                0x080018c0                CMU_ClockEnable
 .text.CMU_ClockFreqGet
                0x08001910      0x204 ./gecko_sdk_4.4.1/platform/emlib/src/em_cmu.o
                0x08001910                CMU_ClockFreqGet
 .text.rhclkPrescOptimize
                0x08001b14       0x20 ./gecko_sdk_4.4.1/platform/emlib/src/em_cmu.o
 .text.CMU_ClockSelectGet
                0x08001b34      0x22c ./gecko_sdk_4.4.1/platform/emlib/src/em_cmu.o
                0x08001b34                CMU_ClockSelectGet
 .text.sli_em_cmu_HFXOSetForceEnable
                0x08001d60       0x1c ./gecko_sdk_4.4.1/platform/emlib/src/em_cmu.o
                0x08001d60                sli_em_cmu_HFXOSetForceEnable
 .text.CMU_HFXOInit
                0x08001d7c      0x224 ./gecko_sdk_4.4.1/platform/emlib/src/em_cmu.o
                0x08001d7c                CMU_HFXOInit
 .text.CMU_HFXOCTuneDeltaGet
                0x08001fa0        0xc ./gecko_sdk_4.4.1/platform/emlib/src/em_cmu.o
                0x08001fa0                CMU_HFXOCTuneDeltaGet
 .text.CMU_LFXOInit
                0x08001fac       0xc4 ./gecko_sdk_4.4.1/platform/emlib/src/em_cmu.o
                0x08001fac                CMU_LFXOInit
 .text.CMU_LFXOPrecisionSet
                0x08002070        0xc ./gecko_sdk_4.4.1/platform/emlib/src/em_cmu.o
                0x08002070                CMU_LFXOPrecisionSet
 .text.CMU_HFXOPrecisionSet
                0x0800207c        0xc ./gecko_sdk_4.4.1/platform/emlib/src/em_cmu.o
                0x0800207c                CMU_HFXOPrecisionSet
 .text.CMU_ClockDivSet
                0x08002088      0x12c ./gecko_sdk_4.4.1/platform/emlib/src/em_cmu.o
                0x08002088                CMU_ClockDivSet
 .text.sli_em_cmu_SYSCLKInitPreClockSelect
                0x080021b4       0x20 ./gecko_sdk_4.4.1/platform/emlib/src/em_cmu.o
                0x080021b4                sli_em_cmu_SYSCLKInitPreClockSelect
 .text.pclkDivOptimize
                0x080021d4       0x24 ./gecko_sdk_4.4.1/platform/emlib/src/em_cmu.o
 .text.EMU_DCDCSync
                0x080021f8       0x10 ./gecko_sdk_4.4.1/platform/emlib/src/em_emu.o
 .text.EMU_EM4Init
                0x08002208       0x14 ./gecko_sdk_4.4.1/platform/emlib/src/em_emu.o
                0x08002208                EMU_EM4Init
 .text.EMU_VScaleEM01
                0x0800221c       0xa8 ./gecko_sdk_4.4.1/platform/emlib/src/em_emu.o
                0x0800221c                EMU_VScaleEM01
 .text.EMU_VScaleEM01ByClock
                0x080022c4       0x30 ./gecko_sdk_4.4.1/platform/emlib/src/em_emu.o
                0x080022c4                EMU_VScaleEM01ByClock
 .text.EMU_DCDCModeSet
                0x080022f4       0xac ./gecko_sdk_4.4.1/platform/emlib/src/em_emu.o
                0x080022f4                EMU_DCDCModeSet
 .text.EMU_DCDCInit
                0x080023a0       0x70 ./gecko_sdk_4.4.1/platform/emlib/src/em_emu.o
                0x080023a0                EMU_DCDCInit
 .text.EMU_DCDCSetPFMXModePeakCurrent
                0x08002410       0x6c ./gecko_sdk_4.4.1/platform/emlib/src/em_emu.o
                0x08002410                EMU_DCDCSetPFMXModePeakCurrent
 .text.EUSART_Reset
                0x0800247c       0x54 ./gecko_sdk_4.4.1/platform/emlib/src/em_eusart.o
                0x0800247c                EUSART_Reset
 .text.EUSART_Enable
                0x080024d0       0x6c ./gecko_sdk_4.4.1/platform/emlib/src/em_eusart.o
                0x080024d0                EUSART_Enable
 .text.EUSART_BaudrateSet
                0x0800253c      0x1cc ./gecko_sdk_4.4.1/platform/emlib/src/em_eusart.o
                0x0800253c                EUSART_BaudrateSet
 .text.EUSART_AsyncInitCommon
                0x08002708      0x23c ./gecko_sdk_4.4.1/platform/emlib/src/em_eusart.o
 .text.EUSART_UartInitHf
                0x08002944       0x5c ./gecko_sdk_4.4.1/platform/emlib/src/em_eusart.o
                0x08002944                EUSART_UartInitHf
 .text.EUSART_UartInitLf
                0x080029a0       0xb8 ./gecko_sdk_4.4.1/platform/emlib/src/em_eusart.o
                0x080029a0                EUSART_UartInitLf
 .text.GPIO_PinOutSet
                0x08002a58       0x3c ./gecko_sdk_4.4.1/platform/emlib/src/em_gpio.o
 .text.GPIO_PinOutClear
                0x08002a94       0x3c ./gecko_sdk_4.4.1/platform/emlib/src/em_gpio.o
 .text.GPIO_PinModeSet
                0x08002ad0       0x94 ./gecko_sdk_4.4.1/platform/emlib/src/em_gpio.o
                0x08002ad0                GPIO_PinModeSet
 .text.I2C_BusFreqSet
                0x08002b64      0x108 ./gecko_sdk_4.4.1/platform/emlib/src/em_i2c.o
                0x08002b64                I2C_BusFreqSet
 .text.I2C_Enable
                0x08002c6c       0x38 ./gecko_sdk_4.4.1/platform/emlib/src/em_i2c.o
                0x08002c6c                I2C_Enable
 .text.I2C_Init
                0x08002ca4       0x64 ./gecko_sdk_4.4.1/platform/emlib/src/em_i2c.o
                0x08002ca4                I2C_Init
 .text.I2C_Transfer
                0x08002d08      0x224 ./gecko_sdk_4.4.1/platform/emlib/src/em_i2c.o
                0x08002d08                I2C_Transfer
 .text.I2C_TransferInit
                0x08002f2c       0xbc ./gecko_sdk_4.4.1/platform/emlib/src/em_i2c.o
                0x08002f2c                I2C_TransferInit
 .text.LDMA_DeInit
                0x08002fe8       0x3c ./gecko_sdk_4.4.1/platform/emlib/src/em_ldma.o
                0x08002fe8                LDMA_DeInit
 .text.LDMA_EnableChannelRequest
                0x08003024       0x40 ./gecko_sdk_4.4.1/platform/emlib/src/em_ldma.o
                0x08003024                LDMA_EnableChannelRequest
 .text.LDMA_Init
                0x08003064       0x94 ./gecko_sdk_4.4.1/platform/emlib/src/em_ldma.o
                0x08003064                LDMA_Init
 .text.LDMA_StartTransfer
                0x080030f8      0x104 ./gecko_sdk_4.4.1/platform/emlib/src/em_ldma.o
                0x080030f8                LDMA_StartTransfer
 .text.LDMA_StopTransfer
                0x080031fc       0x38 ./gecko_sdk_4.4.1/platform/emlib/src/em_ldma.o
                0x080031fc                LDMA_StopTransfer
 .text.LDMA_TransferDone
                0x08003234       0x44 ./gecko_sdk_4.4.1/platform/emlib/src/em_ldma.o
                0x08003234                LDMA_TransferDone
 .text.USART_BaudrateSyncSet
                0x08003278       0x48 ./gecko_sdk_4.4.1/platform/emlib/src/em_usart.o
                0x08003278                USART_BaudrateSyncSet
 .text.USART_Reset
                0x080032c0       0x58 ./gecko_sdk_4.4.1/platform/emlib/src/em_usart.o
                0x080032c0                USART_Reset
 .text.USART_InitSync
                0x08003318       0xb0 ./gecko_sdk_4.4.1/platform/emlib/src/em_usart.o
                0x08003318                USART_InitSync
 .text.sl_hal_sysrtc_wait_sync
                0x080033c8       0x14 ./gecko_sdk_4.4.1/platform/peripheral/src/peripheral_sysrtc.o
                0x080033c8                sl_hal_sysrtc_wait_sync
 .text.sl_hal_sysrtc_wait_ready
                0x080033dc       0x1c ./gecko_sdk_4.4.1/platform/peripheral/src/peripheral_sysrtc.o
                0x080033dc                sl_hal_sysrtc_wait_ready
 .text.sl_hal_sysrtc_stop
                0x080033f8       0x14 ./gecko_sdk_4.4.1/platform/peripheral/src/peripheral_sysrtc.o
                0x080033f8                sl_hal_sysrtc_stop
 .text.sl_hal_sysrtc_enable
                0x0800340c       0x18 ./gecko_sdk_4.4.1/platform/peripheral/src/peripheral_sysrtc.o
                0x0800340c                sl_hal_sysrtc_enable
 .text.sl_hal_sysrtc_disable
                0x08003424       0x1c ./gecko_sdk_4.4.1/platform/peripheral/src/peripheral_sysrtc.o
                0x08003424                sl_hal_sysrtc_disable
 .text.sl_hal_sysrtc_init
                0x08003440       0x20 ./gecko_sdk_4.4.1/platform/peripheral/src/peripheral_sysrtc.o
                0x08003440                sl_hal_sysrtc_init
 .text.sl_hal_sysrtc_init_group
                0x08003460       0x48 ./gecko_sdk_4.4.1/platform/peripheral/src/peripheral_sysrtc.o
                0x08003460                sl_hal_sysrtc_init_group
 .text.sl_hal_sysrtc_enable_group_interrupts
                0x080034a8       0x1c ./gecko_sdk_4.4.1/platform/peripheral/src/peripheral_sysrtc.o
                0x080034a8                sl_hal_sysrtc_enable_group_interrupts
 .text.sl_hal_sysrtc_disable_group_interrupts
                0x080034c4       0x1c ./gecko_sdk_4.4.1/platform/peripheral/src/peripheral_sysrtc.o
                0x080034c4                sl_hal_sysrtc_disable_group_interrupts
 .text.sl_hal_sysrtc_clear_group_interrupts
                0x080034e0       0x1c ./gecko_sdk_4.4.1/platform/peripheral/src/peripheral_sysrtc.o
                0x080034e0                sl_hal_sysrtc_clear_group_interrupts
 .text.sl_hal_sysrtc_get_group_interrupts
                0x080034fc       0x20 ./gecko_sdk_4.4.1/platform/peripheral/src/peripheral_sysrtc.o
                0x080034fc                sl_hal_sysrtc_get_group_interrupts
 .text.sl_hal_sysrtc_get_group_compare_channel_value
                0x0800351c       0x30 ./gecko_sdk_4.4.1/platform/peripheral/src/peripheral_sysrtc.o
                0x0800351c                sl_hal_sysrtc_get_group_compare_channel_value
 .text.sl_hal_sysrtc_set_group_compare_channel_value
                0x0800354c       0x28 ./gecko_sdk_4.4.1/platform/peripheral/src/peripheral_sysrtc.o
                0x0800354c                sl_hal_sysrtc_set_group_compare_channel_value
 .text.sl_device_init_dcdc
                0x08003574       0x2c ./gecko_sdk_4.4.1/platform/service/device_init/src/sl_device_init_dcdc_s2.o
                0x08003574                sl_device_init_dcdc
 .text.sl_device_init_emu
                0x080035a0       0x24 ./gecko_sdk_4.4.1/platform/service/device_init/src/sl_device_init_emu_s2.o
                0x080035a0                sl_device_init_emu
 .text.sl_device_init_hfxo
                0x080035c4       0x70 ./gecko_sdk_4.4.1/platform/service/device_init/src/sl_device_init_hfxo_s2.o
                0x080035c4                sl_device_init_hfxo
 .text.sl_device_init_lfxo
                0x08003634       0x2c ./gecko_sdk_4.4.1/platform/service/device_init/src/sl_device_init_lfxo_s2.o
                0x08003634                sl_device_init_lfxo
 .text.sl_device_init_nvic
                0x08003660       0x3c ./gecko_sdk_4.4.1/platform/service/device_init/src/sl_device_init_nvic.o
                0x08003660                sl_device_init_nvic
 .text.sl_iostream_set_default
                0x0800369c       0x18 ./gecko_sdk_4.4.1/platform/service/iostream/src/sl_iostream.o
                0x0800369c                sl_iostream_set_default
 .text.sl_iostream_get_default
                0x080036b4       0x18 ./gecko_sdk_4.4.1/platform/service/iostream/src/sl_iostream.o
                0x080036b4                sl_iostream_get_default
 .text.sl_iostream_eusart_init
                0x080036cc      0x228 ./gecko_sdk_4.4.1/platform/service/iostream/src/sl_iostream_eusart.o
                0x080036cc                sl_iostream_eusart_init
 .text._write   0x080038f4       0x20 ./gecko_sdk_4.4.1/platform/service/iostream/src/sl_iostream_retarget_stdio.o
                0x080038f4                _write
 .text.sl_iostream_stdlib_disable_buffering
                0x08003914       0x14 ./gecko_sdk_4.4.1/platform/service/iostream/src/sl_iostream_stdlib_config.o
                0x08003914                sl_iostream_stdlib_disable_buffering
 .text.get_write_ptr
                0x08003928       0x40 ./gecko_sdk_4.4.1/platform/service/iostream/src/sl_iostream_uart.o
 .text.dma_irq_handler
                0x08003968       0x74 ./gecko_sdk_4.4.1/platform/service/iostream/src/sl_iostream_uart.o
 .text.uart_read
                0x080039dc      0x1f4 ./gecko_sdk_4.4.1/platform/service/iostream/src/sl_iostream_uart.o
 .text.uart_deinit
                0x08003bd0       0x98 ./gecko_sdk_4.4.1/platform/service/iostream/src/sl_iostream_uart.o
 .text.uart_write
                0x08003c68       0xc0 ./gecko_sdk_4.4.1/platform/service/iostream/src/sl_iostream_uart.o
 .text.sli_iostream_uart_context_init
                0x08003d28       0xf8 ./gecko_sdk_4.4.1/platform/service/iostream/src/sl_iostream_uart.o
                0x08003d28                sli_iostream_uart_context_init
 .text.delta_list_insert_timer
                0x08003e20       0x40 ./gecko_sdk_4.4.1/platform/service/sleeptimer/src/sl_sleeptimer.o
 .text.update_delta_list
                0x08003e60       0x34 ./gecko_sdk_4.4.1/platform/service/sleeptimer/src/sl_sleeptimer.o
 .text.set_comparator_for_next_timer
                0x08003e94       0x5c ./gecko_sdk_4.4.1/platform/service/sleeptimer/src/sl_sleeptimer.o
 .text.create_timer
                0x08003ef0       0x88 ./gecko_sdk_4.4.1/platform/service/sleeptimer/src/sl_sleeptimer.o
 .text.delta_list_remove_timer
                0x08003f78       0x38 ./gecko_sdk_4.4.1/platform/service/sleeptimer/src/sl_sleeptimer.o
 .text.sl_sleeptimer_init
                0x08003fb0       0x74 ./gecko_sdk_4.4.1/platform/service/sleeptimer/src/sl_sleeptimer.o
                0x08003fb0                sl_sleeptimer_init
 .text.sl_sleeptimer_is_timer_running
                0x08004024       0x3c ./gecko_sdk_4.4.1/platform/service/sleeptimer/src/sl_sleeptimer.o
                0x08004024                sl_sleeptimer_is_timer_running
 .text.sl_sleeptimer_ms_to_tick
                0x08004060       0x24 ./gecko_sdk_4.4.1/platform/service/sleeptimer/src/sl_sleeptimer.o
                0x08004060                sl_sleeptimer_ms_to_tick
 .text.sl_sleeptimer_delay_millisecond
                0x08004084       0x38 ./gecko_sdk_4.4.1/platform/service/sleeptimer/src/sl_sleeptimer.o
                0x08004084                sl_sleeptimer_delay_millisecond
 .text.process_timer_irq
                0x080040bc      0x150 ./gecko_sdk_4.4.1/platform/service/sleeptimer/src/sl_sleeptimer.o
                0x080040bc                process_timer_irq
 .text.sleeptimer_hal_init_timer
                0x0800420c       0x64 ./gecko_sdk_4.4.1/platform/service/sleeptimer/src/sl_sleeptimer_hal_sysrtc.o
                0x0800420c                sleeptimer_hal_init_timer
 .text.sleeptimer_hal_get_counter
                0x08004270       0x10 ./gecko_sdk_4.4.1/platform/service/sleeptimer/src/sl_sleeptimer_hal_sysrtc.o
                0x08004270                sleeptimer_hal_get_counter
 .text.sleeptimer_hal_set_compare
                0x08004280       0x70 ./gecko_sdk_4.4.1/platform/service/sleeptimer/src/sl_sleeptimer_hal_sysrtc.o
                0x08004280                sleeptimer_hal_set_compare
 .text.sleeptimer_hal_disable_int
                0x080042f0       0x2c ./gecko_sdk_4.4.1/platform/service/sleeptimer/src/sl_sleeptimer_hal_sysrtc.o
                0x080042f0                sleeptimer_hal_disable_int
 .text.sleeptimer_hal_set_int
                0x0800431c       0x10 ./gecko_sdk_4.4.1/platform/service/sleeptimer/src/sl_sleeptimer_hal_sysrtc.o
                0x0800431c                sleeptimer_hal_set_int
 .text.sl_udelay_wait
                0x0800432c       0x58 ./gecko_sdk_4.4.1/platform/service/udelay/src/sl_udelay.o
                0x0800432c                sl_udelay_wait
 .text          0x08004384       0x30 c:/siliconlabs/simplicitystudio/v5/developer/toolchains/gnu_arm/12.2.rel1_2023.7/bin/../lib/gcc/arm-none-eabi/12.2.1/thumb/v8-m.main+fp/hard\libgcc.a(_aeabi_uldivmod.o)
                0x08004384                __aeabi_uldivmod
 .text.__udivmoddi4
                0x080043b4      0x2ec c:/siliconlabs/simplicitystudio/v5/developer/toolchains/gnu_arm/12.2.rel1_2023.7/bin/../lib/gcc/arm-none-eabi/12.2.1/thumb/v8-m.main+fp/hard\libgcc.a(_udivmoddi4.o)
                0x080043b4                __udivmoddi4
 .text          0x080046a0        0x4 c:/siliconlabs/simplicitystudio/v5/developer/toolchains/gnu_arm/12.2.rel1_2023.7/bin/../lib/gcc/arm-none-eabi/12.2.1/thumb/v8-m.main+fp/hard\libgcc.a(_dvmd_tls.o)
                0x080046a0                __aeabi_idiv0
                0x080046a0                __aeabi_ldiv0
 .text.exit     0x080046a4       0x24 c:/siliconlabs/simplicitystudio/v5/developer/toolchains/gnu_arm/12.2.rel1_2023.7/bin/../lib/gcc/arm-none-eabi/12.2.1/thumb/v8-m.main+fp/hard\libc_nano.a(libc_a-exit.o)
                0x080046a4                exit
 .text.std      0x080046c8       0x6c c:/siliconlabs/simplicitystudio/v5/developer/toolchains/gnu_arm/12.2.rel1_2023.7/bin/../lib/gcc/arm-none-eabi/12.2.1/thumb/v8-m.main+fp/hard\libc_nano.a(libc_a-findfp.o)
 .text.stdio_exit_handler
                0x08004734       0x18 c:/siliconlabs/simplicitystudio/v5/developer/toolchains/gnu_arm/12.2.rel1_2023.7/bin/../lib/gcc/arm-none-eabi/12.2.1/thumb/v8-m.main+fp/hard\libc_nano.a(libc_a-findfp.o)
 .text.cleanup_stdio
                0x0800474c       0x40 c:/siliconlabs/simplicitystudio/v5/developer/toolchains/gnu_arm/12.2.rel1_2023.7/bin/../lib/gcc/arm-none-eabi/12.2.1/thumb/v8-m.main+fp/hard\libc_nano.a(libc_a-findfp.o)
 .text.global_stdio_init.part.0
                0x0800478c       0x3c c:/siliconlabs/simplicitystudio/v5/developer/toolchains/gnu_arm/12.2.rel1_2023.7/bin/../lib/gcc/arm-none-eabi/12.2.1/thumb/v8-m.main+fp/hard\libc_nano.a(libc_a-findfp.o)
 .text.__sfp_lock_acquire
                0x080047c8        0xc c:/siliconlabs/simplicitystudio/v5/developer/toolchains/gnu_arm/12.2.rel1_2023.7/bin/../lib/gcc/arm-none-eabi/12.2.1/thumb/v8-m.main+fp/hard\libc_nano.a(libc_a-findfp.o)
                0x080047c8                __sfp_lock_acquire
 .text.__sfp_lock_release
                0x080047d4        0xc c:/siliconlabs/simplicitystudio/v5/developer/toolchains/gnu_arm/12.2.rel1_2023.7/bin/../lib/gcc/arm-none-eabi/12.2.1/thumb/v8-m.main+fp/hard\libc_nano.a(libc_a-findfp.o)
                0x080047d4                __sfp_lock_release
 .text.__sinit  0x080047e0       0x30 c:/siliconlabs/simplicitystudio/v5/developer/toolchains/gnu_arm/12.2.rel1_2023.7/bin/../lib/gcc/arm-none-eabi/12.2.1/thumb/v8-m.main+fp/hard\libc_nano.a(libc_a-findfp.o)
                0x080047e0                __sinit
 .text.printf   0x08004810       0x24 c:/siliconlabs/simplicitystudio/v5/developer/toolchains/gnu_arm/12.2.rel1_2023.7/bin/../lib/gcc/arm-none-eabi/12.2.1/thumb/v8-m.main+fp/hard\libc_nano.a(libc_a-printf.o)
                0x08004810                iprintf
                0x08004810                printf
 .text.puts     0x08004834       0x10 c:/siliconlabs/simplicitystudio/v5/developer/toolchains/gnu_arm/12.2.rel1_2023.7/bin/../lib/gcc/arm-none-eabi/12.2.1/thumb/v8-m.main+fp/hard\libc_nano.a(libc_a-puts.o)
                0x08004834                puts
 .text.setvbuf  0x08004844      0x168 c:/siliconlabs/simplicitystudio/v5/developer/toolchains/gnu_arm/12.2.rel1_2023.7/bin/../lib/gcc/arm-none-eabi/12.2.1/thumb/v8-m.main+fp/hard\libc_nano.a(libc_a-setvbuf.o)
                0x08004844                setvbuf
 .text.__swsetup_r
                0x080049ac       0xac c:/siliconlabs/simplicitystudio/v5/developer/toolchains/gnu_arm/12.2.rel1_2023.7/bin/../lib/gcc/arm-none-eabi/12.2.1/thumb/v8-m.main+fp/hard\libc_nano.a(libc_a-wsetup.o)
                0x080049ac                __swsetup_r
 .text._close_r
                0x08004a58       0x20 c:/siliconlabs/simplicitystudio/v5/developer/toolchains/gnu_arm/12.2.rel1_2023.7/bin/../lib/gcc/arm-none-eabi/12.2.1/thumb/v8-m.main+fp/hard\libc_nano.a(libc_a-closer.o)
                0x08004a58                _close_r
 .text._lseek_r
                0x08004a78       0x24 c:/siliconlabs/simplicitystudio/v5/developer/toolchains/gnu_arm/12.2.rel1_2023.7/bin/../lib/gcc/arm-none-eabi/12.2.1/thumb/v8-m.main+fp/hard\libc_nano.a(libc_a-lseekr.o)
                0x08004a78                _lseek_r
 .text._read_r  0x08004a9c       0x24 c:/siliconlabs/simplicitystudio/v5/developer/toolchains/gnu_arm/12.2.rel1_2023.7/bin/../lib/gcc/arm-none-eabi/12.2.1/thumb/v8-m.main+fp/hard\libc_nano.a(libc_a-readr.o)
                0x08004a9c                _read_r
 .text._write_r
                0x08004ac0       0x24 c:/siliconlabs/simplicitystudio/v5/developer/toolchains/gnu_arm/12.2.rel1_2023.7/bin/../lib/gcc/arm-none-eabi/12.2.1/thumb/v8-m.main+fp/hard\libc_nano.a(libc_a-writer.o)
                0x08004ac0                _write_r
 .text.__libc_init_array
                0x08004ae4       0x48 c:/siliconlabs/simplicitystudio/v5/developer/toolchains/gnu_arm/12.2.rel1_2023.7/bin/../lib/gcc/arm-none-eabi/12.2.1/thumb/v8-m.main+fp/hard\libc_nano.a(libc_a-init.o)
                0x08004ae4                __libc_init_array
 .text._free_r  0x08004b2c       0x94 c:/siliconlabs/simplicitystudio/v5/developer/toolchains/gnu_arm/12.2.rel1_2023.7/bin/../lib/gcc/arm-none-eabi/12.2.1/thumb/v8-m.main+fp/hard\libc_nano.a(libc_a-freer.o)
                0x08004b2c                _free_r
 .text.malloc   0x08004bc0       0x10 c:/siliconlabs/simplicitystudio/v5/developer/toolchains/gnu_arm/12.2.rel1_2023.7/bin/../lib/gcc/arm-none-eabi/12.2.1/thumb/v8-m.main+fp/hard\libc_nano.a(libc_a-malloc.o)
                0x08004bc0                malloc
 .text.sbrk_aligned
                0x08004bd0       0x44 c:/siliconlabs/simplicitystudio/v5/developer/toolchains/gnu_arm/12.2.rel1_2023.7/bin/../lib/gcc/arm-none-eabi/12.2.1/thumb/v8-m.main+fp/hard\libc_nano.a(libc_a-mallocr.o)
 .text._malloc_r
                0x08004c14       0xf0 c:/siliconlabs/simplicitystudio/v5/developer/toolchains/gnu_arm/12.2.rel1_2023.7/bin/../lib/gcc/arm-none-eabi/12.2.1/thumb/v8-m.main+fp/hard\libc_nano.a(libc_a-mallocr.o)
                0x08004c14                _malloc_r
 .text.__malloc_lock
                0x08004d04        0xc c:/siliconlabs/simplicitystudio/v5/developer/toolchains/gnu_arm/12.2.rel1_2023.7/bin/../lib/gcc/arm-none-eabi/12.2.1/thumb/v8-m.main+fp/hard\libc_nano.a(libc_a-mlock.o)
                0x08004d04                __malloc_lock
 .text.__malloc_unlock
                0x08004d10        0xc c:/siliconlabs/simplicitystudio/v5/developer/toolchains/gnu_arm/12.2.rel1_2023.7/bin/../lib/gcc/arm-none-eabi/12.2.1/thumb/v8-m.main+fp/hard\libc_nano.a(libc_a-mlock.o)
                0x08004d10                __malloc_unlock
 .text._vfprintf_r
                0x08004d1c      0x230 c:/siliconlabs/simplicitystudio/v5/developer/toolchains/gnu_arm/12.2.rel1_2023.7/bin/../lib/gcc/arm-none-eabi/12.2.1/thumb/v8-m.main+fp/hard\libc_nano.a(libc_a-nano-vfprintf.o)
                0x08004d1c                _vfprintf_r
                0x08004d1c                _vfiprintf_r
 .text._printf_i
                0x08004f4c      0x258 c:/siliconlabs/simplicitystudio/v5/developer/toolchains/gnu_arm/12.2.rel1_2023.7/bin/../lib/gcc/arm-none-eabi/12.2.1/thumb/v8-m.main+fp/hard\libc_nano.a(libc_a-nano-vfprintf_i.o)
                0x08004f4c                _printf_i
 .text._fstat_r
                0x080051a4       0x24 c:/siliconlabs/simplicitystudio/v5/developer/toolchains/gnu_arm/12.2.rel1_2023.7/bin/../lib/gcc/arm-none-eabi/12.2.1/thumb/v8-m.main+fp/hard\libc_nano.a(libc_a-fstatr.o)
                0x080051a4                _fstat_r
 .text._isatty_r
                0x080051c8       0x20 c:/siliconlabs/simplicitystudio/v5/developer/toolchains/gnu_arm/12.2.rel1_2023.7/bin/../lib/gcc/arm-none-eabi/12.2.1/thumb/v8-m.main+fp/hard\libc_nano.a(libc_a-isattyr.o)
                0x080051c8                _isatty_r
 .text._sbrk_r  0x080051e8       0x20 c:/siliconlabs/simplicitystudio/v5/developer/toolchains/gnu_arm/12.2.rel1_2023.7/bin/../lib/gcc/arm-none-eabi/12.2.1/thumb/v8-m.main+fp/hard\libc_nano.a(libc_a-sbrkr.o)
                0x080051e8                _sbrk_r
 .text.app_init
                0x08005208        0x4 ./app.o
                0x08005208                app_init
 .text.app_process_action
                0x0800520c        0x4 ./app.o
                0x0800520c                app_process_action
 .text.decode_rh
                0x08005210       0x16 ./i2cspm.o
                0x08005210                decode_rh
 .text.startup.main
                0x08005226       0x14 ./main.o
                0x08005226                main
 .text.sl_board_default_init
                0x0800523a        0x4 ./autogen/sl_board_default_init.o
                0x0800523a                sl_board_default_init
 .text.sl_platform_init
                0x0800523e       0x26 ./autogen/sl_event_handler.o
                0x0800523e                sl_platform_init
 .text.sl_driver_init
                0x08005264       0x16 ./autogen/sl_event_handler.o
                0x08005264                sl_driver_init
 .text.sl_service_init
                0x0800527a       0x16 ./autogen/sl_event_handler.o
                0x0800527a                sl_service_init
 .text.sl_stack_init
                0x08005290        0x2 ./autogen/sl_event_handler.o
                0x08005290                sl_stack_init
 .text.sl_internal_app_init
                0x08005292        0x2 ./autogen/sl_event_handler.o
                0x08005292                sl_internal_app_init
 .text.sl_platform_process_action
                0x08005294        0x2 ./autogen/sl_event_handler.o
                0x08005294                sl_platform_process_action
 .text.sl_service_process_action
                0x08005296        0x2 ./autogen/sl_event_handler.o
                0x08005296                sl_service_process_action
 .text.sl_stack_process_action
                0x08005298        0x2 ./autogen/sl_event_handler.o
                0x08005298                sl_stack_process_action
 .text.sl_internal_app_process_action
                0x0800529a        0x2 ./autogen/sl_event_handler.o
                0x0800529a                sl_internal_app_process_action
 .text.sl_iostream_eusart_init_instances
                0x0800529c        0x4 ./autogen/sl_iostream_init_eusart_instances.o
                0x0800529c                sl_iostream_eusart_init_instances
 .text.EUSART0_TX_IRQHandler
                0x080052a0        0x4 ./autogen/sl_iostream_init_eusart_instances.o
                0x080052a0                EUSART0_TX_IRQHandler
 .text.sl_board_enable_vcom
                0x080052a4       0x12 ./gecko_sdk_4.4.1/hardware/board/src/sl_board_control_gpio.o
                0x080052a4                sl_board_enable_vcom
 .text.sl_board_configure_vcom
                0x080052b6        0x4 ./gecko_sdk_4.4.1/hardware/board/src/sl_board_control_gpio.o
                0x080052b6                sl_board_configure_vcom
 .text.sl_board_disable_vcom
                0x080052ba       0x12 ./gecko_sdk_4.4.1/hardware/board/src/sl_board_control_gpio.o
                0x080052ba                sl_board_disable_vcom
 .text.sl_board_init
                0x080052cc       0x1c ./gecko_sdk_4.4.1/hardware/board/src/sl_board_init.o
                0x080052cc                sl_board_init
 .text.sl_board_preinit
                0x080052e8        0x8 ./gecko_sdk_4.4.1/hardware/board/src/sl_board_init.o
                0x080052e8                sl_board_preinit
 .text.sli_cos_swo_itm_8_write.constprop.0.isra.0
                0x080052f0       0x78 ./gecko_sdk_4.4.1/hardware/driver/configuration_over_swo/src/sl_cos.o
 .text.sl_cos_send_config
                0x08005368       0x12 ./gecko_sdk_4.4.1/hardware/driver/configuration_over_swo/src/sl_cos.o
                0x08005368                sl_cos_send_config
 .text.sl_cos_config_vcom
                0x0800537a       0x1e ./gecko_sdk_4.4.1/hardware/driver/configuration_over_swo/src/sl_cos.o
                0x0800537a                sl_cos_config_vcom
 .text.Default_Handler
                0x08005398        0x2 ./gecko_sdk_4.4.1/platform/Device/SiliconLabs/EFR32MG24/Source/startup_efr32mg24.o
                0x08005398                ULFRCO_IRQHandler
                0x08005398                AHB2AHB1_IRQHandler
                0x08005398                SW2_IRQHandler
                0x08005398                TIMER2_IRQHandler
                0x08005398                DebugMon_Handler
                0x08005398                USART0_TX_IRQHandler
                0x08005398                IADC_IRQHandler
                0x08005398                I2C0_IRQHandler
                0x08005398                LFXO_IRQHandler
                0x08005398                HardFault_Handler
                0x08005398                SMU_SECURE_IRQHandler
                0x08005398                SysTick_Handler
                0x08005398                SYSRTC_SEQ_IRQHandler
                0x08005398                EMUEFP_IRQHandler
                0x08005398                PendSV_Handler
                0x08005398                NMI_Handler
                0x08005398                SYNTH_IRQHandler
                0x08005398                HOSTMAILBOX_IRQHandler
                0x08005398                HFXO0_IRQHandler
                0x08005398                I2C1_IRQHandler
                0x08005398                WDOG0_IRQHandler
                0x08005398                TIMER3_IRQHandler
                0x08005398                SYSCFG_IRQHandler
                0x08005398                RFECA1_IRQHandler
                0x08005398                EMUDG_IRQHandler
                0x08005398                MSC_IRQHandler
                0x08005398                DPLL0_IRQHandler
                0x08005398                UsageFault_Handler
                0x08005398                WDOG1_IRQHandler
                0x08005398                M33CTI1_IRQHandler
                0x08005398                TIMER4_IRQHandler
                0x08005398                GPIO_EVEN_IRQHandler
                0x08005398                VDAC0_IRQHandler
                0x08005398                SEMBTX_IRQHandler
                0x08005398                SW0_IRQHandler
                0x08005398                TIMER0_IRQHandler
                0x08005398                MVP_IRQHandler
                0x08005398                LETIMER0_IRQHandler
                0x08005398                EUSART1_RX_IRQHandler
                0x08005398                TIMER1_IRQHandler
                0x08005398                HFRCO0_IRQHandler
                0x08005398                SecureFault_Handler
                0x08005398                BUFC_IRQHandler
                0x08005398                DCDC_IRQHandler
                0x08005398                MODEM_IRQHandler
                0x08005398                Default_Handler
                0x08005398                RAC_SEQ_IRQHandler
                0x08005398                FRC_PRI_IRQHandler
                0x08005398                EMU_IRQHandler
                0x08005398                SW3_IRQHandler
                0x08005398                KERNEL0_IRQHandler
                0x08005398                FRC_IRQHandler
                0x08005398                PCNT0_IRQHandler
                0x08005398                KERNEL1_IRQHandler
                0x08005398                AGC_IRQHandler
                0x08005398                EUSART1_TX_IRQHandler
                0x08005398                KEYSCAN_IRQHandler
                0x08005398                sl_app_properties
                0x08005398                HFRCOEM23_IRQHandler
                0x08005398                BURTC_IRQHandler
                0x08005398                SEMBRX_IRQHandler
                0x08005398                RFECA0_IRQHandler
                0x08005398                LFRCO_IRQHandler
                0x08005398                VDAC1_IRQHandler
                0x08005398                ACMP0_IRQHandler
                0x08005398                USART0_RX_IRQHandler
                0x08005398                MemManage_Handler
                0x08005398                AHB2AHB0_IRQHandler
                0x08005398                SVC_Handler
                0x08005398                SMU_S_PRIVILEGED_IRQHandler
                0x08005398                SW1_IRQHandler
                0x08005398                CMU_IRQHandler
                0x08005398                RAC_RSM_IRQHandler
                0x08005398                SETAMPERHOST_IRQHandler
                0x08005398                GPIO_ODD_IRQHandler
                0x08005398                AES_IRQHandler
                0x08005398                M33CTI0_IRQHandler
                0x08005398                ICACHE0_IRQHandler
                0x08005398                SMU_NS_PRIVILEGED_IRQHandler
                0x08005398                FPUEXH_IRQHandler
                0x08005398                PROTIMER_IRQHandler
                0x08005398                ACMP1_IRQHandler
                0x08005398                BusFault_Handler
                0x08005398                MPAHBRAM_IRQHandler
 .text.FlashToRamCopy
                0x0800539a       0x16 ./gecko_sdk_4.4.1/platform/Device/SiliconLabs/EFR32MG24/Source/system_efr32mg24.o
                0x0800539a                FlashToRamCopy
 .text.SystemCLKIN0Get
                0x080053b0        0x4 ./gecko_sdk_4.4.1/platform/Device/SiliconLabs/EFR32MG24/Source/system_efr32mg24.o
                0x080053b0                SystemCLKIN0Get
 .text.SystemLFRCOClockGet
                0x080053b4        0x6 ./gecko_sdk_4.4.1/platform/Device/SiliconLabs/EFR32MG24/Source/system_efr32mg24.o
                0x080053b4                SystemLFRCOClockGet
 .text.SystemULFRCOClockGet
                0x080053ba        0x6 ./gecko_sdk_4.4.1/platform/Device/SiliconLabs/EFR32MG24/Source/system_efr32mg24.o
                0x080053ba                SystemULFRCOClockGet
 .text.assertEFM
                0x080053c0        0x2 ./gecko_sdk_4.4.1/platform/common/src/sl_assert.o
                0x080053c0                assertEFM
 .text.sl_debug_swo_enable_itm
                0x080053c2       0x16 ./gecko_sdk_4.4.1/platform/driver/debug/src/sl_debug_swo.o
                0x080053c2                sl_debug_swo_enable_itm
 .text.sl_debug_swo_disable_itm
                0x080053d8       0x18 ./gecko_sdk_4.4.1/platform/driver/debug/src/sl_debug_swo.o
                0x080053d8                sl_debug_swo_disable_itm
 .text.sl_led_init
                0x080053f0        0x6 ./gecko_sdk_4.4.1/platform/driver/leddrv/src/sl_led.o
                0x080053f0                sl_led_init
 .text.sl_led_turn_on
                0x080053f6        0x6 ./gecko_sdk_4.4.1/platform/driver/leddrv/src/sl_led.o
                0x080053f6                sl_led_turn_on
 .text.sl_led_turn_off
                0x080053fc        0x6 ./gecko_sdk_4.4.1/platform/driver/leddrv/src/sl_led.o
                0x080053fc                sl_led_turn_off
 .text.sl_simple_led_init
                0x08005402       0x22 ./gecko_sdk_4.4.1/platform/driver/leddrv/src/sl_simple_led.o
                0x08005402                sl_simple_led_init
 .text.sl_simple_led_turn_on
                0x08005424       0x12 ./gecko_sdk_4.4.1/platform/driver/leddrv/src/sl_simple_led.o
                0x08005424                sl_simple_led_turn_on
 .text.sl_simple_led_turn_off
                0x08005436       0x12 ./gecko_sdk_4.4.1/platform/driver/leddrv/src/sl_simple_led.o
                0x08005436                sl_simple_led_turn_off
 .text.DMADRV_PeripheralMemory
                0x08005448       0x34 ./gecko_sdk_4.4.1/platform/emdrv/dmadrv/src/dmadrv.o
                0x08005448                DMADRV_PeripheralMemory
 .text.BUS_RegMaskedWrite
                0x0800547c       0x1e ./gecko_sdk_4.4.1/platform/emlib/src/em_cmu.o
 .text.waitStateMax
                0x0800549a       0x10 ./gecko_sdk_4.4.1/platform/emlib/src/em_cmu.o
 .text.CMU_UpdateWaitStates
                0x080054aa        0xc ./gecko_sdk_4.4.1/platform/emlib/src/em_cmu.o
                0x080054aa                CMU_UpdateWaitStates
 .text.pclkDivMax
                0x080054b6        0xa ./gecko_sdk_4.4.1/platform/emlib/src/em_cmu.o
 .text.sli_em_cmu_SYSCLKInitPostClockSelect
                0x080054c0       0x2a ./gecko_sdk_4.4.1/platform/emlib/src/em_cmu.o
                0x080054c0                sli_em_cmu_SYSCLKInitPostClockSelect
 .text.CORE_EnterCritical
                0x080054ea        0x8 ./gecko_sdk_4.4.1/platform/emlib/src/em_core.o
                0x080054ea                CORE_EnterCritical
 .text.CORE_ExitCritical
                0x080054f2        0x6 ./gecko_sdk_4.4.1/platform/emlib/src/em_core.o
                0x080054f2                CORE_ExitCritical
 .text.CORE_EnterAtomic
                0x080054f8        0xc ./gecko_sdk_4.4.1/platform/emlib/src/em_core.o
                0x080054f8                CORE_EnterAtomic
 .text.CORE_ExitAtomic
                0x08005504        0x6 ./gecko_sdk_4.4.1/platform/emlib/src/em_core.o
                0x08005504                CORE_ExitAtomic
 .text.EMU_EFPEM01VScale
                0x0800550a        0x2 ./gecko_sdk_4.4.1/platform/emlib/src/em_emu.o
                0x0800550a                EMU_EFPEM01VScale
 .text.EMU_DCDCUpdatedHook
                0x0800550c        0x2 ./gecko_sdk_4.4.1/platform/emlib/src/em_emu.o
                0x0800550c                EMU_DCDCUpdatedHook
 .text.eusart_sync
                0x0800550e        0x8 ./gecko_sdk_4.4.1/platform/emlib/src/em_eusart.o
 .text.EUSART_Disable
                0x08005516       0x34 ./gecko_sdk_4.4.1/platform/emlib/src/em_eusart.o
 .text.EUSART_Tx
                0x0800554a        0xa ./gecko_sdk_4.4.1/platform/emlib/src/em_eusart.o
                0x0800554a                EUSART_Tx
 .text.BUS_RegMaskedWrite
                0x08005554       0x1e ./gecko_sdk_4.4.1/platform/emlib/src/em_gpio.o
 .text.GPIO_DbgLocationSet
                0x08005572        0x2 ./gecko_sdk_4.4.1/platform/emlib/src/em_gpio.o
                0x08005572                GPIO_DbgLocationSet
 .text.USART_SpiTransfer
                0x08005574       0x14 ./gecko_sdk_4.4.1/platform/emlib/src/em_usart.o
                0x08005574                USART_SpiTransfer
 .text.sl_iostream_write
                0x08005588       0x22 ./gecko_sdk_4.4.1/platform/service/iostream/src/sl_iostream.o
                0x08005588                sl_iostream_write
 .text.sl_iostream_read
                0x080055aa       0x30 ./gecko_sdk_4.4.1/platform/service/iostream/src/sl_iostream.o
                0x080055aa                sl_iostream_read
 .text.eusart_deinit
                0x080055da       0x70 ./gecko_sdk_4.4.1/platform/service/iostream/src/sl_iostream_eusart.o
 .text.eusart_set_next_byte_detect
                0x0800564a       0x30 ./gecko_sdk_4.4.1/platform/service/iostream/src/sl_iostream_eusart.o
 .text.eusart_tx
                0x0800567a        0xc ./gecko_sdk_4.4.1/platform/service/iostream/src/sl_iostream_eusart.o
 .text.sl_iostream_eusart_irq_handler
                0x08005686       0x72 ./gecko_sdk_4.4.1/platform/service/iostream/src/sl_iostream_eusart.o
                0x08005686                sl_iostream_eusart_irq_handler
 .text._close   0x080056f8        0x4 ./gecko_sdk_4.4.1/platform/service/iostream/src/sl_iostream_retarget_stdio.o
                0x080056f8                _close
 .text._exit    0x080056fc        0x2 ./gecko_sdk_4.4.1/platform/service/iostream/src/sl_iostream_retarget_stdio.o
                0x080056fc                _exit
 .text._fstat   0x080056fe        0xa ./gecko_sdk_4.4.1/platform/service/iostream/src/sl_iostream_retarget_stdio.o
                0x080056fe                _fstat
 .text._isatty  0x08005708        0x4 ./gecko_sdk_4.4.1/platform/service/iostream/src/sl_iostream_retarget_stdio.o
                0x08005708                _isatty
 .text._lseek   0x0800570c        0x4 ./gecko_sdk_4.4.1/platform/service/iostream/src/sl_iostream_retarget_stdio.o
                0x0800570c                _lseek
 .text._read    0x08005710       0x1c ./gecko_sdk_4.4.1/platform/service/iostream/src/sl_iostream_retarget_stdio.o
                0x08005710                _read
 .text.set_auto_cr_lf
                0x0800572c        0x6 ./gecko_sdk_4.4.1/platform/service/iostream/src/sl_iostream_uart.o
 .text.get_auto_cr_lf
                0x08005732        0x6 ./gecko_sdk_4.4.1/platform/service/iostream/src/sl_iostream_uart.o
 .text.delay_callback
                0x08005738        0x6 ./gecko_sdk_4.4.1/platform/service/sleeptimer/src/sl_sleeptimer.o
 .text.sl_sleeptimer_start_timer
                0x0800573e       0x48 ./gecko_sdk_4.4.1/platform/service/sleeptimer/src/sl_sleeptimer.o
                0x0800573e                sl_sleeptimer_start_timer
 .text.sl_sleeptimer_start_periodic_timer
                0x08005786       0x4a ./gecko_sdk_4.4.1/platform/service/sleeptimer/src/sl_sleeptimer.o
                0x08005786                sl_sleeptimer_start_periodic_timer
 .text.sleeptimer_hal_get_compare
                0x080057d0        0x8 ./gecko_sdk_4.4.1/platform/service/sleeptimer/src/sl_sleeptimer_hal_sysrtc.o
                0x080057d0                sleeptimer_hal_get_compare
 .text.sleeptimer_hal_enable_int
                0x080057d8       0x12 ./gecko_sdk_4.4.1/platform/service/sleeptimer/src/sl_sleeptimer_hal_sysrtc.o
                0x080057d8                sleeptimer_hal_enable_int
 .text.SYSRTC_APP_IRQHandler
                0x080057ea       0x34 ./gecko_sdk_4.4.1/platform/service/sleeptimer/src/sl_sleeptimer_hal_sysrtc.o
                0x080057ea                SYSRTC_APP_IRQHandler
 .text.sleeptimer_hal_get_timer_frequency
                0x0800581e        0x6 ./gecko_sdk_4.4.1/platform/service/sleeptimer/src/sl_sleeptimer_hal_sysrtc.o
                0x0800581e                sleeptimer_hal_get_timer_frequency
 .text.sl_system_init
                0x08005824       0x1a ./gecko_sdk_4.4.1/platform/service/system/src/sl_system_init.o
                0x08005824                sl_system_init
 .text.sl_system_process_action
                0x0800583e       0x16 ./gecko_sdk_4.4.1/platform/service/system/src/sl_system_process_action.o
                0x0800583e                sl_system_process_action
 .text._fwalk_sglue
                0x08005854       0x3c c:/siliconlabs/simplicitystudio/v5/developer/toolchains/gnu_arm/12.2.rel1_2023.7/bin/../lib/gcc/arm-none-eabi/12.2.1/thumb/v8-m.main+fp/hard\libc_nano.a(libc_a-fwalk.o)
                0x08005854                _fwalk_sglue
 .text._puts_r  0x08005890       0xaa c:/siliconlabs/simplicitystudio/v5/developer/toolchains/gnu_arm/12.2.rel1_2023.7/bin/../lib/gcc/arm-none-eabi/12.2.1/thumb/v8-m.main+fp/hard\libc_nano.a(libc_a-puts.o)
                0x08005890                _puts_r
 .text.__sread  0x0800593a       0x22 c:/siliconlabs/simplicitystudio/v5/developer/toolchains/gnu_arm/12.2.rel1_2023.7/bin/../lib/gcc/arm-none-eabi/12.2.1/thumb/v8-m.main+fp/hard\libc_nano.a(libc_a-stdio.o)
                0x0800593a                __sread
 .text.__swrite
                0x0800595c       0x38 c:/siliconlabs/simplicitystudio/v5/developer/toolchains/gnu_arm/12.2.rel1_2023.7/bin/../lib/gcc/arm-none-eabi/12.2.1/thumb/v8-m.main+fp/hard\libc_nano.a(libc_a-stdio.o)
                0x0800595c                __swrite
 .text.__sseek  0x08005994       0x24 c:/siliconlabs/simplicitystudio/v5/developer/toolchains/gnu_arm/12.2.rel1_2023.7/bin/../lib/gcc/arm-none-eabi/12.2.1/thumb/v8-m.main+fp/hard\libc_nano.a(libc_a-stdio.o)
                0x08005994                __sseek
 .text.__sclose
                0x080059b8        0x8 c:/siliconlabs/simplicitystudio/v5/developer/toolchains/gnu_arm/12.2.rel1_2023.7/bin/../lib/gcc/arm-none-eabi/12.2.1/thumb/v8-m.main+fp/hard\libc_nano.a(libc_a-stdio.o)
                0x080059b8                __sclose
 .text.__swbuf_r
                0x080059c0       0x7c c:/siliconlabs/simplicitystudio/v5/developer/toolchains/gnu_arm/12.2.rel1_2023.7/bin/../lib/gcc/arm-none-eabi/12.2.1/thumb/v8-m.main+fp/hard\libc_nano.a(libc_a-wbuf.o)
                0x080059c0                __swbuf_r
 .text.memset   0x08005a3c       0x10 c:/siliconlabs/simplicitystudio/v5/developer/toolchains/gnu_arm/12.2.rel1_2023.7/bin/../lib/gcc/arm-none-eabi/12.2.1/thumb/v8-m.main+fp/hard\libc_nano.a(libc_a-memset.o)
                0x08005a3c                memset
 .text.__retarget_lock_init_recursive
                0x08005a4c        0x2 c:/siliconlabs/simplicitystudio/v5/developer/toolchains/gnu_arm/12.2.rel1_2023.7/bin/../lib/gcc/arm-none-eabi/12.2.1/thumb/v8-m.main+fp/hard\libc_nano.a(libc_a-lock.o)
                0x08005a4c                __retarget_lock_init_recursive
 .text.__retarget_lock_acquire_recursive
                0x08005a4e        0x2 c:/siliconlabs/simplicitystudio/v5/developer/toolchains/gnu_arm/12.2.rel1_2023.7/bin/../lib/gcc/arm-none-eabi/12.2.1/thumb/v8-m.main+fp/hard\libc_nano.a(libc_a-lock.o)
                0x08005a4e                __retarget_lock_acquire_recursive
 .text.__retarget_lock_release_recursive
                0x08005a50        0x2 c:/siliconlabs/simplicitystudio/v5/developer/toolchains/gnu_arm/12.2.rel1_2023.7/bin/../lib/gcc/arm-none-eabi/12.2.1/thumb/v8-m.main+fp/hard\libc_nano.a(libc_a-lock.o)
                0x08005a50                __retarget_lock_release_recursive
 .text.memcpy   0x08005a52       0x1a c:/siliconlabs/simplicitystudio/v5/developer/toolchains/gnu_arm/12.2.rel1_2023.7/bin/../lib/gcc/arm-none-eabi/12.2.1/thumb/v8-m.main+fp/hard\libc_nano.a(libc_a-memcpy-stub.o)
                0x08005a52                memcpy
 .text.__sfputc_r
                0x08005a6c       0x2e c:/siliconlabs/simplicitystudio/v5/developer/toolchains/gnu_arm/12.2.rel1_2023.7/bin/../lib/gcc/arm-none-eabi/12.2.1/thumb/v8-m.main+fp/hard\libc_nano.a(libc_a-nano-vfprintf.o)
 .text.__sfputs_r
                0x08005a9a       0x24 c:/siliconlabs/simplicitystudio/v5/developer/toolchains/gnu_arm/12.2.rel1_2023.7/bin/../lib/gcc/arm-none-eabi/12.2.1/thumb/v8-m.main+fp/hard\libc_nano.a(libc_a-nano-vfprintf.o)
                0x08005a9a                __sfputs_r
 .text._printf_common
                0x08005abe       0xe4 c:/siliconlabs/simplicitystudio/v5/developer/toolchains/gnu_arm/12.2.rel1_2023.7/bin/../lib/gcc/arm-none-eabi/12.2.1/thumb/v8-m.main+fp/hard\libc_nano.a(libc_a-nano-vfprintf_i.o)
                0x08005abe                _printf_common
 .text.__sflush_r
                0x08005ba2      0x106 c:/siliconlabs/simplicitystudio/v5/developer/toolchains/gnu_arm/12.2.rel1_2023.7/bin/../lib/gcc/arm-none-eabi/12.2.1/thumb/v8-m.main+fp/hard\libc_nano.a(libc_a-fflush.o)
                0x08005ba2                __sflush_r
 .text._fflush_r
                0x08005ca8       0x50 c:/siliconlabs/simplicitystudio/v5/developer/toolchains/gnu_arm/12.2.rel1_2023.7/bin/../lib/gcc/arm-none-eabi/12.2.1/thumb/v8-m.main+fp/hard\libc_nano.a(libc_a-fflush.o)
                0x08005ca8                _fflush_r
 .text.__swhatbuf_r
                0x08005cf8       0x4a c:/siliconlabs/simplicitystudio/v5/developer/toolchains/gnu_arm/12.2.rel1_2023.7/bin/../lib/gcc/arm-none-eabi/12.2.1/thumb/v8-m.main+fp/hard\libc_nano.a(libc_a-makebuf.o)
                0x08005cf8                __swhatbuf_r
 .text.__smakebuf_r
                0x08005d42       0x78 c:/siliconlabs/simplicitystudio/v5/developer/toolchains/gnu_arm/12.2.rel1_2023.7/bin/../lib/gcc/arm-none-eabi/12.2.1/thumb/v8-m.main+fp/hard\libc_nano.a(libc_a-makebuf.o)
                0x08005d42                __smakebuf_r
 .text.memchr   0x08005dba       0x1c c:/siliconlabs/simplicitystudio/v5/developer/toolchains/gnu_arm/12.2.rel1_2023.7/bin/../lib/gcc/arm-none-eabi/12.2.1/thumb/v8-m.main+fp/hard\libc_nano.a(libc_a-memchr-stub.o)
                0x08005dba                memchr
                0x08005de0                . = ALIGN (0x20)
 *fill*         0x08005dd6        0xa 
                0x08005de0                linker_code_end = .
 *(.init)
 .init          0x08005de0        0x4 c:/siliconlabs/simplicitystudio/v5/developer/toolchains/gnu_arm/12.2.rel1_2023.7/bin/../lib/gcc/arm-none-eabi/12.2.1/thumb/v8-m.main+fp/hard/crti.o
                0x08005de0                _init
 .init          0x08005de4        0x8 c:/siliconlabs/simplicitystudio/v5/developer/toolchains/gnu_arm/12.2.rel1_2023.7/bin/../lib/gcc/arm-none-eabi/12.2.1/thumb/v8-m.main+fp/hard/crtn.o
 *(.fini)
 .fini          0x08005dec        0x4 c:/siliconlabs/simplicitystudio/v5/developer/toolchains/gnu_arm/12.2.rel1_2023.7/bin/../lib/gcc/arm-none-eabi/12.2.1/thumb/v8-m.main+fp/hard/crti.o
                0x08005dec                _fini
 .fini          0x08005df0        0x8 c:/siliconlabs/simplicitystudio/v5/developer/toolchains/gnu_arm/12.2.rel1_2023.7/bin/../lib/gcc/arm-none-eabi/12.2.1/thumb/v8-m.main+fp/hard/crtn.o
 *crtbegin.o(.ctors)
 *crtbegin?.o(.ctors)
 *(EXCLUDE_FILE(*crtend.o *crtend?.o) .ctors)
 *(SORT_BY_NAME(.ctors.*))
 *(.ctors)
 *crtbegin.o(.dtors)
 *crtbegin?.o(.dtors)
 *(EXCLUDE_FILE(*crtend.o *crtend?.o) .dtors)
 *(SORT_BY_NAME(.dtors.*))
 *(.dtors)
                0x08005df8                __code_classification_validator_start__ = .
                0x08005e18                . = (. + 0x20)
 *fill*         0x08005df8       0x20 
 *(code_classification_validator)
                0x08005e20                . = ALIGN (0x20)
 *fill*         0x08005e18        0x8 
                0x08005e20                __code_classification_validator_end__ = .
 *(.rodata*)
 .rodata.SI7021_measure.constprop.0.str1.1
                0x08005e20        0xc ./i2cspm.o
 .rodata.set_leds.str1.1
                0x08005e2c       0x24 ./i2cspm.o
 .rodata.i2cspm_app_init.str1.1
                0x08005e50       0x48 ./i2cspm.o
 .rodata.i2cspm_app_process_action.str1.1
                0x08005e98       0x32 ./i2cspm.o
                                 0x34 (size before relaxing)
 .rodata.sl_iostream_eusart_init_vcom.str1.1
                0x08005eca       0x2f ./autogen/sl_iostream_init_eusart_instances.o
 *fill*         0x08005ef9        0x3 
 .rodata        0x08005efc       0x20 ./autogen/sl_iostream_init_eusart_instances.o
 .rodata.sl_led_led1
                0x08005f1c       0x18 ./autogen/sl_simple_led_instances.o
                0x08005f1c                sl_led_led1
 .rodata.sl_led_led0
                0x08005f34       0x18 ./autogen/sl_simple_led_instances.o
                0x08005f34                sl_led_led0
 .rodata.sl_board_enable_sensor.str1.1
                0x08005f4c       0x3e ./gecko_sdk_4.4.1/hardware/board/src/sl_board_control_gpio.o
 *fill*         0x08005f8a        0x2 
 .rodata        0x08005f8c       0x1c ./gecko_sdk_4.4.1/hardware/driver/mx25_flash_shutdown/src/sl_mx25_flash_shutdown_usart/sl_mx25_flash_shutdown.o
 .rodata.I2CSPM_Init.str1.1
                0x08005fa8       0xa1 ./gecko_sdk_4.4.1/platform/driver/i2cspm/src/sl_i2cspm.o
 *fill*         0x08006049        0x1 
 .rodata.CSWTCH.10
                0x0800604a        0x8 ./gecko_sdk_4.4.1/platform/driver/i2cspm/src/sl_i2cspm.o
 .rodata.GPIO_PinOutClear.str1.1
                0x08006052       0x67 ./gecko_sdk_4.4.1/platform/driver/leddrv/src/sl_simple_led.o
 .rodata.CSWTCH.18
                0x08006052        0x8 ./gecko_sdk_4.4.1/platform/driver/leddrv/src/sl_simple_led.o
 .rodata        0x0800605a        0x4 ./gecko_sdk_4.4.1/platform/emdrv/dmadrv/src/dmadrv.o
 .rodata.HFRCODPLLDevinfoGet.str1.1
                0x0800605e       0x2f ./gecko_sdk_4.4.1/platform/emlib/src/em_cmu.o
 .rodata.EMU_VScaleEM01.str1.1
                0x0800608d       0x2f ./gecko_sdk_4.4.1/platform/emlib/src/em_emu.o
 .rodata.EUSART_Enable.str1.1
                0x080060bc       0x32 ./gecko_sdk_4.4.1/platform/emlib/src/em_eusart.o
 .rodata.GPIO_PinOutSet.str1.1
                0x080060ee       0x67 ./gecko_sdk_4.4.1/platform/emlib/src/em_gpio.o
 .rodata.GPIO_ExtIntConfig.str1.1
                0x080060ee       0x30 ./gecko_sdk_4.4.1/platform/emlib/src/em_gpio.o
 .rodata.CSWTCH.31
                0x0800611e        0x8 ./gecko_sdk_4.4.1/platform/emlib/src/em_gpio.o
 .rodata.I2C_BusFreqGet.str1.1
                0x08006126       0x2f ./gecko_sdk_4.4.1/platform/emlib/src/em_i2c.o
 .rodata.i2cNSum
                0x08006155        0x4 ./gecko_sdk_4.4.1/platform/emlib/src/em_i2c.o
 .rodata.LDMA_EnableChannelRequest.str1.1
                0x08006159       0x96 ./gecko_sdk_4.4.1/platform/emlib/src/em_ldma.o
 .rodata.USART_BaudrateAsyncSet.str1.1
                0x080061ef       0x31 ./gecko_sdk_4.4.1/platform/emlib/src/em_usart.o
 .rodata.sl_hal_sysrtc_init_group.str1.1
                0x08006220       0x3f ./gecko_sdk_4.4.1/platform/peripheral/src/peripheral_sysrtc.o
 .rodata        0x0800625f        0x7 ./gecko_sdk_4.4.1/platform/service/device_init/src/sl_device_init_dcdc_s2.o
 *fill*         0x08006266        0x2 
 .rodata        0x08006268       0x28 ./gecko_sdk_4.4.1/platform/service/device_init/src/sl_device_init_hfxo_s2.o
 .rodata        0x08006290       0x14 ./gecko_sdk_4.4.1/platform/service/device_init/src/sl_device_init_lfxo_s2.o
 .rodata._write.str1.1
                0x080062a4       0x4e ./gecko_sdk_4.4.1/platform/service/iostream/src/sl_iostream_retarget_stdio.o
 .rodata.get_write_ptr.str1.1
                0x080062f2       0x44 ./gecko_sdk_4.4.1/platform/service/iostream/src/sl_iostream_uart.o
 .rodata.process_timer_irq.str1.1
                0x08006336       0x43 ./gecko_sdk_4.4.1/platform/service/sleeptimer/src/sl_sleeptimer.o
 .rodata.sl_udelay_wait.str1.1
                0x08006379       0x3b ./gecko_sdk_4.4.1/platform/service/udelay/src/sl_udelay.o
 .rodata._vfprintf_r.str1.1
                0x080063b4       0x11 c:/siliconlabs/simplicitystudio/v5/developer/toolchains/gnu_arm/12.2.rel1_2023.7/bin/../lib/gcc/arm-none-eabi/12.2.1/thumb/v8-m.main+fp/hard\libc_nano.a(libc_a-nano-vfprintf.o)
 .rodata._printf_i.str1.1
                0x080063c5       0x22 c:/siliconlabs/simplicitystudio/v5/developer/toolchains/gnu_arm/12.2.rel1_2023.7/bin/../lib/gcc/arm-none-eabi/12.2.1/thumb/v8-m.main+fp/hard\libc_nano.a(libc_a-nano-vfprintf_i.o)
 *(.eh_frame*)
 *fill*         0x080063e7        0x1 
 .eh_frame      0x080063e8        0x0 c:/siliconlabs/simplicitystudio/v5/developer/toolchains/gnu_arm/12.2.rel1_2023.7/bin/../lib/gcc/arm-none-eabi/12.2.1/thumb/v8-m.main+fp/hard/crtbegin.o

.glue_7         0x080063e8        0x0
 .glue_7        0x080063e8        0x0 linker stubs

.glue_7t        0x080063e8        0x0
 .glue_7t       0x080063e8        0x0 linker stubs

.vfp11_veneer   0x080063e8        0x0
 .vfp11_veneer  0x080063e8        0x0 linker stubs

.v4_bx          0x080063e8        0x0
 .v4_bx         0x080063e8        0x0 linker stubs

.iplt           0x080063e8        0x0
 .iplt          0x080063e8        0x0 c:/siliconlabs/simplicitystudio/v5/developer/toolchains/gnu_arm/12.2.rel1_2023.7/bin/../lib/gcc/arm-none-eabi/12.2.1/thumb/v8-m.main+fp/hard/crtbegin.o

.ARM.extab
 *(.ARM.extab* .gnu.linkonce.armextab.*)
                0x080063e8                __exidx_start = .

.ARM.exidx      0x080063e8        0x8
 *(.ARM.exidx* .gnu.linkonce.armexidx.*)
 .ARM.exidx     0x080063e8        0x8 c:/siliconlabs/simplicitystudio/v5/developer/toolchains/gnu_arm/12.2.rel1_2023.7/bin/../lib/gcc/arm-none-eabi/12.2.1/thumb/v8-m.main+fp/hard/crt0.o
                                 0x10 (size before relaxing)
 .ARM.exidx.text.__udivmoddi4
                0x080063f0        0x0 c:/siliconlabs/simplicitystudio/v5/developer/toolchains/gnu_arm/12.2.rel1_2023.7/bin/../lib/gcc/arm-none-eabi/12.2.1/thumb/v8-m.main+fp/hard\libgcc.a(_udivmoddi4.o)
                                  0x8 (size before relaxing)
                0x080063f0                __exidx_end = .

.rel.dyn        0x080063f0        0x0
 .rel.iplt      0x080063f0        0x0 c:/siliconlabs/simplicitystudio/v5/developer/toolchains/gnu_arm/12.2.rel1_2023.7/bin/../lib/gcc/arm-none-eabi/12.2.1/thumb/v8-m.main+fp/hard/crtbegin.o

.copy.table     0x080063f0        0xc
                0x080063f0                . = ALIGN (0x4)
                0x080063f0                __copy_table_start__ = .
                0x080063f0        0x4 LONG 0x80063fc __etext
                0x080063f4        0x4 LONG 0x20001000 __data_start__
                0x080063f8        0x4 LONG 0x27 ((__data_end__ - __data_start__) / 0x4)
                0x080063fc                __copy_table_end__ = .

.zero.table     0x080063fc        0x0
                0x080063fc                . = ALIGN (0x4)
                0x080063fc                __zero_table_start__ = .
                0x080063fc                __zero_table_end__ = .
                0x080063fc                __etext = .
                0x20000000                . = ORIGIN (RAM)

.stack          0x20000000     0x1000
                0x20000000                __StackLimit = .
 *(.stack*)
 .stack         0x20000000     0x1000 ./gecko_sdk_4.4.1/platform/common/toolchain/src/sl_memory.o
                0x20001000                . = ALIGN (0x4)
                0x20001000                __StackTop = .
                0x20001000                PROVIDE (__stack = __StackTop)

.noinit
 *(.noinit*)

.data           0x20001000       0x9c load address 0x080063fc
                0x20001000                . = ALIGN (0x4)
                0x20001000                __data_start__ = .
 *(vtable)
 *(SORT_BY_ALIGNMENT(.data*))
 .data.init_sensor
                0x20001000       0x14 ./autogen/sl_i2cspm_init.o
                0x20001000                init_sensor
 .data.sl_i2cspm_sensor
                0x20001014        0x4 ./autogen/sl_i2cspm_init.o
                0x20001014                sl_i2cspm_sensor
 .data.SystemCoreClock
                0x20001018        0x4 ./gecko_sdk_4.4.1/platform/Device/SiliconLabs/EFR32MG24/Source/system_efr32mg24.o
                0x20001018                SystemCoreClock
 .data.SystemHFRCODPLLClock
                0x2000101c        0x4 ./gecko_sdk_4.4.1/platform/Device/SiliconLabs/EFR32MG24/Source/system_efr32mg24.o
 .data.SystemLFXOClock
                0x20001020        0x4 ./gecko_sdk_4.4.1/platform/Device/SiliconLabs/EFR32MG24/Source/system_efr32mg24.o
 .data.SystemHFXOClock
                0x20001024        0x4 ./gecko_sdk_4.4.1/platform/Device/SiliconLabs/EFR32MG24/Source/system_efr32mg24.o
 .data.heap_end.0
                0x20001028        0x4 ./gecko_sdk_4.4.1/platform/common/toolchain/src/sl_memory.o
 .data.__sglue  0x2000102c        0xc c:/siliconlabs/simplicitystudio/v5/developer/toolchains/gnu_arm/12.2.rel1_2023.7/bin/../lib/gcc/arm-none-eabi/12.2.1/thumb/v8-m.main+fp/hard\libc_nano.a(libc_a-findfp.o)
                0x2000102c                __sglue
 .data._impure_ptr
                0x20001038        0x4 c:/siliconlabs/simplicitystudio/v5/developer/toolchains/gnu_arm/12.2.rel1_2023.7/bin/../lib/gcc/arm-none-eabi/12.2.1/thumb/v8-m.main+fp/hard\libc_nano.a(libc_a-impure.o)
                0x20001038                _impure_ptr
 .data._impure_data
                0x2000103c       0x4c c:/siliconlabs/simplicitystudio/v5/developer/toolchains/gnu_arm/12.2.rel1_2023.7/bin/../lib/gcc/arm-none-eabi/12.2.1/thumb/v8-m.main+fp/hard\libc_nano.a(libc_a-impure.o)
                0x2000103c                _impure_data
 .data.hfxo_precision
                0x20001088        0x2 ./gecko_sdk_4.4.1/platform/emlib/src/em_cmu.o
 .data.lfxo_precision
                0x2000108a        0x2 ./gecko_sdk_4.4.1/platform/emlib/src/em_cmu.o
 .data.simple_led1_context
                0x2000108c        0x3 ./autogen/sl_simple_led_instances.o
                0x2000108c                simple_led1_context
 .data.simple_led0_context
                0x2000108f        0x3 ./autogen/sl_simple_led_instances.o
                0x2000108f                simple_led0_context
 .data.ctuneDelta
                0x20001092        0x1 ./gecko_sdk_4.4.1/platform/emlib/src/em_cmu.o
 .data.cc_disabled
                0x20001093        0x1 ./gecko_sdk_4.4.1/platform/service/sleeptimer/src/sl_sleeptimer_hal_sysrtc.o
                0x20001094                . = ALIGN (0x4)
                [!provide]                PROVIDE (__ram_func_section_start = .)
 *(.ram)
                [!provide]                PROVIDE (__ram_func_section_end = .)
                0x20001094                . = ALIGN (0x4)
                0x20001094                PROVIDE (__preinit_array_start = .)
 *(.preinit_array)
                0x20001094                PROVIDE (__preinit_array_end = .)
                0x20001094                . = ALIGN (0x4)
                0x20001094                PROVIDE (__init_array_start = .)
 *(SORT_BY_NAME(.init_array.*))
 *(.init_array)
 .init_array    0x20001094        0x4 c:/siliconlabs/simplicitystudio/v5/developer/toolchains/gnu_arm/12.2.rel1_2023.7/bin/../lib/gcc/arm-none-eabi/12.2.1/thumb/v8-m.main+fp/hard/crtbegin.o
                0x20001098                PROVIDE (__init_array_end = .)
                0x20001098                . = ALIGN (0x4)
                [!provide]                PROVIDE (__fini_array_start = .)
 *(SORT_BY_NAME(.fini_array.*))
 *(.fini_array)
 .fini_array    0x20001098        0x4 c:/siliconlabs/simplicitystudio/v5/developer/toolchains/gnu_arm/12.2.rel1_2023.7/bin/../lib/gcc/arm-none-eabi/12.2.1/thumb/v8-m.main+fp/hard/crtbegin.o
                [!provide]                PROVIDE (__fini_array_end = .)
                0x2000109c                . = ALIGN (0x4)
                0x2000109c                __data_end__ = .

.tm_clone_table
                0x2000109c        0x0 load address 0x08006498
 .tm_clone_table
                0x2000109c        0x0 c:/siliconlabs/simplicitystudio/v5/developer/toolchains/gnu_arm/12.2.rel1_2023.7/bin/../lib/gcc/arm-none-eabi/12.2.1/thumb/v8-m.main+fp/hard/crtbegin.o
 .tm_clone_table
                0x2000109c        0x0 c:/siliconlabs/simplicitystudio/v5/developer/toolchains/gnu_arm/12.2.rel1_2023.7/bin/../lib/gcc/arm-none-eabi/12.2.1/thumb/v8-m.main+fp/hard/crtend.o

.igot.plt       0x2000109c        0x0 load address 0x08006498
 .igot.plt      0x2000109c        0x0 c:/siliconlabs/simplicitystudio/v5/developer/toolchains/gnu_arm/12.2.rel1_2023.7/bin/../lib/gcc/arm-none-eabi/12.2.1/thumb/v8-m.main+fp/hard/crtbegin.o

.bss            0x2000109c      0x3ec load address 0x08006498
                0x2000109c                . = ALIGN (0x4)
                0x2000109c                __bss_start__ = .
 *(SORT_BY_ALIGNMENT(.bss*))
 .bss.object.0  0x2000109c       0x18 c:/siliconlabs/simplicitystudio/v5/developer/toolchains/gnu_arm/12.2.rel1_2023.7/bin/../lib/gcc/arm-none-eabi/12.2.1/thumb/v8-m.main+fp/hard/crtbegin.o
 .bss.delay_timer
                0x200010b4       0x20 ./i2cspm.o
 .bss.low_limit
                0x200010d4        0x4 ./i2cspm.o
 .bss.high_limit
                0x200010d8        0x4 ./i2cspm.o
 .bss.start_temperature
                0x200010dc        0x4 ./i2cspm.o
 .bss.temperature
                0x200010e0        0x4 ./i2cspm.o
 .bss.relative_humidity
                0x200010e4        0x4 ./i2cspm.o
 .bss.context_vcom
                0x200010e8       0x64 ./autogen/sl_iostream_init_eusart_instances.o
 .bss.sl_iostream_vcom
                0x2000114c       0x18 ./autogen/sl_iostream_init_eusart_instances.o
 .bss.dmaXfer   0x20001164      0x100 ./gecko_sdk_4.4.1/platform/emdrv/dmadrv/src/dmadrv.o
 .bss.chTable   0x20001264       0x80 ./gecko_sdk_4.4.1/platform/emdrv/dmadrv/src/dmadrv.o
 .bss.i2cTransfer
                0x200012e4       0x18 ./gecko_sdk_4.4.1/platform/emlib/src/em_i2c.o
 .bss.sli_iostream_default
                0x200012fc        0x4 ./gecko_sdk_4.4.1/platform/service/iostream/src/sl_iostream.o
 .bss.max_millisecond_conversion
                0x20001300        0x4 ./gecko_sdk_4.4.1/platform/service/sleeptimer/src/sl_sleeptimer.o
 .bss.last_delta_update_count
                0x20001304        0x4 ./gecko_sdk_4.4.1/platform/service/sleeptimer/src/sl_sleeptimer.o
 .bss.timer_head
                0x20001308        0x4 ./gecko_sdk_4.4.1/platform/service/sleeptimer/src/sl_sleeptimer.o
 .bss.timer_frequency
                0x2000130c        0x4 ./gecko_sdk_4.4.1/platform/service/sleeptimer/src/sl_sleeptimer.o
 .bss.__sf      0x20001310      0x138 c:/siliconlabs/simplicitystudio/v5/developer/toolchains/gnu_arm/12.2.rel1_2023.7/bin/../lib/gcc/arm-none-eabi/12.2.1/thumb/v8-m.main+fp/hard\libc_nano.a(libc_a-findfp.o)
                0x20001310                __sf
 .bss.__stdio_exit_handler
                0x20001448        0x4 c:/siliconlabs/simplicitystudio/v5/developer/toolchains/gnu_arm/12.2.rel1_2023.7/bin/../lib/gcc/arm-none-eabi/12.2.1/thumb/v8-m.main+fp/hard\libc_nano.a(libc_a-findfp.o)
                0x20001448                __stdio_exit_handler
 .bss.errno     0x2000144c        0x4 c:/siliconlabs/simplicitystudio/v5/developer/toolchains/gnu_arm/12.2.rel1_2023.7/bin/../lib/gcc/arm-none-eabi/12.2.1/thumb/v8-m.main+fp/hard\libc_nano.a(libc_a-reent.o)
                0x2000144c                errno
 .bss.__malloc_sbrk_start
                0x20001450        0x4 c:/siliconlabs/simplicitystudio/v5/developer/toolchains/gnu_arm/12.2.rel1_2023.7/bin/../lib/gcc/arm-none-eabi/12.2.1/thumb/v8-m.main+fp/hard\libc_nano.a(libc_a-mallocr.o)
                0x20001450                __malloc_sbrk_start
 .bss.__malloc_free_list
                0x20001454        0x4 c:/siliconlabs/simplicitystudio/v5/developer/toolchains/gnu_arm/12.2.rel1_2023.7/bin/../lib/gcc/arm-none-eabi/12.2.1/thumb/v8-m.main+fp/hard\libc_nano.a(libc_a-mallocr.o)
                0x20001454                __malloc_free_list
 .bss.overflow_counter
                0x20001458        0x2 ./gecko_sdk_4.4.1/platform/service/sleeptimer/src/sl_sleeptimer.o
 .bss.completed.1
                0x2000145a        0x1 c:/siliconlabs/simplicitystudio/v5/developer/toolchains/gnu_arm/12.2.rel1_2023.7/bin/../lib/gcc/arm-none-eabi/12.2.1/thumb/v8-m.main+fp/hard/crtbegin.o
 .bss.read_sensor_data
                0x2000145b        0x1 ./i2cspm.o
 .bss.rx_buffer_vcom
                0x2000145c       0x20 ./autogen/sl_iostream_init_eusart_instances.o
 .bss.initialized
                0x2000147c        0x1 ./gecko_sdk_4.4.1/platform/emdrv/dmadrv/src/dmadrv.o
 .bss.vScaleEM01Config
                0x2000147d        0x1 ./gecko_sdk_4.4.1/platform/emlib/src/em_emu.o
 .bss.dali_rx_nb_packets
                0x2000147e        0x2 ./gecko_sdk_4.4.1/platform/emlib/src/em_eusart.o
 .bss.dali_tx_nb_packets
                0x20001480        0x2 ./gecko_sdk_4.4.1/platform/emlib/src/em_eusart.o
 .bss.sleep_on_isr_exit
                0x20001482        0x1 ./gecko_sdk_4.4.1/platform/service/sleeptimer/src/sl_sleeptimer.o
 .bss.next_timer_to_expire_is_power_manager
                0x20001483        0x1 ./gecko_sdk_4.4.1/platform/service/sleeptimer/src/sl_sleeptimer.o
 .bss.is_sleeptimer_initialized
                0x20001484        0x1 ./gecko_sdk_4.4.1/platform/service/sleeptimer/src/sl_sleeptimer.o
 .bss.__lock___malloc_recursive_mutex
                0x20001485        0x1 c:/siliconlabs/simplicitystudio/v5/developer/toolchains/gnu_arm/12.2.rel1_2023.7/bin/../lib/gcc/arm-none-eabi/12.2.1/thumb/v8-m.main+fp/hard\libc_nano.a(libc_a-lock.o)
                0x20001485                __lock___malloc_recursive_mutex
 .bss.__lock___sfp_recursive_mutex
                0x20001486        0x1 c:/siliconlabs/simplicitystudio/v5/developer/toolchains/gnu_arm/12.2.rel1_2023.7/bin/../lib/gcc/arm-none-eabi/12.2.1/thumb/v8-m.main+fp/hard\libc_nano.a(libc_a-lock.o)
                0x20001486                __lock___sfp_recursive_mutex
 *(COMMON)
                0x20001488                . = ALIGN (0x4)
 *fill*         0x20001487        0x1 
                0x20001488                __bss_end__ = .
                0x20001488                __ramfuncs_start__ = .
                0x20001488                __vma_ramfuncs_start__ = .
                0x08006498                __lma_ramfuncs_start__ = (__etext + SIZEOF (.data))
                0x00000000                __text_application_ram_offset__ = (. - __vma_ramfuncs_start__)

text_application_ram
                0x20001488        0x0 load address 0x08006498
                0x20001488                . = ALIGN (0x4)
                0x20001488                __text_application_ram_start__ = .
 *(text_application_ram)
                0x20001488                . = ALIGN (0x4)
                0x20001488                __text_application_ram_end__ = .
                0x20001488                . = ALIGN (0x4)
                0x20001488                __vma_ramfuncs_end__ = .
                0x08006498                __lma_ramfuncs_end__ = ((__lma_ramfuncs_start__ + __text_application_ram_offset__) + SIZEOF (text_application_ram))
                0x20001488                __ramfuncs_end__ = .

.heap           0x20001488      0x800
                0x20001488                __HeapBase = .
                0x20001488                __end__ = .
                0x20001488                end = __end__
                0x20001488                _end = __end__
 *(.heap*)
 .heap          0x20001488      0x800 ./gecko_sdk_4.4.1/platform/common/toolchain/src/sl_memory.o
                0x20040000                __HeapLimit = (ORIGIN (RAM) + LENGTH (RAM))
                0x0003eb78                __heap_size = (__HeapLimit - __HeapBase)
                0x20040000                __ram_end__ = 0x20040000
                0x0817e000                __main_flash_end__ = 0x817e000

.internal_storage
 *(.internal_storage*)

.nvm
 *(.simee*)
                0x0817e000                linker_nvm_end = __main_flash_end__
                0x0817e000                linker_nvm_begin = (linker_nvm_end - SIZEOF (.nvm))
                0x00000000                linker_nvm_size = SIZEOF (.nvm)
                0x0817e000                linker_storage_end = linker_nvm_begin
                0x0817e000                __nvm3Base = linker_nvm_begin
                0x0817e000                linker_storage_begin = (linker_storage_end - SIZEOF (.internal_storage))
                0x00000000                linker_storage_size = SIZEOF (.internal_storage)
                0x00000001                ASSERT ((linker_storage_begin >= (__etext + SIZEOF (.data))), FLASH memory overflowed !)
                0x0817e000                app_flash_end = 0x817e000
                0x00000001                ASSERT (((linker_nvm_begin + SIZEOF (.nvm)) <= app_flash_end), NVM3 is excessing the flash size !)
OUTPUT(LPHR_Software.axf elf32-littlearm)
LOAD linker stubs

.ARM.attributes
                0x00000000       0x36
 .ARM.attributes
                0x00000000       0x26 c:/siliconlabs/simplicitystudio/v5/developer/toolchains/gnu_arm/12.2.rel1_2023.7/bin/../lib/gcc/arm-none-eabi/12.2.1/thumb/v8-m.main+fp/hard/crti.o
 .ARM.attributes
                0x00000026       0x38 c:/siliconlabs/simplicitystudio/v5/developer/toolchains/gnu_arm/12.2.rel1_2023.7/bin/../lib/gcc/arm-none-eabi/12.2.1/thumb/v8-m.main+fp/hard/crtbegin.o
 .ARM.attributes
                0x0000005e       0x24 c:/siliconlabs/simplicitystudio/v5/developer/toolchains/gnu_arm/12.2.rel1_2023.7/bin/../lib/gcc/arm-none-eabi/12.2.1/thumb/v8-m.main+fp/hard/crt0.o
 .ARM.attributes
                0x00000082       0x3a ./app.o
 .ARM.attributes
                0x000000bc       0x3a ./i2cspm.o
 .ARM.attributes
                0x000000f6       0x3a ./main.o
 .ARM.attributes
                0x00000130       0x3a ./autogen/sl_board_default_init.o
 .ARM.attributes
                0x0000016a       0x3a ./autogen/sl_device_init_clocks.o
 .ARM.attributes
                0x000001a4       0x3a ./autogen/sl_event_handler.o
 .ARM.attributes
                0x000001de       0x3a ./autogen/sl_i2cspm_init.o
 .ARM.attributes
                0x00000218       0x3a ./autogen/sl_iostream_init_eusart_instances.o
 .ARM.attributes
                0x00000252       0x3a ./autogen/sl_simple_led_instances.o
 .ARM.attributes
                0x0000028c       0x3a ./gecko_sdk_4.4.1/hardware/board/src/sl_board_control_gpio.o
 .ARM.attributes
                0x000002c6       0x3a ./gecko_sdk_4.4.1/hardware/board/src/sl_board_init.o
 .ARM.attributes
                0x00000300       0x3a ./gecko_sdk_4.4.1/hardware/driver/configuration_over_swo/src/sl_cos.o
 .ARM.attributes
                0x0000033a       0x3a ./gecko_sdk_4.4.1/hardware/driver/mx25_flash_shutdown/src/sl_mx25_flash_shutdown_usart/sl_mx25_flash_shutdown.o
 .ARM.attributes
                0x00000374       0x3a ./gecko_sdk_4.4.1/platform/Device/SiliconLabs/EFR32MG24/Source/startup_efr32mg24.o
 .ARM.attributes
                0x000003ae       0x3a ./gecko_sdk_4.4.1/platform/Device/SiliconLabs/EFR32MG24/Source/system_efr32mg24.o
 .ARM.attributes
                0x000003e8       0x3a ./gecko_sdk_4.4.1/platform/common/src/sl_assert.o
 .ARM.attributes
                0x00000422       0x3a ./gecko_sdk_4.4.1/platform/common/toolchain/src/sl_memory.o
 .ARM.attributes
                0x0000045c       0x3a ./gecko_sdk_4.4.1/platform/driver/debug/src/sl_debug_swo.o
 .ARM.attributes
                0x00000496       0x3a ./gecko_sdk_4.4.1/platform/driver/i2cspm/src/sl_i2cspm.o
 .ARM.attributes
                0x000004d0       0x3a ./gecko_sdk_4.4.1/platform/driver/leddrv/src/sl_led.o
 .ARM.attributes
                0x0000050a       0x3a ./gecko_sdk_4.4.1/platform/driver/leddrv/src/sl_simple_led.o
 .ARM.attributes
                0x00000544       0x3a ./gecko_sdk_4.4.1/platform/emdrv/dmadrv/src/dmadrv.o
 .ARM.attributes
                0x0000057e       0x3a ./gecko_sdk_4.4.1/platform/emlib/src/em_cmu.o
 .ARM.attributes
                0x000005b8       0x3a ./gecko_sdk_4.4.1/platform/emlib/src/em_core.o
 .ARM.attributes
                0x000005f2       0x3a ./gecko_sdk_4.4.1/platform/emlib/src/em_emu.o
 .ARM.attributes
                0x0000062c       0x3a ./gecko_sdk_4.4.1/platform/emlib/src/em_eusart.o
 .ARM.attributes
                0x00000666       0x3a ./gecko_sdk_4.4.1/platform/emlib/src/em_gpio.o
 .ARM.attributes
                0x000006a0       0x3a ./gecko_sdk_4.4.1/platform/emlib/src/em_i2c.o
 .ARM.attributes
                0x000006da       0x3a ./gecko_sdk_4.4.1/platform/emlib/src/em_ldma.o
 .ARM.attributes
                0x00000714       0x3a ./gecko_sdk_4.4.1/platform/emlib/src/em_usart.o
 .ARM.attributes
                0x0000074e       0x3a ./gecko_sdk_4.4.1/platform/peripheral/src/peripheral_sysrtc.o
 .ARM.attributes
                0x00000788       0x3a ./gecko_sdk_4.4.1/platform/service/device_init/src/sl_device_init_dcdc_s2.o
 .ARM.attributes
                0x000007c2       0x3a ./gecko_sdk_4.4.1/platform/service/device_init/src/sl_device_init_emu_s2.o
 .ARM.attributes
                0x000007fc       0x3a ./gecko_sdk_4.4.1/platform/service/device_init/src/sl_device_init_hfxo_s2.o
 .ARM.attributes
                0x00000836       0x3a ./gecko_sdk_4.4.1/platform/service/device_init/src/sl_device_init_lfxo_s2.o
 .ARM.attributes
                0x00000870       0x3a ./gecko_sdk_4.4.1/platform/service/device_init/src/sl_device_init_nvic.o
 .ARM.attributes
                0x000008aa       0x3a ./gecko_sdk_4.4.1/platform/service/iostream/src/sl_iostream.o
 .ARM.attributes
                0x000008e4       0x3a ./gecko_sdk_4.4.1/platform/service/iostream/src/sl_iostream_eusart.o
 .ARM.attributes
                0x0000091e       0x3a ./gecko_sdk_4.4.1/platform/service/iostream/src/sl_iostream_retarget_stdio.o
 .ARM.attributes
                0x00000958       0x3a ./gecko_sdk_4.4.1/platform/service/iostream/src/sl_iostream_stdlib_config.o
 .ARM.attributes
                0x00000992       0x3a ./gecko_sdk_4.4.1/platform/service/iostream/src/sl_iostream_uart.o
 .ARM.attributes
                0x000009cc       0x3a ./gecko_sdk_4.4.1/platform/service/sleeptimer/src/sl_sleeptimer.o
 .ARM.attributes
                0x00000a06       0x3a ./gecko_sdk_4.4.1/platform/service/sleeptimer/src/sl_sleeptimer_hal_sysrtc.o
 .ARM.attributes
                0x00000a40       0x3a ./gecko_sdk_4.4.1/platform/service/system/src/sl_system_init.o
 .ARM.attributes
                0x00000a7a       0x3a ./gecko_sdk_4.4.1/platform/service/system/src/sl_system_process_action.o
 .ARM.attributes
                0x00000ab4       0x3a ./gecko_sdk_4.4.1/platform/service/udelay/src/sl_udelay.o
 .ARM.attributes
                0x00000aee       0x26 ./gecko_sdk_4.4.1/platform/service/udelay/src/sl_udelay_armv6m_gcc.o
 .ARM.attributes