Archive member included to satisfy reference by file (symbol)

c:/siliconlabs/simplicitystudio/v5/developer/toolchains/gnu_arm/12.2.rel1_2023.7/bin/../lib/gcc/arm-none-eabi/12.2.1/thumb/v8-m.main+fp/hard\libgcc.a(_arm_muldf3.o)
                              ./as.o (__aeabi_dmul)
c:/siliconlabs/simplicitystudio/v5/developer/toolchains/gnu_arm/12.2.rel1_2023.7/bin/../lib/gcc/arm-none-eabi/12.2.1/thumb/v8-m.main+fp/hard\libgcc.a(_arm_addsubdf3.o)
                              ./as.o (__aeabi_dsub)
c:/siliconlabs/simplicitystudio/v5/developer/toolchains/gnu_arm/12.2.rel1_2023.7/bin/../lib/gcc/arm-none-eabi/12.2.1/thumb/v8-m.main+fp/hard\libgcc.a(_arm_truncdfsf2.o)
                              ./as.o (__aeabi_d2f)
c:/siliconlabs/simplicitystudio/v5/developer/toolchains/gnu_arm/12.2.rel1_2023.7/bin/../lib/gcc/arm-none-eabi/12.2.1/thumb/v8-m.main+fp/hard\libgcc.a(_aeabi_ldivmod.o)
                              ./gecko_sdk_4.4.1/platform/emlib/src/em_eusart.o (__aeabi_ldivmod)
c:/siliconlabs/simplicitystudio/v5/developer/toolchains/gnu_arm/12.2.rel1_2023.7/bin/../lib/gcc/arm-none-eabi/12.2.1/thumb/v8-m.main+fp/hard\libgcc.a(_aeabi_uldivmod.o)
                              ./gecko_sdk_4.4.1/platform/emlib/src/em_eusart.o (__aeabi_uldivmod)
c:/siliconlabs/simplicitystudio/v5/developer/toolchains/gnu_arm/12.2.rel1_2023.7/bin/../lib/gcc/arm-none-eabi/12.2.1/thumb/v8-m.main+fp/hard\libgcc.a(_udivmoddi4.o)
                              c:/siliconlabs/simplicitystudio/v5/developer/toolchains/gnu_arm/12.2.rel1_2023.7/bin/../lib/gcc/arm-none-eabi/12.2.1/thumb/v8-m.main+fp/hard\libgcc.a(_aeabi_ldivmod.o) (__udivmoddi4)
c:/siliconlabs/simplicitystudio/v5/developer/toolchains/gnu_arm/12.2.rel1_2023.7/bin/../lib/gcc/arm-none-eabi/12.2.1/thumb/v8-m.main+fp/hard\libgcc.a(_dvmd_tls.o)
                              c:/siliconlabs/simplicitystudio/v5/developer/toolchains/gnu_arm/12.2.rel1_2023.7/bin/../lib/gcc/arm-none-eabi/12.2.1/thumb/v8-m.main+fp/hard\libgcc.a(_aeabi_ldivmod.o) (__aeabi_ldiv0)
c:/siliconlabs/simplicitystudio/v5/developer/toolchains/gnu_arm/12.2.rel1_2023.7/bin/../lib/gcc/arm-none-eabi/12.2.1/thumb/v8-m.main+fp/hard\libc_nano.a(libc_a-exit.o)
                              c:/siliconlabs/simplicitystudio/v5/developer/toolchains/gnu_arm/12.2.rel1_2023.7/bin/../lib/gcc/arm-none-eabi/12.2.1/thumb/v8-m.main+fp/hard/crt0.o (exit)
c:/siliconlabs/simplicitystudio/v5/developer/toolchains/gnu_arm/12.2.rel1_2023.7/bin/../lib/gcc/arm-none-eabi/12.2.1/thumb/v8-m.main+fp/hard\libc_nano.a(libc_a-ctype_.o)
                              ./gecko_sdk_4.4.1/platform/common/src/sl_string.o (_ctype_)
c:/siliconlabs/simplicitystudio/v5/developer/toolchains/gnu_arm/12.2.rel1_2023.7/bin/../lib/gcc/arm-none-eabi/12.2.1/thumb/v8-m.main+fp/hard\libc_nano.a(libc_a-nano-vfprintf_float.o)
                              (_printf_float)
c:/siliconlabs/simplicitystudio/v5/developer/toolchains/gnu_arm/12.2.rel1_2023.7/bin/../lib/gcc/arm-none-eabi/12.2.1/thumb/v8-m.main+fp/hard\libc_nano.a(libc_a-nano-vfprintf_i.o)
                              c:/siliconlabs/simplicitystudio/v5/developer/toolchains/gnu_arm/12.2.rel1_2023.7/bin/../lib/gcc/arm-none-eabi/12.2.1/thumb/v8-m.main+fp/hard\libc_nano.a(libc_a-nano-vfprintf_float.o) (_printf_common)
c:/siliconlabs/simplicitystudio/v5/developer/toolchains/gnu_arm/12.2.rel1_2023.7/bin/../lib/gcc/arm-none-eabi/12.2.1/thumb/v8-m.main+fp/hard\libc_nano.a(libc_a-findfp.o)
                              c:/siliconlabs/simplicitystudio/v5/developer/toolchains/gnu_arm/12.2.rel1_2023.7/bin/../lib/gcc/arm-none-eabi/12.2.1/thumb/v8-m.main+fp/hard\libc_nano.a(libc_a-exit.o) (__stdio_exit_handler)
c:/siliconlabs/simplicitystudio/v5/developer/toolchains/gnu_arm/12.2.rel1_2023.7/bin/../lib/gcc/arm-none-eabi/12.2.1/thumb/v8-m.main+fp/hard\libc_nano.a(libc_a-fwalk.o)
                              c:/siliconlabs/simplicitystudio/v5/developer/toolchains/gnu_arm/12.2.rel1_2023.7/bin/../lib/gcc/arm-none-eabi/12.2.1/thumb/v8-m.main+fp/hard\libc_nano.a(libc_a-findfp.o) (_fwalk_sglue)
c:/siliconlabs/simplicitystudio/v5/developer/toolchains/gnu_arm/12.2.rel1_2023.7/bin/../lib/gcc/arm-none-eabi/12.2.1/thumb/v8-m.main+fp/hard\libc_nano.a(libc_a-printf.o)
                              ./app.o (printf)
c:/siliconlabs/simplicitystudio/v5/developer/toolchains/gnu_arm/12.2.rel1_2023.7/bin/../lib/gcc/arm-none-eabi/12.2.1/thumb/v8-m.main+fp/hard\libc_nano.a(libc_a-putchar.o)
                              ./app.o (putchar)
c:/siliconlabs/simplicitystudio/v5/developer/toolchains/gnu_arm/12.2.rel1_2023.7/bin/../lib/gcc/arm-none-eabi/12.2.1/thumb/v8-m.main+fp/hard\libc_nano.a(libc_a-puts.o)
                              ./app.o (puts)
c:/siliconlabs/simplicitystudio/v5/developer/toolchains/gnu_arm/12.2.rel1_2023.7/bin/../lib/gcc/arm-none-eabi/12.2.1/thumb/v8-m.main+fp/hard\libc_nano.a(libc_a-setvbuf.o)
                              ./gecko_sdk_4.4.1/platform/service/iostream/src/sl_iostream_stdlib_config.o (setvbuf)
[...]
Memory Configuration

Name             Origin             Length             Attributes
FLASH            0x08000000         0x0017e000         xr
RAM              0x20000000         0x00040000         xrw
*default*        0x00000000         0xffffffff

Linker script and memory map

LOAD c:/siliconlabs/simplicitystudio/v5/developer/toolchains/gnu_arm/12.2.rel1_2023.7/bin/../lib/gcc/arm-none-eabi/12.2.1/thumb/v8-m.main+fp/hard/crti.o
LOAD c:/siliconlabs/simplicitystudio/v5/developer/toolchains/gnu_arm/12.2.rel1_2023.7/bin/../lib/gcc/arm-none-eabi/12.2.1/thumb/v8-m.main+fp/hard/crtbegin.o
LOAD c:/siliconlabs/simplicitystudio/v5/developer/toolchains/gnu_arm/12.2.rel1_2023.7/bin/../lib/gcc/arm-none-eabi/12.2.1/thumb/v8-m.main+fp/hard/crt0.o
START GROUP
LOAD ./app.o
LOAD ./as.o
LOAD ./main.o
LOAD ./mpl.o
LOAD ./si.o
LOAD ./autogen/sl_board_default_init.o
LOAD ./autogen/sl_device_init_clocks.o
LOAD ./autogen/sl_event_handler.o
LOAD ./autogen/sl_i2cspm_init.o
LOAD ./autogen/sl_iostream_handles.o
LOAD ./autogen/sl_iostream_init_eusart_instances.o
LOAD ./autogen/sl_simple_led_instances.o
LOAD ./gecko_sdk_4.4.1/hardware/board/src/sl_board_control_gpio.o
LOAD ./gecko_sdk_4.4.1/hardware/board/src/sl_board_init.o
LOAD ./gecko_sdk_4.4.1/hardware/driver/configuration_over_swo/src/sl_cos.o
LOAD ./gecko_sdk_4.4.1/hardware/driver/mx25_flash_shutdown/src/sl_mx25_flash_shutdown_usart/sl_mx25_flash_shutdown.o
LOAD ./gecko_sdk_4.4.1/platform/Device/SiliconLabs/EFR32MG24/Source/startup_efr32mg24.o
LOAD ./gecko_sdk_4.4.1/platform/Device/SiliconLabs/EFR32MG24/Source/system_efr32mg24.o
LOAD ./gecko_sdk_4.4.1/platform/common/src/sl_assert.o
LOAD ./gecko_sdk_4.4.1/platform/common/src/sl_slist.o
LOAD ./gecko_sdk_4.4.1/platform/common/src/sl_string.o
LOAD ./gecko_sdk_4.4.1/platform/common/src/sl_syscalls.o
LOAD ./gecko_sdk_4.4.1/platform/common/toolchain/src/sl_memory.o
LOAD ./gecko_sdk_4.4.1/platform/driver/debug/src/sl_debug_swo.o
LOAD ./gecko_sdk_4.4.1/platform/driver/i2cspm/src/sl_i2cspm.o
LOAD ./gecko_sdk_4.4.1/platform/driver/leddrv/src/sl_led.o
LOAD ./gecko_sdk_4.4.1/platform/driver/leddrv/src/sl_simple_led.o
LOAD ./gecko_sdk_4.4.1/platform/emdrv/dmadrv/src/dmadrv.o
LOAD ./gecko_sdk_4.4.1/platform/emlib/src/em_burtc.o
LOAD ./gecko_sdk_4.4.1/platform/emlib/src/em_cmu.o
LOAD ./gecko_sdk_4.4.1/platform/emlib/src/em_core.o
LOAD ./gecko_sdk_4.4.1/platform/emlib/src/em_emu.o
LOAD ./gecko_sdk_4.4.1/platform/emlib/src/em_eusart.o
LOAD ./gecko_sdk_4.4.1/platform/emlib/src/em_gpio.o
LOAD ./gecko_sdk_4.4.1/platform/emlib/src/em_i2c.o
LOAD ./gecko_sdk_4.4.1/platform/emlib/src/em_ldma.o
LOAD ./gecko_sdk_4.4.1/platform/emlib/src/em_msc.o
LOAD ./gecko_sdk_4.4.1/platform/emlib/src/em_prs.o
LOAD ./gecko_sdk_4.4.1/platform/emlib/src/em_system.o
LOAD ./gecko_sdk_4.4.1/platform/emlib/src/em_timer.o
LOAD ./gecko_sdk_4.4.1/platform/emlib/src/em_usart.o
LOAD ./gecko_sdk_4.4.1/platform/peripheral/src/peripheral_sysrtc.o
LOAD ./gecko_sdk_4.4.1/platform/service/device_init/src/sl_device_init_dcdc_s2.o
LOAD ./gecko_sdk_4.4.1/platform/service/device_init/src/sl_device_init_emu_s2.o
LOAD ./gecko_sdk_4.4.1/platform/service/device_init/src/sl_device_init_hfxo_s2.o
LOAD ./gecko_sdk_4.4.1/platform/service/device_init/src/sl_device_init_lfxo_s2.o
LOAD ./gecko_sdk_4.4.1/platform/service/device_init/src/sl_device_init_nvic.o
LOAD ./gecko_sdk_4.4.1/platform/service/iostream/src/sl_iostream.o
LOAD ./gecko_sdk_4.4.1/platform/service/iostream/src/sl_iostream_eusart.o
LOAD ./gecko_sdk_4.4.1/platform/service/iostream/src/sl_iostream_retarget_stdio.o
LOAD ./gecko_sdk_4.4.1/platform/service/iostream/src/sl_iostream_stdlib_config.o
LOAD ./gecko_sdk_4.4.1/platform/service/iostream/src/sl_iostream_uart.o
LOAD ./gecko_sdk_4.4.1/platform/service/sleeptimer/src/sl_sleeptimer.o
LOAD ./gecko_sdk_4.4.1/platform/service/sleeptimer/src/sl_sleeptimer_hal_burtc.o
LOAD ./gecko_sdk_4.4.1/platform/service/sleeptimer/src/sl_sleeptimer_hal_sysrtc.o
LOAD ./gecko_sdk_4.4.1/platform/service/sleeptimer/src/sl_sleeptimer_hal_timer.o
LOAD ./gecko_sdk_4.4.1/platform/service/system/src/sl_system_init.o
LOAD ./gecko_sdk_4.4.1/platform/service/system/src/sl_system_process_action.o
LOAD ./gecko_sdk_4.4.1/platform/service/udelay/src/sl_udelay.o
LOAD ./gecko_sdk_4.4.1/platform/service/udelay/src/sl_udelay_armv6m_gcc.o
LOAD c:/siliconlabs/simplicitystudio/v5/developer/toolchains/gnu_arm/12.2.rel1_2023.7/bin/../lib/gcc/arm-none-eabi/12.2.1/thumb/v8-m.main+fp/hard\libgcc.a
LOAD c:/siliconlabs/simplicitystudio/v5/developer/toolchains/gnu_arm/12.2.rel1_2023.7/bin/../lib/gcc/arm-none-eabi/12.2.1/thumb/v8-m.main+fp/hard\libc_nano.a
LOAD c:/siliconlabs/simplicitystudio/v5/developer/toolchains/gnu_arm/12.2.rel1_2023.7/bin/../lib/gcc/arm-none-eabi/12.2.1/thumb/v8-m.main+fp/hard\libm.a
LOAD c:/siliconlabs/simplicitystudio/v5/developer/toolchains/gnu_arm/12.2.rel1_2023.7/bin/../lib/gcc/arm-none-eabi/12.2.1/thumb/v8-m.main+fp/hard\libnosys.a
END GROUP
START GROUP
LOAD c:/siliconlabs/simplicitystudio/v5/developer/toolchains/gnu_arm/12.2.rel1_2023.7/bin/../lib/gcc/arm-none-eabi/12.2.1/thumb/v8-m.main+fp/hard\libgcc.a
LOAD c:/siliconlabs/simplicitystudio/v5/developer/toolchains/gnu_arm/12.2.rel1_2023.7/bin/../lib/gcc/arm-none-eabi/12.2.1/thumb/v8-m.main+fp/hard\libc_nano.a
LOAD c:/siliconlabs/simplicitystudio/v5/developer/toolchains/gnu_arm/12.2.rel1_2023.7/bin/../lib/gcc/arm-none-eabi/12.2.1/thumb/v8-m.main+fp/hard\libnosys.a
END GROUP
START GROUP
LOAD c:/siliconlabs/simplicitystudio/v5/developer/toolchains/gnu_arm/12.2.rel1_2023.7/bin/../lib/gcc/arm-none-eabi/12.2.1/thumb/v8-m.main+fp/hard\libgcc.a
LOAD c:/siliconlabs/simplicitystudio/v5/developer/toolchains/gnu_arm/12.2.rel1_2023.7/bin/../lib/gcc/arm-none-eabi/12.2.1/thumb/v8-m.main+fp/hard\libg_nano.a
LOAD c:/siliconlabs/simplicitystudio/v5/developer/toolchains/gnu_arm/12.2.rel1_2023.7/bin/../lib/gcc/arm-none-eabi/12.2.1/thumb/v8-m.main+fp/hard\libc_nano.a
END GROUP
START GROUP
LOAD c:/siliconlabs/simplicitystudio/v5/developer/toolchains/gnu_arm/12.2.rel1_2023.7/bin/../lib/gcc/arm-none-eabi/12.2.1/thumb/v8-m.main+fp/hard\libgcc.a
LOAD c:/siliconlabs/simplicitystudio/v5/developer/toolchains/gnu_arm/12.2.rel1_2023.7/bin/../lib/gcc/arm-none-eabi/12.2.1/thumb/v8-m.main+fp/hard\libc_nano.a
END GROUP
LOAD c:/siliconlabs/simplicitystudio/v5/developer/toolchains/gnu_arm/12.2.rel1_2023.7/bin/../lib/gcc/arm-none-eabi/12.2.1/thumb/v8-m.main+fp/hard/crtend.o
LOAD c:/siliconlabs/simplicitystudio/v5/developer/toolchains/gnu_arm/12.2.rel1_2023.7/bin/../lib/gcc/arm-none-eabi/12.2.1/thumb/v8-m.main+fp/hard/crtn.o

.text           0x08000000     0x9940
                0x08000000                linker_vectors_begin = .
 *(.vectors)
 .vectors       0x08000000      0x170 ./gecko_sdk_4.4.1/platform/Device/SiliconLabs/EFR32MG24/Source/startup_efr32mg24.o
                0x08000000                __Vectors
                0x08000170                linker_vectors_end = .
                0x08000170                __Vectors_End = .
                0x08000170                __Vectors_Size = (__Vectors_End - __Vectors)
                0x08000170                linker_code_begin = .
 *(SORT_BY_ALIGNMENT(.text*))
 .text          0x08000170        0x8 ./gecko_sdk_4.4.1/platform/service/udelay/src/sl_udelay_armv6m_gcc.o
                0x08000170                sli_delay_loop
 .text.AS7331_GetTemperature
                0x08000178       0x80 ./as.o
                0x08000178                AS7331_GetTemperature
 .text._dtoa_r  0x080001f8      0xc54 c:/siliconlabs/simplicitystudio/v5/developer/toolchains/gnu_arm/12.2.rel1_2023.7/bin/../lib/gcc/arm-none-eabi/12.2.1/thumb/v8-m.main+fp/hard\libc_nano.a(libc_a-dtoa.o)
                0x080001f8                _dtoa_r
 .text.deregister_tm_clones
                0x08000e4c       0x1c c:/siliconlabs/simplicitystudio/v5/developer/toolchains/gnu_arm/12.2.rel1_2023.7/bin/../lib/gcc/arm-none-eabi/12.2.1/thumb/v8-m.main+fp/hard/crtbegin.o
 .text.register_tm_clones
                0x08000e68       0x28 c:/siliconlabs/simplicitystudio/v5/developer/toolchains/gnu_arm/12.2.rel1_2023.7/bin/../lib/gcc/arm-none-eabi/12.2.1/thumb/v8-m.main+fp/hard/crtbegin.o
 .text.__do_global_dtors_aux
                0x08000e90       0x28 c:/siliconlabs/simplicitystudio/v5/developer/toolchains/gnu_arm/12.2.rel1_2023.7/bin/../lib/gcc/arm-none-eabi/12.2.1/thumb/v8-m.main+fp/hard/crtbegin.o
 .text.frame_dummy
                0x08000eb8       0x24 c:/siliconlabs/simplicitystudio/v5/developer/toolchains/gnu_arm/12.2.rel1_2023.7/bin/../lib/gcc/arm-none-eabi/12.2.1/thumb/v8-m.main+fp/hard/crtbegin.o
 .text          0x08000edc       0x7c c:/siliconlabs/simplicitystudio/v5/developer/toolchains/gnu_arm/12.2.rel1_2023.7/bin/../lib/gcc/arm-none-eabi/12.2.1/thumb/v8-m.main+fp/hard/crt0.o
                0x08000edc                _stack_init
                0x08000ee4                _start
                0x08000ee4                _mainCRTStartup
 .text.app_init
                0x08000f58       0xb4 ./app.o
                0x08000f58                app_init
 .text.app_process_action
                0x0800100c       0x20 ./app.o
                0x0800100c                app_process_action
 .text.as_flush_buffers
                0x0800102c       0x24 ./as.o
 .text.AS7331_transaction.constprop.0
                0x08001050       0x50 ./as.o
 .text.AS7331_ChangeMode
                0x080010a0       0x78 ./as.o
                0x080010a0                AS7331_ChangeMode
 .text.AS7331_StartCMDTransfer
                0x08001118       0x64 ./as.o
                0x08001118                AS7331_StartCMDTransfer
 .text.AS7331_GetFSR
                0x0800117c       0x58 ./as.o
                0x0800117c                AS7331_GetFSR
 .text.AS7331_GetUV
                0x080011d4      0x130 ./as.o
                0x080011d4                AS7331_GetUV
 .text.AS7331_Report
                0x08001304       0x90 ./as.o
                0x08001304                AS7331_Report
 .text.as_dev_id
                0x08001394       0x68 ./as.o
                0x08001394                as_dev_id
 .text.as_init  0x080013fc       0xf4 ./as.o
                0x080013fc                as_init
 .text.mpl_flush_buffers
                0x080014f0       0x24 ./mpl.o
                0x080014f0                mpl_flush_buffers
 .text.MPL3115A2_GetPressure
                0x08001514       0xb8 ./mpl.o
                0x08001514                MPL3115A2_GetPressure
 .text.MPL3115A2_GetTemperature
                0x080015cc       0xa4 ./mpl.o
                0x080015cc                MPL3115A2_GetTemperature
 .text.MPL3115A2_Report
                0x08001670       0x50 ./mpl.o
                0x08001670                MPL3115A2_Report
 .text.mpl_dev_id
                0x080016c0       0x84 ./mpl.o
                0x080016c0                mpl_dev_id
 .text.mpl_init
                0x08001744       0xc4 ./mpl.o
                0x08001744                mpl_init
 .text.timer_callback
                0x08001808        0xc ./si.o
 .text.decode_temp
                0x08001814       0x54 ./si.o
                0x08001814                decode_temp
 .text.SI7021_measure.constprop.0
                0x08001868       0xc8 ./si.o
 .text.initialise_temp_limits
                0x08001930       0x28 ./si.o
                0x08001930                initialise_temp_limits
 .text.si_dev_id
                0x08001958       0x78 ./si.o
                0x08001958                si_dev_id
 .text.si_init  0x080019d0       0x2c ./si.o
                0x080019d0                si_init
 .text.sl_device_init_clocks
                0x080019fc       0xac ./autogen/sl_device_init_clocks.o
                0x080019fc                sl_device_init_clocks
 .text.sl_i2cspm_init_instances
                0x08001aa8       0x18 ./autogen/sl_i2cspm_init.o
                0x08001aa8                sl_i2cspm_init_instances
 .text.sl_iostream_eusart_init_vcom
                0x08001ac0       0xc4 ./autogen/sl_iostream_init_eusart_instances.o
                0x08001ac0                sl_iostream_eusart_init_vcom
 .text.EUSART0_RX_IRQHandler
                0x08001b84        0xc ./autogen/sl_iostream_init_eusart_instances.o
                0x08001b84                EUSART0_RX_IRQHandler
 .text.sl_simple_led_init_instances
                0x08001b90       0x1c ./autogen/sl_simple_led_instances.o
                0x08001b90                sl_simple_led_init_instances
 .text.sl_board_enable_sensor
                0x08001bac       0x60 ./gecko_sdk_4.4.1/hardware/board/src/sl_board_control_gpio.o
                0x08001bac                sl_board_enable_sensor
 .text.cs_high  0x08001c0c       0x10 ./gecko_sdk_4.4.1/hardware/driver/mx25_flash_shutdown/src/sl_mx25_flash_shutdown_usart/sl_mx25_flash_shutdown.o
 .text.cs_low   0x08001c1c       0x10 ./gecko_sdk_4.4.1/hardware/driver/mx25_flash_shutdown/src/sl_mx25_flash_shutdown_usart/sl_mx25_flash_shutdown.o
 .text.sl_mx25_flash_shutdown
                0x08001c2c      0x118 ./gecko_sdk_4.4.1/hardware/driver/mx25_flash_shutdown/src/sl_mx25_flash_shutdown_usart/sl_mx25_flash_shutdown.o
                0x08001c2c                sl_mx25_flash_shutdown
 .text.CopyRamFuncs
                0x08001d44       0x1c ./gecko_sdk_4.4.1/platform/Device/SiliconLabs/EFR32MG24/Source/startup_efr32mg24.o
                0x08001d44                CopyRamFuncs
 .text.Reset_Handler
                0x08001d60       0x64 ./gecko_sdk_4.4.1/platform/Device/SiliconLabs/EFR32MG24/Source/startup_efr32mg24.o
                0x08001d60                Reset_Handler
 .text.SystemInit
                0x08001dc4       0x68 ./gecko_sdk_4.4.1/platform/Device/SiliconLabs/EFR32MG24/Source/system_efr32mg24.o
                0x08001dc4                SystemInit
 .text.SystemHFRCODPLLClockGet
                0x08001e2c        0xc ./gecko_sdk_4.4.1/platform/Device/SiliconLabs/EFR32MG24/Source/system_efr32mg24.o
                0x08001e2c                SystemHFRCODPLLClockGet
 .text.SystemSYSCLKGet
                0x08001e38       0x34 ./gecko_sdk_4.4.1/platform/Device/SiliconLabs/EFR32MG24/Source/system_efr32mg24.o
                0x08001e38                SystemSYSCLKGet
 .text.SystemHCLKGet
                0x08001e6c       0x24 ./gecko_sdk_4.4.1/platform/Device/SiliconLabs/EFR32MG24/Source/system_efr32mg24.o
                0x08001e6c                SystemHCLKGet
 .text.SystemMaxCoreClockGet
                0x08001e90        0x8 ./gecko_sdk_4.4.1/platform/Device/SiliconLabs/EFR32MG24/Source/system_efr32mg24.o
                0x08001e90                SystemMaxCoreClockGet
 .text.SystemHFXOClockGet
                0x08001e98        0xc ./gecko_sdk_4.4.1/platform/Device/SiliconLabs/EFR32MG24/Source/system_efr32mg24.o
                0x08001e98                SystemHFXOClockGet
 .text.SystemHFXOClockSet
                0x08001ea4       0x20 ./gecko_sdk_4.4.1/platform/Device/SiliconLabs/EFR32MG24/Source/system_efr32mg24.o
                0x08001ea4                SystemHFXOClockSet
 .text.SystemFSRCOClockGet
                0x08001ec4        0x8 ./gecko_sdk_4.4.1/platform/Device/SiliconLabs/EFR32MG24/Source/system_efr32mg24.o
                0x08001ec4                SystemFSRCOClockGet
 .text.SystemHFRCOEM23ClockGet
                0x08001ecc       0x84 ./gecko_sdk_4.4.1/platform/Device/SiliconLabs/EFR32MG24/Source/system_efr32mg24.o
                0x08001ecc                SystemHFRCOEM23ClockGet
 .text.SystemLFXOClockGet
                0x08001f50        0xc ./gecko_sdk_4.4.1/platform/Device/SiliconLabs/EFR32MG24/Source/system_efr32mg24.o
                0x08001f50                SystemLFXOClockGet
 .text._sbrk    0x08001f5c       0x20 ./gecko_sdk_4.4.1/platform/common/toolchain/src/sl_memory.o
                0x08001f5c                _sbrk
 .text.sl_debug_swo_init
                0x08001f7c      0x114 ./gecko_sdk_4.4.1/platform/driver/debug/src/sl_debug_swo.o
                0x08001f7c                sl_debug_swo_init
 .text.sl_debug_swo_write_u8
                0x08002090       0x44 ./gecko_sdk_4.4.1/platform/driver/debug/src/sl_debug_swo.o
                0x08002090                sl_debug_swo_write_u8
 .text.I2CSPM_Init
                0x080020d4      0x158 ./gecko_sdk_4.4.1/platform/driver/i2cspm/src/sl_i2cspm.o
                0x080020d4                I2CSPM_Init
 .text.I2CSPM_Transfer
                0x0800222c       0x20 ./gecko_sdk_4.4.1/platform/driver/i2cspm/src/sl_i2cspm.o
                0x0800222c                I2CSPM_Transfer
 .text.GPIO_PinOutClear
                0x0800224c       0x3c ./gecko_sdk_4.4.1/platform/driver/leddrv/src/sl_simple_led.o
 .text.GPIO_PinOutSet
                0x08002288       0x3c ./gecko_sdk_4.4.1/platform/driver/leddrv/src/sl_simple_led.o
 .text.sl_simple_led_toggle
                0x080022c4       0x3c ./gecko_sdk_4.4.1/platform/driver/leddrv/src/sl_simple_led.o
                0x080022c4                sl_simple_led_toggle
 .text.sl_simple_led_get_state
                0x08002300       0x4c ./gecko_sdk_4.4.1/platform/driver/leddrv/src/sl_simple_led.o
                0x08002300                sl_simple_led_get_state
 .text.StartTransfer
                0x0800234c      0x17c ./gecko_sdk_4.4.1/platform/emdrv/dmadrv/src/dmadrv.o
 .text.DMADRV_AllocateChannel
                0x080024c8       0x60 ./gecko_sdk_4.4.1/platform/emdrv/dmadrv/src/dmadrv.o
                0x080024c8                DMADRV_AllocateChannel
 .text.DMADRV_DeInit
                0x08002528       0x44 ./gecko_sdk_4.4.1/platform/emdrv/dmadrv/src/dmadrv.o
                0x08002528                DMADRV_DeInit
 .text.DMADRV_FreeChannel
                0x0800256c       0x4c ./gecko_sdk_4.4.1/platform/emdrv/dmadrv/src/dmadrv.o
                0x0800256c                DMADRV_FreeChannel
 .text.DMADRV_Init
                0x080025b8       0x68 ./gecko_sdk_4.4.1/platform/emdrv/dmadrv/src/dmadrv.o
                0x080025b8                DMADRV_Init
 .text.DMADRV_PauseTransfer
                0x08002620       0x40 ./gecko_sdk_4.4.1/platform/emdrv/dmadrv/src/dmadrv.o
                0x08002620                DMADRV_PauseTransfer
 .text.DMADRV_ResumeTransfer
                0x08002660       0x40 ./gecko_sdk_4.4.1/platform/emdrv/dmadrv/src/dmadrv.o
                0x08002660                DMADRV_ResumeTransfer
 .text.DMADRV_StopTransfer
                0x080026a0       0x40 ./gecko_sdk_4.4.1/platform/emdrv/dmadrv/src/dmadrv.o
                0x080026a0                DMADRV_StopTransfer
 .text.DMADRV_TransferCompletePending
                0x080026e0       0x50 ./gecko_sdk_4.4.1/platform/emdrv/dmadrv/src/dmadrv.o
                0x080026e0                DMADRV_TransferCompletePending
 .text.DMADRV_TransferDone
                0x08002730       0x44 ./gecko_sdk_4.4.1/platform/emdrv/dmadrv/src/dmadrv.o
                0x08002730                DMADRV_TransferDone
 .text.LDMA_IRQHandler
                0x08002774       0x74 ./gecko_sdk_4.4.1/platform/emdrv/dmadrv/src/dmadrv.o
                0x08002774                LDMA_IRQHandler
 .text.EMU_VScaleGet
                0x080027e8       0x18 ./gecko_sdk_4.4.1/platform/emlib/src/em_cmu.o
 .text.traceClkGet
                0x08002800       0x54 ./gecko_sdk_4.4.1/platform/emlib/src/em_cmu.o
 .text.em01GrpaClkGet
                0x08002854       0x74 ./gecko_sdk_4.4.1/platform/emlib/src/em_cmu.o
 .text.em01GrpcClkGet
                0x080028c8       0x70 ./gecko_sdk_4.4.1/platform/emlib/src/em_cmu.o
 .text.iadcClkGet
                0x08002938       0x60 ./gecko_sdk_4.4.1/platform/emlib/src/em_cmu.o
 .text.eusart0ClkGet
                0x08002998       0x74 ./gecko_sdk_4.4.1/platform/emlib/src/em_cmu.o
 .text.em23GrpaClkGet
                0x08002a0c       0x48 ./gecko_sdk_4.4.1/platform/emlib/src/em_cmu.o
 .text.vdac0ClkGet
                0x08002a54       0x70 ./gecko_sdk_4.4.1/platform/emlib/src/em_cmu.o
 .text.vdac1ClkGet
                0x08002ac4       0x70 ./gecko_sdk_4.4.1/platform/emlib/src/em_cmu.o
 .text.pcnt0ClkGet
                0x08002b34       0x4c ./gecko_sdk_4.4.1/platform/emlib/src/em_cmu.o
 .text.wdog0ClkGet
                0x08002b80       0x64 ./gecko_sdk_4.4.1/platform/emlib/src/em_cmu.o
 .text.wdog1ClkGet
                0x08002be4       0x64 ./gecko_sdk_4.4.1/platform/emlib/src/em_cmu.o
 .text.sysrtcClkGet
                0x08002c48       0x48 ./gecko_sdk_4.4.1/platform/emlib/src/em_cmu.o
 .text.em4GrpaClkGet
                0x08002c90       0x48 ./gecko_sdk_4.4.1/platform/emlib/src/em_cmu.o
 .text.CMU_ClockDivGet
                0x08002cd8       0x78 ./gecko_sdk_4.4.1/platform/emlib/src/em_cmu.o
                0x08002cd8                CMU_ClockDivGet
 .text.flashWaitStateControl
                0x08002d50       0x58 ./gecko_sdk_4.4.1/platform/emlib/src/em_cmu.o
 .text.CMU_ClockEnable
                0x08002da8       0x50 ./gecko_sdk_4.4.1/platform/emlib/src/em_cmu.o
                0x08002da8                CMU_ClockEnable
 .text.CMU_ClockFreqGet
                0x08002df8      0x204 ./gecko_sdk_4.4.1/platform/emlib/src/em_cmu.o
                0x08002df8                CMU_ClockFreqGet
 .text.rhclkPrescOptimize
                0x08002ffc       0x20 ./gecko_sdk_4.4.1/platform/emlib/src/em_cmu.o
 .text.CMU_ClockSelectGet
                0x0800301c      0x22c ./gecko_sdk_4.4.1/platform/emlib/src/em_cmu.o
                0x0800301c                CMU_ClockSelectGet
 .text.sli_em_cmu_HFXOSetForceEnable
                0x08003248       0x1c ./gecko_sdk_4.4.1/platform/emlib/src/em_cmu.o
                0x08003248                sli_em_cmu_HFXOSetForceEnable
 .text.CMU_HFXOInit
                0x08003264      0x224 ./gecko_sdk_4.4.1/platform/emlib/src/em_cmu.o
                0x08003264                CMU_HFXOInit
 .text.CMU_HFXOCTuneDeltaGet
                0x08003488        0xc ./gecko_sdk_4.4.1/platform/emlib/src/em_cmu.o
                0x08003488                CMU_HFXOCTuneDeltaGet
 .text.CMU_LFXOInit
                0x08003494       0xc4 ./gecko_sdk_4.4.1/platform/emlib/src/em_cmu.o
                0x08003494                CMU_LFXOInit
 .text.CMU_LFXOPrecisionSet
                0x08003558        0xc ./gecko_sdk_4.4.1/platform/emlib/src/em_cmu.o
                0x08003558                CMU_LFXOPrecisionSet
 .text.CMU_HFXOPrecisionSet
                0x08003564        0xc ./gecko_sdk_4.4.1/platform/emlib/src/em_cmu.o
                0x08003564                CMU_HFXOPrecisionSet
 .text.CMU_ClockDivSet
                0x08003570      0x12c ./gecko_sdk_4.4.1/platform/emlib/src/em_cmu.o
                0x08003570                CMU_ClockDivSet
 .text.sli_em_cmu_SYSCLKInitPreClockSelect
                0x0800369c       0x20 ./gecko_sdk_4.4.1/platform/emlib/src/em_cmu.o
                0x0800369c                sli_em_cmu_SYSCLKInitPreClockSelect
 .text.pclkDivOptimize
                0x080036bc       0x24 ./gecko_sdk_4.4.1/platform/emlib/src/em_cmu.o
 .text.EMU_DCDCSync
                0x080036e0       0x10 ./gecko_sdk_4.4.1/platform/emlib/src/em_emu.o
 .text.EMU_EM4Init
                0x080036f0       0x14 ./gecko_sdk_4.4.1/platform/emlib/src/em_emu.o
                0x080036f0                EMU_EM4Init
 .text.EMU_VScaleEM01
                0x08003704       0xa8 ./gecko_sdk_4.4.1/platform/emlib/src/em_emu.o
                0x08003704                EMU_VScaleEM01
 .text.EMU_VScaleEM01ByClock
                0x080037ac       0x30 ./gecko_sdk_4.4.1/platform/emlib/src/em_emu.o
                0x080037ac                EMU_VScaleEM01ByClock
 .text.EMU_DCDCModeSet
                0x080037dc       0xac ./gecko_sdk_4.4.1/platform/emlib/src/em_emu.o
                0x080037dc                EMU_DCDCModeSet
 .text.EMU_DCDCInit
                0x08003888       0x70 ./gecko_sdk_4.4.1/platform/emlib/src/em_emu.o
                0x08003888                EMU_DCDCInit
 .text.EMU_DCDCSetPFMXModePeakCurrent
                0x080038f8       0x6c ./gecko_sdk_4.4.1/platform/emlib/src/em_emu.o
                0x080038f8                EMU_DCDCSetPFMXModePeakCurrent
 .text.EUSART_Reset
                0x08003964       0x54 ./gecko_sdk_4.4.1/platform/emlib/src/em_eusart.o
                0x08003964                EUSART_Reset
 .text.EUSART_Enable
                0x080039b8       0x6c ./gecko_sdk_4.4.1/platform/emlib/src/em_eusart.o
                0x080039b8                EUSART_Enable
 .text.EUSART_BaudrateSet
                0x08003a24      0x1cc ./gecko_sdk_4.4.1/platform/emlib/src/em_eusart.o
                0x08003a24                EUSART_BaudrateSet
 .text.EUSART_AsyncInitCommon
                0x08003bf0      0x23c ./gecko_sdk_4.4.1/platform/emlib/src/em_eusart.o
 .text.EUSART_UartInitHf
                0x08003e2c       0x5c ./gecko_sdk_4.4.1/platform/emlib/src/em_eusart.o
                0x08003e2c                EUSART_UartInitHf
 .text.EUSART_UartInitLf
                0x08003e88       0xb8 ./gecko_sdk_4.4.1/platform/emlib/src/em_eusart.o
                0x08003e88                EUSART_UartInitLf
 .text.GPIO_PinOutSet
                0x08003f40       0x3c ./gecko_sdk_4.4.1/platform/emlib/src/em_gpio.o
 .text.GPIO_PinOutClear
                0x08003f7c       0x3c ./gecko_sdk_4.4.1/platform/emlib/src/em_gpio.o
 .text.GPIO_PinModeSet
                0x08003fb8       0x94 ./gecko_sdk_4.4.1/platform/emlib/src/em_gpio.o
                0x08003fb8                GPIO_PinModeSet
 .text.I2C_BusFreqSet
                0x0800404c      0x108 ./gecko_sdk_4.4.1/platform/emlib/src/em_i2c.o
                0x0800404c                I2C_BusFreqSet
 .text.I2C_Enable
                0x08004154       0x38 ./gecko_sdk_4.4.1/platform/emlib/src/em_i2c.o
                0x08004154                I2C_Enable
 .text.I2C_Init
                0x0800418c       0x64 ./gecko_sdk_4.4.1/platform/emlib/src/em_i2c.o
                0x0800418c                I2C_Init
 .text.I2C_Transfer
                0x080041f0      0x224 ./gecko_sdk_4.4.1/platform/emlib/src/em_i2c.o
                0x080041f0                I2C_Transfer
 .text.I2C_TransferInit
                0x08004414       0xbc ./gecko_sdk_4.4.1/platform/emlib/src/em_i2c.o
                0x08004414                I2C_TransferInit
 .text.LDMA_DeInit
                0x080044d0       0x3c ./gecko_sdk_4.4.1/platform/emlib/src/em_ldma.o
                0x080044d0                LDMA_DeInit
 .text.LDMA_EnableChannelRequest
                0x0800450c       0x40 ./gecko_sdk_4.4.1/platform/emlib/src/em_ldma.o
                0x0800450c                LDMA_EnableChannelRequest
 .text.LDMA_Init
                0x0800454c       0x94 ./gecko_sdk_4.4.1/platform/emlib/src/em_ldma.o
                0x0800454c                LDMA_Init
 .text.LDMA_StartTransfer
                0x080045e0      0x104 ./gecko_sdk_4.4.1/platform/emlib/src/em_ldma.o
                0x080045e0                LDMA_StartTransfer
 .text.LDMA_StopTransfer
                0x080046e4       0x38 ./gecko_sdk_4.4.1/platform/emlib/src/em_ldma.o
                0x080046e4                LDMA_StopTransfer
 .text.LDMA_TransferDone
                0x0800471c       0x44 ./gecko_sdk_4.4.1/platform/emlib/src/em_ldma.o
                0x0800471c                LDMA_TransferDone
 .text.USART_BaudrateSyncSet
                0x08004760       0x48 ./gecko_sdk_4.4.1/platform/emlib/src/em_usart.o
                0x08004760                USART_BaudrateSyncSet
 .text.USART_Reset
                0x080047a8       0x58 ./gecko_sdk_4.4.1/platform/emlib/src/em_usart.o
                0x080047a8                USART_Reset
 .text.USART_InitSync
                0x08004800       0xb0 ./gecko_sdk_4.4.1/platform/emlib/src/em_usart.o
                0x08004800                USART_InitSync
 .text.sl_hal_sysrtc_wait_sync
                0x080048b0       0x14 ./gecko_sdk_4.4.1/platform/peripheral/src/peripheral_sysrtc.o
                0x080048b0                sl_hal_sysrtc_wait_sync
 .text.sl_hal_sysrtc_wait_ready
                0x080048c4       0x1c ./gecko_sdk_4.4.1/platform/peripheral/src/peripheral_sysrtc.o
                0x080048c4                sl_hal_sysrtc_wait_ready
 .text.sl_hal_sysrtc_stop
                0x080048e0       0x14 ./gecko_sdk_4.4.1/platform/peripheral/src/peripheral_sysrtc.o
                0x080048e0                sl_hal_sysrtc_stop
 .text.sl_hal_sysrtc_enable
                0x080048f4       0x18 ./gecko_sdk_4.4.1/platform/peripheral/src/peripheral_sysrtc.o
                0x080048f4                sl_hal_sysrtc_enable
 .text.sl_hal_sysrtc_disable
                0x0800490c       0x1c ./gecko_sdk_4.4.1/platform/peripheral/src/peripheral_sysrtc.o
                0x0800490c                sl_hal_sysrtc_disable
 .text.sl_hal_sysrtc_init
                0x08004928       0x20 ./gecko_sdk_4.4.1/platform/peripheral/src/peripheral_sysrtc.o
                0x08004928                sl_hal_sysrtc_init
 .text.sl_hal_sysrtc_init_group
                0x08004948       0x48 ./gecko_sdk_4.4.1/platform/peripheral/src/peripheral_sysrtc.o
                0x08004948                sl_hal_sysrtc_init_group
 .text.sl_hal_sysrtc_enable_group_interrupts
                0x08004990       0x1c ./gecko_sdk_4.4.1/platform/peripheral/src/peripheral_sysrtc.o
                0x08004990                sl_hal_sysrtc_enable_group_interrupts
 .text.sl_hal_sysrtc_disable_group_interrupts
                0x080049ac       0x1c ./gecko_sdk_4.4.1/platform/peripheral/src/peripheral_sysrtc.o
                0x080049ac                sl_hal_sysrtc_disable_group_interrupts
 .text.sl_hal_sysrtc_clear_group_interrupts
                0x080049c8       0x1c ./gecko_sdk_4.4.1/platform/peripheral/src/peripheral_sysrtc.o
                0x080049c8                sl_hal_sysrtc_clear_group_interrupts
 .text.sl_hal_sysrtc_get_group_interrupts
                0x080049e4       0x20 ./gecko_sdk_4.4.1/platform/peripheral/src/peripheral_sysrtc.o
                0x080049e4                sl_hal_sysrtc_get_group_interrupts
 .text.sl_hal_sysrtc_get_group_compare_channel_value
                0x08004a04       0x30 ./gecko_sdk_4.4.1/platform/peripheral/src/peripheral_sysrtc.o
                0x08004a04                sl_hal_sysrtc_get_group_compare_channel_value
 .text.sl_hal_sysrtc_set_group_compare_channel_value
                0x08004a34       0x28 ./gecko_sdk_4.4.1/platform/peripheral/src/peripheral_sysrtc.o
                0x08004a34                sl_hal_sysrtc_set_group_compare_channel_value
 .text.sl_device_init_dcdc
                0x08004a5c       0x2c ./gecko_sdk_4.4.1/platform/service/device_init/src/sl_device_init_dcdc_s2.o
                0x08004a5c                sl_device_init_dcdc
 .text.sl_device_init_emu
                0x08004a88       0x24 ./gecko_sdk_4.4.1/platform/service/device_init/src/sl_device_init_emu_s2.o
                0x08004a88                sl_device_init_emu
 .text.sl_device_init_hfxo
                0x08004aac       0x70 ./gecko_sdk_4.4.1/platform/service/device_init/src/sl_device_init_hfxo_s2.o
                0x08004aac                sl_device_init_hfxo
 .text.sl_device_init_lfxo
                0x08004b1c       0x2c ./gecko_sdk_4.4.1/platform/service/device_init/src/sl_device_init_lfxo_s2.o
                0x08004b1c                sl_device_init_lfxo
 .text.sl_device_init_nvic
                0x08004b48       0x3c ./gecko_sdk_4.4.1/platform/service/device_init/src/sl_device_init_nvic.o
                0x08004b48                sl_device_init_nvic
 .text.sl_iostream_set_default
                0x08004b84       0x18 ./gecko_sdk_4.4.1/platform/service/iostream/src/sl_iostream.o
                0x08004b84                sl_iostream_set_default
 .text.sl_iostream_get_default
                0x08004b9c       0x18 ./gecko_sdk_4.4.1/platform/service/iostream/src/sl_iostream.o
                0x08004b9c                sl_iostream_get_default
 .text.sl_iostream_eusart_init
                0x08004bb4      0x228 ./gecko_sdk_4.4.1/platform/service/iostream/src/sl_iostream_eusart.o
                0x08004bb4                sl_iostream_eusart_init
 .text._write   0x08004ddc       0x20 ./gecko_sdk_4.4.1/platform/service/iostream/src/sl_iostream_retarget_stdio.o
                0x08004ddc                _write
 .text.sl_iostream_stdlib_disable_buffering
                0x08004dfc       0x14 ./gecko_sdk_4.4.1/platform/service/iostream/src/sl_iostream_stdlib_config.o
                0x08004dfc                sl_iostream_stdlib_disable_buffering
 .text.get_write_ptr
                0x08004e10       0x40 ./gecko_sdk_4.4.1/platform/service/iostream/src/sl_iostream_uart.o
 .text.dma_irq_handler
                0x08004e50       0x74 ./gecko_sdk_4.4.1/platform/service/iostream/src/sl_iostream_uart.o
 .text.uart_read
                0x08004ec4      0x1f4 ./gecko_sdk_4.4.1/platform/service/iostream/src/sl_iostream_uart.o
 .text.uart_deinit
                0x080050b8       0x98 ./gecko_sdk_4.4.1/platform/service/iostream/src/sl_iostream_uart.o
 .text.uart_write
                0x08005150       0xc0 ./gecko_sdk_4.4.1/platform/service/iostream/src/sl_iostream_uart.o
 .text.sli_iostream_uart_context_init
                0x08005210       0xf8 ./gecko_sdk_4.4.1/platform/service/iostream/src/sl_iostream_uart.o
                0x08005210                sli_iostream_uart_context_init
 .text.delta_list_insert_timer
                0x08005308       0x40 ./gecko_sdk_4.4.1/platform/service/sleeptimer/src/sl_sleeptimer.o
 .text.update_delta_list
                0x08005348       0x34 ./gecko_sdk_4.4.1/platform/service/sleeptimer/src/sl_sleeptimer.o
 .text.set_comparator_for_next_timer
                0x0800537c       0x5c ./gecko_sdk_4.4.1/platform/service/sleeptimer/src/sl_sleeptimer.o
 .text.create_timer
                0x080053d8       0x88 ./gecko_sdk_4.4.1/platform/service/sleeptimer/src/sl_sleeptimer.o
 .text.delta_list_remove_timer
                0x08005460       0x38 ./gecko_sdk_4.4.1/platform/service/sleeptimer/src/sl_sleeptimer.o
 .text.sl_sleeptimer_init
                0x08005498       0x74 ./gecko_sdk_4.4.1/platform/service/sleeptimer/src/sl_sleeptimer.o
                0x08005498                sl_sleeptimer_init
 .text.sl_sleeptimer_is_timer_running
                0x0800550c       0x3c ./gecko_sdk_4.4.1/platform/service/sleeptimer/src/sl_sleeptimer.o
                0x0800550c                sl_sleeptimer_is_timer_running
 .text.sl_sleeptimer_ms_to_tick
                0x08005548       0x24 ./gecko_sdk_4.4.1/platform/service/sleeptimer/src/sl_sleeptimer.o
                0x08005548                sl_sleeptimer_ms_to_tick
 .text.sl_sleeptimer_delay_millisecond
                0x0800556c       0x38 ./gecko_sdk_4.4.1/platform/service/sleeptimer/src/sl_sleeptimer.o
                0x0800556c                sl_sleeptimer_delay_millisecond
 .text.process_timer_irq
                0x080055a4      0x150 ./gecko_sdk_4.4.1/platform/service/sleeptimer/src/sl_sleeptimer.o
                0x080055a4                process_timer_irq
 .text.sleeptimer_hal_init_timer
                0x080056f4       0x64 ./gecko_sdk_4.4.1/platform/service/sleeptimer/src/sl_sleeptimer_hal_sysrtc.o
                0x080056f4                sleeptimer_hal_init_timer
 .text.sleeptimer_hal_get_counter
                0x08005758       0x10 ./gecko_sdk_4.4.1/platform/service/sleeptimer/src/sl_sleeptimer_hal_sysrtc.o
                0x08005758                sleeptimer_hal_get_counter
 .text.sleeptimer_hal_set_compare
                0x08005768       0x70 ./gecko_sdk_4.4.1/platform/service/sleeptimer/src/sl_sleeptimer_hal_sysrtc.o
                0x08005768                sleeptimer_hal_set_compare
 .text.sleeptimer_hal_disable_int
                0x080057d8       0x2c ./gecko_sdk_4.4.1/platform/service/sleeptimer/src/sl_sleeptimer_hal_sysrtc.o
                0x080057d8                sleeptimer_hal_disable_int
 .text.sleeptimer_hal_set_int
                0x08005804       0x10 ./gecko_sdk_4.4.1/platform/service/sleeptimer/src/sl_sleeptimer_hal_sysrtc.o
                0x08005804                sleeptimer_hal_set_int
 .text.sl_udelay_wait
                0x08005814       0x58 ./gecko_sdk_4.4.1/platform/service/udelay/src/sl_udelay.o
                0x08005814                sl_udelay_wait
 .text          0x0800586c      0x378 c:/siliconlabs/simplicitystudio/v5/developer/toolchains/gnu_arm/12.2.rel1_2023.7/bin/../lib/gcc/arm-none-eabi/12.2.1/thumb/v8-m.main+fp/hard\libgcc.a(_arm_addsubdf3.o)
                0x0800586c                __aeabi_drsub
                0x08005874                __aeabi_dsub
                0x08005874                __subdf3
                0x08005878                __aeabi_dadd
                0x08005878                __adddf3
                0x08005af0                __floatunsidf
                0x08005af0                __aeabi_ui2d
                0x08005b10                __floatsidf
                0x08005b10                __aeabi_i2d
                0x08005b34                __aeabi_f2d
                0x08005b34                __extendsfdf2
                0x08005b78                __floatundidf
                0x08005b78                __aeabi_ul2d
                0x08005b88                __floatdidf
                0x08005b88                __aeabi_l2d
 .text          0x08005be4       0xa0 c:/siliconlabs/simplicitystudio/v5/developer/toolchains/gnu_arm/12.2.rel1_2023.7/bin/../lib/gcc/arm-none-eabi/12.2.1/thumb/v8-m.main+fp/hard\libgcc.a(_arm_truncdfsf2.o)
                0x08005be4                __truncdfsf2
                0x08005be4                __aeabi_d2f
 .text          0x08005c84       0x30 c:/siliconlabs/simplicitystudio/v5/developer/toolchains/gnu_arm/12.2.rel1_2023.7/bin/../lib/gcc/arm-none-eabi/12.2.1/thumb/v8-m.main+fp/hard\libgcc.a(_aeabi_uldivmod.o)
                0x08005c84                __aeabi_uldivmod
 .text.__udivmoddi4
                0x08005cb4      0x2ec c:/siliconlabs/simplicitystudio/v5/developer/toolchains/gnu_arm/12.2.rel1_2023.7/bin/../lib/gcc/arm-none-eabi/12.2.1/thumb/v8-m.main+fp/hard\libgcc.a(_udivmoddi4.o)
                0x08005cb4                __udivmoddi4
 .text          0x08005fa0        0x4 c:/siliconlabs/simplicitystudio/v5/developer/toolchains/gnu_arm/12.2.rel1_2023.7/bin/../lib/gcc/arm-none-eabi/12.2.1/thumb/v8-m.main+fp/hard\libgcc.a(_dvmd_tls.o)
                0x08005fa0                __aeabi_idiv0
                0x08005fa0                __aeabi_ldiv0
 .text.exit     0x08005fa4       0x24 c:/siliconlabs/simplicitystudio/v5/developer/toolchains/gnu_arm/12.2.rel1_2023.7/bin/../lib/gcc/arm-none-eabi/12.2.1/thumb/v8-m.main+fp/hard\libc_nano.a(libc_a-exit.o)
                0x08005fa4                exit
 .text._printf_float
                0x08005fc8      0x468 c:/siliconlabs/simplicitystudio/v5/developer/toolchains/gnu_arm/12.2.rel1_2023.7/bin/../lib/gcc/arm-none-eabi/12.2.1/thumb/v8-m.main+fp/hard\libc_nano.a(libc_a-nano-vfprintf_float.o)
                0x08005fc8                _printf_float
 .text._printf_i
                0x08006430      0x258 c:/siliconlabs/simplicitystudio/v5/developer/toolchains/gnu_arm/12.2.rel1_2023.7/bin/../lib/gcc/arm-none-eabi/12.2.1/thumb/v8-m.main+fp/hard\libc_nano.a(libc_a-nano-vfprintf_i.o)
                0x08006430                _printf_i
 .text.std      0x08006688       0x6c c:/siliconlabs/simplicitystudio/v5/developer/toolchains/gnu_arm/12.2.rel1_2023.7/bin/../lib/gcc/arm-none-eabi/12.2.1/thumb/v8-m.main+fp/hard\libc_nano.a(libc_a-findfp.o)
 .text.stdio_exit_handler
                0x080066f4       0x18 c:/siliconlabs/simplicitystudio/v5/developer/toolchains/gnu_arm/12.2.rel1_2023.7/bin/../lib/gcc/arm-none-eabi/12.2.1/thumb/v8-m.main+fp/hard\libc_nano.a(libc_a-findfp.o)
 .text.cleanup_stdio
                0x0800670c       0x40 c:/siliconlabs/simplicitystudio/v5/developer/toolchains/gnu_arm/12.2.rel1_2023.7/bin/../lib/gcc/arm-none-eabi/12.2.1/thumb/v8-m.main+fp/hard\libc_nano.a(libc_a-findfp.o)
 .text.global_stdio_init.part.0
                0x0800674c       0x3c c:/siliconlabs/simplicitystudio/v5/developer/toolchains/gnu_arm/12.2.rel1_2023.7/bin/../lib/gcc/arm-none-eabi/12.2.1/thumb/v8-m.main+fp/hard\libc_nano.a(libc_a-findfp.o)
 .text.__sfp_lock_acquire
                0x08006788        0xc c:/siliconlabs/simplicitystudio/v5/developer/toolchains/gnu_arm/12.2.rel1_2023.7/bin/../lib/gcc/arm-none-eabi/12.2.1/thumb/v8-m.main+fp/hard\libc_nano.a(libc_a-findfp.o)
                0x08006788                __sfp_lock_acquire
 .text.__sfp_lock_release
                0x08006794        0xc c:/siliconlabs/simplicitystudio/v5/developer/toolchains/gnu_arm/12.2.rel1_2023.7/bin/../lib/gcc/arm-none-eabi/12.2.1/thumb/v8-m.main+fp/hard\libc_nano.a(libc_a-findfp.o)
                0x08006794                __sfp_lock_release
 .text.__sinit  0x080067a0       0x30 c:/siliconlabs/simplicitystudio/v5/developer/toolchains/gnu_arm/12.2.rel1_2023.7/bin/../lib/gcc/arm-none-eabi/12.2.1/thumb/v8-m.main+fp/hard\libc_nano.a(libc_a-findfp.o)
                0x080067a0                __sinit
 .text.printf   0x080067d0       0x24 c:/siliconlabs/simplicitystudio/v5/developer/toolchains/gnu_arm/12.2.rel1_2023.7/bin/../lib/gcc/arm-none-eabi/12.2.1/thumb/v8-m.main+fp/hard\libc_nano.a(libc_a-printf.o)
                0x080067d0                iprintf
                0x080067d0                printf
 .text.putchar  0x080067f4       0x10 c:/siliconlabs/simplicitystudio/v5/developer/toolchains/gnu_arm/12.2.rel1_2023.7/bin/../lib/gcc/arm-none-eabi/12.2.1/thumb/v8-m.main+fp/hard\libc_nano.a(libc_a-putchar.o)
                0x080067f4                putchar
 .text.puts     0x08006804       0x10 c:/siliconlabs/simplicitystudio/v5/developer/toolchains/gnu_arm/12.2.rel1_2023.7/bin/../lib/gcc/arm-none-eabi/12.2.1/thumb/v8-m.main+fp/hard\libc_nano.a(libc_a-puts.o)
                0x08006804                puts
 .text.setvbuf  0x08006814      0x168 c:/siliconlabs/simplicitystudio/v5/developer/toolchains/gnu_arm/12.2.rel1_2023.7/bin/../lib/gcc/arm-none-eabi/12.2.1/thumb/v8-m.main+fp/hard\libc_nano.a(libc_a-setvbuf.o)
                0x08006814                setvbuf
 .text.__swsetup_r
                0x0800697c       0xac c:/siliconlabs/simplicitystudio/v5/developer/toolchains/gnu_arm/12.2.rel1_2023.7/bin/../lib/gcc/arm-none-eabi/12.2.1/thumb/v8-m.main+fp/hard\libc_nano.a(libc_a-wsetup.o)
                0x0800697c                __swsetup_r
 .text._localeconv_r
                0x08006a28        0x8 c:/siliconlabs/simplicitystudio/v5/developer/toolchains/gnu_arm/12.2.rel1_2023.7/bin/../lib/gcc/arm-none-eabi/12.2.1/thumb/v8-m.main+fp/hard\libc_nano.a(libc_a-localeconv.o)
                0x08006a28                _localeconv_r
 .text._close_r
                0x08006a30       0x20 c:/siliconlabs/simplicitystudio/v5/developer/toolchains/gnu_arm/12.2.rel1_2023.7/bin/../lib/gcc/arm-none-eabi/12.2.1/thumb/v8-m.main+fp/hard\libc_nano.a(libc_a-closer.o)
                0x08006a30                _close_r
 .text._lseek_r
                0x08006a50       0x24 c:/siliconlabs/simplicitystudio/v5/developer/toolchains/gnu_arm/12.2.rel1_2023.7/bin/../lib/gcc/arm-none-eabi/12.2.1/thumb/v8-m.main+fp/hard\libc_nano.a(libc_a-lseekr.o)
                0x08006a50                _lseek_r
 .text._read_r  0x08006a74       0x24 c:/siliconlabs/simplicitystudio/v5/developer/toolchains/gnu_arm/12.2.rel1_2023.7/bin/../lib/gcc/arm-none-eabi/12.2.1/thumb/v8-m.main+fp/hard\libc_nano.a(libc_a-readr.o)
                0x08006a74                _read_r
 .text._write_r
                0x08006a98       0x24 c:/siliconlabs/simplicitystudio/v5/developer/toolchains/gnu_arm/12.2.rel1_2023.7/bin/../lib/gcc/arm-none-eabi/12.2.1/thumb/v8-m.main+fp/hard\libc_nano.a(libc_a-writer.o)
                0x08006a98                _write_r
 .text.__libc_init_array
                0x08006abc       0x48 c:/siliconlabs/simplicitystudio/v5/developer/toolchains/gnu_arm/12.2.rel1_2023.7/bin/../lib/gcc/arm-none-eabi/12.2.1/thumb/v8-m.main+fp/hard\libc_nano.a(libc_a-init.o)
                0x08006abc                __libc_init_array
 .text._free_r  0x08006b04       0x94 c:/siliconlabs/simplicitystudio/v5/developer/toolchains/gnu_arm/12.2.rel1_2023.7/bin/../lib/gcc/arm-none-eabi/12.2.1/thumb/v8-m.main+fp/hard\libc_nano.a(libc_a-freer.o)
                0x08006b04                _free_r
 .text.malloc   0x08006b98       0x10 c:/siliconlabs/simplicitystudio/v5/developer/toolchains/gnu_arm/12.2.rel1_2023.7/bin/../lib/gcc/arm-none-eabi/12.2.1/thumb/v8-m.main+fp/hard\libc_nano.a(libc_a-malloc.o)
                0x08006b98                malloc
 .text.sbrk_aligned
                0x08006ba8       0x44 c:/siliconlabs/simplicitystudio/v5/developer/toolchains/gnu_arm/12.2.rel1_2023.7/bin/../lib/gcc/arm-none-eabi/12.2.1/thumb/v8-m.main+fp/hard\libc_nano.a(libc_a-mallocr.o)
 .text._malloc_r
                0x08006bec       0xf0 c:/siliconlabs/simplicitystudio/v5/developer/toolchains/gnu_arm/12.2.rel1_2023.7/bin/../lib/gcc/arm-none-eabi/12.2.1/thumb/v8-m.main+fp/hard\libc_nano.a(libc_a-mallocr.o)
                0x08006bec                _malloc_r
 .text.__malloc_lock
                0x08006cdc        0xc c:/siliconlabs/simplicitystudio/v5/developer/toolchains/gnu_arm/12.2.rel1_2023.7/bin/../lib/gcc/arm-none-eabi/12.2.1/thumb/v8-m.main+fp/hard\libc_nano.a(libc_a-mlock.o)
                0x08006cdc                __malloc_lock
 .text.__malloc_unlock
                0x08006ce8        0xc c:/siliconlabs/simplicitystudio/v5/developer/toolchains/gnu_arm/12.2.rel1_2023.7/bin/../lib/gcc/arm-none-eabi/12.2.1/thumb/v8-m.main+fp/hard\libc_nano.a(libc_a-mlock.o)
                0x08006ce8                __malloc_unlock
 .text._Balloc  0x08006cf4       0x80 c:/siliconlabs/simplicitystudio/v5/developer/toolchains/gnu_arm/12.2.rel1_2023.7/bin/../lib/gcc/arm-none-eabi/12.2.1/thumb/v8-m.main+fp/hard\libc_nano.a(libc_a-mprec.o)
                0x08006cf4                _Balloc
 .text._Bfree   0x08006d74       0x44 c:/siliconlabs/simplicitystudio/v5/developer/toolchains/gnu_arm/12.2.rel1_2023.7/bin/../lib/gcc/arm-none-eabi/12.2.1/thumb/v8-m.main+fp/hard\libc_nano.a(libc_a-mprec.o)
                0x08006d74                _Bfree
 .text.__multadd
                0x08006db8       0x90 c:/siliconlabs/simplicitystudio/v5/developer/toolchains/gnu_arm/12.2.rel1_2023.7/bin/../lib/gcc/arm-none-eabi/12.2.1/thumb/v8-m.main+fp/hard\libc_nano.a(libc_a-mprec.o)
                0x08006db8                __multadd
 .text.__i2b    0x08006e48       0x2c c:/siliconlabs/simplicitystudio/v5/developer/toolchains/gnu_arm/12.2.rel1_2023.7/bin/../lib/gcc/arm-none-eabi/12.2.1/thumb/v8-m.main+fp/hard\libc_nano.a(libc_a-mprec.o)
                0x08006e48                __i2b
 .text.__multiply
                0x08006e74      0x154 c:/siliconlabs/simplicitystudio/v5/developer/toolchains/gnu_arm/12.2.rel1_2023.7/bin/../lib/gcc/arm-none-eabi/12.2.1/thumb/v8-m.main+fp/hard\libc_nano.a(libc_a-mprec.o)
                0x08006e74                __multiply
 .text.__pow5mult
                0x08006fc8       0xb4 c:/siliconlabs/simplicitystudio/v5/developer/toolchains/gnu_arm/12.2.rel1_2023.7/bin/../lib/gcc/arm-none-eabi/12.2.1/thumb/v8-m.main+fp/hard\libc_nano.a(libc_a-mprec.o)
                0x08006fc8                __pow5mult
 .text.__lshift
                0x0800707c       0xd8 c:/siliconlabs/simplicitystudio/v5/developer/toolchains/gnu_arm/12.2.rel1_2023.7/bin/../lib/gcc/arm-none-eabi/12.2.1/thumb/v8-m.main+fp/hard\libc_nano.a(libc_a-mprec.o)
                0x0800707c                __lshift
 .text.__mdiff  0x08007154      0x130 c:/siliconlabs/simplicitystudio/v5/developer/toolchains/gnu_arm/12.2.rel1_2023.7/bin/../lib/gcc/arm-none-eabi/12.2.1/thumb/v8-m.main+fp/hard\libc_nano.a(libc_a-mprec.o)
                0x08007154                __mdiff
 .text.__d2b    0x08007284       0xb0 c:/siliconlabs/simplicitystudio/v5/developer/toolchains/gnu_arm/12.2.rel1_2023.7/bin/../lib/gcc/arm-none-eabi/12.2.1/thumb/v8-m.main+fp/hard\libc_nano.a(libc_a-mprec.o)
                0x08007284                __d2b
 .text._vfprintf_r
                0x08007334      0x230 c:/siliconlabs/simplicitystudio/v5/developer/toolchains/gnu_arm/12.2.rel1_2023.7/bin/../lib/gcc/arm-none-eabi/12.2.1/thumb/v8-m.main+fp/hard\libc_nano.a(libc_a-nano-vfprintf.o)
                0x08007334                _vfprintf_r
                0x08007334                _vfiprintf_r
 .text._fstat_r
                0x08007564       0x24 c:/siliconlabs/simplicitystudio/v5/developer/toolchains/gnu_arm/12.2.rel1_2023.7/bin/../lib/gcc/arm-none-eabi/12.2.1/thumb/v8-m.main+fp/hard\libc_nano.a(libc_a-fstatr.o)
                0x08007564                _fstat_r
 .text._isatty_r
                0x08007588       0x20 c:/siliconlabs/simplicitystudio/v5/developer/toolchains/gnu_arm/12.2.rel1_2023.7/bin/../lib/gcc/arm-none-eabi/12.2.1/thumb/v8-m.main+fp/hard\libc_nano.a(libc_a-isattyr.o)
                0x08007588                _isatty_r
 .text._sbrk_r  0x080075a8       0x20 c:/siliconlabs/simplicitystudio/v5/developer/toolchains/gnu_arm/12.2.rel1_2023.7/bin/../lib/gcc/arm-none-eabi/12.2.1/thumb/v8-m.main+fp/hard\libc_nano.a(libc_a-sbrkr.o)
                0x080075a8                _sbrk_r
 .text.__assert_func
                0x080075c8       0x3c c:/siliconlabs/simplicitystudio/v5/developer/toolchains/gnu_arm/12.2.rel1_2023.7/bin/../lib/gcc/arm-none-eabi/12.2.1/thumb/v8-m.main+fp/hard\libc_nano.a(libc_a-assert.o)
                0x080075c8                __assert_func
 .text.fprintf  0x08007604       0x24 c:/siliconlabs/simplicitystudio/v5/developer/toolchains/gnu_arm/12.2.rel1_2023.7/bin/../lib/gcc/arm-none-eabi/12.2.1/thumb/v8-m.main+fp/hard\libc_nano.a(libc_a-fprintf.o)
                0x08007604                fiprintf
                0x08007604                fprintf
 .text.raise    0x08007628       0x10 c:/siliconlabs/simplicitystudio/v5/developer/toolchains/gnu_arm/12.2.rel1_2023.7/bin/../lib/gcc/arm-none-eabi/12.2.1/thumb/v8-m.main+fp/hard\libc_nano.a(libc_a-signal.o)
                0x08007628                raise
 .text._kill_r  0x08007638       0x24 c:/siliconlabs/simplicitystudio/v5/developer/toolchains/gnu_arm/12.2.rel1_2023.7/bin/../lib/gcc/arm-none-eabi/12.2.1/thumb/v8-m.main+fp/hard\libc_nano.a(libc_a-signalr.o)
                0x08007638                _kill_r
 .text          0x0800765c      0x424 c:/siliconlabs/simplicitystudio/v5/developer/toolchains/gnu_arm/12.2.rel1_2023.7/bin/../lib/gcc/arm-none-eabi/12.2.1/thumb/v8-m.main+fp/hard\libgcc.a(_arm_muldivdf3.o)
                0x0800765c                __aeabi_dmul
                0x0800765c                __muldf3
                0x080078b0                __divdf3
                0x080078b0                __aeabi_ddiv
 .text          0x08007a80      0x110 c:/siliconlabs/simplicitystudio/v5/developer/toolchains/gnu_arm/12.2.rel1_2023.7/bin/../lib/gcc/arm-none-eabi/12.2.1/thumb/v8-m.main+fp/hard\libgcc.a(_arm_cmpdf2.o)
                0x08007a80                __gtdf2
                0x08007a80                __gedf2
                0x08007a88                __ltdf2
                0x08007a88                __ledf2
                0x08007a90                __nedf2
                0x08007a90                __eqdf2
                0x08007a90                __cmpdf2
                0x08007b0c                __aeabi_cdrcmple
                0x08007b1c                __aeabi_cdcmpeq
                0x08007b1c                __aeabi_cdcmple
                0x08007b2c                __aeabi_dcmpeq
                0x08007b40                __aeabi_dcmplt
                0x08007b54                __aeabi_dcmple
                0x08007b68                __aeabi_dcmpge
                0x08007b7c                __aeabi_dcmpgt
 .text          0x08007b90       0x2c c:/siliconlabs/simplicitystudio/v5/developer/toolchains/gnu_arm/12.2.rel1_2023.7/bin/../lib/gcc/arm-none-eabi/12.2.1/thumb/v8-m.main+fp/hard\libgcc.a(_arm_unorddf2.o)
                0x08007b90                __unorddf2
                0x08007b90                __aeabi_dcmpun
 .text          0x08007bbc       0x50 c:/siliconlabs/simplicitystudio/v5/developer/toolchains/gnu_arm/12.2.rel1_2023.7/bin/../lib/gcc/arm-none-eabi/12.2.1/thumb/v8-m.main+fp/hard\libgcc.a(_arm_fixdfsi.o)
                0x08007bbc                __aeabi_d2iz
                0x08007bbc                __fixdfsi
 .text.as_process_action
                0x08007c0c       0x20 ./as.o
                0x08007c0c                as_process_action
 .text.startup.main
                0x08007c2c       0x14 ./main.o
                0x08007c2c                main
 .text.mpl_process_action
                0x08007c40       0x12 ./mpl.o
                0x08007c40                mpl_process_action
 .text.decode_rh
                0x08007c52       0x16 ./si.o
                0x08007c52                decode_rh
 .text.sl_board_default_init
                0x08007c68        0x4 ./autogen/sl_board_default_init.o
                0x08007c68                sl_board_default_init
 .text.sl_platform_init
                0x08007c6c       0x26 ./autogen/sl_event_handler.o
                0x08007c6c                sl_platform_init
 .text.sl_driver_init
                0x08007c92       0x16 ./autogen/sl_event_handler.o
                0x08007c92                sl_driver_init
 .text.sl_service_init
                0x08007ca8       0x16 ./autogen/sl_event_handler.o
                0x08007ca8                sl_service_init
 .text.sl_stack_init
                0x08007cbe        0x2 ./autogen/sl_event_handler.o
                0x08007cbe                sl_stack_init
 .text.sl_internal_app_init
                0x08007cc0        0x2 ./autogen/sl_event_handler.o
                0x08007cc0                sl_internal_app_init
 .text.sl_platform_process_action
                0x08007cc2        0x2 ./autogen/sl_event_handler.o
                0x08007cc2                sl_platform_process_action
 .text.sl_service_process_action
                0x08007cc4        0x2 ./autogen/sl_event_handler.o
                0x08007cc4                sl_service_process_action
 .text.sl_stack_process_action
                0x08007cc6        0x2 ./autogen/sl_event_handler.o
                0x08007cc6                sl_stack_process_action
 .text.sl_internal_app_process_action
                0x08007cc8        0x2 ./autogen/sl_event_handler.o
                0x08007cc8                sl_internal_app_process_action
 .text.sl_iostream_eusart_init_instances
                0x08007cca        0x4 ./autogen/sl_iostream_init_eusart_instances.o
                0x08007cca                sl_iostream_eusart_init_instances
 .text.EUSART0_TX_IRQHandler
                0x08007cce        0x4 ./autogen/sl_iostream_init_eusart_instances.o
                0x08007cce                EUSART0_TX_IRQHandler
 .text.sl_board_enable_vcom
                0x08007cd2       0x12 ./gecko_sdk_4.4.1/hardware/board/src/sl_board_control_gpio.o
                0x08007cd2                sl_board_enable_vcom
 .text.sl_board_configure_vcom
                0x08007ce4        0x4 ./gecko_sdk_4.4.1/hardware/board/src/sl_board_control_gpio.o
                0x08007ce4                sl_board_configure_vcom
 .text.sl_board_disable_vcom
                0x08007ce8       0x12 ./gecko_sdk_4.4.1/hardware/board/src/sl_board_control_gpio.o
                0x08007ce8                sl_board_disable_vcom
 .text.sl_board_init
                0x08007cfa       0x1c ./gecko_sdk_4.4.1/hardware/board/src/sl_board_init.o
                0x08007cfa                sl_board_init
 .text.sl_board_preinit
                0x08007d16        0x8 ./gecko_sdk_4.4.1/hardware/board/src/sl_board_init.o
                0x08007d16                sl_board_preinit
 .text.sli_cos_swo_itm_8_write.constprop.0.isra.0
                0x08007d1e       0x78 ./gecko_sdk_4.4.1/hardware/driver/configuration_over_swo/src/sl_cos.o
 .text.sl_cos_send_config
                0x08007d96       0x12 ./gecko_sdk_4.4.1/hardware/driver/configuration_over_swo/src/sl_cos.o
                0x08007d96                sl_cos_send_config
 .text.sl_cos_config_vcom
                0x08007da8       0x1e ./gecko_sdk_4.4.1/hardware/driver/configuration_over_swo/src/sl_cos.o
                0x08007da8                sl_cos_config_vcom
 .text.Default_Handler
                0x08007dc6        0x2 ./gecko_sdk_4.4.1/platform/Device/SiliconLabs/EFR32MG24/Source/startup_efr32mg24.o
                0x08007dc6                ULFRCO_IRQHandler
                0x08007dc6                AHB2AHB1_IRQHandler
                0x08007dc6                SW2_IRQHandler
                0x08007dc6                TIMER2_IRQHandler
                0x08007dc6                DebugMon_Handler
                0x08007dc6                USART0_TX_IRQHandler
                0x08007dc6                IADC_IRQHandler
                0x08007dc6                I2C0_IRQHandler
                0x08007dc6                LFXO_IRQHandler
                0x08007dc6                HardFault_Handler
                0x08007dc6                SMU_SECURE_IRQHandler
                0x08007dc6                SysTick_Handler
                0x08007dc6                SYSRTC_SEQ_IRQHandler
                0x08007dc6                EMUEFP_IRQHandler
                0x08007dc6                PendSV_Handler
                0x08007dc6                NMI_Handler
                0x08007dc6                SYNTH_IRQHandler
                0x08007dc6                HOSTMAILBOX_IRQHandler
                0x08007dc6                HFXO0_IRQHandler
                0x08007dc6                I2C1_IRQHandler
                0x08007dc6                WDOG0_IRQHandler
                0x08007dc6                TIMER3_IRQHandler
                0x08007dc6                SYSCFG_IRQHandler
                0x08007dc6                RFECA1_IRQHandler
                0x08007dc6                EMUDG_IRQHandler
                0x08007dc6                MSC_IRQHandler
                0x08007dc6                DPLL0_IRQHandler
                0x08007dc6                UsageFault_Handler
                0x08007dc6                WDOG1_IRQHandler
                0x08007dc6                M33CTI1_IRQHandler
                0x08007dc6                TIMER4_IRQHandler
                0x08007dc6                GPIO_EVEN_IRQHandler
                0x08007dc6                VDAC0_IRQHandler
                0x08007dc6                SEMBTX_IRQHandler
                0x08007dc6                SW0_IRQHandler
                0x08007dc6                TIMER0_IRQHandler
                0x08007dc6                MVP_IRQHandler
                0x08007dc6                LETIMER0_IRQHandler
                0x08007dc6                EUSART1_RX_IRQHandler
                0x08007dc6                TIMER1_IRQHandler
                0x08007dc6                HFRCO0_IRQHandler
                0x08007dc6                SecureFault_Handler
                0x08007dc6                BUFC_IRQHandler
                0x08007dc6                DCDC_IRQHandler
                0x08007dc6                MODEM_IRQHandler
                0x08007dc6                Default_Handler
                0x08007dc6                RAC_SEQ_IRQHandler
                0x08007dc6                FRC_PRI_IRQHandler
                0x08007dc6                EMU_IRQHandler
                0x08007dc6                SW3_IRQHandler
                0x08007dc6                KERNEL0_IRQHandler
                0x08007dc6                FRC_IRQHandler
                0x08007dc6                PCNT0_IRQHandler
                0x08007dc6                KERNEL1_IRQHandler
                0x08007dc6                AGC_IRQHandler
                0x08007dc6                EUSART1_TX_IRQHandler
                0x08007dc6                KEYSCAN_IRQHandler
                0x08007dc6                sl_app_properties
                0x08007dc6                HFRCOEM23_IRQHandler
                0x08007dc6                BURTC_IRQHandler
                0x08007dc6                SEMBRX_IRQHandler
                0x08007dc6                RFECA0_IRQHandler
                0x08007dc6                LFRCO_IRQHandler
                0x08007dc6                VDAC1_IRQHandler
                0x08007dc6                ACMP0_IRQHandler
                0x08007dc6                USART0_RX_IRQHandler
                0x08007dc6                MemManage_Handler
                0x08007dc6                AHB2AHB0_IRQHandler
                0x08007dc6                SVC_Handler
                0x08007dc6                SMU_S_PRIVILEGED_IRQHandler
                0x08007dc6                SW1_IRQHandler
                0x08007dc6                CMU_IRQHandler
                0x08007dc6                RAC_RSM_IRQHandler
                0x08007dc6                SETAMPERHOST_IRQHandler
                0x08007dc6                GPIO_ODD_IRQHandler
                0x08007dc6                AES_IRQHandler
                0x08007dc6                M33CTI0_IRQHandler
                0x08007dc6                ICACHE0_IRQHandler
                0x08007dc6                SMU_NS_PRIVILEGED_IRQHandler
                0x08007dc6                FPUEXH_IRQHandler
                0x08007dc6                PROTIMER_IRQHandler
                0x08007dc6                ACMP1_IRQHandler
                0x08007dc6                BusFault_Handler
                0x08007dc6                MPAHBRAM_IRQHandler
 .text.FlashToRamCopy
                0x08007dc8       0x16 ./gecko_sdk_4.4.1/platform/Device/SiliconLabs/EFR32MG24/Source/system_efr32mg24.o
                0x08007dc8                FlashToRamCopy
 .text.SystemCLKIN0Get
                0x08007dde        0x4 ./gecko_sdk_4.4.1/platform/Device/SiliconLabs/EFR32MG24/Source/system_efr32mg24.o
                0x08007dde                SystemCLKIN0Get
 .text.SystemLFRCOClockGet
                0x08007de2        0x6 ./gecko_sdk_4.4.1/platform/Device/SiliconLabs/EFR32MG24/Source/system_efr32mg24.o
                0x08007de2                SystemLFRCOClockGet
 .text.SystemULFRCOClockGet
                0x08007de8        0x6 ./gecko_sdk_4.4.1/platform/Device/SiliconLabs/EFR32MG24/Source/system_efr32mg24.o
                0x08007de8                SystemULFRCOClockGet
 .text.assertEFM
                0x08007dee        0x2 ./gecko_sdk_4.4.1/platform/common/src/sl_assert.o
                0x08007dee                assertEFM
 .text.sl_debug_swo_enable_itm
                0x08007df0       0x16 ./gecko_sdk_4.4.1/platform/driver/debug/src/sl_debug_swo.o
                0x08007df0                sl_debug_swo_enable_itm
 .text.sl_debug_swo_disable_itm
                0x08007e06       0x18 ./gecko_sdk_4.4.1/platform/driver/debug/src/sl_debug_swo.o
                0x08007e06                sl_debug_swo_disable_itm
 .text.sl_led_init
                0x08007e1e        0x6 ./gecko_sdk_4.4.1/platform/driver/leddrv/src/sl_led.o
                0x08007e1e                sl_led_init
 .text.sl_simple_led_init
                0x08007e24       0x22 ./gecko_sdk_4.4.1/platform/driver/leddrv/src/sl_simple_led.o
                0x08007e24                sl_simple_led_init
 .text.sl_simple_led_turn_on
                0x08007e46       0x12 ./gecko_sdk_4.4.1/platform/driver/leddrv/src/sl_simple_led.o
                0x08007e46                sl_simple_led_turn_on
 .text.sl_simple_led_turn_off
                0x08007e58       0x12 ./gecko_sdk_4.4.1/platform/driver/leddrv/src/sl_simple_led.o
                0x08007e58                sl_simple_led_turn_off
 .text.DMADRV_PeripheralMemory
                0x08007e6a       0x34 ./gecko_sdk_4.4.1/platform/emdrv/dmadrv/src/dmadrv.o
                0x08007e6a                DMADRV_PeripheralMemory
 .text.BUS_RegMaskedWrite
                0x08007e9e       0x1e ./gecko_sdk_4.4.1/platform/emlib/src/em_cmu.o
 .text.waitStateMax
                0x08007ebc       0x10 ./gecko_sdk_4.4.1/platform/emlib/src/em_cmu.o
 .text.CMU_UpdateWaitStates
                0x08007ecc        0xc ./gecko_sdk_4.4.1/platform/emlib/src/em_cmu.o
                0x08007ecc                CMU_UpdateWaitStates
 .text.pclkDivMax
                0x08007ed8        0xa ./gecko_sdk_4.4.1/platform/emlib/src/em_cmu.o
 .text.sli_em_cmu_SYSCLKInitPostClockSelect
                0x08007ee2       0x2a ./gecko_sdk_4.4.1/platform/emlib/src/em_cmu.o
                0x08007ee2                sli_em_cmu_SYSCLKInitPostClockSelect
 .text.CORE_EnterCritical
                0x08007f0c        0x8 ./gecko_sdk_4.4.1/platform/emlib/src/em_core.o
                0x08007f0c                CORE_EnterCritical
 .text.CORE_ExitCritical
                0x08007f14        0x6 ./gecko_sdk_4.4.1/platform/emlib/src/em_core.o
                0x08007f14                CORE_ExitCritical
 .text.CORE_EnterAtomic
                0x08007f1a        0xc ./gecko_sdk_4.4.1/platform/emlib/src/em_core.o
                0x08007f1a                CORE_EnterAtomic
 .text.CORE_ExitAtomic
                0x08007f26        0x6 ./gecko_sdk_4.4.1/platform/emlib/src/em_core.o
                0x08007f26                CORE_ExitAtomic
 .text.EMU_EFPEM01VScale
                0x08007f2c        0x2 ./gecko_sdk_4.4.1/platform/emlib/src/em_emu.o
                0x08007f2c                EMU_EFPEM01VScale
 .text.EMU_DCDCUpdatedHook
                0x08007f2e        0x2 ./gecko_sdk_4.4.1/platform/emlib/src/em_emu.o
                0x08007f2e                EMU_DCDCUpdatedHook
 .text.eusart_sync
                0x08007f30        0x8 ./gecko_sdk_4.4.1/platform/emlib/src/em_eusart.o
 .text.EUSART_Disable
                0x08007f38       0x34 ./gecko_sdk_4.4.1/platform/emlib/src/em_eusart.o
 .text.EUSART_Tx
                0x08007f6c        0xa ./gecko_sdk_4.4.1/platform/emlib/src/em_eusart.o
                0x08007f6c                EUSART_Tx
 .text.BUS_RegMaskedWrite
                0x08007f76       0x1e ./gecko_sdk_4.4.1/platform/emlib/src/em_gpio.o
 .text.GPIO_DbgLocationSet
                0x08007f94        0x2 ./gecko_sdk_4.4.1/platform/emlib/src/em_gpio.o
                0x08007f94                GPIO_DbgLocationSet
 .text.USART_SpiTransfer
                0x08007f96       0x14 ./gecko_sdk_4.4.1/platform/emlib/src/em_usart.o
                0x08007f96                USART_SpiTransfer
 .text.sl_iostream_write
                0x08007faa       0x22 ./gecko_sdk_4.4.1/platform/service/iostream/src/sl_iostream.o
                0x08007faa                sl_iostream_write
 .text.sl_iostream_read
                0x08007fcc       0x30 ./gecko_sdk_4.4.1/platform/service/iostream/src/sl_iostream.o
                0x08007fcc                sl_iostream_read
 .text.eusart_deinit
                0x08007ffc       0x70 ./gecko_sdk_4.4.1/platform/service/iostream/src/sl_iostream_eusart.o
 .text.eusart_set_next_byte_detect
                0x0800806c       0x30 ./gecko_sdk_4.4.1/platform/service/iostream/src/sl_iostream_eusart.o
 .text.eusart_tx
                0x0800809c        0xc ./gecko_sdk_4.4.1/platform/service/iostream/src/sl_iostream_eusart.o
 .text.sl_iostream_eusart_irq_handler
                0x080080a8       0x72 ./gecko_sdk_4.4.1/platform/service/iostream/src/sl_iostream_eusart.o
                0x080080a8                sl_iostream_eusart_irq_handler
 .text._close   0x0800811a        0x4 ./gecko_sdk_4.4.1/platform/service/iostream/src/sl_iostream_retarget_stdio.o
                0x0800811a                _close
 .text._exit    0x0800811e        0x2 ./gecko_sdk_4.4.1/platform/service/iostream/src/sl_iostream_retarget_stdio.o
                0x0800811e                _exit
 .text._fstat   0x08008120        0xa ./gecko_sdk_4.4.1/platform/service/iostream/src/sl_iostream_retarget_stdio.o
                0x08008120                _fstat
 .text._getpid  0x0800812a        0x4 ./gecko_sdk_4.4.1/platform/service/iostream/src/sl_iostream_retarget_stdio.o
                0x0800812a                _getpid
 .text._isatty  0x0800812e        0x4 ./gecko_sdk_4.4.1/platform/service/iostream/src/sl_iostream_retarget_stdio.o
                0x0800812e                _isatty
 .text._kill    0x08008132        0x6 ./gecko_sdk_4.4.1/platform/service/iostream/src/sl_iostream_retarget_stdio.o
                0x08008132                _kill
 .text._lseek   0x08008138        0x4 ./gecko_sdk_4.4.1/platform/service/iostream/src/sl_iostream_retarget_stdio.o
                0x08008138                _lseek
 .text._read    0x0800813c       0x1c ./gecko_sdk_4.4.1/platform/service/iostream/src/sl_iostream_retarget_stdio.o
                0x0800813c                _read
 .text.set_auto_cr_lf
                0x08008158        0x6 ./gecko_sdk_4.4.1/platform/service/iostream/src/sl_iostream_uart.o
 .text.get_auto_cr_lf
                0x0800815e        0x6 ./gecko_sdk_4.4.1/platform/service/iostream/src/sl_iostream_uart.o
 .text.delay_callback
                0x08008164        0x6 ./gecko_sdk_4.4.1/platform/service/sleeptimer/src/sl_sleeptimer.o
 .text.sl_sleeptimer_start_timer
                0x0800816a       0x48 ./gecko_sdk_4.4.1/platform/service/sleeptimer/src/sl_sleeptimer.o
                0x0800816a                sl_sleeptimer_start_timer
 .text.sl_sleeptimer_start_periodic_timer
                0x080081b2       0x4a ./gecko_sdk_4.4.1/platform/service/sleeptimer/src/sl_sleeptimer.o
                0x080081b2                sl_sleeptimer_start_periodic_timer
 .text.sleeptimer_hal_get_compare
                0x080081fc        0x8 ./gecko_sdk_4.4.1/platform/service/sleeptimer/src/sl_sleeptimer_hal_sysrtc.o
                0x080081fc                sleeptimer_hal_get_compare
 .text.sleeptimer_hal_enable_int
                0x08008204       0x12 ./gecko_sdk_4.4.1/platform/service/sleeptimer/src/sl_sleeptimer_hal_sysrtc.o
                0x08008204                sleeptimer_hal_enable_int
 .text.SYSRTC_APP_IRQHandler
                0x08008216       0x34 ./gecko_sdk_4.4.1/platform/service/sleeptimer/src/sl_sleeptimer_hal_sysrtc.o
                0x08008216                SYSRTC_APP_IRQHandler
 .text.sleeptimer_hal_get_timer_frequency
                0x0800824a        0x6 ./gecko_sdk_4.4.1/platform/service/sleeptimer/src/sl_sleeptimer_hal_sysrtc.o
                0x0800824a                sleeptimer_hal_get_timer_frequency
 .text.sl_system_init
                0x08008250       0x1a ./gecko_sdk_4.4.1/platform/service/system/src/sl_system_init.o
                0x08008250                sl_system_init
 .text.sl_system_process_action
                0x0800826a       0x16 ./gecko_sdk_4.4.1/platform/service/system/src/sl_system_process_action.o
                0x0800826a                sl_system_process_action
 .text.__cvt    0x08008280       0xd0 c:/siliconlabs/simplicitystudio/v5/developer/toolchains/gnu_arm/12.2.rel1_2023.7/bin/../lib/gcc/arm-none-eabi/12.2.1/thumb/v8-m.main+fp/hard\libc_nano.a(libc_a-nano-vfprintf_float.o)
                0x08008280                __cvt
 .text.__exponent
                0x08008350       0x72 c:/siliconlabs/simplicitystudio/v5/developer/toolchains/gnu_arm/12.2.rel1_2023.7/bin/../lib/gcc/arm-none-eabi/12.2.1/thumb/v8-m.main+fp/hard\libc_nano.a(libc_a-nano-vfprintf_float.o)
                0x08008350                __exponent
 .text._printf_common
                0x080083c2       0xe4 c:/siliconlabs/simplicitystudio/v5/developer/toolchains/gnu_arm/12.2.rel1_2023.7/bin/../lib/gcc/arm-none-eabi/12.2.1/thumb/v8-m.main+fp/hard\libc_nano.a(libc_a-nano-vfprintf_i.o)
                0x080083c2                _printf_common
 .text._fwalk_sglue
                0x080084a6       0x3c c:/siliconlabs/simplicitystudio/v5/developer/toolchains/gnu_arm/12.2.rel1_2023.7/bin/../lib/gcc/arm-none-eabi/12.2.1/thumb/v8-m.main+fp/hard\libc_nano.a(libc_a-fwalk.o)
                0x080084a6                _fwalk_sglue
 .text._puts_r  0x080084e2       0xaa c:/siliconlabs/simplicitystudio/v5/developer/toolchains/gnu_arm/12.2.rel1_2023.7/bin/../lib/gcc/arm-none-eabi/12.2.1/thumb/v8-m.main+fp/hard\libc_nano.a(libc_a-puts.o)
                0x080084e2                _puts_r
 .text.__sread  0x0800858c       0x22 c:/siliconlabs/simplicitystudio/v5/developer/toolchains/gnu_arm/12.2.rel1_2023.7/bin/../lib/gcc/arm-none-eabi/12.2.1/thumb/v8-m.main+fp/hard\libc_nano.a(libc_a-stdio.o)
                0x0800858c                __sread
 .text.__swrite
                0x080085ae       0x38 c:/siliconlabs/simplicitystudio/v5/developer/toolchains/gnu_arm/12.2.rel1_2023.7/bin/../lib/gcc/arm-none-eabi/12.2.1/thumb/v8-m.main+fp/hard\libc_nano.a(libc_a-stdio.o)
                0x080085ae                __swrite
 .text.__sseek  0x080085e6       0x24 c:/siliconlabs/simplicitystudio/v5/developer/toolchains/gnu_arm/12.2.rel1_2023.7/bin/../lib/gcc/arm-none-eabi/12.2.1/thumb/v8-m.main+fp/hard\libc_nano.a(libc_a-stdio.o)
                0x080085e6                __sseek
 .text.__sclose
                0x0800860a        0x8 c:/siliconlabs/simplicitystudio/v5/developer/toolchains/gnu_arm/12.2.rel1_2023.7/bin/../lib/gcc/arm-none-eabi/12.2.1/thumb/v8-m.main+fp/hard\libc_nano.a(libc_a-stdio.o)
                0x0800860a                __sclose
 .text.__swbuf_r
                0x08008612       0x7c c:/siliconlabs/simplicitystudio/v5/developer/toolchains/gnu_arm/12.2.rel1_2023.7/bin/../lib/gcc/arm-none-eabi/12.2.1/thumb/v8-m.main+fp/hard\libc_nano.a(libc_a-wbuf.o)
                0x08008612                __swbuf_r
 .text.memset   0x0800868e       0x10 c:/siliconlabs/simplicitystudio/v5/developer/toolchains/gnu_arm/12.2.rel1_2023.7/bin/../lib/gcc/arm-none-eabi/12.2.1/thumb/v8-m.main+fp/hard\libc_nano.a(libc_a-memset.o)
                0x0800868e                memset
 .text.__retarget_lock_init_recursive
                0x0800869e        0x2 c:/siliconlabs/simplicitystudio/v5/developer/toolchains/gnu_arm/12.2.rel1_2023.7/bin/../lib/gcc/arm-none-eabi/12.2.1/thumb/v8-m.main+fp/hard\libc_nano.a(libc_a-lock.o)
                0x0800869e                __retarget_lock_init_recursive
 .text.__retarget_lock_acquire_recursive
                0x080086a0        0x2 c:/siliconlabs/simplicitystudio/v5/developer/toolchains/gnu_arm/12.2.rel1_2023.7/bin/../lib/gcc/arm-none-eabi/12.2.1/thumb/v8-m.main+fp/hard\libc_nano.a(libc_a-lock.o)
                0x080086a0                __retarget_lock_acquire_recursive
 .text.__retarget_lock_release_recursive
                0x080086a2        0x2 c:/siliconlabs/simplicitystudio/v5/developer/toolchains/gnu_arm/12.2.rel1_2023.7/bin/../lib/gcc/arm-none-eabi/12.2.1/thumb/v8-m.main+fp/hard\libc_nano.a(libc_a-lock.o)
                0x080086a2                __retarget_lock_release_recursive
 .text.memchr   0x080086a4       0x1c c:/siliconlabs/simplicitystudio/v5/developer/toolchains/gnu_arm/12.2.rel1_2023.7/bin/../lib/gcc/arm-none-eabi/12.2.1/thumb/v8-m.main+fp/hard\libc_nano.a(libc_a-memchr-stub.o)
                0x080086a4                memchr
 .text.memcpy   0x080086c0       0x1a c:/siliconlabs/simplicitystudio/v5/developer/toolchains/gnu_arm/12.2.rel1_2023.7/bin/../lib/gcc/arm-none-eabi/12.2.1/thumb/v8-m.main+fp/hard\libc_nano.a(libc_a-memcpy-stub.o)
                0x080086c0                memcpy
 .text          0x080086da       0x10 c:/siliconlabs/simplicitystudio/v5/developer/toolchains/gnu_arm/12.2.rel1_2023.7/bin/../lib/gcc/arm-none-eabi/12.2.1/thumb/v8-m.main+fp/hard\libc_nano.a(libc_a-strlen.o)
                0x080086da                strlen
 .text.quorem   0x080086ea      0x11a c:/siliconlabs/simplicitystudio/v5/developer/toolchains/gnu_arm/12.2.rel1_2023.7/bin/../lib/gcc/arm-none-eabi/12.2.1/thumb/v8-m.main+fp/hard\libc_nano.a(libc_a-dtoa.o)
 .text.__hi0bits
                0x08008804       0x44 c:/siliconlabs/simplicitystudio/v5/developer/toolchains/gnu_arm/12.2.rel1_2023.7/bin/../lib/gcc/arm-none-eabi/12.2.1/thumb/v8-m.main+fp/hard\libc_nano.a(libc_a-mprec.o)
                0x08008804                __hi0bits
 .text.__lo0bits
                0x08008848       0x5a c:/siliconlabs/simplicitystudio/v5/developer/toolchains/gnu_arm/12.2.rel1_2023.7/bin/../lib/gcc/arm-none-eabi/12.2.1/thumb/v8-m.main+fp/hard\libc_nano.a(libc_a-mprec.o)
                0x08008848                __lo0bits
 .text.__mcmp   0x080088a2       0x36 c:/siliconlabs/simplicitystudio/v5/developer/toolchains/gnu_arm/12.2.rel1_2023.7/bin/../lib/gcc/arm-none-eabi/12.2.1/thumb/v8-m.main+fp/hard\libc_nano.a(libc_a-mprec.o)
                0x080088a2                __mcmp
 .text.__sfputc_r
                0x080088d8       0x2e c:/siliconlabs/simplicitystudio/v5/developer/toolchains/gnu_arm/12.2.rel1_2023.7/bin/../lib/gcc/arm-none-eabi/12.2.1/thumb/v8-m.main+fp/hard\libc_nano.a(libc_a-nano-vfprintf.o)
 .text.__sfputs_r
                0x08008906       0x24 c:/siliconlabs/simplicitystudio/v5/developer/toolchains/gnu_arm/12.2.rel1_2023.7/bin/../lib/gcc/arm-none-eabi/12.2.1/thumb/v8-m.main+fp/hard\libc_nano.a(libc_a-nano-vfprintf.o)
                0x08008906                __sfputs_r
 .text.__sflush_r
                0x0800892a      0x106 c:/siliconlabs/simplicitystudio/v5/developer/toolchains/gnu_arm/12.2.rel1_2023.7/bin/../lib/gcc/arm-none-eabi/12.2.1/thumb/v8-m.main+fp/hard\libc_nano.a(libc_a-fflush.o)
                0x0800892a                __sflush_r
 .text._fflush_r
                0x08008a30       0x50 c:/siliconlabs/simplicitystudio/v5/developer/toolchains/gnu_arm/12.2.rel1_2023.7/bin/../lib/gcc/arm-none-eabi/12.2.1/thumb/v8-m.main+fp/hard\libc_nano.a(libc_a-fflush.o)
                0x08008a30                _fflush_r
 .text.__swhatbuf_r
                0x08008a80       0x4a c:/siliconlabs/simplicitystudio/v5/developer/toolchains/gnu_arm/12.2.rel1_2023.7/bin/../lib/gcc/arm-none-eabi/12.2.1/thumb/v8-m.main+fp/hard\libc_nano.a(libc_a-makebuf.o)
                0x08008a80                __swhatbuf_r
 .text.__smakebuf_r
                0x08008aca       0x78 c:/siliconlabs/simplicitystudio/v5/developer/toolchains/gnu_arm/12.2.rel1_2023.7/bin/../lib/gcc/arm-none-eabi/12.2.1/thumb/v8-m.main+fp/hard\libc_nano.a(libc_a-makebuf.o)
                0x08008aca                __smakebuf_r
 .text._putc_r  0x08008b42       0x68 c:/siliconlabs/simplicitystudio/v5/developer/toolchains/gnu_arm/12.2.rel1_2023.7/bin/../lib/gcc/arm-none-eabi/12.2.1/thumb/v8-m.main+fp/hard\libc_nano.a(libc_a-putc.o)
                0x08008b42                _putc_r
 .text._calloc_r
                0x08008baa       0x28 c:/siliconlabs/simplicitystudio/v5/developer/toolchains/gnu_arm/12.2.rel1_2023.7/bin/../lib/gcc/arm-none-eabi/12.2.1/thumb/v8-m.main+fp/hard\libc_nano.a(libc_a-callocr.o)
                0x08008baa                _calloc_r
 .text.__ascii_mbtowc
                0x08008bd2       0x24 c:/siliconlabs/simplicitystudio/v5/developer/toolchains/gnu_arm/12.2.rel1_2023.7/bin/../lib/gcc/arm-none-eabi/12.2.1/thumb/v8-m.main+fp/hard\libc_nano.a(libc_a-mbtowc_r.o)
                0x08008bd2                __ascii_mbtowc
 .text.__ascii_wctomb
                0x08008bf6       0x1a c:/siliconlabs/simplicitystudio/v5/developer/toolchains/gnu_arm/12.2.rel1_2023.7/bin/../lib/gcc/arm-none-eabi/12.2.1/thumb/v8-m.main+fp/hard\libc_nano.a(libc_a-wctomb_r.o)
                0x08008bf6                __ascii_wctomb
 .text.abort    0x08008c10        0xe c:/siliconlabs/simplicitystudio/v5/developer/toolchains/gnu_arm/12.2.rel1_2023.7/bin/../lib/gcc/arm-none-eabi/12.2.1/thumb/v8-m.main+fp/hard\libc_nano.a(libc_a-abort.o)
                0x08008c10                abort
 .text._raise_r
                0x08008c1e       0x50 c:/siliconlabs/simplicitystudio/v5/developer/toolchains/gnu_arm/12.2.rel1_2023.7/bin/../lib/gcc/arm-none-eabi/12.2.1/thumb/v8-m.main+fp/hard\libc_nano.a(libc_a-signal.o)
                0x08008c1e                _raise_r
 .text._getpid_r
                0x08008c6e        0x4 c:/siliconlabs/simplicitystudio/v5/developer/toolchains/gnu_arm/12.2.rel1_2023.7/bin/../lib/gcc/arm-none-eabi/12.2.1/thumb/v8-m.main+fp/hard\libc_nano.a(libc_a-signalr.o)
                0x08008c6e                _getpid_r
                0x08008c80                . = ALIGN (0x20)
 *fill*         0x08008c72        0xe 
                0x08008c80                linker_code_end = .
 *(.init)
 .init          0x08008c80        0x4 c:/siliconlabs/simplicitystudio/v5/developer/toolchains/gnu_arm/12.2.rel1_2023.7/bin/../lib/gcc/arm-none-eabi/12.2.1/thumb/v8-m.main+fp/hard/crti.o
                0x08008c80                _init
 .init          0x08008c84        0x8 c:/siliconlabs/simplicitystudio/v5/developer/toolchains/gnu_arm/12.2.rel1_2023.7/bin/../lib/gcc/arm-none-eabi/12.2.1/thumb/v8-m.main+fp/hard/crtn.o
 *(.fini)
 .fini          0x08008c8c        0x4 c:/siliconlabs/simplicitystudio/v5/developer/toolchains/gnu_arm/12.2.rel1_2023.7/bin/../lib/gcc/arm-none-eabi/12.2.1/thumb/v8-m.main+fp/hard/crti.o
                0x08008c8c                _fini
 .fini          0x08008c90        0x8 c:/siliconlabs/simplicitystudio/v5/developer/toolchains/gnu_arm/12.2.rel1_2023.7/bin/../lib/gcc/arm-none-eabi/12.2.1/thumb/v8-m.main+fp/hard/crtn.o
 *crtbegin.o(.ctors)
 *crtbegin?.o(.ctors)
 *(EXCLUDE_FILE(*crtend.o *crtend?.o) .ctors)
 *(SORT_BY_NAME(.ctors.*))
 *(.ctors)
 *crtbegin.o(.dtors)
 *crtbegin?.o(.dtors)
 *(EXCLUDE_FILE(*crtend.o *crtend?.o) .dtors)
 *(SORT_BY_NAME(.dtors.*))
 *(.dtors)
                0x08008c98                __code_classification_validator_start__ = .
                0x08008cb8                . = (. + 0x20)
 *fill*         0x08008c98       0x20 
 *(code_classification_validator)
                0x08008cc0                . = ALIGN (0x20)
 *fill*         0x08008cb8        0x8 
                0x08008cc0                __code_classification_validator_end__ = .
 *(.rodata*)
 .rodata.app_init.str1.1
                0x08008cc0      0x12e ./app.o
                                0x130 (size before relaxing)
 .rodata.AS7331_ChangeMode.str1.1
                0x08008dee        0x8 ./as.o
 .rodata.AS7331_Report.str1.1
                0x08008df6       0x7b ./as.o
 .rodata.as_dev_id.str1.1
                0x08008e71       0x1a ./as.o
 .rodata.as_init.str1.1
                0x08008e8b      0x106 ./as.o
 *fill*         0x08008f91        0x3 
 .rodata.uvc_fsr
                0x08008f94       0x30 ./as.o
                0x08008f94                uvc_fsr
 .rodata.uvb_fsr
                0x08008fc4       0x30 ./as.o
                0x08008fc4                uvb_fsr
 .rodata.uva_fsr
                0x08008ff4       0x30 ./as.o
                0x08008ff4                uva_fsr
 .rodata.MPL3115A2_GetPressure.str1.1
                0x08009024        0x9 ./mpl.o
 .rodata.MPL3115A2_Report.str1.1
                0x0800902d       0x4a ./mpl.o
                                 0x56 (size before relaxing)
 .rodata.mpl_dev_id.str1.1
                0x08009077       0x1a ./mpl.o
 .rodata.mpl_init.str1.1
                0x08009077       0x58 ./mpl.o
 .rodata.SI7021_measure.constprop.0.str1.1
                0x080090cf        0x8 ./si.o
 .rodata.si_dev_id.str1.1
                0x080090d7        0x7 ./si.o
                                 0x21 (size before relaxing)
 .rodata.sl_iostream_eusart_init_vcom.str1.1
                0x080090de       0x2f ./autogen/sl_iostream_init_eusart_instances.o
 *fill*         0x0800910d        0x3 
 .rodata        0x08009110       0x20 ./autogen/sl_iostream_init_eusart_instances.o
 .rodata.sl_led_led1
                0x08009130       0x18 ./autogen/sl_simple_led_instances.o
                0x08009130                sl_led_led1
 .rodata.sl_led_led0
                0x08009148       0x18 ./autogen/sl_simple_led_instances.o
                0x08009148                sl_led_led0
 .rodata.sl_board_enable_sensor.str1.1
                0x08009160       0x3e ./gecko_sdk_4.4.1/hardware/board/src/sl_board_control_gpio.o
 *fill*         0x0800919e        0x2 
 .rodata        0x080091a0       0x1c ./gecko_sdk_4.4.1/hardware/driver/mx25_flash_shutdown/src/sl_mx25_flash_shutdown_usart/sl_mx25_flash_shutdown.o
 .rodata.I2CSPM_Init.str1.1
                0x080091bc       0xa1 ./gecko_sdk_4.4.1/platform/driver/i2cspm/src/sl_i2cspm.o
 *fill*         0x0800925d        0x1 
 .rodata.CSWTCH.10
                0x0800925e        0x8 ./gecko_sdk_4.4.1/platform/driver/i2cspm/src/sl_i2cspm.o
 .rodata.GPIO_PinOutClear.str1.1
                0x08009266       0x67 ./gecko_sdk_4.4.1/platform/driver/leddrv/src/sl_simple_led.o
 .rodata.CSWTCH.18
                0x08009266        0x8 ./gecko_sdk_4.4.1/platform/driver/leddrv/src/sl_simple_led.o
 .rodata        0x0800926e        0x4 ./gecko_sdk_4.4.1/platform/emdrv/dmadrv/src/dmadrv.o
 .rodata.HFRCODPLLDevinfoGet.str1.1
                0x08009272       0x2f ./gecko_sdk_4.4.1/platform/emlib/src/em_cmu.o
 .rodata.EMU_VScaleEM01.str1.1
                0x080092a1       0x2f ./gecko_sdk_4.4.1/platform/emlib/src/em_emu.o
 .rodata.EUSART_Enable.str1.1
                0x080092d0       0x32 ./gecko_sdk_4.4.1/platform/emlib/src/em_eusart.o
 .rodata.GPIO_PinOutSet.str1.1
                0x08009302       0x67 ./gecko_sdk_4.4.1/platform/emlib/src/em_gpio.o
 .rodata.GPIO_ExtIntConfig.str1.1
                0x08009302       0x30 ./gecko_sdk_4.4.1/platform/emlib/src/em_gpio.o
 .rodata.CSWTCH.31
                0x08009332        0x8 ./gecko_sdk_4.4.1/platform/emlib/src/em_gpio.o
 .rodata.I2C_BusFreqGet.str1.1
                0x0800933a       0x2f ./gecko_sdk_4.4.1/platform/emlib/src/em_i2c.o
 .rodata.i2cNSum
                0x08009369        0x4 ./gecko_sdk_4.4.1/platform/emlib/src/em_i2c.o
 .rodata.LDMA_EnableChannelRequest.str1.1
                0x0800936d       0x96 ./gecko_sdk_4.4.1/platform/emlib/src/em_ldma.o
 .rodata.USART_BaudrateAsyncSet.str1.1
                0x08009403       0x31 ./gecko_sdk_4.4.1/platform/emlib/src/em_usart.o
 .rodata.sl_hal_sysrtc_init_group.str1.1
                0x08009434       0x3f ./gecko_sdk_4.4.1/platform/peripheral/src/peripheral_sysrtc.o
 .rodata        0x08009473        0x7 ./gecko_sdk_4.4.1/platform/service/device_init/src/sl_device_init_dcdc_s2.o
 *fill*         0x0800947a        0x2 
 .rodata        0x0800947c       0x28 ./gecko_sdk_4.4.1/platform/service/device_init/src/sl_device_init_hfxo_s2.o
 .rodata        0x080094a4       0x14 ./gecko_sdk_4.4.1/platform/service/device_init/src/sl_device_init_lfxo_s2.o
 .rodata._write.str1.1
                0x080094b8       0x4e ./gecko_sdk_4.4.1/platform/service/iostream/src/sl_iostream_retarget_stdio.o
 .rodata.get_write_ptr.str1.1
                0x08009506       0x44 ./gecko_sdk_4.4.1/platform/service/iostream/src/sl_iostream_uart.o
 .rodata.process_timer_irq.str1.1
                0x0800954a       0x43 ./gecko_sdk_4.4.1/platform/service/sleeptimer/src/sl_sleeptimer.o
 .rodata.sl_udelay_wait.str1.1
                0x0800958d       0x3b ./gecko_sdk_4.4.1/platform/service/udelay/src/sl_udelay.o
 .rodata._ctype_
                0x080095c8      0x101 c:/siliconlabs/simplicitystudio/v5/developer/toolchains/gnu_arm/12.2.rel1_2023.7/bin/../lib/gcc/arm-none-eabi/12.2.1/thumb/v8-m.main+fp/hard\libc_nano.a(libc_a-ctype_.o)
                0x080095c8                _ctype_
 .rodata._printf_float.str1.1
                0x080096c9       0x12 c:/siliconlabs/simplicitystudio/v5/developer/toolchains/gnu_arm/12.2.rel1_2023.7/bin/../lib/gcc/arm-none-eabi/12.2.1/thumb/v8-m.main+fp/hard\libc_nano.a(libc_a-nano-vfprintf_float.o)
 .rodata._printf_i.str1.1
                0x080096db       0x22 c:/siliconlabs/simplicitystudio/v5/developer/toolchains/gnu_arm/12.2.rel1_2023.7/bin/../lib/gcc/arm-none-eabi/12.2.1/thumb/v8-m.main+fp/hard\libc_nano.a(libc_a-nano-vfprintf_i.o)
 .rodata._dtoa_r.str1.1
                0x080096fd       0x8e c:/siliconlabs/simplicitystudio/v5/developer/toolchains/gnu_arm/12.2.rel1_2023.7/bin/../lib/gcc/arm-none-eabi/12.2.1/thumb/v8-m.main+fp/hard\libc_nano.a(libc_a-dtoa.o)
                                 0x90 (size before relaxing)
 .rodata._Balloc.str1.1
                0x0800978b       0x5a c:/siliconlabs/simplicitystudio/v5/developer/toolchains/gnu_arm/12.2.rel1_2023.7/bin/../lib/gcc/arm-none-eabi/12.2.1/thumb/v8-m.main+fp/hard\libc_nano.a(libc_a-mprec.o)
                                 0x71 (size before relaxing)
 .rodata.__multadd.str1.1
                0x080097e5       0x11 c:/siliconlabs/simplicitystudio/v5/developer/toolchains/gnu_arm/12.2.rel1_2023.7/bin/../lib/gcc/arm-none-eabi/12.2.1/thumb/v8-m.main+fp/hard\libc_nano.a(libc_a-mprec.o)
 *fill*         0x080097e5        0x3 
 .rodata.p05.0  0x080097e8        0xc c:/siliconlabs/simplicitystudio/v5/developer/toolchains/gnu_arm/12.2.rel1_2023.7/bin/../lib/gcc/arm-none-eabi/12.2.1/thumb/v8-m.main+fp/hard\libc_nano.a(libc_a-mprec.o)
 *fill*         0x080097f4        0x4 
 .rodata.__mprec_bigtens
                0x080097f8       0x28 c:/siliconlabs/simplicitystudio/v5/developer/toolchains/gnu_arm/12.2.rel1_2023.7/bin/../lib/gcc/arm-none-eabi/12.2.1/thumb/v8-m.main+fp/hard\libc_nano.a(libc_a-mprec.o)
                0x080097f8                __mprec_bigtens
 .rodata.__mprec_tens
                0x08009820       0xc8 c:/siliconlabs/simplicitystudio/v5/developer/toolchains/gnu_arm/12.2.rel1_2023.7/bin/../lib/gcc/arm-none-eabi/12.2.1/thumb/v8-m.main+fp/hard\libc_nano.a(libc_a-mprec.o)
                0x08009820                __mprec_tens
 .rodata._vfprintf_r.str1.1
                0x080098e8       0x11 c:/siliconlabs/simplicitystudio/v5/developer/toolchains/gnu_arm/12.2.rel1_2023.7/bin/../lib/gcc/arm-none-eabi/12.2.1/thumb/v8-m.main+fp/hard\libc_nano.a(libc_a-nano-vfprintf.o)
 .rodata._setlocale_r.str1.1
                0x080098f9        0x8 c:/siliconlabs/simplicitystudio/v5/developer/toolchains/gnu_arm/12.2.rel1_2023.7/bin/../lib/gcc/arm-none-eabi/12.2.1/thumb/v8-m.main+fp/hard\libc_nano.a(libc_a-locale.o)
                                  0x9 (size before relaxing)
 .rodata.str1.1
                0x08009901        0x2 c:/siliconlabs/simplicitystudio/v5/developer/toolchains/gnu_arm/12.2.rel1_2023.7/bin/../lib/gcc/arm-none-eabi/12.2.1/thumb/v8-m.main+fp/hard\libc_nano.a(libc_a-locale.o)
 .rodata.__assert_func.str1.1
                0x08009903       0x3c c:/siliconlabs/simplicitystudio/v5/developer/toolchains/gnu_arm/12.2.rel1_2023.7/bin/../lib/gcc/arm-none-eabi/12.2.1/thumb/v8-m.main+fp/hard\libc_nano.a(libc_a-assert.o)
                                 0x3d (size before relaxing)
 *(.eh_frame*)
 *fill*         0x0800993f        0x1 
 .eh_frame      0x08009940        0x0 c:/siliconlabs/simplicitystudio/v5/developer/toolchains/gnu_arm/12.2.rel1_2023.7/bin/../lib/gcc/arm-none-eabi/12.2.1/thumb/v8-m.main+fp/hard/crtbegin.o

.glue_7         0x08009940        0x0
 .glue_7        0x08009940        0x0 linker stubs

.glue_7t        0x08009940        0x0
 .glue_7t       0x08009940        0x0 linker stubs

.vfp11_veneer   0x08009940        0x0
 .vfp11_veneer  0x08009940        0x0 linker stubs

.v4_bx          0x08009940        0x0
 .v4_bx         0x08009940        0x0 linker stubs

.iplt           0x08009940        0x0
 .iplt          0x08009940        0x0 c:/siliconlabs/simplicitystudio/v5/developer/toolchains/gnu_arm/12.2.rel1_2023.7/bin/../lib/gcc/arm-none-eabi/12.2.1/thumb/v8-m.main+fp/hard/crtbegin.o

.ARM.extab
 *(.ARM.extab* .gnu.linkonce.armextab.*)
                0x08009940                __exidx_start = .

.ARM.exidx      0x08009940        0x8
 *(.ARM.exidx* .gnu.linkonce.armexidx.*)
 .ARM.exidx     0x08009940        0x8 c:/siliconlabs/simplicitystudio/v5/developer/toolchains/gnu_arm/12.2.rel1_2023.7/bin/../lib/gcc/arm-none-eabi/12.2.1/thumb/v8-m.main+fp/hard/crt0.o
                                 0x10 (size before relaxing)
 .ARM.exidx.text.__udivmoddi4
                0x08009948        0x0 c:/siliconlabs/simplicitystudio/v5/developer/toolchains/gnu_arm/12.2.rel1_2023.7/bin/../lib/gcc/arm-none-eabi/12.2.1/thumb/v8-m.main+fp/hard\libgcc.a(_udivmoddi4.o)
                                  0x8 (size before relaxing)
                0x08009948                __exidx_end = .

.rel.dyn        0x08009948        0x0
 .rel.iplt      0x08009948        0x0 c:/siliconlabs/simplicitystudio/v5/developer/toolchains/gnu_arm/12.2.rel1_2023.7/bin/../lib/gcc/arm-none-eabi/12.2.1/thumb/v8-m.main+fp/hard/crtbegin.o

.copy.table     0x08009948        0xc
                0x08009948                . = ALIGN (0x4)
                0x08009948                __copy_table_start__ = .
                0x08009948        0x4 LONG 0x8009954 __etext
                0x0800994c        0x4 LONG 0x20001000 __data_start__
                0x08009950        0x4 LONG 0x82 ((__data_end__ - __data_start__) / 0x4)
                0x08009954                __copy_table_end__ = .

.zero.table     0x08009954        0x0
                0x08009954                . = ALIGN (0x4)
                0x08009954                __zero_table_start__ = .
                0x08009954                __zero_table_end__ = .
                0x08009954                __etext = .
                0x20000000                . = ORIGIN (RAM)

.stack          0x20000000     0x1000
                0x20000000                __StackLimit = .
 *(.stack*)
 .stack         0x20000000     0x1000 ./gecko_sdk_4.4.1/platform/common/toolchain/src/sl_memory.o
                0x20001000                . = ALIGN (0x4)
                0x20001000                __StackTop = .
                0x20001000                PROVIDE (__stack = __StackTop)

.noinit
 *(.noinit*)

.data           0x20001000      0x208 load address 0x08009954
                0x20001000                . = ALIGN (0x4)
                0x20001000                __data_start__ = .
 *(vtable)
 *(SORT_BY_ALIGNMENT(.data*))
 .data.init_sensor
                0x20001000       0x14 ./autogen/sl_i2cspm_init.o
                0x20001000                init_sensor
 .data.sl_i2cspm_sensor
                0x20001014        0x4 ./autogen/sl_i2cspm_init.o
                0x20001014                sl_i2cspm_sensor
 .data.SystemCoreClock
                0x20001018        0x4 ./gecko_sdk_4.4.1/platform/Device/SiliconLabs/EFR32MG24/Source/system_efr32mg24.o
                0x20001018                SystemCoreClock
 .data.SystemHFRCODPLLClock
                0x2000101c        0x4 ./gecko_sdk_4.4.1/platform/Device/SiliconLabs/EFR32MG24/Source/system_efr32mg24.o
 .data.SystemLFXOClock
                0x20001020        0x4 ./gecko_sdk_4.4.1/platform/Device/SiliconLabs/EFR32MG24/Source/system_efr32mg24.o
 .data.SystemHFXOClock
                0x20001024        0x4 ./gecko_sdk_4.4.1/platform/Device/SiliconLabs/EFR32MG24/Source/system_efr32mg24.o
 .data.heap_end.0
                0x20001028        0x4 ./gecko_sdk_4.4.1/platform/common/toolchain/src/sl_memory.o
 .data.__sglue  0x2000102c        0xc c:/siliconlabs/simplicitystudio/v5/developer/toolchains/gnu_arm/12.2.rel1_2023.7/bin/../lib/gcc/arm-none-eabi/12.2.1/thumb/v8-m.main+fp/hard\libc_nano.a(libc_a-findfp.o)
                0x2000102c                __sglue
 .data._impure_ptr