Archive member included to satisfy reference by file (symbol)

c:/siliconlabs/simplicitystudio/v5/developer/toolchains/gnu_arm/12.2.rel1_2023.7/bin/../lib/gcc/arm-none-eabi/12.2.1/thumb/v8-m.main+fp/hard\libgcc.a(_arm_muldf3.o)
                              ./as.o (__aeabi_dmul)
c:/siliconlabs/simplicitystudio/v5/developer/toolchains/gnu_arm/12.2.rel1_2023.7/bin/../lib/gcc/arm-none-eabi/12.2.1/thumb/v8-m.main+fp/hard\libgcc.a(_arm_addsubdf3.o)
                              ./as.o (__aeabi_dsub)
c:/siliconlabs/simplicitystudio/v5/developer/toolchains/gnu_arm/12.2.rel1_2023.7/bin/../lib/gcc/arm-none-eabi/12.2.1/thumb/v8-m.main+fp/hard\libgcc.a(_arm_truncdfsf2.o)
                              ./as.o (__aeabi_d2f)
c:/siliconlabs/simplicitystudio/v5/developer/toolchains/gnu_arm/12.2.rel1_2023.7/bin/../lib/gcc/arm-none-eabi/12.2.1/thumb/v8-m.main+fp/hard\libgcc.a(_aeabi_ldivmod.o)
                              ./gecko_sdk_4.4.1/platform/emlib/src/em_eusart.o (__aeabi_ldivmod)
c:/siliconlabs/simplicitystudio/v5/developer/toolchains/gnu_arm/12.2.rel1_2023.7/bin/../lib/gcc/arm-none-eabi/12.2.1/thumb/v8-m.main+fp/hard\libgcc.a(_aeabi_uldivmod.o)
                              ./gecko_sdk_4.4.1/platform/emlib/src/em_eusart.o (__aeabi_uldivmod)
c:/siliconlabs/simplicitystudio/v5/developer/toolchains/gnu_arm/12.2.rel1_2023.7/bin/../lib/gcc/arm-none-eabi/12.2.1/thumb/v8-m.main+fp/hard\libgcc.a(_udivmoddi4.o)
                              c:/siliconlabs/simplicitystudio/v5/developer/toolchains/gnu_arm/12.2.rel1_2023.7/bin/../lib/gcc/arm-none-eabi/12.2.1/thumb/v8-m.main+fp/hard\libgcc.a(_aeabi_ldivmod.o) (__udivmoddi4)
c:/siliconlabs/simplicitystudio/v5/developer/toolchains/gnu_arm/12.2.rel1_2023.7/bin/../lib/gcc/arm-none-eabi/12.2.1/thumb/v8-m.main+fp/hard\libgcc.a(_dvmd_tls.o)
                              c:/siliconlabs/simplicitystudio/v5/developer/toolchains/gnu_arm/12.2.rel1_2023.7/bin/../lib/gcc/arm-none-eabi/12.2.1/thumb/v8-m.main+fp/hard\libgcc.a(_aeabi_ldivmod.o) (__aeabi_ldiv0)
c:/siliconlabs/simplicitystudio/v5/developer/toolchains/gnu_arm/12.2.rel1_2023.7/bin/../lib/gcc/arm-none-eabi/12.2.1/thumb/v8-m.main+fp/hard\libc_nano.a(libc_a-exit.o)
                              c:/siliconlabs/simplicitystudio/v5/developer/toolchains/gnu_arm/12.2.rel1_2023.7/bin/../lib/gcc/arm-none-eabi/12.2.1/thumb/v8-m.main+fp/hard/crt0.o (exit)
c:/siliconlabs/simplicitystudio/v5/developer/toolchains/gnu_arm/12.2.rel1_2023.7/bin/../lib/gcc/arm-none-eabi/12.2.1/thumb/v8-m.main+fp/hard\libc_nano.a(libc_a-ctype_.o)
                              ./gecko_sdk_4.4.1/platform/common/src/sl_string.o (_ctype_)
c:/siliconlabs/simplicitystudio/v5/developer/toolchains/gnu_arm/12.2.rel1_2023.7/bin/../lib/gcc/arm-none-eabi/12.2.1/thumb/v8-m.main+fp/hard\libc_nano.a(libc_a-nano-vfprintf_float.o)
                              (_printf_float)
c:/siliconlabs/simplicitystudio/v5/developer/toolchains/gnu_arm/12.2.rel1_2023.7/bin/../lib/gcc/arm-none-eabi/12.2.1/thumb/v8-m.main+fp/hard\libc_nano.a(libc_a-nano-vfprintf_i.o)
                              c:/siliconlabs/simplicitystudio/v5/developer/toolchains/gnu_arm/12.2.rel1_2023.7/bin/../lib/gcc/arm-none-eabi/12.2.1/thumb/v8-m.main+fp/hard\libc_nano.a(libc_a-nano-vfprintf_float.o) (_printf_common)
c:/siliconlabs/simplicitystudio/v5/developer/toolchains/gnu_arm/12.2.rel1_2023.7/bin/../lib/gcc/arm-none-eabi/12.2.1/thumb/v8-m.main+fp/hard\libc_nano.a(libc_a-findfp.o)
                              c:/siliconlabs/simplicitystudio/v5/developer/toolchains/gnu_arm/12.2.rel1_2023.7/bin/../lib/gcc/arm-none-eabi/12.2.1/thumb/v8-m.main+fp/hard\libc_nano.a(libc_a-exit.o) (__stdio_exit_handler)
c:/siliconlabs/simplicitystudio/v5/developer/toolchains/gnu_arm/12.2.rel1_2023.7/bin/../lib/gcc/arm-none-eabi/12.2.1/thumb/v8-m.main+fp/hard\libc_nano.a(libc_a-fwalk.o)
                              c:/siliconlabs/simplicitystudio/v5/developer/toolchains/gnu_arm/12.2.rel1_2023.7/bin/../lib/gcc/arm-none-eabi/12.2.1/thumb/v8-m.main+fp/hard\libc_nano.a(libc_a-findfp.o) (_fwalk_sglue)
c:/siliconlabs/simplicitystudio/v5/developer/toolchains/gnu_arm/12.2.rel1_2023.7/bin/../lib/gcc/arm-none-eabi/12.2.1/thumb/v8-m.main+fp/hard\libc_nano.a(libc_a-printf.o)
                              ./app.o (printf)
c:/siliconlabs/simplicitystudio/v5/developer/toolchains/gnu_arm/12.2.rel1_2023.7/bin/../lib/gcc/arm-none-eabi/12.2.1/thumb/v8-m.main+fp/hard\libc_nano.a(libc_a-putchar.o)
                              ./app.o (putchar)
c:/siliconlabs/simplicitystudio/v5/developer/toolchains/gnu_arm/12.2.rel1_2023.7/bin/../lib/gcc/arm-none-eabi/12.2.1/thumb/v8-m.main+fp/hard\libc_nano.a(libc_a-puts.o)
                              ./app.o (puts)
c:/siliconlabs/simplicitystudio/v5/developer/toolchains/gnu_arm/12.2.rel1_2023.7/bin/../lib/gcc/arm-none-eabi/12.2.1/thumb/v8-m.main+fp/hard\libc_nano.a(libc_a-setvbuf.o)
                              ./gecko_sdk_4.4.1/platform/service/iostream/src/sl_iostream_stdlib_config.o (setvbuf)
[...]
Memory Configuration

Name             Origin             Length             Attributes
FLASH            0x08000000         0x0017e000         xr
RAM              0x20000000         0x00040000         xrw
*default*        0x00000000         0xffffffff

Linker script and memory map

LOAD c:/siliconlabs/simplicitystudio/v5/developer/toolchains/gnu_arm/12.2.rel1_2023.7/bin/../lib/gcc/arm-none-eabi/12.2.1/thumb/v8-m.main+fp/hard/crti.o
LOAD c:/siliconlabs/simplicitystudio/v5/developer/toolchains/gnu_arm/12.2.rel1_2023.7/bin/../lib/gcc/arm-none-eabi/12.2.1/thumb/v8-m.main+fp/hard/crtbegin.o
LOAD c:/siliconlabs/simplicitystudio/v5/developer/toolchains/gnu_arm/12.2.rel1_2023.7/bin/../lib/gcc/arm-none-eabi/12.2.1/thumb/v8-m.main+fp/hard/crt0.o
START GROUP
LOAD ./app.o
LOAD ./as.o
LOAD ./main.o
LOAD ./mpl.o
LOAD ./si.o
LOAD ./autogen/sl_board_default_init.o
LOAD ./autogen/sl_device_init_clocks.o
LOAD ./autogen/sl_event_handler.o
LOAD ./autogen/sl_i2cspm_init.o
LOAD ./autogen/sl_iostream_handles.o
LOAD ./autogen/sl_iostream_init_eusart_instances.o
LOAD ./autogen/sl_simple_led_instances.o
LOAD ./gecko_sdk_4.4.1/hardware/board/src/sl_board_control_gpio.o
LOAD ./gecko_sdk_4.4.1/hardware/board/src/sl_board_init.o
LOAD ./gecko_sdk_4.4.1/hardware/driver/configuration_over_swo/src/sl_cos.o
LOAD ./gecko_sdk_4.4.1/hardware/driver/mx25_flash_shutdown/src/sl_mx25_flash_shutdown_usart/sl_mx25_flash_shutdown.o
LOAD ./gecko_sdk_4.4.1/platform/Device/SiliconLabs/EFR32MG24/Source/startup_efr32mg24.o
LOAD ./gecko_sdk_4.4.1/platform/Device/SiliconLabs/EFR32MG24/Source/system_efr32mg24.o
LOAD ./gecko_sdk_4.4.1/platform/common/src/sl_assert.o
LOAD ./gecko_sdk_4.4.1/platform/common/src/sl_slist.o
LOAD ./gecko_sdk_4.4.1/platform/common/src/sl_string.o
LOAD ./gecko_sdk_4.4.1/platform/common/src/sl_syscalls.o
LOAD ./gecko_sdk_4.4.1/platform/common/toolchain/src/sl_memory.o
LOAD ./gecko_sdk_4.4.1/platform/driver/debug/src/sl_debug_swo.o
LOAD ./gecko_sdk_4.4.1/platform/driver/i2cspm/src/sl_i2cspm.o
LOAD ./gecko_sdk_4.4.1/platform/driver/leddrv/src/sl_led.o
LOAD ./gecko_sdk_4.4.1/platform/driver/leddrv/src/sl_simple_led.o
LOAD ./gecko_sdk_4.4.1/platform/emdrv/dmadrv/src/dmadrv.o
LOAD ./gecko_sdk_4.4.1/platform/emlib/src/em_burtc.o
LOAD ./gecko_sdk_4.4.1/platform/emlib/src/em_cmu.o
LOAD ./gecko_sdk_4.4.1/platform/emlib/src/em_core.o
LOAD ./gecko_sdk_4.4.1/platform/emlib/src/em_emu.o
LOAD ./gecko_sdk_4.4.1/platform/emlib/src/em_eusart.o
LOAD ./gecko_sdk_4.4.1/platform/emlib/src/em_gpio.o
LOAD ./gecko_sdk_4.4.1/platform/emlib/src/em_i2c.o
LOAD ./gecko_sdk_4.4.1/platform/emlib/src/em_ldma.o
LOAD ./gecko_sdk_4.4.1/platform/emlib/src/em_msc.o
LOAD ./gecko_sdk_4.4.1/platform/emlib/src/em_prs.o
LOAD ./gecko_sdk_4.4.1/platform/emlib/src/em_system.o
LOAD ./gecko_sdk_4.4.1/platform/emlib/src/em_timer.o
LOAD ./gecko_sdk_4.4.1/platform/emlib/src/em_usart.o
LOAD ./gecko_sdk_4.4.1/platform/peripheral/src/peripheral_sysrtc.o
LOAD ./gecko_sdk_4.4.1/platform/service/device_init/src/sl_device_init_dcdc_s2.o
LOAD ./gecko_sdk_4.4.1/platform/service/device_init/src/sl_device_init_emu_s2.o
LOAD ./gecko_sdk_4.4.1/platform/service/device_init/src/sl_device_init_hfxo_s2.o
LOAD ./gecko_sdk_4.4.1/platform/service/device_init/src/sl_device_init_lfxo_s2.o
LOAD ./gecko_sdk_4.4.1/platform/service/device_init/src/sl_device_init_nvic.o
LOAD ./gecko_sdk_4.4.1/platform/service/iostream/src/sl_iostream.o
LOAD ./gecko_sdk_4.4.1/platform/service/iostream/src/sl_iostream_eusart.o
LOAD ./gecko_sdk_4.4.1/platform/service/iostream/src/sl_iostream_retarget_stdio.o
LOAD ./gecko_sdk_4.4.1/platform/service/iostream/src/sl_iostream_stdlib_config.o
LOAD ./gecko_sdk_4.4.1/platform/service/iostream/src/sl_iostream_uart.o
LOAD ./gecko_sdk_4.4.1/platform/service/sleeptimer/src/sl_sleeptimer.o
LOAD ./gecko_sdk_4.4.1/platform/service/sleeptimer/src/sl_sleeptimer_hal_burtc.o
LOAD ./gecko_sdk_4.4.1/platform/service/sleeptimer/src/sl_sleeptimer_hal_sysrtc.o
LOAD ./gecko_sdk_4.4.1/platform/service/sleeptimer/src/sl_sleeptimer_hal_timer.o
LOAD ./gecko_sdk_4.4.1/platform/service/system/src/sl_system_init.o
LOAD ./gecko_sdk_4.4.1/platform/service/system/src/sl_system_process_action.o
LOAD ./gecko_sdk_4.4.1/platform/service/udelay/src/sl_udelay.o
LOAD ./gecko_sdk_4.4.1/platform/service/udelay/src/sl_udelay_armv6m_gcc.o
LOAD c:/siliconlabs/simplicitystudio/v5/developer/toolchains/gnu_arm/12.2.rel1_2023.7/bin/../lib/gcc/arm-none-eabi/12.2.1/thumb/v8-m.main+fp/hard\libgcc.a
LOAD c:/siliconlabs/simplicitystudio/v5/developer/toolchains/gnu_arm/12.2.rel1_2023.7/bin/../lib/gcc/arm-none-eabi/12.2.1/thumb/v8-m.main+fp/hard\libc_nano.a
LOAD c:/siliconlabs/simplicitystudio/v5/developer/toolchains/gnu_arm/12.2.rel1_2023.7/bin/../lib/gcc/arm-none-eabi/12.2.1/thumb/v8-m.main+fp/hard\libm.a
LOAD c:/siliconlabs/simplicitystudio/v5/developer/toolchains/gnu_arm/12.2.rel1_2023.7/bin/../lib/gcc/arm-none-eabi/12.2.1/thumb/v8-m.main+fp/hard\libnosys.a
END GROUP
START GROUP
LOAD c:/siliconlabs/simplicitystudio/v5/developer/toolchains/gnu_arm/12.2.rel1_2023.7/bin/../lib/gcc/arm-none-eabi/12.2.1/thumb/v8-m.main+fp/hard\libgcc.a
LOAD c:/siliconlabs/simplicitystudio/v5/developer/toolchains/gnu_arm/12.2.rel1_2023.7/bin/../lib/gcc/arm-none-eabi/12.2.1/thumb/v8-m.main+fp/hard\libc_nano.a
LOAD c:/siliconlabs/simplicitystudio/v5/developer/toolchains/gnu_arm/12.2.rel1_2023.7/bin/../lib/gcc/arm-none-eabi/12.2.1/thumb/v8-m.main+fp/hard\libnosys.a
END GROUP
START GROUP
LOAD c:/siliconlabs/simplicitystudio/v5/developer/toolchains/gnu_arm/12.2.rel1_2023.7/bin/../lib/gcc/arm-none-eabi/12.2.1/thumb/v8-m.main+fp/hard\libgcc.a
LOAD c:/siliconlabs/simplicitystudio/v5/developer/toolchains/gnu_arm/12.2.rel1_2023.7/bin/../lib/gcc/arm-none-eabi/12.2.1/thumb/v8-m.main+fp/hard\libg_nano.a
LOAD c:/siliconlabs/simplicitystudio/v5/developer/toolchains/gnu_arm/12.2.rel1_2023.7/bin/../lib/gcc/arm-none-eabi/12.2.1/thumb/v8-m.main+fp/hard\libc_nano.a
END GROUP
START GROUP
LOAD c:/siliconlabs/simplicitystudio/v5/developer/toolchains/gnu_arm/12.2.rel1_2023.7/bin/../lib/gcc/arm-none-eabi/12.2.1/thumb/v8-m.main+fp/hard\libgcc.a
LOAD c:/siliconlabs/simplicitystudio/v5/developer/toolchains/gnu_arm/12.2.rel1_2023.7/bin/../lib/gcc/arm-none-eabi/12.2.1/thumb/v8-m.main+fp/hard\libc_nano.a
END GROUP
LOAD c:/siliconlabs/simplicitystudio/v5/developer/toolchains/gnu_arm/12.2.rel1_2023.7/bin/../lib/gcc/arm-none-eabi/12.2.1/thumb/v8-m.main+fp/hard/crtend.o
LOAD c:/siliconlabs/simplicitystudio/v5/developer/toolchains/gnu_arm/12.2.rel1_2023.7/bin/../lib/gcc/arm-none-eabi/12.2.1/thumb/v8-m.main+fp/hard/crtn.o

.text           0x08000000     0x95c8
                0x08000000                linker_vectors_begin = .
 *(.vectors)
 .vectors       0x08000000      0x170 ./gecko_sdk_4.4.1/platform/Device/SiliconLabs/EFR32MG24/Source/startup_efr32mg24.o
                0x08000000                __Vectors
                0x08000170                linker_vectors_end = .
                0x08000170                __Vectors_End = .
                0x08000170                __Vectors_Size = (__Vectors_End - __Vectors)
                0x08000170                linker_code_begin = .
 *(SORT_BY_ALIGNMENT(.text*))
 .text          0x08000170        0x8 ./gecko_sdk_4.4.1/platform/service/udelay/src/sl_udelay_armv6m_gcc.o
                0x08000170                sli_delay_loop
 .text.AS7331_GetTemperature
                0x08000178       0x78 ./as.o
                0x08000178                AS7331_GetTemperature
 .text._dtoa_r  0x080001f0      0xc54 c:/siliconlabs/simplicitystudio/v5/developer/toolchains/gnu_arm/12.2.rel1_2023.7/bin/../lib/gcc/arm-none-eabi/12.2.1/thumb/v8-m.main+fp/hard\libc_nano.a(libc_a-dtoa.o)
                0x080001f0                _dtoa_r
 .text.deregister_tm_clones
                0x08000e44       0x1c c:/siliconlabs/simplicitystudio/v5/developer/toolchains/gnu_arm/12.2.rel1_2023.7/bin/../lib/gcc/arm-none-eabi/12.2.1/thumb/v8-m.main+fp/hard/crtbegin.o
 .text.register_tm_clones
                0x08000e60       0x28 c:/siliconlabs/simplicitystudio/v5/developer/toolchains/gnu_arm/12.2.rel1_2023.7/bin/../lib/gcc/arm-none-eabi/12.2.1/thumb/v8-m.main+fp/hard/crtbegin.o
 .text.__do_global_dtors_aux
                0x08000e88       0x28 c:/siliconlabs/simplicitystudio/v5/developer/toolchains/gnu_arm/12.2.rel1_2023.7/bin/../lib/gcc/arm-none-eabi/12.2.1/thumb/v8-m.main+fp/hard/crtbegin.o
 .text.frame_dummy
                0x08000eb0       0x24 c:/siliconlabs/simplicitystudio/v5/developer/toolchains/gnu_arm/12.2.rel1_2023.7/bin/../lib/gcc/arm-none-eabi/12.2.1/thumb/v8-m.main+fp/hard/crtbegin.o
 .text          0x08000ed4       0x7c c:/siliconlabs/simplicitystudio/v5/developer/toolchains/gnu_arm/12.2.rel1_2023.7/bin/../lib/gcc/arm-none-eabi/12.2.1/thumb/v8-m.main+fp/hard/crt0.o
                0x08000ed4                _stack_init
                0x08000edc                _start
                0x08000edc                _mainCRTStartup
 .text.app_init
                0x08000f50       0xb4 ./app.o
                0x08000f50                app_init
 .text.AS7331_transaction.constprop.0
                0x08001004       0x50 ./as.o
 .text.flush_buffers
                0x08001054       0x24 ./as.o
                0x08001054                flush_buffers
 .text.AS7331_ChangeMode
                0x08001078       0xa0 ./as.o
                0x08001078                AS7331_ChangeMode
 .text.AS7331_StartCMDTransfer
                0x08001118       0x54 ./as.o
                0x08001118                AS7331_StartCMDTransfer
 .text.AS7331_GetFSR
                0x0800116c       0x58 ./as.o
                0x0800116c                AS7331_GetFSR
 .text.AS7331_GetUV
                0x080011c4      0x118 ./as.o
                0x080011c4                AS7331_GetUV
 .text.as_dev_id
                0x080012dc       0x68 ./as.o
                0x080012dc                as_dev_id
 .text.as_init  0x08001344       0xf4 ./as.o
                0x08001344                as_init
 .text.as_process_action
                0x08001438       0x94 ./as.o
                0x08001438                as_process_action
 .text.mpl_dev_id
                0x080014cc       0x74 ./mpl.o
                0x080014cc                mpl_dev_id
 .text.timer_callback
                0x08001540        0xc ./si.o
 .text.decode_temp
                0x0800154c       0x54 ./si.o
                0x0800154c                decode_temp
 .text.SI7021_measure.constprop.0
                0x080015a0       0xc8 ./si.o
 .text.initialise_temp_limits
                0x08001668       0x28 ./si.o
                0x08001668                initialise_temp_limits
 .text.si_dev_id
                0x08001690       0x78 ./si.o
                0x08001690                si_dev_id
 .text.si_init  0x08001708       0x2c ./si.o
                0x08001708                si_init
 .text.sl_device_init_clocks
                0x08001734       0xac ./autogen/sl_device_init_clocks.o
                0x08001734                sl_device_init_clocks
 .text.sl_i2cspm_init_instances
                0x080017e0       0x18 ./autogen/sl_i2cspm_init.o
                0x080017e0                sl_i2cspm_init_instances
 .text.sl_iostream_eusart_init_vcom
                0x080017f8       0xc4 ./autogen/sl_iostream_init_eusart_instances.o
                0x080017f8                sl_iostream_eusart_init_vcom
 .text.EUSART0_RX_IRQHandler
                0x080018bc        0xc ./autogen/sl_iostream_init_eusart_instances.o
                0x080018bc                EUSART0_RX_IRQHandler
 .text.sl_simple_led_init_instances
                0x080018c8       0x1c ./autogen/sl_simple_led_instances.o
                0x080018c8                sl_simple_led_init_instances
 .text.sl_board_enable_sensor
                0x080018e4       0x60 ./gecko_sdk_4.4.1/hardware/board/src/sl_board_control_gpio.o
                0x080018e4                sl_board_enable_sensor
 .text.cs_high  0x08001944       0x10 ./gecko_sdk_4.4.1/hardware/driver/mx25_flash_shutdown/src/sl_mx25_flash_shutdown_usart/sl_mx25_flash_shutdown.o
 .text.cs_low   0x08001954       0x10 ./gecko_sdk_4.4.1/hardware/driver/mx25_flash_shutdown/src/sl_mx25_flash_shutdown_usart/sl_mx25_flash_shutdown.o
 .text.sl_mx25_flash_shutdown
                0x08001964      0x118 ./gecko_sdk_4.4.1/hardware/driver/mx25_flash_shutdown/src/sl_mx25_flash_shutdown_usart/sl_mx25_flash_shutdown.o
                0x08001964                sl_mx25_flash_shutdown
 .text.CopyRamFuncs
                0x08001a7c       0x1c ./gecko_sdk_4.4.1/platform/Device/SiliconLabs/EFR32MG24/Source/startup_efr32mg24.o
                0x08001a7c                CopyRamFuncs
 .text.Reset_Handler
                0x08001a98       0x64 ./gecko_sdk_4.4.1/platform/Device/SiliconLabs/EFR32MG24/Source/startup_efr32mg24.o
                0x08001a98                Reset_Handler
 .text.SystemInit
                0x08001afc       0x68 ./gecko_sdk_4.4.1/platform/Device/SiliconLabs/EFR32MG24/Source/system_efr32mg24.o
                0x08001afc                SystemInit
 .text.SystemHFRCODPLLClockGet
                0x08001b64        0xc ./gecko_sdk_4.4.1/platform/Device/SiliconLabs/EFR32MG24/Source/system_efr32mg24.o
                0x08001b64                SystemHFRCODPLLClockGet
 .text.SystemSYSCLKGet
                0x08001b70       0x34 ./gecko_sdk_4.4.1/platform/Device/SiliconLabs/EFR32MG24/Source/system_efr32mg24.o
                0x08001b70                SystemSYSCLKGet
 .text.SystemHCLKGet
                0x08001ba4       0x24 ./gecko_sdk_4.4.1/platform/Device/SiliconLabs/EFR32MG24/Source/system_efr32mg24.o
                0x08001ba4                SystemHCLKGet
 .text.SystemMaxCoreClockGet
                0x08001bc8        0x8 ./gecko_sdk_4.4.1/platform/Device/SiliconLabs/EFR32MG24/Source/system_efr32mg24.o
                0x08001bc8                SystemMaxCoreClockGet
 .text.SystemHFXOClockGet
                0x08001bd0        0xc ./gecko_sdk_4.4.1/platform/Device/SiliconLabs/EFR32MG24/Source/system_efr32mg24.o
                0x08001bd0                SystemHFXOClockGet
 .text.SystemHFXOClockSet
                0x08001bdc       0x20 ./gecko_sdk_4.4.1/platform/Device/SiliconLabs/EFR32MG24/Source/system_efr32mg24.o
                0x08001bdc                SystemHFXOClockSet
 .text.SystemFSRCOClockGet
                0x08001bfc        0x8 ./gecko_sdk_4.4.1/platform/Device/SiliconLabs/EFR32MG24/Source/system_efr32mg24.o
                0x08001bfc                SystemFSRCOClockGet
 .text.SystemHFRCOEM23ClockGet
                0x08001c04       0x84 ./gecko_sdk_4.4.1/platform/Device/SiliconLabs/EFR32MG24/Source/system_efr32mg24.o
                0x08001c04                SystemHFRCOEM23ClockGet
 .text.SystemLFXOClockGet
                0x08001c88        0xc ./gecko_sdk_4.4.1/platform/Device/SiliconLabs/EFR32MG24/Source/system_efr32mg24.o
                0x08001c88                SystemLFXOClockGet
 .text._sbrk    0x08001c94       0x20 ./gecko_sdk_4.4.1/platform/common/toolchain/src/sl_memory.o
                0x08001c94                _sbrk
 .text.sl_debug_swo_init
                0x08001cb4      0x114 ./gecko_sdk_4.4.1/platform/driver/debug/src/sl_debug_swo.o
                0x08001cb4                sl_debug_swo_init
 .text.sl_debug_swo_write_u8
                0x08001dc8       0x44 ./gecko_sdk_4.4.1/platform/driver/debug/src/sl_debug_swo.o
                0x08001dc8                sl_debug_swo_write_u8
 .text.I2CSPM_Init
                0x08001e0c      0x158 ./gecko_sdk_4.4.1/platform/driver/i2cspm/src/sl_i2cspm.o
                0x08001e0c                I2CSPM_Init
 .text.I2CSPM_Transfer
                0x08001f64       0x20 ./gecko_sdk_4.4.1/platform/driver/i2cspm/src/sl_i2cspm.o
                0x08001f64                I2CSPM_Transfer
 .text.GPIO_PinOutClear
                0x08001f84       0x3c ./gecko_sdk_4.4.1/platform/driver/leddrv/src/sl_simple_led.o
 .text.GPIO_PinOutSet
                0x08001fc0       0x3c ./gecko_sdk_4.4.1/platform/driver/leddrv/src/sl_simple_led.o
 .text.sl_simple_led_toggle
                0x08001ffc       0x3c ./gecko_sdk_4.4.1/platform/driver/leddrv/src/sl_simple_led.o
                0x08001ffc                sl_simple_led_toggle
 .text.sl_simple_led_get_state
                0x08002038       0x4c ./gecko_sdk_4.4.1/platform/driver/leddrv/src/sl_simple_led.o
                0x08002038                sl_simple_led_get_state
 .text.StartTransfer
                0x08002084      0x17c ./gecko_sdk_4.4.1/platform/emdrv/dmadrv/src/dmadrv.o
 .text.DMADRV_AllocateChannel
                0x08002200       0x60 ./gecko_sdk_4.4.1/platform/emdrv/dmadrv/src/dmadrv.o
                0x08002200                DMADRV_AllocateChannel
 .text.DMADRV_DeInit
                0x08002260       0x44 ./gecko_sdk_4.4.1/platform/emdrv/dmadrv/src/dmadrv.o
                0x08002260                DMADRV_DeInit
 .text.DMADRV_FreeChannel
                0x080022a4       0x4c ./gecko_sdk_4.4.1/platform/emdrv/dmadrv/src/dmadrv.o
                0x080022a4                DMADRV_FreeChannel
 .text.DMADRV_Init
                0x080022f0       0x68 ./gecko_sdk_4.4.1/platform/emdrv/dmadrv/src/dmadrv.o
                0x080022f0                DMADRV_Init
 .text.DMADRV_PauseTransfer
                0x08002358       0x40 ./gecko_sdk_4.4.1/platform/emdrv/dmadrv/src/dmadrv.o
                0x08002358                DMADRV_PauseTransfer
 .text.DMADRV_ResumeTransfer
                0x08002398       0x40 ./gecko_sdk_4.4.1/platform/emdrv/dmadrv/src/dmadrv.o
                0x08002398                DMADRV_ResumeTransfer
 .text.DMADRV_StopTransfer
                0x080023d8       0x40 ./gecko_sdk_4.4.1/platform/emdrv/dmadrv/src/dmadrv.o
                0x080023d8                DMADRV_StopTransfer
 .text.DMADRV_TransferCompletePending
                0x08002418       0x50 ./gecko_sdk_4.4.1/platform/emdrv/dmadrv/src/dmadrv.o
                0x08002418                DMADRV_TransferCompletePending
 .text.DMADRV_TransferDone
                0x08002468       0x44 ./gecko_sdk_4.4.1/platform/emdrv/dmadrv/src/dmadrv.o
                0x08002468                DMADRV_TransferDone
 .text.LDMA_IRQHandler
                0x080024ac       0x74 ./gecko_sdk_4.4.1/platform/emdrv/dmadrv/src/dmadrv.o
                0x080024ac                LDMA_IRQHandler
 .text.EMU_VScaleGet
                0x08002520       0x18 ./gecko_sdk_4.4.1/platform/emlib/src/em_cmu.o
 .text.traceClkGet
                0x08002538       0x54 ./gecko_sdk_4.4.1/platform/emlib/src/em_cmu.o
 .text.em01GrpaClkGet
                0x0800258c       0x74 ./gecko_sdk_4.4.1/platform/emlib/src/em_cmu.o
 .text.em01GrpcClkGet
                0x08002600       0x70 ./gecko_sdk_4.4.1/platform/emlib/src/em_cmu.o
 .text.iadcClkGet
                0x08002670       0x60 ./gecko_sdk_4.4.1/platform/emlib/src/em_cmu.o
 .text.eusart0ClkGet
                0x080026d0       0x74 ./gecko_sdk_4.4.1/platform/emlib/src/em_cmu.o
 .text.em23GrpaClkGet
                0x08002744       0x48 ./gecko_sdk_4.4.1/platform/emlib/src/em_cmu.o
 .text.vdac0ClkGet
                0x0800278c       0x70 ./gecko_sdk_4.4.1/platform/emlib/src/em_cmu.o
 .text.vdac1ClkGet
                0x080027fc       0x70 ./gecko_sdk_4.4.1/platform/emlib/src/em_cmu.o
 .text.pcnt0ClkGet
                0x0800286c       0x4c ./gecko_sdk_4.4.1/platform/emlib/src/em_cmu.o
 .text.wdog0ClkGet
                0x080028b8       0x64 ./gecko_sdk_4.4.1/platform/emlib/src/em_cmu.o
 .text.wdog1ClkGet
                0x0800291c       0x64 ./gecko_sdk_4.4.1/platform/emlib/src/em_cmu.o
 .text.sysrtcClkGet
                0x08002980       0x48 ./gecko_sdk_4.4.1/platform/emlib/src/em_cmu.o
 .text.em4GrpaClkGet
                0x080029c8       0x48 ./gecko_sdk_4.4.1/platform/emlib/src/em_cmu.o
 .text.CMU_ClockDivGet
                0x08002a10       0x78 ./gecko_sdk_4.4.1/platform/emlib/src/em_cmu.o
                0x08002a10                CMU_ClockDivGet
 .text.flashWaitStateControl
                0x08002a88       0x58 ./gecko_sdk_4.4.1/platform/emlib/src/em_cmu.o
 .text.CMU_ClockEnable
                0x08002ae0       0x50 ./gecko_sdk_4.4.1/platform/emlib/src/em_cmu.o
                0x08002ae0                CMU_ClockEnable
 .text.CMU_ClockFreqGet
                0x08002b30      0x204 ./gecko_sdk_4.4.1/platform/emlib/src/em_cmu.o
                0x08002b30                CMU_ClockFreqGet
 .text.rhclkPrescOptimize
                0x08002d34       0x20 ./gecko_sdk_4.4.1/platform/emlib/src/em_cmu.o
 .text.CMU_ClockSelectGet
                0x08002d54      0x22c ./gecko_sdk_4.4.1/platform/emlib/src/em_cmu.o
                0x08002d54                CMU_ClockSelectGet
 .text.sli_em_cmu_HFXOSetForceEnable
                0x08002f80       0x1c ./gecko_sdk_4.4.1/platform/emlib/src/em_cmu.o
                0x08002f80                sli_em_cmu_HFXOSetForceEnable
 .text.CMU_HFXOInit
                0x08002f9c      0x224 ./gecko_sdk_4.4.1/platform/emlib/src/em_cmu.o
                0x08002f9c                CMU_HFXOInit
 .text.CMU_HFXOCTuneDeltaGet
                0x080031c0        0xc ./gecko_sdk_4.4.1/platform/emlib/src/em_cmu.o
                0x080031c0                CMU_HFXOCTuneDeltaGet
 .text.CMU_LFXOInit
                0x080031cc       0xc4 ./gecko_sdk_4.4.1/platform/emlib/src/em_cmu.o
                0x080031cc                CMU_LFXOInit
 .text.CMU_LFXOPrecisionSet
                0x08003290        0xc ./gecko_sdk_4.4.1/platform/emlib/src/em_cmu.o
                0x08003290                CMU_LFXOPrecisionSet
 .text.CMU_HFXOPrecisionSet
                0x0800329c        0xc ./gecko_sdk_4.4.1/platform/emlib/src/em_cmu.o
                0x0800329c                CMU_HFXOPrecisionSet
 .text.CMU_ClockDivSet
                0x080032a8      0x12c ./gecko_sdk_4.4.1/platform/emlib/src/em_cmu.o
                0x080032a8                CMU_ClockDivSet
 .text.sli_em_cmu_SYSCLKInitPreClockSelect
                0x080033d4       0x20 ./gecko_sdk_4.4.1/platform/emlib/src/em_cmu.o
                0x080033d4                sli_em_cmu_SYSCLKInitPreClockSelect
 .text.pclkDivOptimize
                0x080033f4       0x24 ./gecko_sdk_4.4.1/platform/emlib/src/em_cmu.o
 .text.EMU_DCDCSync
                0x08003418       0x10 ./gecko_sdk_4.4.1/platform/emlib/src/em_emu.o
 .text.EMU_EM4Init
                0x08003428       0x14 ./gecko_sdk_4.4.1/platform/emlib/src/em_emu.o
                0x08003428                EMU_EM4Init
 .text.EMU_VScaleEM01
                0x0800343c       0xa8 ./gecko_sdk_4.4.1/platform/emlib/src/em_emu.o
                0x0800343c                EMU_VScaleEM01
 .text.EMU_VScaleEM01ByClock
                0x080034e4       0x30 ./gecko_sdk_4.4.1/platform/emlib/src/em_emu.o
                0x080034e4                EMU_VScaleEM01ByClock
 .text.EMU_DCDCModeSet
                0x08003514       0xac ./gecko_sdk_4.4.1/platform/emlib/src/em_emu.o
                0x08003514                EMU_DCDCModeSet
 .text.EMU_DCDCInit
                0x080035c0       0x70 ./gecko_sdk_4.4.1/platform/emlib/src/em_emu.o
                0x080035c0                EMU_DCDCInit
 .text.EMU_DCDCSetPFMXModePeakCurrent
                0x08003630       0x6c ./gecko_sdk_4.4.1/platform/emlib/src/em_emu.o
                0x08003630                EMU_DCDCSetPFMXModePeakCurrent
 .text.EUSART_Reset
                0x0800369c       0x54 ./gecko_sdk_4.4.1/platform/emlib/src/em_eusart.o
                0x0800369c                EUSART_Reset
 .text.EUSART_Enable
                0x080036f0       0x6c ./gecko_sdk_4.4.1/platform/emlib/src/em_eusart.o
                0x080036f0                EUSART_Enable
 .text.EUSART_BaudrateSet
                0x0800375c      0x1cc ./gecko_sdk_4.4.1/platform/emlib/src/em_eusart.o
                0x0800375c                EUSART_BaudrateSet
 .text.EUSART_AsyncInitCommon
                0x08003928      0x23c ./gecko_sdk_4.4.1/platform/emlib/src/em_eusart.o
 .text.EUSART_UartInitHf
                0x08003b64       0x5c ./gecko_sdk_4.4.1/platform/emlib/src/em_eusart.o
                0x08003b64                EUSART_UartInitHf
 .text.EUSART_UartInitLf
                0x08003bc0       0xb8 ./gecko_sdk_4.4.1/platform/emlib/src/em_eusart.o
                0x08003bc0                EUSART_UartInitLf
 .text.GPIO_PinOutSet
                0x08003c78       0x3c ./gecko_sdk_4.4.1/platform/emlib/src/em_gpio.o
 .text.GPIO_PinOutClear
                0x08003cb4       0x3c ./gecko_sdk_4.4.1/platform/emlib/src/em_gpio.o
 .text.GPIO_PinModeSet
                0x08003cf0       0x94 ./gecko_sdk_4.4.1/platform/emlib/src/em_gpio.o
                0x08003cf0                GPIO_PinModeSet
 .text.I2C_BusFreqSet
                0x08003d84      0x108 ./gecko_sdk_4.4.1/platform/emlib/src/em_i2c.o
                0x08003d84                I2C_BusFreqSet
 .text.I2C_Enable
                0x08003e8c       0x38 ./gecko_sdk_4.4.1/platform/emlib/src/em_i2c.o
                0x08003e8c                I2C_Enable
 .text.I2C_Init
                0x08003ec4       0x64 ./gecko_sdk_4.4.1/platform/emlib/src/em_i2c.o
                0x08003ec4                I2C_Init
 .text.I2C_Transfer
                0x08003f28      0x224 ./gecko_sdk_4.4.1/platform/emlib/src/em_i2c.o
                0x08003f28                I2C_Transfer
 .text.I2C_TransferInit
                0x0800414c       0xbc ./gecko_sdk_4.4.1/platform/emlib/src/em_i2c.o
                0x0800414c                I2C_TransferInit
 .text.LDMA_DeInit
                0x08004208       0x3c ./gecko_sdk_4.4.1/platform/emlib/src/em_ldma.o
                0x08004208                LDMA_DeInit
 .text.LDMA_EnableChannelRequest
                0x08004244       0x40 ./gecko_sdk_4.4.1/platform/emlib/src/em_ldma.o
                0x08004244                LDMA_EnableChannelRequest
 .text.LDMA_Init
                0x08004284       0x94 ./gecko_sdk_4.4.1/platform/emlib/src/em_ldma.o
                0x08004284                LDMA_Init
 .text.LDMA_StartTransfer
                0x08004318      0x104 ./gecko_sdk_4.4.1/platform/emlib/src/em_ldma.o
                0x08004318                LDMA_StartTransfer
 .text.LDMA_StopTransfer
                0x0800441c       0x38 ./gecko_sdk_4.4.1/platform/emlib/src/em_ldma.o
                0x0800441c                LDMA_StopTransfer
 .text.LDMA_TransferDone
                0x08004454       0x44 ./gecko_sdk_4.4.1/platform/emlib/src/em_ldma.o
                0x08004454                LDMA_TransferDone
 .text.USART_BaudrateSyncSet
                0x08004498       0x48 ./gecko_sdk_4.4.1/platform/emlib/src/em_usart.o
                0x08004498                USART_BaudrateSyncSet
 .text.USART_Reset
                0x080044e0       0x58 ./gecko_sdk_4.4.1/platform/emlib/src/em_usart.o
                0x080044e0                USART_Reset
 .text.USART_InitSync
                0x08004538       0xb0 ./gecko_sdk_4.4.1/platform/emlib/src/em_usart.o
                0x08004538                USART_InitSync
 .text.sl_hal_sysrtc_wait_sync
                0x080045e8       0x14 ./gecko_sdk_4.4.1/platform/peripheral/src/peripheral_sysrtc.o
                0x080045e8                sl_hal_sysrtc_wait_sync
 .text.sl_hal_sysrtc_wait_ready
                0x080045fc       0x1c ./gecko_sdk_4.4.1/platform/peripheral/src/peripheral_sysrtc.o
                0x080045fc                sl_hal_sysrtc_wait_ready
 .text.sl_hal_sysrtc_stop
                0x08004618       0x14 ./gecko_sdk_4.4.1/platform/peripheral/src/peripheral_sysrtc.o
                0x08004618                sl_hal_sysrtc_stop
 .text.sl_hal_sysrtc_enable
                0x0800462c       0x18 ./gecko_sdk_4.4.1/platform/peripheral/src/peripheral_sysrtc.o
                0x0800462c                sl_hal_sysrtc_enable
 .text.sl_hal_sysrtc_disable
                0x08004644       0x1c ./gecko_sdk_4.4.1/platform/peripheral/src/peripheral_sysrtc.o
                0x08004644                sl_hal_sysrtc_disable
 .text.sl_hal_sysrtc_init
                0x08004660       0x20 ./gecko_sdk_4.4.1/platform/peripheral/src/peripheral_sysrtc.o
                0x08004660                sl_hal_sysrtc_init
 .text.sl_hal_sysrtc_init_group
                0x08004680       0x48 ./gecko_sdk_4.4.1/platform/peripheral/src/peripheral_sysrtc.o
                0x08004680                sl_hal_sysrtc_init_group
 .text.sl_hal_sysrtc_enable_group_interrupts
                0x080046c8       0x1c ./gecko_sdk_4.4.1/platform/peripheral/src/peripheral_sysrtc.o
                0x080046c8                sl_hal_sysrtc_enable_group_interrupts
 .text.sl_hal_sysrtc_disable_group_interrupts
                0x080046e4       0x1c ./gecko_sdk_4.4.1/platform/peripheral/src/peripheral_sysrtc.o
                0x080046e4                sl_hal_sysrtc_disable_group_interrupts
 .text.sl_hal_sysrtc_clear_group_interrupts
                0x08004700       0x1c ./gecko_sdk_4.4.1/platform/peripheral/src/peripheral_sysrtc.o
                0x08004700                sl_hal_sysrtc_clear_group_interrupts
 .text.sl_hal_sysrtc_get_group_interrupts
                0x0800471c       0x20 ./gecko_sdk_4.4.1/platform/peripheral/src/peripheral_sysrtc.o
                0x0800471c                sl_hal_sysrtc_get_group_interrupts
 .text.sl_hal_sysrtc_get_group_compare_channel_value
                0x0800473c       0x30 ./gecko_sdk_4.4.1/platform/peripheral/src/peripheral_sysrtc.o
                0x0800473c                sl_hal_sysrtc_get_group_compare_channel_value
 .text.sl_hal_sysrtc_set_group_compare_channel_value
                0x0800476c       0x28 ./gecko_sdk_4.4.1/platform/peripheral/src/peripheral_sysrtc.o
                0x0800476c                sl_hal_sysrtc_set_group_compare_channel_value
 .text.sl_device_init_dcdc
                0x08004794       0x2c ./gecko_sdk_4.4.1/platform/service/device_init/src/sl_device_init_dcdc_s2.o
                0x08004794                sl_device_init_dcdc
 .text.sl_device_init_emu
                0x080047c0       0x24 ./gecko_sdk_4.4.1/platform/service/device_init/src/sl_device_init_emu_s2.o
                0x080047c0                sl_device_init_emu
 .text.sl_device_init_hfxo
                0x080047e4       0x70 ./gecko_sdk_4.4.1/platform/service/device_init/src/sl_device_init_hfxo_s2.o
                0x080047e4                sl_device_init_hfxo
 .text.sl_device_init_lfxo
                0x08004854       0x2c ./gecko_sdk_4.4.1/platform/service/device_init/src/sl_device_init_lfxo_s2.o
                0x08004854                sl_device_init_lfxo
 .text.sl_device_init_nvic
                0x08004880       0x3c ./gecko_sdk_4.4.1/platform/service/device_init/src/sl_device_init_nvic.o
                0x08004880                sl_device_init_nvic
 .text.sl_iostream_set_default
                0x080048bc       0x18 ./gecko_sdk_4.4.1/platform/service/iostream/src/sl_iostream.o
                0x080048bc                sl_iostream_set_default
 .text.sl_iostream_get_default
                0x080048d4       0x18 ./gecko_sdk_4.4.1/platform/service/iostream/src/sl_iostream.o
                0x080048d4                sl_iostream_get_default
 .text.sl_iostream_eusart_init
                0x080048ec      0x228 ./gecko_sdk_4.4.1/platform/service/iostream/src/sl_iostream_eusart.o
                0x080048ec                sl_iostream_eusart_init
 .text._write   0x08004b14       0x20 ./gecko_sdk_4.4.1/platform/service/iostream/src/sl_iostream_retarget_stdio.o
                0x08004b14                _write
 .text.sl_iostream_stdlib_disable_buffering
                0x08004b34       0x14 ./gecko_sdk_4.4.1/platform/service/iostream/src/sl_iostream_stdlib_config.o
                0x08004b34                sl_iostream_stdlib_disable_buffering
 .text.get_write_ptr
                0x08004b48       0x40 ./gecko_sdk_4.4.1/platform/service/iostream/src/sl_iostream_uart.o
 .text.dma_irq_handler
                0x08004b88       0x74 ./gecko_sdk_4.4.1/platform/service/iostream/src/sl_iostream_uart.o
 .text.uart_read
                0x08004bfc      0x1f4 ./gecko_sdk_4.4.1/platform/service/iostream/src/sl_iostream_uart.o
 .text.uart_deinit
                0x08004df0       0x98 ./gecko_sdk_4.4.1/platform/service/iostream/src/sl_iostream_uart.o
 .text.uart_write
                0x08004e88       0xc0 ./gecko_sdk_4.4.1/platform/service/iostream/src/sl_iostream_uart.o
 .text.sli_iostream_uart_context_init
                0x08004f48       0xf8 ./gecko_sdk_4.4.1/platform/service/iostream/src/sl_iostream_uart.o
                0x08004f48                sli_iostream_uart_context_init
 .text.delta_list_insert_timer
                0x08005040       0x40 ./gecko_sdk_4.4.1/platform/service/sleeptimer/src/sl_sleeptimer.o
 .text.update_delta_list
                0x08005080       0x34 ./gecko_sdk_4.4.1/platform/service/sleeptimer/src/sl_sleeptimer.o
 .text.set_comparator_for_next_timer
                0x080050b4       0x5c ./gecko_sdk_4.4.1/platform/service/sleeptimer/src/sl_sleeptimer.o
 .text.create_timer
                0x08005110       0x88 ./gecko_sdk_4.4.1/platform/service/sleeptimer/src/sl_sleeptimer.o
 .text.delta_list_remove_timer
                0x08005198       0x38 ./gecko_sdk_4.4.1/platform/service/sleeptimer/src/sl_sleeptimer.o
 .text.sl_sleeptimer_init
                0x080051d0       0x74 ./gecko_sdk_4.4.1/platform/service/sleeptimer/src/sl_sleeptimer.o
                0x080051d0                sl_sleeptimer_init
 .text.sl_sleeptimer_is_timer_running
                0x08005244       0x3c ./gecko_sdk_4.4.1/platform/service/sleeptimer/src/sl_sleeptimer.o
                0x08005244                sl_sleeptimer_is_timer_running
 .text.sl_sleeptimer_ms_to_tick
                0x08005280       0x24 ./gecko_sdk_4.4.1/platform/service/sleeptimer/src/sl_sleeptimer.o
                0x08005280                sl_sleeptimer_ms_to_tick
 .text.sl_sleeptimer_delay_millisecond
                0x080052a4       0x38 ./gecko_sdk_4.4.1/platform/service/sleeptimer/src/sl_sleeptimer.o
                0x080052a4                sl_sleeptimer_delay_millisecond
 .text.process_timer_irq
                0x080052dc      0x150 ./gecko_sdk_4.4.1/platform/service/sleeptimer/src/sl_sleeptimer.o
                0x080052dc                process_timer_irq
 .text.sleeptimer_hal_init_timer
                0x0800542c       0x64 ./gecko_sdk_4.4.1/platform/service/sleeptimer/src/sl_sleeptimer_hal_sysrtc.o
                0x0800542c                sleeptimer_hal_init_timer
 .text.sleeptimer_hal_get_counter
                0x08005490       0x10 ./gecko_sdk_4.4.1/platform/service/sleeptimer/src/sl_sleeptimer_hal_sysrtc.o
                0x08005490                sleeptimer_hal_get_counter
 .text.sleeptimer_hal_set_compare
                0x080054a0       0x70 ./gecko_sdk_4.4.1/platform/service/sleeptimer/src/sl_sleeptimer_hal_sysrtc.o
                0x080054a0                sleeptimer_hal_set_compare
 .text.sleeptimer_hal_disable_int
                0x08005510       0x2c ./gecko_sdk_4.4.1/platform/service/sleeptimer/src/sl_sleeptimer_hal_sysrtc.o
                0x08005510                sleeptimer_hal_disable_int
 .text.sleeptimer_hal_set_int
                0x0800553c       0x10 ./gecko_sdk_4.4.1/platform/service/sleeptimer/src/sl_sleeptimer_hal_sysrtc.o
                0x0800553c                sleeptimer_hal_set_int
 .text.sl_udelay_wait
                0x0800554c       0x58 ./gecko_sdk_4.4.1/platform/service/udelay/src/sl_udelay.o
                0x0800554c                sl_udelay_wait
 .text          0x080055a4      0x378 c:/siliconlabs/simplicitystudio/v5/developer/toolchains/gnu_arm/12.2.rel1_2023.7/bin/../lib/gcc/arm-none-eabi/12.2.1/thumb/v8-m.main+fp/hard\libgcc.a(_arm_addsubdf3.o)
                0x080055a4                __aeabi_drsub
                0x080055ac                __aeabi_dsub
                0x080055ac                __subdf3
                0x080055b0                __aeabi_dadd
                0x080055b0                __adddf3
                0x08005828                __floatunsidf
                0x08005828                __aeabi_ui2d
                0x08005848                __floatsidf
                0x08005848                __aeabi_i2d
                0x0800586c                __aeabi_f2d
                0x0800586c                __extendsfdf2
                0x080058b0                __floatundidf
                0x080058b0                __aeabi_ul2d
                0x080058c0                __floatdidf
                0x080058c0                __aeabi_l2d
 .text          0x0800591c       0xa0 c:/siliconlabs/simplicitystudio/v5/developer/toolchains/gnu_arm/12.2.rel1_2023.7/bin/../lib/gcc/arm-none-eabi/12.2.1/thumb/v8-m.main+fp/hard\libgcc.a(_arm_truncdfsf2.o)
                0x0800591c                __truncdfsf2
                0x0800591c                __aeabi_d2f
 .text          0x080059bc       0x30 c:/siliconlabs/simplicitystudio/v5/developer/toolchains/gnu_arm/12.2.rel1_2023.7/bin/../lib/gcc/arm-none-eabi/12.2.1/thumb/v8-m.main+fp/hard\libgcc.a(_aeabi_uldivmod.o)
                0x080059bc                __aeabi_uldivmod
 .text.__udivmoddi4
                0x080059ec      0x2ec c:/siliconlabs/simplicitystudio/v5/developer/toolchains/gnu_arm/12.2.rel1_2023.7/bin/../lib/gcc/arm-none-eabi/12.2.1/thumb/v8-m.main+fp/hard\libgcc.a(_udivmoddi4.o)
                0x080059ec                __udivmoddi4
 .text          0x08005cd8        0x4 c:/siliconlabs/simplicitystudio/v5/developer/toolchains/gnu_arm/12.2.rel1_2023.7/bin/../lib/gcc/arm-none-eabi/12.2.1/thumb/v8-m.main+fp/hard\libgcc.a(_dvmd_tls.o)
                0x08005cd8                __aeabi_idiv0
                0x08005cd8                __aeabi_ldiv0
 .text.exit     0x08005cdc       0x24 c:/siliconlabs/simplicitystudio/v5/developer/toolchains/gnu_arm/12.2.rel1_2023.7/bin/../lib/gcc/arm-none-eabi/12.2.1/thumb/v8-m.main+fp/hard\libc_nano.a(libc_a-exit.o)
                0x08005cdc                exit
 .text._printf_float
                0x08005d00      0x468 c:/siliconlabs/simplicitystudio/v5/developer/toolchains/gnu_arm/12.2.rel1_2023.7/bin/../lib/gcc/arm-none-eabi/12.2.1/thumb/v8-m.main+fp/hard\libc_nano.a(libc_a-nano-vfprintf_float.o)
                0x08005d00                _printf_float
 .text._printf_i
                0x08006168      0x258 c:/siliconlabs/simplicitystudio/v5/developer/toolchains/gnu_arm/12.2.rel1_2023.7/bin/../lib/gcc/arm-none-eabi/12.2.1/thumb/v8-m.main+fp/hard\libc_nano.a(libc_a-nano-vfprintf_i.o)
                0x08006168                _printf_i
 .text.std      0x080063c0       0x6c c:/siliconlabs/simplicitystudio/v5/developer/toolchains/gnu_arm/12.2.rel1_2023.7/bin/../lib/gcc/arm-none-eabi/12.2.1/thumb/v8-m.main+fp/hard\libc_nano.a(libc_a-findfp.o)
 .text.stdio_exit_handler
                0x0800642c       0x18 c:/siliconlabs/simplicitystudio/v5/developer/toolchains/gnu_arm/12.2.rel1_2023.7/bin/../lib/gcc/arm-none-eabi/12.2.1/thumb/v8-m.main+fp/hard\libc_nano.a(libc_a-findfp.o)
 .text.cleanup_stdio
                0x08006444       0x40 c:/siliconlabs/simplicitystudio/v5/developer/toolchains/gnu_arm/12.2.rel1_2023.7/bin/../lib/gcc/arm-none-eabi/12.2.1/thumb/v8-m.main+fp/hard\libc_nano.a(libc_a-findfp.o)
 .text.global_stdio_init.part.0
                0x08006484       0x3c c:/siliconlabs/simplicitystudio/v5/developer/toolchains/gnu_arm/12.2.rel1_2023.7/bin/../lib/gcc/arm-none-eabi/12.2.1/thumb/v8-m.main+fp/hard\libc_nano.a(libc_a-findfp.o)
 .text.__sfp_lock_acquire
                0x080064c0        0xc c:/siliconlabs/simplicitystudio/v5/developer/toolchains/gnu_arm/12.2.rel1_2023.7/bin/../lib/gcc/arm-none-eabi/12.2.1/thumb/v8-m.main+fp/hard\libc_nano.a(libc_a-findfp.o)
                0x080064c0                __sfp_lock_acquire
 .text.__sfp_lock_release
                0x080064cc        0xc c:/siliconlabs/simplicitystudio/v5/developer/toolchains/gnu_arm/12.2.rel1_2023.7/bin/../lib/gcc/arm-none-eabi/12.2.1/thumb/v8-m.main+fp/hard\libc_nano.a(libc_a-findfp.o)
                0x080064cc                __sfp_lock_release
 .text.__sinit  0x080064d8       0x30 c:/siliconlabs/simplicitystudio/v5/developer/toolchains/gnu_arm/12.2.rel1_2023.7/bin/../lib/gcc/arm-none-eabi/12.2.1/thumb/v8-m.main+fp/hard\libc_nano.a(libc_a-findfp.o)
                0x080064d8                __sinit
 .text.printf   0x08006508       0x24 c:/siliconlabs/simplicitystudio/v5/developer/toolchains/gnu_arm/12.2.rel1_2023.7/bin/../lib/gcc/arm-none-eabi/12.2.1/thumb/v8-m.main+fp/hard\libc_nano.a(libc_a-printf.o)
                0x08006508                iprintf
                0x08006508                printf
 .text.putchar  0x0800652c       0x10 c:/siliconlabs/simplicitystudio/v5/developer/toolchains/gnu_arm/12.2.rel1_2023.7/bin/../lib/gcc/arm-none-eabi/12.2.1/thumb/v8-m.main+fp/hard\libc_nano.a(libc_a-putchar.o)
                0x0800652c                putchar
 .text.puts     0x0800653c       0x10 c:/siliconlabs/simplicitystudio/v5/developer/toolchains/gnu_arm/12.2.rel1_2023.7/bin/../lib/gcc/arm-none-eabi/12.2.1/thumb/v8-m.main+fp/hard\libc_nano.a(libc_a-puts.o)
                0x0800653c                puts
 .text.setvbuf  0x0800654c      0x168 c:/siliconlabs/simplicitystudio/v5/developer/toolchains/gnu_arm/12.2.rel1_2023.7/bin/../lib/gcc/arm-none-eabi/12.2.1/thumb/v8-m.main+fp/hard\libc_nano.a(libc_a-setvbuf.o)
                0x0800654c                setvbuf
 .text.__swsetup_r
                0x080066b4       0xac c:/siliconlabs/simplicitystudio/v5/developer/toolchains/gnu_arm/12.2.rel1_2023.7/bin/../lib/gcc/arm-none-eabi/12.2.1/thumb/v8-m.main+fp/hard\libc_nano.a(libc_a-wsetup.o)
                0x080066b4                __swsetup_r
 .text._localeconv_r
                0x08006760        0x8 c:/siliconlabs/simplicitystudio/v5/developer/toolchains/gnu_arm/12.2.rel1_2023.7/bin/../lib/gcc/arm-none-eabi/12.2.1/thumb/v8-m.main+fp/hard\libc_nano.a(libc_a-localeconv.o)
                0x08006760                _localeconv_r
 .text._close_r
                0x08006768       0x20 c:/siliconlabs/simplicitystudio/v5/developer/toolchains/gnu_arm/12.2.rel1_2023.7/bin/../lib/gcc/arm-none-eabi/12.2.1/thumb/v8-m.main+fp/hard\libc_nano.a(libc_a-closer.o)
                0x08006768                _close_r
 .text._lseek_r
                0x08006788       0x24 c:/siliconlabs/simplicitystudio/v5/developer/toolchains/gnu_arm/12.2.rel1_2023.7/bin/../lib/gcc/arm-none-eabi/12.2.1/thumb/v8-m.main+fp/hard\libc_nano.a(libc_a-lseekr.o)
                0x08006788                _lseek_r
 .text._read_r  0x080067ac       0x24 c:/siliconlabs/simplicitystudio/v5/developer/toolchains/gnu_arm/12.2.rel1_2023.7/bin/../lib/gcc/arm-none-eabi/12.2.1/thumb/v8-m.main+fp/hard\libc_nano.a(libc_a-readr.o)
                0x080067ac                _read_r
 .text._write_r
                0x080067d0       0x24 c:/siliconlabs/simplicitystudio/v5/developer/toolchains/gnu_arm/12.2.rel1_2023.7/bin/../lib/gcc/arm-none-eabi/12.2.1/thumb/v8-m.main+fp/hard\libc_nano.a(libc_a-writer.o)
                0x080067d0                _write_r
 .text.__libc_init_array
                0x080067f4       0x48 c:/siliconlabs/simplicitystudio/v5/developer/toolchains/gnu_arm/12.2.rel1_2023.7/bin/../lib/gcc/arm-none-eabi/12.2.1/thumb/v8-m.main+fp/hard\libc_nano.a(libc_a-init.o)
                0x080067f4                __libc_init_array
 .text._free_r  0x0800683c       0x94 c:/siliconlabs/simplicitystudio/v5/developer/toolchains/gnu_arm/12.2.rel1_2023.7/bin/../lib/gcc/arm-none-eabi/12.2.1/thumb/v8-m.main+fp/hard\libc_nano.a(libc_a-freer.o)
                0x0800683c                _free_r
 .text.malloc   0x080068d0       0x10 c:/siliconlabs/simplicitystudio/v5/developer/toolchains/gnu_arm/12.2.rel1_2023.7/bin/../lib/gcc/arm-none-eabi/12.2.1/thumb/v8-m.main+fp/hard\libc_nano.a(libc_a-malloc.o)
                0x080068d0                malloc
 .text.sbrk_aligned
                0x080068e0       0x44 c:/siliconlabs/simplicitystudio/v5/developer/toolchains/gnu_arm/12.2.rel1_2023.7/bin/../lib/gcc/arm-none-eabi/12.2.1/thumb/v8-m.main+fp/hard\libc_nano.a(libc_a-mallocr.o)
 .text._malloc_r
                0x08006924       0xf0 c:/siliconlabs/simplicitystudio/v5/developer/toolchains/gnu_arm/12.2.rel1_2023.7/bin/../lib/gcc/arm-none-eabi/12.2.1/thumb/v8-m.main+fp/hard\libc_nano.a(libc_a-mallocr.o)
                0x08006924                _malloc_r
 .text.__malloc_lock
                0x08006a14        0xc c:/siliconlabs/simplicitystudio/v5/developer/toolchains/gnu_arm/12.2.rel1_2023.7/bin/../lib/gcc/arm-none-eabi/12.2.1/thumb/v8-m.main+fp/hard\libc_nano.a(libc_a-mlock.o)
                0x08006a14                __malloc_lock
 .text.__malloc_unlock
                0x08006a20        0xc c:/siliconlabs/simplicitystudio/v5/developer/toolchains/gnu_arm/12.2.rel1_2023.7/bin/../lib/gcc/arm-none-eabi/12.2.1/thumb/v8-m.main+fp/hard\libc_nano.a(libc_a-mlock.o)
                0x08006a20                __malloc_unlock
 .text._Balloc  0x08006a2c       0x80 c:/siliconlabs/simplicitystudio/v5/developer/toolchains/gnu_arm/12.2.rel1_2023.7/bin/../lib/gcc/arm-none-eabi/12.2.1/thumb/v8-m.main+fp/hard\libc_nano.a(libc_a-mprec.o)
                0x08006a2c                _Balloc
 .text._Bfree   0x08006aac       0x44 c:/siliconlabs/simplicitystudio/v5/developer/toolchains/gnu_arm/12.2.rel1_2023.7/bin/../lib/gcc/arm-none-eabi/12.2.1/thumb/v8-m.main+fp/hard\libc_nano.a(libc_a-mprec.o)
                0x08006aac                _Bfree
 .text.__multadd
                0x08006af0       0x90 c:/siliconlabs/simplicitystudio/v5/developer/toolchains/gnu_arm/12.2.rel1_2023.7/bin/../lib/gcc/arm-none-eabi/12.2.1/thumb/v8-m.main+fp/hard\libc_nano.a(libc_a-mprec.o)
                0x08006af0                __multadd
 .text.__i2b    0x08006b80       0x2c c:/siliconlabs/simplicitystudio/v5/developer/toolchains/gnu_arm/12.2.rel1_2023.7/bin/../lib/gcc/arm-none-eabi/12.2.1/thumb/v8-m.main+fp/hard\libc_nano.a(libc_a-mprec.o)
                0x08006b80                __i2b
 .text.__multiply
                0x08006bac      0x154 c:/siliconlabs/simplicitystudio/v5/developer/toolchains/gnu_arm/12.2.rel1_2023.7/bin/../lib/gcc/arm-none-eabi/12.2.1/thumb/v8-m.main+fp/hard\libc_nano.a(libc_a-mprec.o)
                0x08006bac                __multiply
 .text.__pow5mult
                0x08006d00       0xb4 c:/siliconlabs/simplicitystudio/v5/developer/toolchains/gnu_arm/12.2.rel1_2023.7/bin/../lib/gcc/arm-none-eabi/12.2.1/thumb/v8-m.main+fp/hard\libc_nano.a(libc_a-mprec.o)
                0x08006d00                __pow5mult
 .text.__lshift
                0x08006db4       0xd8 c:/siliconlabs/simplicitystudio/v5/developer/toolchains/gnu_arm/12.2.rel1_2023.7/bin/../lib/gcc/arm-none-eabi/12.2.1/thumb/v8-m.main+fp/hard\libc_nano.a(libc_a-mprec.o)
                0x08006db4                __lshift
 .text.__mdiff  0x08006e8c      0x130 c:/siliconlabs/simplicitystudio/v5/developer/toolchains/gnu_arm/12.2.rel1_2023.7/bin/../lib/gcc/arm-none-eabi/12.2.1/thumb/v8-m.main+fp/hard\libc_nano.a(libc_a-mprec.o)
                0x08006e8c                __mdiff
 .text.__d2b    0x08006fbc       0xb0 c:/siliconlabs/simplicitystudio/v5/developer/toolchains/gnu_arm/12.2.rel1_2023.7/bin/../lib/gcc/arm-none-eabi/12.2.1/thumb/v8-m.main+fp/hard\libc_nano.a(libc_a-mprec.o)
                0x08006fbc                __d2b
 .text._vfprintf_r
                0x0800706c      0x230 c:/siliconlabs/simplicitystudio/v5/developer/toolchains/gnu_arm/12.2.rel1_2023.7/bin/../lib/gcc/arm-none-eabi/12.2.1/thumb/v8-m.main+fp/hard\libc_nano.a(libc_a-nano-vfprintf.o)
                0x0800706c                _vfprintf_r
                0x0800706c                _vfiprintf_r
 .text._fstat_r
                0x0800729c       0x24 c:/siliconlabs/simplicitystudio/v5/developer/toolchains/gnu_arm/12.2.rel1_2023.7/bin/../lib/gcc/arm-none-eabi/12.2.1/thumb/v8-m.main+fp/hard\libc_nano.a(libc_a-fstatr.o)
                0x0800729c                _fstat_r
 .text._isatty_r
                0x080072c0       0x20 c:/siliconlabs/simplicitystudio/v5/developer/toolchains/gnu_arm/12.2.rel1_2023.7/bin/../lib/gcc/arm-none-eabi/12.2.1/thumb/v8-m.main+fp/hard\libc_nano.a(libc_a-isattyr.o)
                0x080072c0                _isatty_r
 .text._sbrk_r  0x080072e0       0x20 c:/siliconlabs/simplicitystudio/v5/developer/toolchains/gnu_arm/12.2.rel1_2023.7/bin/../lib/gcc/arm-none-eabi/12.2.1/thumb/v8-m.main+fp/hard\libc_nano.a(libc_a-sbrkr.o)
                0x080072e0                _sbrk_r
 .text.__assert_func
                0x08007300       0x3c c:/siliconlabs/simplicitystudio/v5/developer/toolchains/gnu_arm/12.2.rel1_2023.7/bin/../lib/gcc/arm-none-eabi/12.2.1/thumb/v8-m.main+fp/hard\libc_nano.a(libc_a-assert.o)
                0x08007300                __assert_func
 .text.fprintf  0x0800733c       0x24 c:/siliconlabs/simplicitystudio/v5/developer/toolchains/gnu_arm/12.2.rel1_2023.7/bin/../lib/gcc/arm-none-eabi/12.2.1/thumb/v8-m.main+fp/hard\libc_nano.a(libc_a-fprintf.o)
                0x0800733c                fiprintf
                0x0800733c                fprintf
 .text.raise    0x08007360       0x10 c:/siliconlabs/simplicitystudio/v5/developer/toolchains/gnu_arm/12.2.rel1_2023.7/bin/../lib/gcc/arm-none-eabi/12.2.1/thumb/v8-m.main+fp/hard\libc_nano.a(libc_a-signal.o)
                0x08007360                raise
 .text._kill_r  0x08007370       0x24 c:/siliconlabs/simplicitystudio/v5/developer/toolchains/gnu_arm/12.2.rel1_2023.7/bin/../lib/gcc/arm-none-eabi/12.2.1/thumb/v8-m.main+fp/hard\libc_nano.a(libc_a-signalr.o)
                0x08007370                _kill_r
 .text          0x08007394      0x424 c:/siliconlabs/simplicitystudio/v5/developer/toolchains/gnu_arm/12.2.rel1_2023.7/bin/../lib/gcc/arm-none-eabi/12.2.1/thumb/v8-m.main+fp/hard\libgcc.a(_arm_muldivdf3.o)
                0x08007394                __aeabi_dmul
                0x08007394                __muldf3
                0x080075e8                __divdf3
                0x080075e8                __aeabi_ddiv
 .text          0x080077b8      0x110 c:/siliconlabs/simplicitystudio/v5/developer/toolchains/gnu_arm/12.2.rel1_2023.7/bin/../lib/gcc/arm-none-eabi/12.2.1/thumb/v8-m.main+fp/hard\libgcc.a(_arm_cmpdf2.o)
                0x080077b8                __gtdf2
                0x080077b8                __gedf2
                0x080077c0                __ltdf2
                0x080077c0                __ledf2
                0x080077c8                __nedf2
                0x080077c8                __eqdf2
                0x080077c8                __cmpdf2
                0x08007844                __aeabi_cdrcmple
                0x08007854                __aeabi_cdcmpeq
                0x08007854                __aeabi_cdcmple
                0x08007864                __aeabi_dcmpeq
                0x08007878                __aeabi_dcmplt
                0x0800788c                __aeabi_dcmple
                0x080078a0                __aeabi_dcmpge
                0x080078b4                __aeabi_dcmpgt
 .text          0x080078c8       0x2c c:/siliconlabs/simplicitystudio/v5/developer/toolchains/gnu_arm/12.2.rel1_2023.7/bin/../lib/gcc/arm-none-eabi/12.2.1/thumb/v8-m.main+fp/hard\libgcc.a(_arm_unorddf2.o)
                0x080078c8                __unorddf2
                0x080078c8                __aeabi_dcmpun
 .text          0x080078f4       0x50 c:/siliconlabs/simplicitystudio/v5/developer/toolchains/gnu_arm/12.2.rel1_2023.7/bin/../lib/gcc/arm-none-eabi/12.2.1/thumb/v8-m.main+fp/hard\libgcc.a(_arm_fixdfsi.o)
                0x080078f4                __aeabi_d2iz
                0x080078f4                __fixdfsi
 .text.app_process_action
                0x08007944       0x12 ./app.o
                0x08007944                app_process_action
 .text.startup.main
                0x08007956       0x14 ./main.o
                0x08007956                main
 .text.mpl_init
                0x0800796a        0x2 ./mpl.o
                0x0800796a                mpl_init
 .text.decode_rh
                0x0800796c       0x16 ./si.o
                0x0800796c                decode_rh
 .text.sl_board_default_init
                0x08007982        0x4 ./autogen/sl_board_default_init.o
                0x08007982                sl_board_default_init
 .text.sl_platform_init
                0x08007986       0x26 ./autogen/sl_event_handler.o
                0x08007986                sl_platform_init
 .text.sl_driver_init
                0x080079ac       0x16 ./autogen/sl_event_handler.o
                0x080079ac                sl_driver_init
 .text.sl_service_init
                0x080079c2       0x16 ./autogen/sl_event_handler.o
                0x080079c2                sl_service_init
 .text.sl_stack_init
                0x080079d8        0x2 ./autogen/sl_event_handler.o
                0x080079d8                sl_stack_init
 .text.sl_internal_app_init
                0x080079da        0x2 ./autogen/sl_event_handler.o
                0x080079da                sl_internal_app_init
 .text.sl_platform_process_action
                0x080079dc        0x2 ./autogen/sl_event_handler.o
                0x080079dc                sl_platform_process_action
 .text.sl_service_process_action
                0x080079de        0x2 ./autogen/sl_event_handler.o
                0x080079de                sl_service_process_action
 .text.sl_stack_process_action
                0x080079e0        0x2 ./autogen/sl_event_handler.o
                0x080079e0                sl_stack_process_action
 .text.sl_internal_app_process_action
                0x080079e2        0x2 ./autogen/sl_event_handler.o
                0x080079e2                sl_internal_app_process_action
 .text.sl_iostream_eusart_init_instances
                0x080079e4        0x4 ./autogen/sl_iostream_init_eusart_instances.o
                0x080079e4                sl_iostream_eusart_init_instances
 .text.EUSART0_TX_IRQHandler
                0x080079e8        0x4 ./autogen/sl_iostream_init_eusart_instances.o
                0x080079e8                EUSART0_TX_IRQHandler
 .text.sl_board_enable_vcom
                0x080079ec       0x12 ./gecko_sdk_4.4.1/hardware/board/src/sl_board_control_gpio.o
                0x080079ec                sl_board_enable_vcom
 .text.sl_board_configure_vcom
                0x080079fe        0x4 ./gecko_sdk_4.4.1/hardware/board/src/sl_board_control_gpio.o
                0x080079fe                sl_board_configure_vcom
 .text.sl_board_disable_vcom
                0x08007a02       0x12 ./gecko_sdk_4.4.1/hardware/board/src/sl_board_control_gpio.o
                0x08007a02                sl_board_disable_vcom
 .text.sl_board_init
                0x08007a14       0x1c ./gecko_sdk_4.4.1/hardware/board/src/sl_board_init.o
                0x08007a14                sl_board_init
 .text.sl_board_preinit
                0x08007a30        0x8 ./gecko_sdk_4.4.1/hardware/board/src/sl_board_init.o
                0x08007a30                sl_board_preinit
 .text.sli_cos_swo_itm_8_write.constprop.0.isra.0
                0x08007a38       0x78 ./gecko_sdk_4.4.1/hardware/driver/configuration_over_swo/src/sl_cos.o
 .text.sl_cos_send_config
                0x08007ab0       0x12 ./gecko_sdk_4.4.1/hardware/driver/configuration_over_swo/src/sl_cos.o
                0x08007ab0                sl_cos_send_config
 .text.sl_cos_config_vcom
                0x08007ac2       0x1e ./gecko_sdk_4.4.1/hardware/driver/configuration_over_swo/src/sl_cos.o
                0x08007ac2                sl_cos_config_vcom
 .text.Default_Handler
                0x08007ae0        0x2 ./gecko_sdk_4.4.1/platform/Device/SiliconLabs/EFR32MG24/Source/startup_efr32mg24.o
                0x08007ae0                ULFRCO_IRQHandler
                0x08007ae0                AHB2AHB1_IRQHandler
                0x08007ae0                SW2_IRQHandler
                0x08007ae0                TIMER2_IRQHandler
                0x08007ae0                DebugMon_Handler
                0x08007ae0                USART0_TX_IRQHandler
                0x08007ae0                IADC_IRQHandler
                0x08007ae0                I2C0_IRQHandler
                0x08007ae0                LFXO_IRQHandler
                0x08007ae0                HardFault_Handler
                0x08007ae0                SMU_SECURE_IRQHandler
                0x08007ae0                SysTick_Handler
                0x08007ae0                SYSRTC_SEQ_IRQHandler
                0x08007ae0                EMUEFP_IRQHandler
                0x08007ae0                PendSV_Handler
                0x08007ae0                NMI_Handler
                0x08007ae0                SYNTH_IRQHandler
                0x08007ae0                HOSTMAILBOX_IRQHandler
                0x08007ae0                HFXO0_IRQHandler
                0x08007ae0                I2C1_IRQHandler
                0x08007ae0                WDOG0_IRQHandler
                0x08007ae0                TIMER3_IRQHandler
                0x08007ae0                SYSCFG_IRQHandler
                0x08007ae0                RFECA1_IRQHandler
                0x08007ae0                EMUDG_IRQHandler
                0x08007ae0                MSC_IRQHandler
                0x08007ae0                DPLL0_IRQHandler
                0x08007ae0                UsageFault_Handler
                0x08007ae0                WDOG1_IRQHandler
                0x08007ae0                M33CTI1_IRQHandler
                0x08007ae0                TIMER4_IRQHandler
                0x08007ae0                GPIO_EVEN_IRQHandler
                0x08007ae0                VDAC0_IRQHandler
                0x08007ae0                SEMBTX_IRQHandler
                0x08007ae0                SW0_IRQHandler
                0x08007ae0                TIMER0_IRQHandler
                0x08007ae0                MVP_IRQHandler
                0x08007ae0                LETIMER0_IRQHandler
                0x08007ae0                EUSART1_RX_IRQHandler
                0x08007ae0                TIMER1_IRQHandler
                0x08007ae0                HFRCO0_IRQHandler
                0x08007ae0                SecureFault_Handler
                0x08007ae0                BUFC_IRQHandler
                0x08007ae0                DCDC_IRQHandler
                0x08007ae0                MODEM_IRQHandler
                0x08007ae0                Default_Handler
                0x08007ae0                RAC_SEQ_IRQHandler
                0x08007ae0                FRC_PRI_IRQHandler
                0x08007ae0                EMU_IRQHandler
                0x08007ae0                SW3_IRQHandler
                0x08007ae0                KERNEL0_IRQHandler
                0x08007ae0                FRC_IRQHandler
                0x08007ae0                PCNT0_IRQHandler
                0x08007ae0                KERNEL1_IRQHandler
                0x08007ae0                AGC_IRQHandler
                0x08007ae0                EUSART1_TX_IRQHandler
                0x08007ae0                KEYSCAN_IRQHandler
                0x08007ae0                sl_app_properties
                0x08007ae0                HFRCOEM23_IRQHandler
                0x08007ae0                BURTC_IRQHandler
                0x08007ae0                SEMBRX_IRQHandler
                0x08007ae0                RFECA0_IRQHandler
                0x08007ae0                LFRCO_IRQHandler
                0x08007ae0                VDAC1_IRQHandler
                0x08007ae0                ACMP0_IRQHandler
                0x08007ae0                USART0_RX_IRQHandler
                0x08007ae0                MemManage_Handler
                0x08007ae0                AHB2AHB0_IRQHandler
                0x08007ae0                SVC_Handler
                0x08007ae0                SMU_S_PRIVILEGED_IRQHandler
                0x08007ae0                SW1_IRQHandler
                0x08007ae0                CMU_IRQHandler
                0x08007ae0                RAC_RSM_IRQHandler
                0x08007ae0                SETAMPERHOST_IRQHandler
                0x08007ae0                GPIO_ODD_IRQHandler
                0x08007ae0                AES_IRQHandler
                0x08007ae0                M33CTI0_IRQHandler
                0x08007ae0                ICACHE0_IRQHandler
                0x08007ae0                SMU_NS_PRIVILEGED_IRQHandler
                0x08007ae0                FPUEXH_IRQHandler
                0x08007ae0                PROTIMER_IRQHandler
                0x08007ae0                ACMP1_IRQHandler
                0x08007ae0                BusFault_Handler
                0x08007ae0                MPAHBRAM_IRQHandler
 .text.FlashToRamCopy
                0x08007ae2       0x16 ./gecko_sdk_4.4.1/platform/Device/SiliconLabs/EFR32MG24/Source/system_efr32mg24.o
                0x08007ae2                FlashToRamCopy
 .text.SystemCLKIN0Get
                0x08007af8        0x4 ./gecko_sdk_4.4.1/platform/Device/SiliconLabs/EFR32MG24/Source/system_efr32mg24.o
                0x08007af8                SystemCLKIN0Get
 .text.SystemLFRCOClockGet
                0x08007afc        0x6 ./gecko_sdk_4.4.1/platform/Device/SiliconLabs/EFR32MG24/Source/system_efr32mg24.o
                0x08007afc                SystemLFRCOClockGet
 .text.SystemULFRCOClockGet
                0x08007b02        0x6 ./gecko_sdk_4.4.1/platform/Device/SiliconLabs/EFR32MG24/Source/system_efr32mg24.o
                0x08007b02                SystemULFRCOClockGet
 .text.assertEFM
                0x08007b08        0x2 ./gecko_sdk_4.4.1/platform/common/src/sl_assert.o
                0x08007b08                assertEFM
 .text.sl_debug_swo_enable_itm
                0x08007b0a       0x16 ./gecko_sdk_4.4.1/platform/driver/debug/src/sl_debug_swo.o
                0x08007b0a                sl_debug_swo_enable_itm
 .text.sl_debug_swo_disable_itm
                0x08007b20       0x18 ./gecko_sdk_4.4.1/platform/driver/debug/src/sl_debug_swo.o
                0x08007b20                sl_debug_swo_disable_itm
 .text.sl_led_init
                0x08007b38        0x6 ./gecko_sdk_4.4.1/platform/driver/leddrv/src/sl_led.o
                0x08007b38                sl_led_init
 .text.sl_simple_led_init
                0x08007b3e       0x22 ./gecko_sdk_4.4.1/platform/driver/leddrv/src/sl_simple_led.o
                0x08007b3e                sl_simple_led_init
 .text.sl_simple_led_turn_on
                0x08007b60       0x12 ./gecko_sdk_4.4.1/platform/driver/leddrv/src/sl_simple_led.o
                0x08007b60                sl_simple_led_turn_on
 .text.sl_simple_led_turn_off
                0x08007b72       0x12 ./gecko_sdk_4.4.1/platform/driver/leddrv/src/sl_simple_led.o
                0x08007b72                sl_simple_led_turn_off
 .text.DMADRV_PeripheralMemory
                0x08007b84       0x34 ./gecko_sdk_4.4.1/platform/emdrv/dmadrv/src/dmadrv.o
                0x08007b84                DMADRV_PeripheralMemory
 .text.BUS_RegMaskedWrite
                0x08007bb8       0x1e ./gecko_sdk_4.4.1/platform/emlib/src/em_cmu.o
 .text.waitStateMax
                0x08007bd6       0x10 ./gecko_sdk_4.4.1/platform/emlib/src/em_cmu.o
 .text.CMU_UpdateWaitStates
                0x08007be6        0xc ./gecko_sdk_4.4.1/platform/emlib/src/em_cmu.o
                0x08007be6                CMU_UpdateWaitStates
 .text.pclkDivMax
                0x08007bf2        0xa ./gecko_sdk_4.4.1/platform/emlib/src/em_cmu.o
 .text.sli_em_cmu_SYSCLKInitPostClockSelect
                0x08007bfc       0x2a ./gecko_sdk_4.4.1/platform/emlib/src/em_cmu.o
                0x08007bfc                sli_em_cmu_SYSCLKInitPostClockSelect
 .text.CORE_EnterCritical
                0x08007c26        0x8 ./gecko_sdk_4.4.1/platform/emlib/src/em_core.o
                0x08007c26                CORE_EnterCritical
 .text.CORE_ExitCritical
                0x08007c2e        0x6 ./gecko_sdk_4.4.1/platform/emlib/src/em_core.o
                0x08007c2e                CORE_ExitCritical
 .text.CORE_EnterAtomic
                0x08007c34        0xc ./gecko_sdk_4.4.1/platform/emlib/src/em_core.o
                0x08007c34                CORE_EnterAtomic
 .text.CORE_ExitAtomic
                0x08007c40        0x6 ./gecko_sdk_4.4.1/platform/emlib/src/em_core.o
                0x08007c40                CORE_ExitAtomic
 .text.EMU_EFPEM01VScale
                0x08007c46        0x2 ./gecko_sdk_4.4.1/platform/emlib/src/em_emu.o
                0x08007c46                EMU_EFPEM01VScale
 .text.EMU_DCDCUpdatedHook
                0x08007c48        0x2 ./gecko_sdk_4.4.1/platform/emlib/src/em_emu.o
                0x08007c48                EMU_DCDCUpdatedHook
 .text.eusart_sync
                0x08007c4a        0x8 ./gecko_sdk_4.4.1/platform/emlib/src/em_eusart.o
 .text.EUSART_Disable
                0x08007c52       0x34 ./gecko_sdk_4.4.1/platform/emlib/src/em_eusart.o
 .text.EUSART_Tx
                0x08007c86        0xa ./gecko_sdk_4.4.1/platform/emlib/src/em_eusart.o
                0x08007c86                EUSART_Tx
 .text.BUS_RegMaskedWrite
                0x08007c90       0x1e ./gecko_sdk_4.4.1/platform/emlib/src/em_gpio.o
 .text.GPIO_DbgLocationSet
                0x08007cae        0x2 ./gecko_sdk_4.4.1/platform/emlib/src/em_gpio.o
                0x08007cae                GPIO_DbgLocationSet
 .text.USART_SpiTransfer
                0x08007cb0       0x14 ./gecko_sdk_4.4.1/platform/emlib/src/em_usart.o
                0x08007cb0                USART_SpiTransfer
 .text.sl_iostream_write
                0x08007cc4       0x22 ./gecko_sdk_4.4.1/platform/service/iostream/src/sl_iostream.o
                0x08007cc4                sl_iostream_write
 .text.sl_iostream_read
                0x08007ce6       0x30 ./gecko_sdk_4.4.1/platform/service/iostream/src/sl_iostream.o
                0x08007ce6                sl_iostream_read
 .text.eusart_deinit
                0x08007d16       0x70 ./gecko_sdk_4.4.1/platform/service/iostream/src/sl_iostream_eusart.o
 .text.eusart_set_next_byte_detect
                0x08007d86       0x30 ./gecko_sdk_4.4.1/platform/service/iostream/src/sl_iostream_eusart.o
 .text.eusart_tx
                0x08007db6        0xc ./gecko_sdk_4.4.1/platform/service/iostream/src/sl_iostream_eusart.o
 .text.sl_iostream_eusart_irq_handler
                0x08007dc2       0x72 ./gecko_sdk_4.4.1/platform/service/iostream/src/sl_iostream_eusart.o
                0x08007dc2                sl_iostream_eusart_irq_handler
 .text._close   0x08007e34        0x4 ./gecko_sdk_4.4.1/platform/service/iostream/src/sl_iostream_retarget_stdio.o
                0x08007e34                _close
 .text._exit    0x08007e38        0x2 ./gecko_sdk_4.4.1/platform/service/iostream/src/sl_iostream_retarget_stdio.o
                0x08007e38                _exit
 .text._fstat   0x08007e3a        0xa ./gecko_sdk_4.4.1/platform/service/iostream/src/sl_iostream_retarget_stdio.o
                0x08007e3a                _fstat
 .text._getpid  0x08007e44        0x4 ./gecko_sdk_4.4.1/platform/service/iostream/src/sl_iostream_retarget_stdio.o
                0x08007e44                _getpid
 .text._isatty  0x08007e48        0x4 ./gecko_sdk_4.4.1/platform/service/iostream/src/sl_iostream_retarget_stdio.o
                0x08007e48                _isatty
 .text._kill    0x08007e4c        0x6 ./gecko_sdk_4.4.1/platform/service/iostream/src/sl_iostream_retarget_stdio.o
                0x08007e4c                _kill
 .text._lseek   0x08007e52        0x4 ./gecko_sdk_4.4.1/platform/service/iostream/src/sl_iostream_retarget_stdio.o
                0x08007e52                _lseek
 .text._read    0x08007e56       0x1c ./gecko_sdk_4.4.1/platform/service/iostream/src/sl_iostream_retarget_stdio.o
                0x08007e56                _read
 .text.set_auto_cr_lf
                0x08007e72        0x6 ./gecko_sdk_4.4.1/platform/service/iostream/src/sl_iostream_uart.o
 .text.get_auto_cr_lf
                0x08007e78        0x6 ./gecko_sdk_4.4.1/platform/service/iostream/src/sl_iostream_uart.o
 .text.delay_callback
                0x08007e7e        0x6 ./gecko_sdk_4.4.1/platform/service/sleeptimer/src/sl_sleeptimer.o
 .text.sl_sleeptimer_start_timer
                0x08007e84       0x48 ./gecko_sdk_4.4.1/platform/service/sleeptimer/src/sl_sleeptimer.o
                0x08007e84                sl_sleeptimer_start_timer
 .text.sl_sleeptimer_start_periodic_timer
                0x08007ecc       0x4a ./gecko_sdk_4.4.1/platform/service/sleeptimer/src/sl_sleeptimer.o
                0x08007ecc                sl_sleeptimer_start_periodic_timer
 .text.sleeptimer_hal_get_compare
                0x08007f16        0x8 ./gecko_sdk_4.4.1/platform/service/sleeptimer/src/sl_sleeptimer_hal_sysrtc.o
                0x08007f16                sleeptimer_hal_get_compare
 .text.sleeptimer_hal_enable_int
                0x08007f1e       0x12 ./gecko_sdk_4.4.1/platform/service/sleeptimer/src/sl_sleeptimer_hal_sysrtc.o
                0x08007f1e                sleeptimer_hal_enable_int
 .text.SYSRTC_APP_IRQHandler
                0x08007f30       0x34 ./gecko_sdk_4.4.1/platform/service/sleeptimer/src/sl_sleeptimer_hal_sysrtc.o
                0x08007f30                SYSRTC_APP_IRQHandler
 .text.sleeptimer_hal_get_timer_frequency
                0x08007f64        0x6 ./gecko_sdk_4.4.1/platform/service/sleeptimer/src/sl_sleeptimer_hal_sysrtc.o
                0x08007f64                sleeptimer_hal_get_timer_frequency
 .text.sl_system_init
                0x08007f6a       0x1a ./gecko_sdk_4.4.1/platform/service/system/src/sl_system_init.o
                0x08007f6a                sl_system_init
 .text.sl_system_process_action
                0x08007f84       0x16 ./gecko_sdk_4.4.1/platform/service/system/src/sl_system_process_action.o
                0x08007f84                sl_system_process_action
 .text.__cvt    0x08007f9a       0xd0 c:/siliconlabs/simplicitystudio/v5/developer/toolchains/gnu_arm/12.2.rel1_2023.7/bin/../lib/gcc/arm-none-eabi/12.2.1/thumb/v8-m.main+fp/hard\libc_nano.a(libc_a-nano-vfprintf_float.o)
                0x08007f9a                __cvt
 .text.__exponent
                0x0800806a       0x72 c:/siliconlabs/simplicitystudio/v5/developer/toolchains/gnu_arm/12.2.rel1_2023.7/bin/../lib/gcc/arm-none-eabi/12.2.1/thumb/v8-m.main+fp/hard\libc_nano.a(libc_a-nano-vfprintf_float.o)
                0x0800806a                __exponent
 .text._printf_common
                0x080080dc       0xe4 c:/siliconlabs/simplicitystudio/v5/developer/toolchains/gnu_arm/12.2.rel1_2023.7/bin/../lib/gcc/arm-none-eabi/12.2.1/thumb/v8-m.main+fp/hard\libc_nano.a(libc_a-nano-vfprintf_i.o)
                0x080080dc                _printf_common
 .text._fwalk_sglue
                0x080081c0       0x3c c:/siliconlabs/simplicitystudio/v5/developer/toolchains/gnu_arm/12.2.rel1_2023.7/bin/../lib/gcc/arm-none-eabi/12.2.1/thumb/v8-m.main+fp/hard\libc_nano.a(libc_a-fwalk.o)
                0x080081c0                _fwalk_sglue
 .text._puts_r  0x080081fc       0xaa c:/siliconlabs/simplicitystudio/v5/developer/toolchains/gnu_arm/12.2.rel1_2023.7/bin/../lib/gcc/arm-none-eabi/12.2.1/thumb/v8-m.main+fp/hard\libc_nano.a(libc_a-puts.o)
                0x080081fc                _puts_r
 .text.__sread  0x080082a6       0x22 c:/siliconlabs/simplicitystudio/v5/developer/toolchains/gnu_arm/12.2.rel1_2023.7/bin/../lib/gcc/arm-none-eabi/12.2.1/thumb/v8-m.main+fp/hard\libc_nano.a(libc_a-stdio.o)
                0x080082a6                __sread
 .text.__swrite
                0x080082c8       0x38 c:/siliconlabs/simplicitystudio/v5/developer/toolchains/gnu_arm/12.2.rel1_2023.7/bin/../lib/gcc/arm-none-eabi/12.2.1/thumb/v8-m.main+fp/hard\libc_nano.a(libc_a-stdio.o)
                0x080082c8                __swrite
 .text.__sseek  0x08008300       0x24 c:/siliconlabs/simplicitystudio/v5/developer/toolchains/gnu_arm/12.2.rel1_2023.7/bin/../lib/gcc/arm-none-eabi/12.2.1/thumb/v8-m.main+fp/hard\libc_nano.a(libc_a-stdio.o)
                0x08008300                __sseek
 .text.__sclose
                0x08008324        0x8 c:/siliconlabs/simplicitystudio/v5/developer/toolchains/gnu_arm/12.2.rel1_2023.7/bin/../lib/gcc/arm-none-eabi/12.2.1/thumb/v8-m.main+fp/hard\libc_nano.a(libc_a-stdio.o)
                0x08008324                __sclose
 .text.__swbuf_r
                0x0800832c       0x7c c:/siliconlabs/simplicitystudio/v5/developer/toolchains/gnu_arm/12.2.rel1_2023.7/bin/../lib/gcc/arm-none-eabi/12.2.1/thumb/v8-m.main+fp/hard\libc_nano.a(libc_a-wbuf.o)
                0x0800832c                __swbuf_r
 .text.memset   0x080083a8       0x10 c:/siliconlabs/simplicitystudio/v5/developer/toolchains/gnu_arm/12.2.rel1_2023.7/bin/../lib/gcc/arm-none-eabi/12.2.1/thumb/v8-m.main+fp/hard\libc_nano.a(libc_a-memset.o)
                0x080083a8                memset
 .text.__retarget_lock_init_recursive
                0x080083b8        0x2 c:/siliconlabs/simplicitystudio/v5/developer/toolchains/gnu_arm/12.2.rel1_2023.7/bin/../lib/gcc/arm-none-eabi/12.2.1/thumb/v8-m.main+fp/hard\libc_nano.a(libc_a-lock.o)
                0x080083b8                __retarget_lock_init_recursive
 .text.__retarget_lock_acquire_recursive
                0x080083ba        0x2 c:/siliconlabs/simplicitystudio/v5/developer/toolchains/gnu_arm/12.2.rel1_2023.7/bin/../lib/gcc/arm-none-eabi/12.2.1/thumb/v8-m.main+fp/hard\libc_nano.a(libc_a-lock.o)
                0x080083ba                __retarget_lock_acquire_recursive
 .text.__retarget_lock_release_recursive
                0x080083bc        0x2 c:/siliconlabs/simplicitystudio/v5/developer/toolchains/gnu_arm/12.2.rel1_2023.7/bin/../lib/gcc/arm-none-eabi/12.2.1/thumb/v8-m.main+fp/hard\libc_nano.a(libc_a-lock.o)
                0x080083bc                __retarget_lock_release_recursive
 .text.memchr   0x080083be       0x1c c:/siliconlabs/simplicitystudio/v5/developer/toolchains/gnu_arm/12.2.rel1_2023.7/bin/../lib/gcc/arm-none-eabi/12.2.1/thumb/v8-m.main+fp/hard\libc_nano.a(libc_a-memchr-stub.o)
                0x080083be                memchr
 .text.memcpy   0x080083da       0x1a c:/siliconlabs/simplicitystudio/v5/developer/toolchains/gnu_arm/12.2.rel1_2023.7/bin/../lib/gcc/arm-none-eabi/12.2.1/thumb/v8-m.main+fp/hard\libc_nano.a(libc_a-memcpy-stub.o)
                0x080083da                memcpy
 .text          0x080083f4       0x10 c:/siliconlabs/simplicitystudio/v5/developer/toolchains/gnu_arm/12.2.rel1_2023.7/bin/../lib/gcc/arm-none-eabi/12.2.1/thumb/v8-m.main+fp/hard\libc_nano.a(libc_a-strlen.o)
                0x080083f4                strlen
 .text.quorem   0x08008404      0x11a c:/siliconlabs/simplicitystudio/v5/developer/toolchains/gnu_arm/12.2.rel1_2023.7/bin/../lib/gcc/arm-none-eabi/12.2.1/thumb/v8-m.main+fp/hard\libc_nano.a(libc_a-dtoa.o)
 .text.__hi0bits
                0x0800851e       0x44 c:/siliconlabs/simplicitystudio/v5/developer/toolchains/gnu_arm/12.2.rel1_2023.7/bin/../lib/gcc/arm-none-eabi/12.2.1/thumb/v8-m.main+fp/hard\libc_nano.a(libc_a-mprec.o)
                0x0800851e                __hi0bits
 .text.__lo0bits
                0x08008562       0x5a c:/siliconlabs/simplicitystudio/v5/developer/toolchains/gnu_arm/12.2.rel1_2023.7/bin/../lib/gcc/arm-none-eabi/12.2.1/thumb/v8-m.main+fp/hard\libc_nano.a(libc_a-mprec.o)
                0x08008562                __lo0bits
 .text.__mcmp   0x080085bc       0x36 c:/siliconlabs/simplicitystudio/v5/developer/toolchains/gnu_arm/12.2.rel1_2023.7/bin/../lib/gcc/arm-none-eabi/12.2.1/thumb/v8-m.main+fp/hard\libc_nano.a(libc_a-mprec.o)
                0x080085bc                __mcmp
 .text.__sfputc_r
                0x080085f2       0x2e c:/siliconlabs/simplicitystudio/v5/developer/toolchains/gnu_arm/12.2.rel1_2023.7/bin/../lib/gcc/arm-none-eabi/12.2.1/thumb/v8-m.main+fp/hard\libc_nano.a(libc_a-nano-vfprintf.o)
 .text.__sfputs_r
                0x08008620       0x24 c:/siliconlabs/simplicitystudio/v5/developer/toolchains/gnu_arm/12.2.rel1_2023.7/bin/../lib/gcc/arm-none-eabi/12.2.1/thumb/v8-m.main+fp/hard\libc_nano.a(libc_a-nano-vfprintf.o)
                0x08008620                __sfputs_r
 .text.__sflush_r
                0x08008644      0x106 c:/siliconlabs/simplicitystudio/v5/developer/toolchains/gnu_arm/12.2.rel1_2023.7/bin/../lib/gcc/arm-none-eabi/12.2.1/thumb/v8-m.main+fp/hard\libc_nano.a(libc_a-fflush.o)
                0x08008644                __sflush_r
 .text._fflush_r
                0x0800874a       0x50 c:/siliconlabs/simplicitystudio/v5/developer/toolchains/gnu_arm/12.2.rel1_2023.7/bin/../lib/gcc/arm-none-eabi/12.2.1/thumb/v8-m.main+fp/hard\libc_nano.a(libc_a-fflush.o)
                0x0800874a                _fflush_r
 .text.__swhatbuf_r
                0x0800879a       0x4a c:/siliconlabs/simplicitystudio/v5/developer/toolchains/gnu_arm/12.2.rel1_2023.7/bin/../lib/gcc/arm-none-eabi/12.2.1/thumb/v8-m.main+fp/hard\libc_nano.a(libc_a-makebuf.o)
                0x0800879a                __swhatbuf_r
 .text.__smakebuf_r
                0x080087e4       0x78 c:/siliconlabs/simplicitystudio/v5/developer/toolchains/gnu_arm/12.2.rel1_2023.7/bin/../lib/gcc/arm-none-eabi/12.2.1/thumb/v8-m.main+fp/hard\libc_nano.a(libc_a-makebuf.o)
                0x080087e4                __smakebuf_r
 .text._putc_r  0x0800885c       0x68 c:/siliconlabs/simplicitystudio/v5/developer/toolchains/gnu_arm/12.2.rel1_2023.7/bin/../lib/gcc/arm-none-eabi/12.2.1/thumb/v8-m.main+fp/hard\libc_nano.a(libc_a-putc.o)
                0x0800885c                _putc_r
 .text._calloc_r
                0x080088c4       0x28 c:/siliconlabs/simplicitystudio/v5/developer/toolchains/gnu_arm/12.2.rel1_2023.7/bin/../lib/gcc/arm-none-eabi/12.2.1/thumb/v8-m.main+fp/hard\libc_nano.a(libc_a-callocr.o)
                0x080088c4                _calloc_r
 .text.__ascii_mbtowc
                0x080088ec       0x24 c:/siliconlabs/simplicitystudio/v5/developer/toolchains/gnu_arm/12.2.rel1_2023.7/bin/../lib/gcc/arm-none-eabi/12.2.1/thumb/v8-m.main+fp/hard\libc_nano.a(libc_a-mbtowc_r.o)
                0x080088ec                __ascii_mbtowc
 .text.__ascii_wctomb
                0x08008910       0x1a c:/siliconlabs/simplicitystudio/v5/developer/toolchains/gnu_arm/12.2.rel1_2023.7/bin/../lib/gcc/arm-none-eabi/12.2.1/thumb/v8-m.main+fp/hard\libc_nano.a(libc_a-wctomb_r.o)
                0x08008910                __ascii_wctomb
 .text.abort    0x0800892a        0xe c:/siliconlabs/simplicitystudio/v5/developer/toolchains/gnu_arm/12.2.rel1_2023.7/bin/../lib/gcc/arm-none-eabi/12.2.1/thumb/v8-m.main+fp/hard\libc_nano.a(libc_a-abort.o)
                0x0800892a                abort
 .text._raise_r
                0x08008938       0x50 c:/siliconlabs/simplicitystudio/v5/developer/toolchains/gnu_arm/12.2.rel1_2023.7/bin/../lib/gcc/arm-none-eabi/12.2.1/thumb/v8-m.main+fp/hard\libc_nano.a(libc_a-signal.o)
                0x08008938                _raise_r
 .text._getpid_r
                0x08008988        0x4 c:/siliconlabs/simplicitystudio/v5/developer/toolchains/gnu_arm/12.2.rel1_2023.7/bin/../lib/gcc/arm-none-eabi/12.2.1/thumb/v8-m.main+fp/hard\libc_nano.a(libc_a-signalr.o)
                0x08008988                _getpid_r
                0x080089a0                . = ALIGN (0x20)
 *fill*         0x0800898c       0x14 
                0x080089a0                linker_code_end = .
 *(.init)
 .init          0x080089a0        0x4 c:/siliconlabs/simplicitystudio/v5/developer/toolchains/gnu_arm/12.2.rel1_2023.7/bin/../lib/gcc/arm-none-eabi/12.2.1/thumb/v8-m.main+fp/hard/crti.o
                0x080089a0                _init
 .init          0x080089a4        0x8 c:/siliconlabs/simplicitystudio/v5/developer/toolchains/gnu_arm/12.2.rel1_2023.7/bin/../lib/gcc/arm-none-eabi/12.2.1/thumb/v8-m.main+fp/hard/crtn.o
 *(.fini)
 .fini          0x080089ac        0x4 c:/siliconlabs/simplicitystudio/v5/developer/toolchains/gnu_arm/12.2.rel1_2023.7/bin/../lib/gcc/arm-none-eabi/12.2.1/thumb/v8-m.main+fp/hard/crti.o
                0x080089ac                _fini
 .fini          0x080089b0        0x8 c:/siliconlabs/simplicitystudio/v5/developer/toolchains/gnu_arm/12.2.rel1_2023.7/bin/../lib/gcc/arm-none-eabi/12.2.1/thumb/v8-m.main+fp/hard/crtn.o
 *crtbegin.o(.ctors)
 *crtbegin?.o(.ctors)
 *(EXCLUDE_FILE(*crtend.o *crtend?.o) .ctors)
 *(SORT_BY_NAME(.ctors.*))
 *(.ctors)
 *crtbegin.o(.dtors)
 *crtbegin?.o(.dtors)
 *(EXCLUDE_FILE(*crtend.o *crtend?.o) .dtors)
 *(SORT_BY_NAME(.dtors.*))
 *(.dtors)
                0x080089b8                __code_classification_validator_start__ = .
                0x080089d8                . = (. + 0x20)
 *fill*         0x080089b8       0x20 
 *(code_classification_validator)
                0x080089e0                . = ALIGN (0x20)
 *fill*         0x080089d8        0x8 
                0x080089e0                __code_classification_validator_end__ = .
 *(.rodata*)
 .rodata.app_init.str1.1
                0x080089e0      0x12e ./app.o
                                0x130 (size before relaxing)
 .rodata.AS7331_ChangeMode.str1.1
                0x08008b0e        0x8 ./as.o
 .rodata.as_dev_id.str1.1
                0x08008b16       0x21 ./as.o
 .rodata.as_init.str1.1
                0x08008b37      0x106 ./as.o
 .rodata.as_process_action.str1.1
                0x08008c3d       0x75 ./as.o
 *fill*         0x08008cb2        0x2 
 .rodata.uvc_fsr
                0x08008cb4       0x30 ./as.o
                0x08008cb4                uvc_fsr
 .rodata.uvb_fsr
                0x08008ce4       0x30 ./as.o
                0x08008ce4                uvb_fsr
 .rodata.uva_fsr
                0x08008d14       0x30 ./as.o
                0x08008d14                uva_fsr
 .rodata.mpl_dev_id.str1.1
                0x08008d44       0x13 ./mpl.o
                                 0x2d (size before relaxing)
 .rodata.SI7021_measure.constprop.0.str1.1
                0x08008d57        0x8 ./si.o
 .rodata.si_dev_id.str1.1
                0x08008d5f        0x7 ./si.o
                                 0x21 (size before relaxing)
 .rodata.sl_iostream_eusart_init_vcom.str1.1
                0x08008d66       0x2f ./autogen/sl_iostream_init_eusart_instances.o
 *fill*         0x08008d95        0x3 
 .rodata        0x08008d98       0x20 ./autogen/sl_iostream_init_eusart_instances.o
 .rodata.sl_led_led1
                0x08008db8       0x18 ./autogen/sl_simple_led_instances.o
                0x08008db8                sl_led_led1
 .rodata.sl_led_led0
                0x08008dd0       0x18 ./autogen/sl_simple_led_instances.o
                0x08008dd0                sl_led_led0
 .rodata.sl_board_enable_sensor.str1.1
                0x08008de8       0x3e ./gecko_sdk_4.4.1/hardware/board/src/sl_board_control_gpio.o
 *fill*         0x08008e26        0x2 
 .rodata        0x08008e28       0x1c ./gecko_sdk_4.4.1/hardware/driver/mx25_flash_shutdown/src/sl_mx25_flash_shutdown_usart/sl_mx25_flash_shutdown.o
 .rodata.I2CSPM_Init.str1.1
                0x08008e44       0xa1 ./gecko_sdk_4.4.1/platform/driver/i2cspm/src/sl_i2cspm.o
 *fill*         0x08008ee5        0x1 
 .rodata.CSWTCH.10
                0x08008ee6        0x8 ./gecko_sdk_4.4.1/platform/driver/i2cspm/src/sl_i2cspm.o
 .rodata.GPIO_PinOutClear.str1.1
                0x08008eee       0x67 ./gecko_sdk_4.4.1/platform/driver/leddrv/src/sl_simple_led.o
 .rodata.CSWTCH.18
                0x08008eee        0x8 ./gecko_sdk_4.4.1/platform/driver/leddrv/src/sl_simple_led.o
 .rodata        0x08008ef6        0x4 ./gecko_sdk_4.4.1/platform/emdrv/dmadrv/src/dmadrv.o
 .rodata.HFRCODPLLDevinfoGet.str1.1
                0x08008efa       0x2f ./gecko_sdk_4.4.1/platform/emlib/src/em_cmu.o
 .rodata.EMU_VScaleEM01.str1.1
                0x08008f29       0x2f ./gecko_sdk_4.4.1/platform/emlib/src/em_emu.o
 .rodata.EUSART_Enable.str1.1
                0x08008f58       0x32 ./gecko_sdk_4.4.1/platform/emlib/src/em_eusart.o
 .rodata.GPIO_PinOutSet.str1.1
                0x08008f8a       0x67 ./gecko_sdk_4.4.1/platform/emlib/src/em_gpio.o
 .rodata.GPIO_ExtIntConfig.str1.1
                0x08008f8a       0x30 ./gecko_sdk_4.4.1/platform/emlib/src/em_gpio.o
 .rodata.CSWTCH.31
                0x08008fba        0x8 ./gecko_sdk_4.4.1/platform/emlib/src/em_gpio.o
 .rodata.I2C_BusFreqGet.str1.1
                0x08008fc2       0x2f ./gecko_sdk_4.4.1/platform/emlib/src/em_i2c.o
 .rodata.i2cNSum
                0x08008ff1        0x4 ./gecko_sdk_4.4.1/platform/emlib/src/em_i2c.o
 .rodata.LDMA_EnableChannelRequest.str1.1
                0x08008ff5       0x96 ./gecko_sdk_4.4.1/platform/emlib/src/em_ldma.o
 .rodata.USART_BaudrateAsyncSet.str1.1
                0x0800908b       0x31 ./gecko_sdk_4.4.1/platform/emlib/src/em_usart.o
 .rodata.sl_hal_sysrtc_init_group.str1.1
                0x080090bc       0x3f ./gecko_sdk_4.4.1/platform/peripheral/src/peripheral_sysrtc.o
 .rodata        0x080090fb        0x7 ./gecko_sdk_4.4.1/platform/service/device_init/src/sl_device_init_dcdc_s2.o
 *fill*         0x08009102        0x2 
 .rodata        0x08009104       0x28 ./gecko_sdk_4.4.1/platform/service/device_init/src/sl_device_init_hfxo_s2.o
 .rodata        0x0800912c       0x14 ./gecko_sdk_4.4.1/platform/service/device_init/src/sl_device_init_lfxo_s2.o
 .rodata._write.str1.1
                0x08009140       0x4e ./gecko_sdk_4.4.1/platform/service/iostream/src/sl_iostream_retarget_stdio.o
 .rodata.get_write_ptr.str1.1
                0x0800918e       0x44 ./gecko_sdk_4.4.1/platform/service/iostream/src/sl_iostream_uart.o
 .rodata.process_timer_irq.str1.1
                0x080091d2       0x43 ./gecko_sdk_4.4.1/platform/service/sleeptimer/src/sl_sleeptimer.o
 .rodata.sl_udelay_wait.str1.1
                0x08009215       0x3b ./gecko_sdk_4.4.1/platform/service/udelay/src/sl_udelay.o
 .rodata._ctype_
                0x08009250      0x101 c:/siliconlabs/simplicitystudio/v5/developer/toolchains/gnu_arm/12.2.rel1_2023.7/bin/../lib/gcc/arm-none-eabi/12.2.1/thumb/v8-m.main+fp/hard\libc_nano.a(libc_a-ctype_.o)
                0x08009250                _ctype_
 .rodata._printf_float.str1.1
                0x08009351       0x12 c:/siliconlabs/simplicitystudio/v5/developer/toolchains/gnu_arm/12.2.rel1_2023.7/bin/../lib/gcc/arm-none-eabi/12.2.1/thumb/v8-m.main+fp/hard\libc_nano.a(libc_a-nano-vfprintf_float.o)
 .rodata._printf_i.str1.1
                0x08009363       0x22 c:/siliconlabs/simplicitystudio/v5/developer/toolchains/gnu_arm/12.2.rel1_2023.7/bin/../lib/gcc/arm-none-eabi/12.2.1/thumb/v8-m.main+fp/hard\libc_nano.a(libc_a-nano-vfprintf_i.o)
 .rodata._dtoa_r.str1.1
                0x08009385       0x8e c:/siliconlabs/simplicitystudio/v5/developer/toolchains/gnu_arm/12.2.rel1_2023.7/bin/../lib/gcc/arm-none-eabi/12.2.1/thumb/v8-m.main+fp/hard\libc_nano.a(libc_a-dtoa.o)
                                 0x90 (size before relaxing)
 .rodata._Balloc.str1.1
                0x08009413       0x5a c:/siliconlabs/simplicitystudio/v5/developer/toolchains/gnu_arm/12.2.rel1_2023.7/bin/../lib/gcc/arm-none-eabi/12.2.1/thumb/v8-m.main+fp/hard\libc_nano.a(libc_a-mprec.o)
                                 0x71 (size before relaxing)
 .rodata.__multadd.str1.1
                0x0800946d       0x11 c:/siliconlabs/simplicitystudio/v5/developer/toolchains/gnu_arm/12.2.rel1_2023.7/bin/../lib/gcc/arm-none-eabi/12.2.1/thumb/v8-m.main+fp/hard\libc_nano.a(libc_a-mprec.o)
 *fill*         0x0800946d        0x3 
 .rodata.p05.0  0x08009470        0xc c:/siliconlabs/simplicitystudio/v5/developer/toolchains/gnu_arm/12.2.rel1_2023.7/bin/../lib/gcc/arm-none-eabi/12.2.1/thumb/v8-m.main+fp/hard\libc_nano.a(libc_a-mprec.o)
 *fill*         0x0800947c        0x4 
 .rodata.__mprec_bigtens
                0x08009480       0x28 c:/siliconlabs/simplicitystudio/v5/developer/toolchains/gnu_arm/12.2.rel1_2023.7/bin/../lib/gcc/arm-none-eabi/12.2.1/thumb/v8-m.main+fp/hard\libc_nano.a(libc_a-mprec.o)
                0x08009480                __mprec_bigtens
 .rodata.__mprec_tens
                0x080094a8       0xc8 c:/siliconlabs/simplicitystudio/v5/developer/toolchains/gnu_arm/12.2.rel1_2023.7/bin/../lib/gcc/arm-none-eabi/12.2.1/thumb/v8-m.main+fp/hard\libc_nano.a(libc_a-mprec.o)
                0x080094a8                __mprec_tens
 .rodata._vfprintf_r.str1.1
                0x08009570       0x11 c:/siliconlabs/simplicitystudio/v5/developer/toolchains/gnu_arm/12.2.rel1_2023.7/bin/../lib/gcc/arm-none-eabi/12.2.1/thumb/v8-m.main+fp/hard\libc_nano.a(libc_a-nano-vfprintf.o)
 .rodata._setlocale_r.str1.1
                0x08009581        0x8 c:/siliconlabs/simplicitystudio/v5/developer/toolchains/gnu_arm/12.2.rel1_2023.7/bin/../lib/gcc/arm-none-eabi/12.2.1/thumb/v8-m.main+fp/hard\libc_nano.a(libc_a-locale.o)
                                  0x9 (size before relaxing)
 .rodata.str1.1
                0x08009589        0x2 c:/siliconlabs/simplicitystudio/v5/developer/toolchains/gnu_arm/12.2.rel1_2023.7/bin/../lib/gcc/arm-none-eabi/12.2.1/thumb/v8-m.main+fp/hard\libc_nano.a(libc_a-locale.o)
 .rodata.__assert_func.str1.1
                0x0800958b       0x3c c:/siliconlabs/simplicitystudio/v5/developer/toolchains/gnu_arm/12.2.rel1_2023.7/bin/../lib/gcc/arm-none-eabi/12.2.1/thumb/v8-m.main+fp/hard\libc_nano.a(libc_a-assert.o)
                                 0x3d (size before relaxing)
 *(.eh_frame*)
 *fill*         0x080095c7        0x1 
 .eh_frame      0x080095c8        0x0 c:/siliconlabs/simplicitystudio/v5/developer/toolchains/gnu_arm/12.2.rel1_2023.7/bin/../lib/gcc/arm-none-eabi/12.2.1/thumb/v8-m.main+fp/hard/crtbegin.o

.glue_7         0x080095c8        0x0
 .glue_7        0x080095c8        0x0 linker stubs

.glue_7t        0x080095c8        0x0
 .glue_7t       0x080095c8        0x0 linker stubs

.vfp11_veneer   0x080095c8        0x0
 .vfp11_veneer  0x080095c8        0x0 linker stubs

.v4_bx          0x080095c8        0x0
 .v4_bx         0x080095c8        0x0 linker stubs

.iplt           0x080095c8        0x0
 .iplt          0x080095c8        0x0 c:/siliconlabs/simplicitystudio/v5/developer/toolchains/gnu_arm/12.2.rel1_2023.7/bin/../lib/gcc/arm-none-eabi/12.2.1/thumb/v8-m.main+fp/hard/crtbegin.o

.ARM.extab
 *(.ARM.extab* .gnu.linkonce.armextab.*)
                0x080095c8                __exidx_start = .

.ARM.exidx      0x080095c8        0x8
 *(.ARM.exidx* .gnu.linkonce.armexidx.*)
 .ARM.exidx     0x080095c8        0x8 c:/siliconlabs/simplicitystudio/v5/developer/toolchains/gnu_arm/12.2.rel1_2023.7/bin/../lib/gcc/arm-none-eabi/12.2.1/thumb/v8-m.main+fp/hard/crt0.o
                                 0x10 (size before relaxing)
 .ARM.exidx.text.__udivmoddi4
                0x080095d0        0x0 c:/siliconlabs/simplicitystudio/v5/developer/toolchains/gnu_arm/12.2.rel1_2023.7/bin/../lib/gcc/arm-none-eabi/12.2.1/thumb/v8-m.main+fp/hard\libgcc.a(_udivmoddi4.o)
                                  0x8 (size before relaxing)
                0x080095d0                __exidx_end = .

.rel.dyn        0x080095d0        0x0
 .rel.iplt      0x080095d0        0x0 c:/siliconlabs/simplicitystudio/v5/developer/toolchains/gnu_arm/12.2.rel1_2023.7/bin/../lib/gcc/arm-none-eabi/12.2.1/thumb/v8-m.main+fp/hard/crtbegin.o

.copy.table     0x080095d0        0xc
                0x080095d0                . = ALIGN (0x4)
                0x080095d0                __copy_table_start__ = .
                0x080095d0        0x4 LONG 0x80095dc __etext
                0x080095d4        0x4 LONG 0x20001000 __data_start__
                0x080095d8        0x4 LONG 0x82 ((__data_end__ - __data_start__) / 0x4)
                0x080095dc                __copy_table_end__ = .

.zero.table     0x080095dc        0x0
                0x080095dc                . = ALIGN (0x4)
                0x080095dc                __zero_table_start__ = .
                0x080095dc                __zero_table_end__ = .
                0x080095dc                __etext = .
                0x20000000                . = ORIGIN (RAM)

.stack          0x20000000     0x1000
                0x20000000                __StackLimit = .
 *(.stack*)
 .stack         0x20000000     0x1000 ./gecko_sdk_4.4.1/platform/common/toolchain/src/sl_memory.o
                0x20001000                . = ALIGN (0x4)
                0x20001000                __StackTop = .
                0x20001000                PROVIDE (__stack = __StackTop)

.noinit
 *(.noinit*)

.data           0x20001000      0x208 load address 0x080095dc
                0x20001000                . = ALIGN (0x4)
                0x20001000                __data_start__ = .
 *(vtable)
 *(SORT_BY_ALIGNMENT(.data*))
 .data.init_sensor
                0x20001000       0x14 ./autogen/sl_i2cspm_init.o
                0x20001000                init_sensor
 .data.sl_i2cspm_sensor
                0x20001014        0x4 ./autogen/sl_i2cspm_init.o
                0x20001014                sl_i2cspm_sensor
 .data.SystemCoreClock
                0x20001018        0x4 ./gecko_sdk_4.4.1/platform/Device/SiliconLabs/EFR32MG24/Source/system_efr32mg24.o
                0x20001018                SystemCoreClock
 .data.SystemHFRCODPLLClock
                0x2000101c        0x4 ./gecko_sdk_4.4.1/platform/Device/SiliconLabs/EFR32MG24/Source/system_efr32mg24.o
 .data.SystemLFXOClock
                0x20001020        0x4 ./gecko_sdk_4.4.1/platform/Device/SiliconLabs/EFR32MG24/Source/system_efr32mg24.o
 .data.SystemHFXOClock
                0x20001024        0x4 ./gecko_sdk_4.4.1/platform/Device/SiliconLabs/EFR32MG24/Source/system_efr32mg24.o
 .data.heap_end.0
                0x20001028        0x4 ./gecko_sdk_4.4.1/platform/common/toolchain/src/sl_memory.o
 .data.__sglue  0x2000102c        0xc c:/siliconlabs/simplicitystudio/v5/developer/toolchains/gnu_arm/12.2.rel1_2023.7/bin/../lib/gcc/arm-none-eabi/12.2.1/thumb/v8-m.main+fp/hard\libc_nano.a(libc_a-findfp.o)
                0x2000102c                __sglue
 .data._impure_ptr
                0x20001038        0x4 c:/siliconlabs/simplicitystudio/v5/developer/toolchains/gnu_arm/12.2.rel1_2023.7/bin/../lib/gcc/arm-none-eabi/12.2.1/thumb/v8-m.main+fp/hard\libc_nano.a(libc_a-impure.o)
                0x20001038                _impure_ptr
 .data._impure_data
                0x2000103c       0x4c c:/siliconlabs/simplicitystudio/v5/developer/toolchains/gnu_arm/12.2.rel1_2023.7/bin/../lib/gcc/arm-none-eabi/12.2.1/thumb/v8-m.main+fp/hard\libc_nano.a(libc_a-impure.o)
                0x2000103c                _impure_data
 .data.__global_locale
                0x20001088      0x16c c:/siliconlabs/simplicitystudio/v5/developer/toolchains/gnu_arm/12.2.rel1_2023.7/bin/../lib/gcc/arm-none-eabi/12.2.1/thumb/v8-m.main+fp/hard\libc_nano.a(libc_a-locale.o)
                0x20001088                __global_locale
 .data.hfxo_precision
                0x200011f4        0x2 ./gecko_sdk_4.4.1/platform/emlib/src/em_cmu.o
 .data.lfxo_precision
                0x200011f6        0x2 ./gecko_sdk_4.4.1/platform/emlib/src/em_cmu.o
 .data.simple_led1_context
                0x200011f8        0x3 ./autogen/sl_simple_led_instances.o